barriers.html: 21 exercises; 0 issues
book.html: 0 exercises; 0 issues
case-studies.html: 9 exercises; 0 issues
cmdp.html: 21 exercises; 0 issues
formulas.html: 0 exercises; 0 issues
glossary.html: 0 exercises; 0 issues
gosafe.html: 20 exercises; 0 issues
index.html: 0 exercises; 0 issues
landscape.html: 19 exercises; 0 issues
lipschitz-by-design.html: 19 exercises; 0 issues
lipsdp.html: 20 exercises; 0 issues
lyapunov-mpc.html: 20 exercises; 1 issues
["Unexpected page failure: page.waitForTimeout: Target page, context or browser has been closed"]
nn-in-the-loop.html: ? exercises; 1 issues
["Unexpected page failure: browser.newPage: Target page, context or browser has been closed"]
open-problems.html: ? exercises; 1 issues
["Unexpected page failure: browser.newPage: Target page, context or browser has been closed"]
papers.html: ? exercises; 1 issues
["Unexpected page failure: browser.newPage: Target page, context or browser has been closed"]
policy-optimization.html: ? exercises; 1 issues
["Unexpected page failure: browser.newPage: Target page, context or browser has been closed"]
primer-basics.html: ? exercises; 1 issues
["Unexpected page failure: browser.newPage: Target page, context or browser has been closed"]
primer-linalg.html: ? exercises; 1 issues
["Unexpected page failure: browser.newPage: Target page, context or browser has been closed"]
primer-optimization.html: ? exercises; 1 issues
["Unexpected page failure: browser.newPage: Target page, context or browser has been closed"]
primer-probability.html: ? exercises; 1 issues
["Unexpected page failure: browser.newPage: Target page, context or browser has been closed"]
primer-rl-nn.html: ? exercises; 1 issues
["Unexpected page failure: browser.newPage: Target page, context or browser has been closed"]
primer-systems.html: ? exercises; 1 issues
["Unexpected page failure: browser.newPage: Target page, context or browser has been closed"]
safe-bo-theory.html: ? exercises; 1 issues
["Unexpected page failure: browser.newPage: Target page, context or browser has been closed"]
safe-bo.html: ? exercises; 1 issues
["Unexpected page failure: browser.newPage: Target page, context or browser has been closed"]
study-guide.html: ? exercises; 1 issues
["Unexpected page failure: browser.newPage: Target page, context or browser has been closed"]
toolkit-gp.html: ? exercises; 1 issues
["Unexpected page failure: browser.newPage: Target page, context or browser has been closed"]
toolkit-lmi.html: ? exercises; 1 issues
["Unexpected page failure: browser.newPage: Target page, context or browser has been closed"]
verification.html: ? exercises; 1 issues
["Unexpected page failure: browser.newPage: Target page, context or browser has been closed"]
viability.html: ? exercises; 1 issues
["Unexpected page failure: browser.newPage: Target page, context or browser has been closed"]
