barriers.html: 21 exercises; 0 issues
book.html: 0 exercises; 0 issues
case-studies.html: 9 exercises; 0 issues
cmdp.html: 21 exercises; 0 issues
formulas.html: 0 exercises; 0 issues
glossary.html: 0 exercises; 0 issues
gosafe.html: 20 exercises; 0 issues
index.html: 0 exercises; 0 issues
landscape.html: 19 exercises; 0 issues
lipschitz-by-design.html: 19 exercises; 0 issues
lipsdp.html: 20 exercises; 0 issues
lyapunov-mpc.html: 20 exercises; 0 issues
nn-in-the-loop.html: 20 exercises; 0 issues
open-problems.html: 0 exercises; 1 issues
["Navigation button overlaps page title at 320"]
papers.html: 0 exercises; 0 issues
policy-optimization.html: 21 exercises; 0 issues
primer-basics.html: 50 exercises; 0 issues
primer-linalg.html: 35 exercises; 0 issues
primer-optimization.html: 34 exercises; 0 issues
primer-probability.html: 44 exercises; 0 issues
primer-rl-nn.html: 42 exercises; 0 issues
primer-systems.html: 42 exercises; 1 issues
["Unexpected page failure: page.evaluate: Target page, context or browser has been closed"]
safe-bo-theory.html: ? exercises; 1 issues
["Unexpected page failure: browser.newPage: Target page, context or browser has been closed"]
safe-bo.html: ? exercises; 1 issues
["Unexpected page failure: browser.newPage: Target page, context or browser has been closed"]
study-guide.html: ? exercises; 1 issues
["Unexpected page failure: browser.newPage: Target page, context or browser has been closed"]
toolkit-gp.html: ? exercises; 1 issues
["Unexpected page failure: browser.newPage: Target page, context or browser has been closed"]
toolkit-lmi.html: ? exercises; 1 issues
["Unexpected page failure: browser.newPage: Target page, context or browser has been closed"]
verification.html: ? exercises; 1 issues
["Unexpected page failure: browser.newPage: Target page, context or browser has been closed"]
viability.html: ? exercises; 1 issues
["Unexpected page failure: browser.newPage: Target page, context or browser has been closed"]
