{
  "status": "passed",
  "case_checks": 18,
  "chapters": [
    {
      "chapter": "0",
      "file": "book/chapters/primer-basics.html",
      "authored_word_count_excluding_math": 2027,
      "word_count_method": "HTMLParser text extraction; inline/display dollar-delimited math removed; whitespace split",
      "worked_examples": 2,
      "application_exercises": 4,
      "exercise_labels": [
        "Exercise 0.B1 \u2014 Easy: Accept a reading with a bounded error",
        "Exercise 0.B2 \u2014 Medium: Keep the decision ahead of the unknown warming",
        "Exercise 0.B3 \u2014 Medium: Recognize an attainable tolerance",
        "Exercise 0.B4 \u2014 Hard: Find exactly how much disturbance the actuator can cover"
      ],
      "check_anchors": [
        "book-0-worked-command",
        "book-0-worked-stopping",
        "book-0-ex-1",
        "book-0-ex-2",
        "book-0-ex-3",
        "book-0-ex-4"
      ],
      "learning_objectives": true,
      "synthesis_and_recall": true,
      "existing_audited_mathematics": "Preserved: fragment files only; no edits to live SafeLearning files."
    },
    {
      "chapter": "A",
      "file": "book/chapters/primer-linalg.html",
      "authored_word_count_excluding_math": 1835,
      "word_count_method": "HTMLParser text extraction; inline/display dollar-delimited math removed; whitespace split",
      "worked_examples": 2,
      "application_exercises": 4,
      "exercise_labels": [
        "Exercise A.B1 \u2014 Easy: Check an assembly limit after reconstruction",
        "Exercise A.B2 \u2014 Medium: Separate minimum length from identification",
        "Exercise A.B3 \u2014 Medium: Normalize quantities before taking a norm",
        "Exercise A.B4 \u2014 Hard: Audit a third sensor using residual orthogonality"
      ],
      "check_anchors": [
        "book-a-worked-balanced",
        "book-a-worked-nearparallel",
        "book-a-ex-1",
        "book-a-ex-2",
        "book-a-ex-3",
        "book-a-ex-4"
      ],
      "learning_objectives": true,
      "synthesis_and_recall": true,
      "existing_audited_mathematics": "Preserved: fragment files only; no edits to live SafeLearning files."
    },
    {
      "chapter": "B",
      "file": "book/chapters/primer-optimization.html",
      "authored_word_count_excluding_math": 2073,
      "word_count_method": "HTMLParser text extraction; inline/display dollar-delimited math removed; whitespace split",
      "worked_examples": 2,
      "application_exercises": 4,
      "exercise_labels": [
        "Exercise B.B1 \u2014 Easy: Find a feasible improvement without a solver",
        "Exercise B.B2 \u2014 Medium: Use a shadow price within its active-set range",
        "Exercise B.B3 \u2014 Medium: Repair a nearly feasible numerical answer",
        "Exercise B.B4 \u2014 Hard: Include model error before optimizing clearance"
      ],
      "check_anchors": [
        "book-b-worked-allocation",
        "book-b-worked-clearance",
        "book-b-ex-1",
        "book-b-ex-2",
        "book-b-ex-3",
        "book-b-ex-4"
      ],
      "learning_objectives": true,
      "synthesis_and_recall": true,
      "existing_audited_mathematics": "Preserved: fragment files only; no edits to live SafeLearning files."
    }
  ]
}
