{
  "status": "PASS",
  "chapters_checked": 11,
  "verification": {
    "landscape": {
      "checks": [
        "exact atomic mean and RU tail minimization",
        "monotone endpoint robust invariance",
        "six-batch and twenty-robot probability arithmetic"
      ],
      "expected_results": {
        "schedule_means": [
          59.0,
          59
        ],
        "schedule_failure_probabilities": [
          0.1,
          0
        ],
        "six_independent_success": 0.941480149401,
        "robust_next_interval": [
          15.0,
          59.0
        ],
        "fleet_budget": 0.0025,
        "rare_mean": 60.0,
        "rare_cvar": 79.0
      },
      "words": 924
    },
    "toolkit-lmi": {
      "checks": [
        "exact matrix residual and positive principal minors",
        "physical startup/next temperatures",
        "uniform rectangular startup bound",
        "disturbance invariant radius and attaining direction",
        "off-diagonal coupling counterexample"
      ],
      "expected_results": {
        "Q_eigenvalues": [
          0.4196555814625136,
          0.7103444185374863
        ],
        "contraction": 0.7618033988749895,
        "next_state": [
          0.28,
          -0.5
        ],
        "next_energy": 0.3284,
        "startup_max_energy": 0.9799999999999999,
        "disturbance_radius": 0.20991063585226796
      },
      "words": 893
    },
    "toolkit-gp": {
      "checks": [
        "augmented kernel PSD",
        "posterior via exact elimination",
        "latent variance and decision thresholds",
        "three-observation repeated-data solve",
        "bounded discrepancy decision reversal"
      ],
      "expected_results": {
        "alpha": [
          0.47619047619047616,
          -0.19047619047619047
        ],
        "midpoint_mean": 0.8571428571428571,
        "midpoint_variance": 1.4285714285714286,
        "midpoint_upper": 3.2476000758116443,
        "nominal_with_bias_max": 56.352399924188354,
        "repeated_upper": 2.9555542386043046
      },
      "words": 896
    },
    "safe-bo": {
      "checks": [
        "safe-set witness enumeration",
        "maximizer and expander enumeration",
        "acquisition widths",
        "interval intersection and following update",
        "distinct-constraint units and actuator uncertainty"
      ],
      "expected_results": {
        "safe_grid": [
          0,
          0.5,
          1
        ],
        "widths": [
          0.3999999999999999,
          1.1,
          2.0
        ],
        "selected_gain": 1,
        "next_safe_grid": [
          0,
          0.5,
          1,
          1.5
        ],
        "multi_constraint_radius": 0.3,
        "command_radius": 0.26
      },
      "words": 992
    },
    "safe-bo-theory": {
      "checks": [
        "two cone radii and union geometry",
        "candidate witnesses",
        "robust realized-gain containment",
        "conditional Gaussian-tail union budget and finite-run radius"
      ],
      "expected_results": {
        "first_radius": 0.9999999999999999,
        "second_radius": 0.7499999999999999,
        "safe_union": [
          -0.9999999999999999,
          1.5499999999999998
        ],
        "candidate_margins": [
          0.12000000000000005,
          -0.12
        ],
        "command_interval": [
          -0.8999999999999999,
          1.4499999999999997
        ],
        "gaussian_error_envelope": 0.667575418858518,
        "gaussian_first_radius": 0.3530307264268524
      },
      "words": 934
    },
    "gosafe": {
      "checks": [
        "weighted state-space recovery tests",
        "intersample clearance reserve",
        "maximum total latency",
        "union of two backup certificates"
      ],
      "expected_results": {
        "latency_reserve": 0.10000000000000002,
        "first_distance": 0.2500000000000001,
        "first_margin": 0.04999999999999989,
        "late_state_distance": 0.4,
        "maximum_latency": 0.1624999999999999,
        "library_distances_low_speed": [
          0.5,
          0.09999999999999999
        ],
        "library_distances_high_speed": [
          0.75,
          0.55
        ]
      },
      "words": 886
    },
    "viability": {
      "checks": [
        "iterated viability kernel including relaxed cap",
        "viable-action counts",
        "independent safe/full Bellman value iteration",
        "strict penalty threshold and unsafe tie"
      ],
      "expected_results": {
        "viability_kernel": [
          52,
          54,
          56,
          58
        ],
        "viable_action_counts": [
          1,
          1,
          2,
          1
        ],
        "safe_value_09": 18.929889298886895,
        "unsafe_p5": 23.2,
        "relaxed_kernel": [
          52,
          54,
          56,
          58
        ],
        "safe_value_08": 8.852459016390654,
        "strict_penalty_threshold_08": 23.18442622951168
      },
      "words": 967
    },
    "lipsdp": {
      "checks": [
        "all exact principal minors of negative SDP residual",
        "certificate characteristic roots",
        "all activation gradients and region witnesses",
        "preprocessing and physical error budgets",
        "exact hardware-box support and attaining witness",
        "coupled incremental-QC counterexample"
      ],
      "expected_results": {
        "product_bound": 2,
        "rho": 1.3333333333333333,
        "certificate_eigenvalues": [
          -2,
          -1.5,
          0,
          0
        ],
        "exact_lipschitz": 1.118033988749895,
        "physical_error_bound": 0.09237604307034011,
        "hardware_error_bound": 0.06531972647421808,
        "invalid_coupled_qc": -2,
        "exact_hardware_box_error": 0.06
      },
      "words": 882
    },
    "lipschitz-by-design": {
      "checks": [
        "exact Cayley instance orthogonality",
        "sensor-box radius and output scale",
        "spectral-underestimate budget violation",
        "target gradient incompatibility",
        "six-stage operator-error allowance"
      ],
      "expected_results": {
        "normalized_error_radius": 0.03605551275463989,
        "velocity_error": 0.010816653826391966,
        "underestimate_stack_gain": 1.2277376631548251,
        "target_gradient_norm": 0.4000049999687504,
        "six_stage_scale": 0.2964250662023897
      },
      "words": 875
    },
    "nn-in-the-loop": {
      "checks": [
        "analytic tanh derivative interval",
        "disturbance/state/input containment",
        "starting temperature and storage change",
        "sensor-bias bound",
        "delay characteristic roots and physically admissible noninvariance witness"
      ],
      "expected_results": {
        "closed_loop_derivative_interval": [
          0.6,
          0.9
        ],
        "invariant_boundary_bound": 0.47000000000000003,
        "ultimate_error": 0.20000000000000004,
        "actuator_bound": 0.6931757358900146,
        "nominal_next_error": 0.24601531132343257,
        "biased_ultimate_error": 0.2900000000000001,
        "delayed_eigenvalue_magnitude": 0.5477225575051661,
        "delayed_counterexample_next_error": 0.6
      },
      "words": 916
    },
    "verification": {
      "checks": [
        "exact piecewise-linear extrema at all breakpoints",
        "interval-relaxation comparison",
        "endpoint-only counterexample",
        "calibration order and quantile",
        "minimum finite trajectory calibration size and joint margin"
      ],
      "expected_results": {
        "ibp_range": [
          -0.6,
          0.6
        ],
        "exact_range": [
          0,
          0.30000000000000004
        ],
        "deterministic_temperature_upper": 59.949999999999996,
        "conformal_order": 18,
        "conformal_quantile": 0.24,
        "revised_nominal_max": 59.46,
        "revised_domain_range": [
          -0.10000000000000009,
          0.30000000000000004
        ],
        "trajectory_calibration_minimum": 99,
        "trajectory_temperature_upper": 59.97
      },
      "words": 964
    }
  }
}
