{
  "passed": true,
  "check_count": 298,
  "checks": [
    "C.W1 alarm probability",
    "C.W1 posterior after alarm",
    "C.W1 posterior after quiet",
    "C.W1 alarm release loss",
    "C.W1 quiet release loss",
    "C.W1 optimal rule cost",
    "C.W1 always release cost",
    "C.W1 always inspect cost",
    "C.W1 optimal among all sensor rules",
    "C.W2 posterior mean from joint covariance",
    "C.W2 posterior variance from joint covariance",
    "C.W2 posterior standard deviation",
    "C.W2 tolerance probability",
    "C.W2 posterior offset requirement met",
    "C.W2 square completion at -3",
    "C.W2 square completion at 0",
    "C.W2 square completion at 1",
    "C.W2 square completion at 1.1666666666666667",
    "C.W2 square completion at 5",
    "C.B1 new alarm probability",
    "C.B1 new posterior",
    "C.B1 new quiet posterior",
    "C.B1 release preferred after alarm",
    "C.B1 old rule cost",
    "C.B1 new optimal rule cost",
    "C.B2 predictive variance",
    "C.B2 predictive standard deviation",
    "C.B2 reading tolerance probability",
    "C.B2 predictive requirement fails",
    "C.B3 full covariance average variance",
    "C.B3 variance floor",
    "C.B3 independent-errors shortcut underestimates",
    "C.B4 union-bound allowance",
    "C.B4 independent exact allowance",
    "C.B4 exact allowance reaches batch budget",
    "C.B4 original rule batch probability",
    "C.B4 original escape rate exceeds both allowances",
    "D.W1 exact sampled a",
    "D.W1 exact sampled b",
    "D.W1 sampled closed-loop multiplier",
    "D.W1 Lyapunov ratio",
    "D.W1 first state independently integrated",
    "D.W1 second state independently integrated",
    "D.W1 held trajectory x=-2,s=0",
    "D.W1 trajectory inside interval x=-2,s=0",
    "D.W1 held trajectory x=-2,s=1",
    "D.W1 trajectory inside interval x=-2,s=1",
    "D.W1 held trajectory x=-2,s=2.5",
    "D.W1 trajectory inside interval x=-2,s=2.5",
    "D.W1 held trajectory x=-2,s=5",
    "D.W1 trajectory inside interval x=-2,s=5",
    "D.W1 held trajectory x=-1,s=0",
    "D.W1 trajectory inside interval x=-1,s=0",
    "D.W1 held trajectory x=-1,s=1",
    "D.W1 trajectory inside interval x=-1,s=1",
    "D.W1 held trajectory x=-1,s=2.5",
    "D.W1 trajectory inside interval x=-1,s=2.5",
    "D.W1 held trajectory x=-1,s=5",
    "D.W1 trajectory inside interval x=-1,s=5",
    "D.W1 held trajectory x=0,s=0",
    "D.W1 trajectory inside interval x=0,s=0",
    "D.W1 held trajectory x=0,s=1",
    "D.W1 trajectory inside interval x=0,s=1",
    "D.W1 held trajectory x=0,s=2.5",
    "D.W1 trajectory inside interval x=0,s=2.5",
    "D.W1 held trajectory x=0,s=5",
    "D.W1 trajectory inside interval x=0,s=5",
    "D.W1 held trajectory x=1,s=0",
    "D.W1 trajectory inside interval x=1,s=0",
    "D.W1 held trajectory x=1,s=1",
    "D.W1 trajectory inside interval x=1,s=1",
    "D.W1 held trajectory x=1,s=2.5",
    "D.W1 trajectory inside interval x=1,s=2.5",
    "D.W1 held trajectory x=1,s=5",
    "D.W1 trajectory inside interval x=1,s=5",
    "D.W1 held trajectory x=2,s=0",
    "D.W1 trajectory inside interval x=2,s=0",
    "D.W1 held trajectory x=2,s=1",
    "D.W1 trajectory inside interval x=2,s=1",
    "D.W1 held trajectory x=2,s=2.5",
    "D.W1 trajectory inside interval x=2,s=2.5",
    "D.W1 held trajectory x=2,s=5",
    "D.W1 trajectory inside interval x=2,s=5",
    "D.W1 continuously updated multiplier",
    "D.W1 sampling and continuous feedback differ",
    "D.W2 brake distance by integration",
    "D.W2 immediate clearance",
    "D.W2 delayed required distance",
    "D.W2 delayed strategy fails",
    "D.W2 invariant stopping margin t=0",
    "D.W2 invariant stopping margin t=0.2",
    "D.W2 invariant stopping margin t=0.5",
    "D.W2 invariant stopping margin t=1",
    "D.B1 first comfort reading",
    "D.B1 second input",
    "D.B2 lower feasible gain",
    "D.B2 invariant corners k=0.31510145802347483,x=-0.2,w=-0.1",
    "D.B2 invariant corners k=0.31510145802347483,x=-0.2,w=0.1",
    "D.B2 invariant corners k=0.31510145802347483,x=0.2,w=-0.1",
    "D.B2 invariant corners k=0.31510145802347483,x=0.2,w=0.1",
    "D.B2 heater limits k=0.31510145802347483",
    "D.B2 invariant corners k=0.4,x=-0.2,w=-0.1",
    "D.B2 invariant corners k=0.4,x=-0.2,w=0.1",
    "D.B2 invariant corners k=0.4,x=0.2,w=-0.1",
    "D.B2 invariant corners k=0.4,x=0.2,w=0.1",
    "D.B2 heater limits k=0.4",
    "D.B2 invariant corners k=0.5,x=-0.2,w=-0.1",
    "D.B2 invariant corners k=0.5,x=-0.2,w=0.1",
    "D.B2 invariant corners k=0.5,x=0.2,w=-0.1",
    "D.B2 invariant corners k=0.5,x=0.2,w=0.1",
    "D.B2 heater limits k=0.5",
    "D.B2 gain below lower boundary fails",
    "D.B3 worst travel",
    "D.B3 maximum robust delay",
    "D.B3 boundary stopping distance",
    "D.B3 midpoint passes but worst case fails",
    "D.B4 unclipped first prediction",
    "D.B4 clipped first trajectory",
    "D.B4 largest image magnitude",
    "D.B4 all affine-piece endpoints satisfy invariance",
    "E Bellman versus forward production p=0.5555555555555556,rho=0.25",
    "E Bellman versus forward maintenance p=0.5555555555555556,rho=0.25",
    "E.W1 constrained reward",
    "E.W1 constrained maintenance",
    "E Bellman versus forward production p=0,rho=0.25",
    "E Bellman versus forward maintenance p=0,rho=0.25",
    "E Bellman versus forward production p=1,rho=0.25",
    "E Bellman versus forward maintenance p=1,rho=0.25",
    "E.W1 gentle production",
    "E.W1 gentle cost",
    "E.W1 fast production",
    "E.W1 fast cost",
    "E Bellman versus forward production p=0.5545555555555556,rho=0.25",
    "E Bellman versus forward maintenance p=0.5545555555555556,rho=0.25",
    "E Bellman versus forward production p=0.5565555555555556,rho=0.25",
    "E Bellman versus forward maintenance p=0.5565555555555556,rho=0.25",
    "E.W1 budget boundary and increasing reward",
    "E.W2 nominal network score",
    "E.W2 exact interval minimum",
    "E.W2 conservative interval minimum",
    "E.W2 exact piece slope 0",
    "E.W2 exact piece slope 1",
    "E.W2 exact piece slope 2",
    "E.W2 global slope bound",
    "E Bellman versus forward production p=0.4,rho=0.25",
    "E Bellman versus forward maintenance p=0.4,rho=0.25",
    "E Bellman versus forward production p=0.8,rho=0.25",
    "E Bellman versus forward maintenance p=0.8,rho=0.25",
    "E.W2 fallback production",
    "E.W2 fallback cost",
    "E.W2 rejected mode cost",
    "E.W2 fixed-mode feasibility gate",
    "E Bellman versus forward production p=0.2631578947368421,rho=0.25",
    "E Bellman versus forward maintenance p=0.2631578947368421,rho=0.25",
    "E.B1 tightened-budget production",
    "E.B1 tightened-budget maintenance",
    "E Bellman versus forward production p=0.46296296296296297,rho=0.3",
    "E Bellman versus forward maintenance p=0.46296296296296297,rho=0.3",
    "E.B2 robust boundary cost",
    "E.B2 robust boundary production",
    "E Bellman versus forward production p=0.46296296296296297,rho=0.2",
    "E Bellman versus forward maintenance p=0.46296296296296297,rho=0.2",
    "E.B2 all wear endpoints feasible rho=0.2",
    "E Bellman versus forward production p=0.46296296296296297,rho=0.25",
    "E Bellman versus forward maintenance p=0.46296296296296297,rho=0.25",
    "E.B2 all wear endpoints feasible rho=0.25",
    "E Bellman versus forward production p=0.46296296296296297,rho=0.3",
    "E Bellman versus forward maintenance p=0.46296296296296297,rho=0.3",
    "E.B2 all wear endpoints feasible rho=0.3",
    "E Bellman versus forward production p=0.5,rho=0.3",
    "E Bellman versus forward maintenance p=0.5,rho=0.3",
    "E.B2 p=0.5 worst maintenance",
    "E.B2 p=0.5 rejected",
    "E.B3 nominal score",
    "E.B3 worst score",
    "E.B3 score at tie",
    "E.B3 positive-direction tie distance",
    "E.B3 allowed perturbation flips nomination",
    "E.B4 stationary ready fraction",
    "E.B4 stationary worn fraction",
    "E.B4 mean production",
    "E.B4 twenty-shift repair expectation",
    "primer-probability HTML nesting",
    "primer-probability unique fragment IDs",
    "primer-probability outer section",
    "primer-probability no skeleton or scripts",
    "primer-probability twelve details",
    "primer-probability four labelled applications",
    "primer-probability exercise 1 level",
    "primer-probability exercise 2 level",
    "primer-probability exercise 3 level",
    "primer-probability exercise 4 level",
    "primer-probability four separate hints",
    "primer-probability four complete solution controls",
    "primer-probability substantial chapter word count",
    "primer-probability substantial prose excluding math",
    "primer-probability internal page link #pr-conditioning",
    "primer-probability existing destination anchor #pr-conditioning",
    "primer-probability internal page link #book-c-example-alarm",
    "primer-probability existing destination anchor #book-c-example-alarm",
    "primer-probability internal page link #pr-gaussian",
    "primer-probability existing destination anchor #pr-gaussian",
    "primer-probability internal page link #book-c-example-calibration",
    "primer-probability existing destination anchor #book-c-example-calibration",
    "primer-probability internal page link #pr-basics",
    "primer-probability existing destination anchor #pr-basics",
    "primer-probability internal page link #book-c-example-calibration",
    "primer-probability existing destination anchor #book-c-example-calibration",
    "primer-probability internal page link #pr-high-probability",
    "primer-probability existing destination anchor #pr-high-probability",
    "primer-probability internal page link #book-c-example-alarm",
    "primer-probability existing destination anchor #book-c-example-alarm",
    "primer-probability internal page link toolkit-gp.html#gp-regression",
    "primer-probability existing destination anchor toolkit-gp.html#gp-regression",
    "primer-probability internal page link cmdp.html#risk-constraints",
    "primer-probability existing destination anchor cmdp.html#risk-constraints",
    "primer-probability internal page link primer-systems.html#sys-state-space",
    "primer-probability existing destination anchor primer-systems.html#sys-state-space",
    "primer-probability display delimiters balanced",
    "primer-probability inline delimiters balanced",
    "primer-systems HTML nesting",
    "primer-systems unique fragment IDs",
    "primer-systems outer section",
    "primer-systems no skeleton or scripts",
    "primer-systems twelve details",
    "primer-systems four labelled applications",
    "primer-systems exercise 1 level",
    "primer-systems exercise 2 level",
    "primer-systems exercise 3 level",
    "primer-systems exercise 4 level",
    "primer-systems four separate hints",
    "primer-systems four complete solution controls",
    "primer-systems substantial chapter word count",
    "primer-systems substantial prose excluding math",
    "primer-systems internal page link #sys-linear",
    "primer-systems existing destination anchor #sys-linear",
    "primer-systems internal page link #book-d-example-thermal",
    "primer-systems existing destination anchor #book-d-example-thermal",
    "primer-systems internal page link #sys-lyapunov",
    "primer-systems existing destination anchor #sys-lyapunov",
    "primer-systems internal page link #book-d-example-thermal",
    "primer-systems existing destination anchor #book-d-example-thermal",
    "primer-systems internal page link #sys-state-space",
    "primer-systems existing destination anchor #sys-state-space",
    "primer-systems internal page link #book-d-example-braking",
    "primer-systems existing destination anchor #book-d-example-braking",
    "primer-systems internal page link #sys-feedback",
    "primer-systems existing destination anchor #sys-feedback",
    "primer-systems internal page link #book-d-example-thermal",
    "primer-systems existing destination anchor #book-d-example-thermal",
    "primer-systems internal page link barriers.html#cbf",
    "primer-systems existing destination anchor barriers.html#cbf",
    "primer-systems internal page link lyapunov-mpc.html#learning-based-mpc",
    "primer-systems existing destination anchor lyapunov-mpc.html#learning-based-mpc",
    "primer-systems internal page link nn-in-the-loop.html#offset-free",
    "primer-systems existing destination anchor nn-in-the-loop.html#offset-free",
    "primer-systems display delimiters balanced",
    "primer-systems inline delimiters balanced",
    "primer-rl-nn HTML nesting",
    "primer-rl-nn unique fragment IDs",
    "primer-rl-nn outer section",
    "primer-rl-nn no skeleton or scripts",
    "primer-rl-nn twelve details",
    "primer-rl-nn four labelled applications",
    "primer-rl-nn exercise 1 level",
    "primer-rl-nn exercise 2 level",
    "primer-rl-nn exercise 3 level",
    "primer-rl-nn exercise 4 level",
    "primer-rl-nn four separate hints",
    "primer-rl-nn four complete solution controls",
    "primer-rl-nn substantial chapter word count",
    "primer-rl-nn substantial prose excluding math",
    "primer-rl-nn internal page link #rl-bellman",
    "primer-rl-nn existing destination anchor #rl-bellman",
    "primer-rl-nn internal page link #book-e-example-policy",
    "primer-rl-nn existing destination anchor #book-e-example-policy",
    "primer-rl-nn internal page link #rl-mdp",
    "primer-rl-nn existing destination anchor #rl-mdp",
    "primer-rl-nn internal page link #book-e-example-policy",
    "primer-rl-nn existing destination anchor #book-e-example-policy",
    "primer-rl-nn internal page link #nn-robustness",
    "primer-rl-nn existing destination anchor #nn-robustness",
    "primer-rl-nn internal page link #book-e-example-network",
    "primer-rl-nn existing destination anchor #book-e-example-network",
    "primer-rl-nn internal page link primer-probability.html#pr-markov",
    "primer-rl-nn existing destination anchor primer-probability.html#pr-markov",
    "primer-rl-nn internal page link #rl-mdp",
    "primer-rl-nn existing destination anchor #rl-mdp",
    "primer-rl-nn internal page link #book-e-model",
    "primer-rl-nn existing destination anchor #book-e-model",
    "primer-rl-nn internal page link cmdp.html#cmdp-definition",
    "primer-rl-nn existing destination anchor cmdp.html#cmdp-definition",
    "primer-rl-nn internal page link policy-optimization.html#performance-difference",
    "primer-rl-nn existing destination anchor policy-optimization.html#performance-difference",
    "primer-rl-nn internal page link verification.html#bound-propagation",
    "primer-rl-nn existing destination anchor verification.html#bound-propagation",
    "primer-rl-nn display delimiters balanced",
    "primer-rl-nn inline delimiters balanced"
  ],
  "word_counts": {
    "primer-probability": 2061,
    "primer-systems": 2122,
    "primer-rl-nn": 2112
  },
  "prose_word_counts": {
    "primer-probability": 1633,
    "primer-systems": 1563,
    "primer-rl-nn": 1567
  },
  "results": {
    "book-c-example-alarm": {
      "alarm_probability": 0.11279999999999998,
      "posterior_fault_alarm": 0.3191489361702128,
      "posterior_fault_quiet": 0.004508566275924256,
      "optimal_rule": "inspect on alarm; release on quiet",
      "expected_cost_units": 0.7968
    },
    "book-c-example-calibration": {
      "posterior_mean_mm": 1.1666666666666665,
      "posterior_variance_mm2": 0.666666666666667,
      "offset_2mm_probability": 0.9856941215645703,
      "measurement_covariance_mm2": 4
    },
    "book-c-b1": {
      "posterior_fault_alarm": 0.1020408163265306,
      "decision": "release after either signal",
      "always_release_cost_units": 0.29999999999999993,
      "old_rule_cost_units": 0.5592
    },
    "book-c-b2": {
      "predictive_variance_mm2": 1.666666666666667,
      "reading_2mm_probability": 0.8786647496415179,
      "meets_0_98": false
    },
    "book-c-b3": {
      "average_variance_mm2": 0.676666666666667,
      "limiting_variance_mm2": 0.666666666666667
    },
    "book-c-b4": {
      "q_union_bound": 0.0004,
      "q_independent_exact": 0.0004039725274669337,
      "batch_escape_probability_original_rule": 0.1815975493239001
    },
    "book-d-example-thermal": {
      "a": 0.7788007830714049,
      "b_C_per_kW": 0.8847968677143805,
      "sampled_multiplier": 0.33640234921421464,
      "first_temperature_C": 21.32719530157157,
      "second_temperature_C": 21.773666918886317,
      "lyapunov_ratio": 0.11316654055684242
    },
    "book-d-example-braking": {
      "braking_distance_m": 0.5,
      "clearance_m": 0.30000000000000004,
      "travel_with_0_4s_delay_m": 0.9,
      "largest_delay_s": 0.30000000000000004
    },
    "book-d-b1": {
      "first_qualifying_reading": 2,
      "elapsed_minutes": 10,
      "second_input_kW": 1.3364023492142143
    },
    "book-d-b2": {
      "gain_min_kW_per_C": 0.31510145802347483,
      "gain_max_kW_per_C": 0.5,
      "claim": "sampled invariance for initial |x| <= 0.2"
    },
    "book-d-b3": {
      "worst_travel_m": 0.825,
      "maximum_certified_delay_s": 0.10454545454545443,
      "proposed_delay_certified": false
    },
    "book-d-b4": {
      "unclipped_prediction_C": 0.21199216928595122,
      "clipped_first_error_C": -0.6728046984284285,
      "maximum_sampled_image_magnitude_C": 0.6728046984284293
    },
    "book-e-example-policy": {
      "optimal_p_in_family": 0.5555555555555556,
      "expected_discounted_items": 14.000000000000009,
      "discounted_maintenance_units": 0.5000000000000003
    },
    "book-e-example-network": {
      "nominal_score": 0.8999999999999999,
      "score_lower_bound": 0.7,
      "exact_score_minimum": 0.78,
      "selected_mode": "A after budget gate",
      "selected_cost_units": 0.37037037037037057,
      "selected_production_items": 12.962962962962967
    },
    "book-e-b1": {
      "optimal_p": 0.2631578947368421,
      "discounted_items": 12.000000000000005,
      "maintenance_units": 0.2500000000000001
    },
    "book-e-b2": {
      "robust_p_max": 0.46296296296296297,
      "p_0_5_worst_cost": 0.5357142857142858,
      "boundary_worst_cost": 0.5000000000000003
    },
    "book-e-b3": {
      "nominal_score": 0.29999999999999993,
      "allowed_negative_score": -0.04999999999999988,
      "tie_vibration_mm_per_s": 3.1,
      "tie_distance_mm_per_s": 0.3
    },
    "book-e-b4": {
      "stationary_repair_fraction": 0.12195121951219523,
      "stationary_production_items_per_shift": 2.731707317073173,
      "repairs_in_20_stationary_shifts": 2.4390243902439046
    }
  }
}
