{
  "status": "PASS",
  "counts": {
    "html_pages": 29,
    "expected_html_pages": 29,
    "application_labs": 21,
    "expected_application_labs": 21,
    "baseline_teaching_exercises": 489,
    "new_chapter_exercises": 58,
    "new_project_exercises": 9,
    "all_current_exercises": 556,
    "all_current_levels": {
      "total": 556,
      "Easy": 123,
      "Medium": 144,
      "Hard": 151,
      "ungraded": 138
    },
    "local_references": 3922
  },
  "errors": [],
  "warnings": [],
  "report": "book/review/integration.json"
}
