'SafeLearning.CompleteModulesLandscapeScalarConfidence.actual_all_time_noise_sum_exponential_boundary_probability' depends on axioms: [propext,
 Classical.choice,
 Quot.sound]
'SafeLearning.CompleteModulesLandscapeScalarConfidence.actual_all_time_absolute_noise_sum_crossing_probability' depends on axioms: [propext,
 Classical.choice,
 Quot.sound]
'SafeLearning.CompleteModulesLandscapeScalarConfidence.actual_simultaneous_noise_sum_linear_confidence_event' depends on axioms: [propext,
 Classical.choice,
 Quot.sound]
'SafeLearning.CompleteModulesLandscapeScalarConfidence.actual_bounded_given_past_noise_has_the_simultaneous_linear_confidence_event' depends on axioms: [propext,
 Classical.choice,
 Quot.sound]
'SafeLearning.CompleteModulesLandscapePredictableNoise.actual_bounded_predictable_weight_preserves_conditional_zero_and_support' depends on axioms: [propext,
 Classical.choice,
 Quot.sound]
'SafeLearning.CompleteModulesLandscapePredictableNoise.actual_predictable_weighted_noise_has_the_derived_conditional_law' depends on axioms: [propext,
 Classical.choice,
 Quot.sound]
'SafeLearning.CompleteModulesLandscapePredictableNoise.actual_predictable_weighted_noise_has_the_all_time_linear_confidence_event' depends on axioms: [propext,
 Classical.choice,
 Quot.sound]
'SafeLearning.CompleteModulesLandscapePredictableNoise.actual_adaptive_query_selection_weights_are_predictable' depends on axioms: [propext,
 Classical.choice,
 Quot.sound]
'SafeLearning.CompleteModulesLandscapePredictableNoise.actual_query_filtered_partial_sum_is_the_observed_noise_sum' depends on axioms: [propext,
 Classical.choice,
 Quot.sound]
'SafeLearning.CompleteModulesLandscapeQueryNoise.actual_query_filtered_increments_have_the_derived_conditional_noise_law' depends on axioms: [propext,
 Classical.choice,
 Quot.sound]
'SafeLearning.CompleteModulesLandscapeQueryNoise.actual_each_design_collected_noise_all_time_crossing_probability' depends on axioms: [propext,
 Classical.choice,
 Quot.sound]
'SafeLearning.CompleteModulesLandscapeQueryNoise.actual_any_finite_design_collected_noise_crossing_probability' depends on axioms: [propext,
 Classical.choice,
 Quot.sound]
'SafeLearning.CompleteModulesLandscapeQueryNoise.actual_finite_design_all_point_all_time_collected_noise_confidence_event' depends on axioms: [propext,
 Classical.choice,
 Quot.sound]
'SafeLearning.CompleteModulesLandscapeVisitProcess.actual_visit_count_is_the_real_cardinality_of_the_selected_indices' depends on axioms: [propext,
 Classical.choice,
 Quot.sound]
'SafeLearning.CompleteModulesLandscapeVisitProcess.actual_selected_noise_conditional_mgf_uses_its_actual_visit_indicator' depends on axioms: [propext,
 Classical.choice,
 Quot.sound]
'SafeLearning.CompleteModulesLandscapeVisitProcess.actual_visit_process_has_initial_value_one_and_the_exact_multiplicative_step' depends on axioms: [propext,
 Classical.choice,
 Quot.sound]
'SafeLearning.CompleteModulesLandscapeVisitProcess.actual_visit_process_is_adapted_and_integrable' depends on axioms: [propext,
 Classical.choice,
 Quot.sound]
'SafeLearning.CompleteModulesLandscapeVisitProcess.actual_visit_count_compensated_noise_process_is_a_supermartingale' depends on axioms: [propext,
 Classical.choice,
 Quot.sound]
'SafeLearning.CompleteModulesLandscapeVisitProcess.actual_all_time_selected_noise_visit_count_boundary_probability' depends on axioms: [propext,
 Classical.choice,
 Quot.sound]
'SafeLearning.CompleteModulesLandscapeVisitConfidence.actual_all_time_absolute_collected_noise_visit_boundary_probability' depends on axioms: [propext,
 Classical.choice,
 Quot.sound]
'SafeLearning.CompleteModulesLandscapeVisitConfidence.actual_any_finite_design_visit_count_boundary_crossing_probability' depends on axioms: [propext,
 Classical.choice,
 Quot.sound]
'SafeLearning.CompleteModulesLandscapeVisitConfidence.actual_all_design_all_time_visit_count_confidence_event' depends on axioms: [propext,
 Classical.choice,
 Quot.sound]
'SafeLearning.CompleteModulesLandscapeVisitConfidence.actual_all_design_all_time_positive_visit_noise_average_confidence' depends on axioms: [propext,
 Classical.choice,
 Quot.sound]
