'SafeLearning.CompleteModulesLandscapeSuiArithmetic.actual_source_failure_share_reciprocal_at_round_two_or_later' depends on axioms: [propext,
 Classical.choice,
 Quot.sound]
'SafeLearning.CompleteModulesLandscapeSuiArithmetic.actual_source_failure_allocation_log_is_bounded_by_twice_the_source_log' depends on axioms: [propext,
 Classical.choice,
 Quot.sound]
'SafeLearning.CompleteModulesLandscapeSuiArithmetic.actual_source_round_log_is_at_least_two_thirds' depends on axioms: [propext,
 Classical.choice,
 Quot.sound]
'SafeLearning.CompleteModulesLandscapeSuiArithmetic.actual_four_plus_sixteen_log_is_bounded_by_three_hundred_log_cubed' depends on axioms: [propext,
 Classical.choice,
 Quot.sound]
'SafeLearning.CompleteModulesLandscapeSuiArithmetic.actual_forty_times_one_plus_log_is_bounded_by_three_hundred_log_cubed' depends on axioms: [propext,
 Classical.choice,
 Quot.sound]
'SafeLearning.CompleteModulesLandscapeSuiArithmetic.actual_source_round_log_satisfies_both_three_hundred_cubic_bounds' depends on axioms: [propext,
 Classical.choice,
 Quot.sound]
'SafeLearning.CompleteModulesLandscapeSuiArithmetic.actual_source_two_B_plus_three_hundred_information_log_cubed_is_nonnegative' depends on axioms: [propext,
 Classical.choice,
 Quot.sound]
