'SafeLearning.CompleteModulesLandscapeContinuousMixture.mixture_stronglyAdapted' depends on axioms: [propext,
 Classical.choice,
 Quot.sound]
'SafeLearning.CompleteModulesLandscapeContinuousMixture.mixture_integrable' depends on axioms: [propext,
 Classical.choice,
 Quot.sound]
'SafeLearning.CompleteModulesLandscapeContinuousMixture.mixture_setIntegral_eq' depends on axioms: [propext,
 Classical.choice,
 Quot.sound]
'SafeLearning.CompleteModulesLandscapeContinuousMixture.mixture_supermartingale' depends on axioms: [propext,
 Classical.choice,
 Quot.sound]
'SafeLearning.CompleteModulesLandscapeContinuousMixture.mixture_nonnegative' depends on axioms: [propext,
 Classical.choice,
 Quot.sound]
'SafeLearning.CompleteModulesLandscapeContinuousMixture.mixture_initial_one' depends on axioms: [propext,
 Classical.choice,
 Quot.sound]
'SafeLearning.CompleteModulesLandscapeMixtureVille.mixture_ville' depends on axioms: [propext,
 Classical.choice,
 Quot.sound]
'SafeLearning.CompleteModulesLandscapeMixtureVille.mixture_all_time_crossing_probability' depends on axioms: [propext,
 Classical.choice,
 Quot.sound]
'SafeLearning.CompleteModulesLandscapeMixtureVille.mixture_simultaneous_confidence_event' depends on axioms: [propext,
 Classical.choice,
 Quot.sound]
