⚠ [8925/8932] Replayed SafeLearning.CompleteAppliedGaussianCDF
warning: SafeLearning/CompleteAppliedGaussianCDF.lean:22:2: Try this: 
  haveI̵

The goal is a proposition, so `have` is preferred over `haveI`.
The difference between `have` and `haveI` is that `haveI` inlines the value.
But this is not relevant for proofs because of proof irrelevance.

Note: This linter can be disabled with `set_option linter.style.haveILetI false`
⚠ [8928/8932] Replayed SafeLearning.CompleteAppliedGaussianQuantile
warning: SafeLearning/CompleteAppliedGaussianQuantile.lean:81:15: `Set.mem_setOf_eq` has been deprecated: Use `Set.mem_ofPred_eq` instead
⚠ [8929/8932] Replayed SafeLearning.CompleteAppliedGaussianStandardization
warning: SafeLearning/CompleteAppliedGaussianStandardization.lean:14:2: Try this: 
  haveI̵

The goal is a proposition, so `have` is preferred over `haveI`.
The difference between `have` and `haveI` is that `haveI` inlines the value.
But this is not relevant for proofs because of proof irrelevance.

Note: This linter can be disabled with `set_option linter.style.haveILetI false`
warning: SafeLearning/CompleteAppliedGaussianStandardization.lean:33:2: Try this: 
  haveI̵

The goal is a proposition, so `have` is preferred over `haveI`.
The difference between `have` and `haveI` is that `haveI` inlines the value.
But this is not relevant for proofs because of proof irrelevance.

Note: This linter can be disabled with `set_option linter.style.haveILetI false`
warning: SafeLearning/CompleteAppliedGaussianStandardization.lean:65:21: `Set.mem_setOf_eq` has been deprecated: Use `Set.mem_ofPred_eq` instead
warning: SafeLearning/CompleteAppliedGaussianStandardization.lean:68:21: `Set.mem_setOf_eq` has been deprecated: Use `Set.mem_ofPred_eq` instead
⚠ [8930/8932] Replayed SafeLearning.CompleteAppliedGaussianAlarmQuantile
warning: SafeLearning/CompleteAppliedGaussianAlarmQuantile.lean:50:15: `Set.mem_setOf_eq` has been deprecated: Use `Set.mem_ofPred_eq` instead
warning: SafeLearning/CompleteAppliedGaussianAlarmQuantile.lean:62:2: Try this: 
  haveI̵

The goal is a proposition, so `have` is preferred over `haveI`.
The difference between `have` and `haveI` is that `haveI` inlines the value.
But this is not relevant for proofs because of proof irrelevance.

Note: This linter can be disabled with `set_option linter.style.haveILetI false`
warning: SafeLearning/CompleteAppliedGaussianAlarmQuantile.lean:76:15: `Set.mem_setOf_eq` has been deprecated: Use `Set.mem_ofPred_eq` instead
⚠ [8931/8932] Replayed SafeLearning.CompleteAppliedGaussianChanceConstraint
warning: SafeLearning/CompleteAppliedGaussianChanceConstraint.lean:19:2: Try this: 
  haveI̵

The goal is a proposition, so `have` is preferred over `haveI`.
The difference between `have` and `haveI` is that `haveI` inlines the value.
But this is not relevant for proofs because of proof irrelevance.

Note: This linter can be disabled with `set_option linter.style.haveILetI false`
warning: SafeLearning/CompleteAppliedGaussianChanceConstraint.lean:53:15: `Set.mem_setOf_eq` has been deprecated: Use `Set.mem_ofPred_eq` instead
⚠ [8932/8932] Built SafeLearning.CompleteAppliedGaussianCentralConfidence (5.7s)
warning: SafeLearning/CompleteAppliedGaussianCentralConfidence.lean:55:15: `Set.mem_setOf_eq` has been deprecated: Use `Set.mem_ofPred_eq` instead
Build completed successfully (8932 jobs).
