'SafeLearning.CompleteModulesSafeOptFiniteOptimality.actual_finite_report_is_in_the_safe_set_and_maximizes_the_lower_band' depends on axioms: [propext,
 Classical.choice,
 Quot.sound]
'SafeLearning.CompleteModulesSafeOptFiniteOptimality.actual_finite_candidate_union_is_nonempty' depends on axioms: [propext,
 Classical.choice,
 Quot.sound]
'SafeLearning.CompleteModulesSafeOptFiniteOptimality.actual_finite_query_is_a_width_maximizer_over_the_literal_candidate_union' depends on axioms: [propext,
 Classical.choice,
 Quot.sound]
'SafeLearning.CompleteModulesSafeOptFiniteOptimality.actual_query_width_bound_certifies_the_actual_report_on_the_finite_safe_set' depends on axioms: [propext,
 Classical.choice,
 Quot.sound]
'SafeLearning.CompleteModulesSafeOptFiniteOptimality.actual_unchanged_lower_band_update_and_narrow_expanders_contains_the_reachable_closure' depends on axioms: [propext,
 Classical.choice,
 Quot.sound]
'SafeLearning.CompleteModulesSafeOptFiniteOptimality.actual_finite_safeopt_stopping_certificate_proves_reachable_report_optimality' depends on axioms: [propext,
 Classical.choice,
 Quot.sound]
'SafeLearning.CompleteModulesSafeOptFiniteStageWidth.actual_contained_confidence_band_has_width_at_most_twice_the_raw_radius' depends on axioms: [propext,
 Classical.choice,
 Quot.sound]
'SafeLearning.CompleteModulesSafeOptFiniteStageWidth.actual_unit_bounded_variance_is_controlled_by_its_sequential_log_factor' depends on axioms: [propext,
 Classical.choice,
 Quot.sound]
'SafeLearning.CompleteModulesSafeOptFiniteStageWidth.actual_sequential_variance_information_budget_bounds_the_sum_of_squared_query_widths' depends on axioms: [propext,
 Classical.choice,
 Quot.sound]
'SafeLearning.CompleteModulesSafeOptFiniteStageWidth.actual_finite_stage_query_width_decreases_when_the_bands_tighten' depends on axioms: [propext,
 Classical.choice,
 Quot.sound]
'SafeLearning.CompleteModulesSafeOptFiniteStageWidth.actual_finite_stage_information_budget_forces_small_query_width_and_report_optimality' depends on axioms: [propext,
 Classical.choice,
 Quot.sound]
'SafeLearning.CompleteModulesSafeOptFiniteStageOptimality.actual_finite_safeopt_stopping_certificate_attains_the_true_reachable_benchmark' depends on axioms: [propext,
 Classical.choice,
 Quot.sound]
'SafeLearning.CompleteModulesSafeOptFiniteStageOptimality.actual_finite_stage_information_budget_yields_an_actual_epsilon_optimal_reachable_report' depends on axioms: [propext,
 Classical.choice,
 Quot.sound]
'SafeLearning.CompleteModulesSafeOptFiniteWindows.actual_finite_safe_run_has_an_unchanged_expansion_window' depends on axioms: [propext,
 Classical.choice,
 Quot.sound]
'SafeLearning.CompleteModulesSafeOptFiniteWindows.actual_monotone_safe_run_is_constant_between_equal_endpoints' depends on axioms: [propext,
 Classical.choice,
 Quot.sound]
'SafeLearning.CompleteModulesSafeOptFiniteWindows.actual_integer_floor_allocation_yields_a_positive_constant_safe_window' depends on axioms: [propext,
 Classical.choice,
 Quot.sound]
'SafeLearning.CompleteModulesSafeOptFiniteWindows.actual_nonnegative_horizon_budget_bounds_every_contained_window' depends on axioms: [propext,
 Classical.choice,
 Quot.sound]
'SafeLearning.CompleteModulesSafeOptPersistentReport.actual_small_query_width_bounds_all_safe_values_by_the_report_lower_band' depends on axioms: [propext,
 Classical.choice,
 Quot.sound]
'SafeLearning.CompleteModulesSafeOptPersistentReport.actual_lower_report_certificate_persists_at_every_later_nested_safe_set' depends on axioms: [propext,
 Classical.choice,
 Quot.sound]
'SafeLearning.CompleteModulesSafeOptPersistentReport.actual_persistent_lower_report_certificate_has_an_attained_all_later_benchmark' depends on axioms: [propext,
 Classical.choice,
 Quot.sound]
'SafeLearning.CompleteModulesSafeOptFiniteRunOptimality.actual_finite_safeopt_run_information_budget_forces_all_later_reachable_report_optimality' depends on axioms: [propext,
 Classical.choice,
 Quot.sound]
