/tmp/modules-safeopt-posterior-error19-axiom-probe-v1.lean:53:0: warning: automatically included section variable(s) unused in theorem `SafeLearning.CompleteModulesSafeOptKernelPosteriorError.actual_finite_kernel_posterior_error_is_bounded_at_every_input_and_round`:
  [DecidableEq X]
consider restructuring your `variable` declarations so that the variables are not in scope or explicitly omit them:
  omit [DecidableEq X] in theorem ...

Note: This linter can be disabled with `set_option linter.unusedSectionVars false`
'SafeLearning.CompleteModulesSafeOptPosteriorError.actual_regularized_inverse_pushthrough' depends on axioms: [propext,
 Classical.choice,
 Quot.sound]
'SafeLearning.CompleteModulesSafeOptPosteriorError.actual_feature_posterior_error_is_bias_minus_weighted_noise' depends on axioms: [propext,
 Classical.choice,
 Quot.sound]
'SafeLearning.CompleteModulesSafeOptPosteriorError.actual_feature_noise_quadratic_is_the_kernel_noise_quadratic' depends on axioms: [propext,
 Classical.choice,
 Quot.sound]
'SafeLearning.CompleteModulesSafeOptPosteriorError.actual_feature_posterior_error_is_bounded_by_norm_and_self_normalized_noise' depends on axioms: [propext,
 Classical.choice,
 Quot.sound]
'SafeLearning.CompleteModulesSafeOptRKHSPosteriorError.actual_finite_domain_rkhs_is_finite_dimensional' depends on axioms: [propext,
 Classical.choice,
 Quot.sound]
'SafeLearning.CompleteModulesSafeOptRKHSPosteriorError.actual_finite_domain_rkhs_has_norm_preserving_real_features' depends on axioms: [propext,
 Classical.choice,
 Quot.sound]
'SafeLearning.CompleteModulesSafeOptRKHSPosteriorError.actual_rkhs_posterior_error_is_bounded_by_norm_and_self_normalized_noise' depends on axioms: [propext,
 Classical.choice,
 Quot.sound]
'SafeLearning.CompleteModulesSafeOptRKHSPosteriorError.actual_rkhs_norm_and_noise_bounds_give_every_input_a_posterior_band' depends on axioms: [propext,
 Classical.choice,
 Quot.sound]
'SafeLearning.CompleteModulesSafeOptRKHSPosteriorError.actual_squared_rkhs_norm_and_noise_bounds_give_every_input_a_posterior_band' depends on axioms: [propext,
 Classical.choice,
 Quot.sound]
'SafeLearning.CompleteModulesSafeOptKernelPosteriorError.actual_finite_rkhs_kernel_is_positive_semidefinite' depends on axioms: [propext,
 Classical.choice,
 Quot.sound]
'SafeLearning.CompleteModulesSafeOptKernelPosteriorError.actual_finite_kernel_posterior_error_is_bounded_at_every_input_and_round' depends on axioms: [propext,
 Classical.choice,
 Quot.sound]
'SafeLearning.CompleteModulesSafeOptKernelPosteriorError.actual_rkhs_kernel_variance_at_the_current_query_is_the_standard_sequential_variance' depends on axioms: [propext,
 Classical.choice,
 Quot.sound]
'SafeLearning.CompleteModulesSafeOptKernelPosteriorError.actual_normalized_rkhs_kernel_current_query_standard_deviation_is_in_the_unit_interval' depends on axioms: [propext,
 Classical.choice,
 Quot.sound]
