'SafeLearning.CompleteModulesLandscapeRegularBoundaryPerturbation.actual_nonzero_boundary_differential_has_a_positive_constant_direction' depends on axioms: [propext,
 Classical.choice,
 Quot.sound]
'SafeLearning.CompleteModulesLandscapeRegularBoundaryPerturbation.actual_regular_boundary_has_a_locally_strict_constant_inward_perturbation' depends on axioms: [propext,
 Classical.choice,
 Quot.sound]
'SafeLearning.CompleteModulesLandscapeRegularBoundaryPerturbation.actual_strict_boundary_derivative_keeps_a_scalar_path_nonnegative' depends on axioms: [propext,
 Classical.choice,
 Quot.sound]
'SafeLearning.CompleteModulesLandscapeRegularBoundaryPerturbation.actual_strict_boundary_vector_ode_path_stays_in_the_superlevel_set' depends on axioms: [propext,
 Classical.choice,
 Quot.sound]
'SafeLearning.CompleteModulesLandscapeRegularBoundaryLocal.actual_constant_perturbations_have_a_uniform_picard_interval' depends on axioms: [propext,
 Classical.choice,
 Quot.sound]
'SafeLearning.CompleteModulesLandscapeRegularBoundaryLocal.actual_regular_boundary_only_inward_condition_gives_local_safety_of_an_existing_path' depends on axioms: [propext,
 Classical.choice,
 Quot.sound]
'SafeLearning.CompleteModulesLandscapeRegularBoundaryInvariance.actual_regular_boundary_encounter_has_a_safe_future_prefix' depends on axioms: [propext,
 Classical.choice,
 Quot.sound]
'SafeLearning.CompleteModulesLandscapeRegularBoundaryInvariance.actual_regular_boundary_only_inward_condition_keeps_every_existing_path_safe' depends on axioms: [propext,
 Classical.choice,
 Quot.sound]
'SafeLearning.CompleteModulesLandscapeRegularBoundaryInvariance.actual_regular_boundary_only_inward_condition_proves_forward_invariance' depends on axioms: [propext,
 Classical.choice,
 Quot.sound]
'SafeLearning.CompleteModulesLandscapeRegularBoundaryInvariance.actual_compact_regular_superlevel_set_with_boundary_only_inwardness_has_global_solutions' depends on axioms: [propext,
 Classical.choice,
 Quot.sound]
