/tmp/modules-landscape-sui-feature-confidence19-independent-axiom-probe-v1.lean:48:0: warning: automatically included section variable(s) unused in theorem `SafeLearning.CompleteModulesLandscapeSuiFeatureConfidence.actual_zero_cumulative_feature_gram_forces_the_actual_noise_sum_to_vanish`:
  [Fintype feature]
  [DecidableEq feature]
consider restructuring your `variable` declarations so that the variables are not in scope or explicitly omit them:
  omit [Fintype feature] [DecidableEq feature] in theorem ...

Note: This linter can be disabled with `set_option linter.unusedSectionVars false`
/tmp/modules-landscape-sui-feature-confidence19-independent-axiom-probe-v1.lean:114:55: warning: `if_pos` has been deprecated: Use `ite_eq_left` instead
/tmp/modules-landscape-sui-feature-confidence19-independent-axiom-probe-v1.lean:119:55: warning: `if_neg` has been deprecated: Use `ite_eq_right` instead
'SafeLearning.CompleteModulesLandscapeSuiFeatureConfidence.actual_positive_information_regularizer_is_positive' depends on axioms: [propext,
 Classical.choice,
 Quot.sound]
'SafeLearning.CompleteModulesLandscapeSuiFeatureConfidence.actual_source_information_prior_is_the_true_positive_gp_prior' depends on axioms: [propext,
 Classical.choice,
 Quot.sound]
'SafeLearning.CompleteModulesLandscapeSuiFeatureConfidence.actual_zero_cumulative_feature_gram_forces_the_actual_noise_sum_to_vanish' depends on axioms: [propext,
 Classical.choice,
 Quot.sound]
'SafeLearning.CompleteModulesLandscapeSuiFeatureConfidence.actual_alltime_feature_noise_has_the_source_information_log_cubed_budget' depends on axioms: [propext,
 Classical.choice,
 Quot.sound]
