'SafeLearning.CompleteModulesSafeOptInitializedRun.actual_initialized_finite_endpoints_equal_the_literal_source_confidence_intersections' depends on axioms: [propext,
 Classical.choice,
 Quot.sound]
'SafeLearning.CompleteModulesSafeOptInitializedRun.actual_initialized_interval_is_contained_in_its_current_source_raw_band' depends on axioms: [propext,
 Classical.choice,
 Quot.sound]
'SafeLearning.CompleteModulesSafeOptInitializedRun.actual_initialized_confidence_truth_derives_valid_monotone_bands_and_the_seed_floor' depends on axioms: [propext,
 Classical.choice,
 Quot.sound]
'SafeLearning.CompleteModulesSafeOptInitializedRun.actual_seed_floor_and_increasing_lower_bands_make_the_source_safe_rounds_monotone' depends on axioms: [propext,
 Classical.choice,
 Quot.sound]
'SafeLearning.CompleteModulesSafeOptInitializedRun.actual_initialized_finite_run_has_the_literal_source_safe_update' depends on axioms: [propext,
 Classical.choice,
 Quot.sound]
'SafeLearning.CompleteModulesSafeOptInitializedRun.actual_zero_reachable_finset_has_exact_membership_and_cardinality' depends on axioms: [propext,
 Classical.choice,
 Quot.sound]
'SafeLearning.CompleteModulesSafeOptInitializedRun.actual_initialized_source_run_is_nonempty_nested_zero_reachable_and_safe' depends on axioms: [propext,
 Classical.choice,
 Quot.sound]
'SafeLearning.CompleteModulesSafeOptReachableKernelRun.actual_initialized_width_maximizing_source_query_is_safe' depends on axioms: [propext,
 Classical.choice,
 Quot.sound]
'SafeLearning.CompleteModulesSafeOptReachableKernelRun.actual_initialized_safeopt_kernel_run_is_safe_and_epsilon_optimal_on_its_actual_reachable_benchmark' depends on axioms: [propext,
 Classical.choice,
 Quot.sound]
