'SafeLearning.CoreAnalysis.hoeffding_radius_above_target' depends on axioms: [propext, Classical.choice, Quot.sound]
'SafeLearning.CoreAnalysis.validation_single_minimal' depends on axioms: [propext, Classical.choice, Quot.sound]
'SafeLearning.CoreAnalysis.validation_twenty_minimal' depends on axioms: [propext, Classical.choice, Quot.sound]
'SafeLearning.CoreAnalysis.discounted_budget_telescopes' depends on axioms: [propext, Classical.choice, Quot.sound]
'SafeLearning.CoreAnalysis.geometric_bound' depends on axioms: [propext, Classical.choice, Quot.sound]
'SafeLearning.CoreAnalysis.geometric_convergence' depends on axioms: [propext, Classical.choice, Quot.sound]
'SafeLearning.CoreAnalysis.relative_error_convergence' depends on axioms: [propext, Classical.choice, Quot.sound]
'SafeLearning.CoreAnalysis.nonlinear_envelope' depends on axioms: [propext, Classical.choice, Quot.sound]
'SafeLearning.CoreAnalysis.nonlinear_convergence' depends on axioms: [propext, Classical.choice, Quot.sound]
'SafeLearning.CoreAnalysis.finite_union_bound' depends on axioms: [propext, Classical.choice, Quot.sound]
'SafeLearning.CoreAnalysis.compose_failure_bounds' depends on axioms: [propext, Classical.choice, Quot.sound]
'SafeLearning.CoreAnalysis.sampled_lower_certificate' depends on axioms: [propext, Classical.choice, Quot.sound]
'SafeLearning.CoreAnalysis.sampled_upper_certificate' depends on axioms: [propext, Classical.choice, Quot.sound]
'SafeLearning.CoreAnalysis.strict_grid_margin' depends on axioms: [propext, Classical.choice, Quot.sound]
'SafeLearning.CoreAnalysis.rounded_lmi_not_psd' depends on axioms: [propext, Classical.choice, Quot.sound]
'SafeLearning.CoreAnalysis.affine_error_bound' depends on axioms: [propext, Classical.choice, Quot.sound]
'SafeLearning.CoreModules.discounted_constant' depends on axioms: [propext, Classical.choice, Quot.sound]
'SafeLearning.CoreModules.cmdp_p1' depends on axioms: [propext, Classical.choice, Quot.sound]
'SafeLearning.CoreModules.cmdp_p2' depends on axioms: [propext, Classical.choice, Quot.sound]
'SafeLearning.CoreModules.cmdp_p3' depends on axioms: [propext, Classical.choice, Quot.sound]
'SafeLearning.CoreModules.cmdp_p4' depends on axioms: [propext, Classical.choice, Quot.sound]
'SafeLearning.CoreModules.cmdp_p5_flow' depends on axioms: [propext, Classical.choice, Quot.sound]
'SafeLearning.CoreModules.cmdp_p6_feasible' depends on axioms: [propext, Classical.choice, Quot.sound]
'SafeLearning.CoreModules.cmdp_p6_optimal' depends on axioms: [propext, Classical.choice, Quot.sound]
'SafeLearning.CoreModules.cmdp_p6_attained' depends on axioms: [propext, Classical.choice, Quot.sound]
'SafeLearning.CoreModules.cmdp_p7_cvar' depends on axioms: [propext, Classical.choice, Quot.sound]
'SafeLearning.CoreModules.cmdp_p7_var' depends on axioms: [propext, Classical.choice, Quot.sound]
'SafeLearning.CoreModules.cmdp_p11_var' depends on axioms: [propext, Classical.choice, Quot.sound]
'SafeLearning.CoreModules.cmdp_p8' depends on axioms: [propext, Classical.choice, Quot.sound]
'SafeLearning.CoreModules.cmdp_p9_upper' depends on axioms: [propext, Classical.choice, Quot.sound]
'SafeLearning.CoreModules.cmdp_p9_dual_min' depends on axioms: [propext, Classical.choice, Quot.sound]
'SafeLearning.CoreModules.cmdp_p9_dual_attained' depends on axioms: [propext, Classical.choice, Quot.sound]
'SafeLearning.CoreModules.cmdp_p9_all_maximize' depends on axioms: [propext, Classical.choice, Quot.sound]
'SafeLearning.CoreModules.cmdp_p10' depends on axioms: [propext, Classical.choice, Quot.sound]
'SafeLearning.CoreModules.cmdp_p11_cvar' depends on axioms: [propext, Classical.choice, Quot.sound]
'SafeLearning.CoreModules.weak_duality_max' depends on axioms: [propext, Classical.choice, Quot.sound]
'SafeLearning.CoreModules.dual_subgradient' depends on axioms: [propext, Classical.choice, Quot.sound]
'SafeLearning.CoreModules.cmdp_legacy_two_state' depends on axioms: [propext, Classical.choice, Quot.sound]
'SafeLearning.CoreModules.cmdp_legacy_two_state_unique' depends on axioms: [propext, Classical.choice, Quot.sound]
'SafeLearning.CoreModules.cmdp_legacy_cvar' depends on axioms: [propext, Classical.choice, Quot.sound]
'SafeLearning.CoreModules.policy_p1' depends on axioms: [propext, Classical.choice, Quot.sound]
'SafeLearning.CoreModules.policy_p2_tv' depends on axioms: [propext, Classical.choice, Quot.sound]
'SafeLearning.CoreModules.policy_p3_axes' depends on axioms: [propext, Classical.choice, Quot.sound]
'SafeLearning.CoreModules.policy_p4' depends on axioms: [propext, Classical.choice, Quot.sound]
'SafeLearning.CoreModules.policy_p5_bound' depends on axioms: [propext, Classical.choice, Quot.sound]
'SafeLearning.CoreModules.policy_p5_attained' depends on axioms: [propext, Classical.choice, Quot.sound]
'SafeLearning.CoreModules.policy_p6_projection' depends on axioms: [propext, Classical.choice, Quot.sound]
'SafeLearning.CoreModules.policy_p7' depends on axioms: [propext, Classical.choice, Quot.sound]
'SafeLearning.CoreModules.policy_p8' depends on axioms: [propext, Classical.choice, Quot.sound]
'SafeLearning.CoreModules.policy_p9_bound' depends on axioms: [propext, Classical.choice, Quot.sound]
'SafeLearning.CoreModules.policy_p9_attained' depends on axioms: [propext, Classical.choice, Quot.sound]
'SafeLearning.CoreModules.policy_p10_root' depends on axioms: [propext, Classical.choice, Quot.sound]
'SafeLearning.CoreModules.policy_p10_linear_fails' depends on axioms: [propext, Classical.choice, Quot.sound]
'SafeLearning.CoreModules.policy_p11_weights' depends on axioms: [propext, Classical.choice, Quot.sound]
'SafeLearning.CoreModules.policy_p12_margins' depends on axioms: [propext, Classical.choice, Quot.sound]
'SafeLearning.CoreModules.barrier_p1_safe_set' depends on axioms: [propext, Classical.choice, Quot.sound]
'SafeLearning.CoreModules.barrier_p2' depends on axioms: [propext, Classical.choice, Quot.sound]
'SafeLearning.CoreModules.barrier_p3_optimal' depends on axioms: [propext, Classical.choice, Quot.sound]
'SafeLearning.CoreModules.barrier_p3_attained' depends on axioms: [propext, Classical.choice, Quot.sound]
'SafeLearning.CoreModules.barrier_p3_unique' depends on axioms: [propext, Classical.choice, Quot.sound]
'SafeLearning.CoreModules.barrier_p4_interval' depends on axioms: [propext, Classical.choice, Quot.sound]
'SafeLearning.CoreModules.barrier_p5_optimal' depends on axioms: [propext, Classical.choice, Quot.sound]
'SafeLearning.CoreModules.barrier_p5_unique' depends on axioms: [propext, Classical.choice, Quot.sound]
'SafeLearning.CoreModules.barrier_p5_attained_kkt' depends on axioms: [propext, Classical.choice, Quot.sound]
'SafeLearning.CoreModules.barrier_p6_infeasible' depends on axioms: [propext, Classical.choice, Quot.sound]
'SafeLearning.CoreModules.barrier_p6_feasible' depends on axioms: [propext, Classical.choice, Quot.sound]
'SafeLearning.CoreModules.barrier_p7_robust' depends on axioms: [propext, Classical.choice, Quot.sound]
'SafeLearning.CoreModules.barrier_p8' depends on axioms: [propext, Classical.choice, Quot.sound]
'SafeLearning.CoreModules.barrier_p9_counterexample' depends on axioms: [propext, Classical.choice, Quot.sound]
'SafeLearning.CoreModules.barrier_p10_held_interval' depends on axioms: [propext, Classical.choice, Quot.sound]
'SafeLearning.CoreModules.barrier_p10_continuous' depends on axioms: [propext, Classical.choice, Quot.sound]
'SafeLearning.CoreModules.barrier_p11_plan' depends on axioms: [propext, Classical.choice, Quot.sound]
'SafeLearning.CoreModules.barrier_p11_terminal' depends on axioms: [propext, Classical.choice, Quot.sound]
'SafeLearning.CoreModules.barrier_p12_shield' depends on axioms: [propext, Classical.choice, Quot.sound]
'SafeLearning.CoreModules.lyapunov_p1_decrease' depends on axioms: [propext, Classical.choice, Quot.sound]
'SafeLearning.CoreModules.lyapunov_p1_strict' depends on axioms: [propext, Classical.choice, Quot.sound]
'SafeLearning.CoreModules.lyapunov_p1_sublevel' depends on axioms: [propext, Classical.choice, Quot.sound]
'SafeLearning.CoreModules.lyapunov_p2' depends on axioms: [propext, Classical.choice, Quot.sound]
'SafeLearning.CoreModules.lyapunov_p3' depends on axioms: [propext, Classical.choice, Quot.sound]
'SafeLearning.CoreModules.lyapunov_p4' depends on axioms: [propext, Classical.choice, Quot.sound]
'SafeLearning.CoreModules.lyapunov_p5_transfer' depends on axioms: [propext, Classical.choice, Quot.sound]
'SafeLearning.CoreModules.lyapunov_p5_coarser' depends on axioms: [propext, Classical.choice, Quot.sound]
'SafeLearning.CoreModules.lyapunov_p6_tube' depends on axioms: [propext, Classical.choice, Quot.sound]
'SafeLearning.CoreModules.lyapunov_p6_state' depends on axioms: [propext, Classical.choice, Quot.sound]
'SafeLearning.CoreModules.lyapunov_p6_input' depends on axioms: [propext, Classical.choice, Quot.sound]
'SafeLearning.CoreModules.lyapunov_p7_optimal' depends on axioms: [propext, Classical.choice, Quot.sound]
'SafeLearning.CoreModules.lyapunov_p7_attained' depends on axioms: [propext, Classical.choice, Quot.sound]
'SafeLearning.CoreModules.lyapunov_p9_identity' depends on axioms: [propext, Classical.choice, Quot.sound]
'SafeLearning.CoreModules.lyapunov_p9_strict' depends on axioms: [propext, Classical.choice, Quot.sound]
'SafeLearning.CoreModules.lyapunov_p9_invariant' depends on axioms: [propext, Classical.choice, Quot.sound]
'SafeLearning.CoreModules.lyapunov_p9_two_cycle' depends on axioms: [propext, Classical.choice, Quot.sound]
'SafeLearning.CoreModules.lyapunov_p10_relative' depends on axioms: [propext, Classical.choice, Quot.sound]
'SafeLearning.CoreModules.lyapunov_p10_absolute_counterexample' depends on axioms: [propext,
 Classical.choice,
 Quot.sound]
'SafeLearning.CoreModules.lyapunov_p11_single' depends on axioms: [propext, Classical.choice, Quot.sound]
'SafeLearning.CoreModules.lyapunov_p11_twenty' depends on axioms: [propext, Classical.choice, Quot.sound]
'SafeLearning.CoreModules.lyapunov_p12_budget' depends on axioms: [propext, Classical.choice, Quot.sound]
'SafeLearning.Modules.weak_duality_point' depends on axioms: [propext, Classical.choice, Quot.sound]
'SafeLearning.Modules.lagrangian_monotone' depends on axioms: [propext, Classical.choice, Quot.sound]
'SafeLearning.Modules.penalty_strict_separation' depends on axioms: [propext, Classical.choice, Quot.sound]
'SafeLearning.Modules.penalty_threshold_tie' depends on axioms: [propext, Classical.choice, Quot.sound]
'SafeLearning.Modules.count_event_bounds' depends on axioms: [propext, Quot.sound]
'SafeLearning.Modules.finite_weighted_event_bounds' depends on axioms: [propext, Classical.choice, Quot.sound]
'SafeLearning.Modules.scalar_schur_completion' depends on axioms: [propext, Classical.choice, Quot.sound]
'SafeLearning.Modules.negative_quadratic_from_schur' depends on axioms: [propext, Classical.choice, Quot.sound]
'SafeLearning.Modules.slope_sector_qc' depends on axioms: [propext, Classical.choice, Quot.sound]
'SafeLearning.Modules.origin_sector_qc' depends on axioms: [propext, Classical.choice, Quot.sound]
'SafeLearning.Modules.local_gain_energy' depends on axioms: [propext, Classical.choice, Quot.sound]
'SafeLearning.Modules.bounded_real_scalar_certificate' depends on axioms: [propext, Classical.choice, Quot.sound]
'SafeLearning.Modules.lower_confidence_safe' depends on axioms: [propext, Classical.choice, Quot.sound]
'SafeLearning.Modules.lower_cone_safe' depends on axioms: [propext, Classical.choice, Quot.sound]
'SafeLearning.Modules.bounded_noise_lower_certificate' depends on axioms: [propext, Classical.choice, Quot.sound]
'SafeLearning.Modules.bounded_noise_upper_certificate' depends on axioms: [propext, Classical.choice, Quot.sound]
'SafeLearning.Modules.interval_intersection_preserves' depends on axioms: [propext, Classical.choice, Quot.sound]
'SafeLearning.Modules.nested_interval_width' depends on axioms: [propext, Classical.choice, Quot.sound]
'SafeLearning.Modules.cone_radius_certificate' depends on axioms: [propext, Classical.choice, Quot.sound]
'SafeLearning.Modules.safe_expansion_preserves' does not depend on any axioms
'SafeLearning.Modules.monotone_safety_expansion' does not depend on any axioms
'SafeLearning.Modules.backup_margin_safe' depends on axioms: [propext, Classical.choice, Quot.sound]
'SafeLearning.Modules.robust_triangle_margin' depends on axioms: [propext, Classical.choice, Quot.sound]
'SafeLearning.Modules.tighter_backup_union' depends on axioms: [propext, Classical.choice, Quot.sound]
'SafeLearning.Modules.quadratic_braking_identity' depends on axioms: [propext, Classical.choice, Quot.sound]
'SafeLearning.Modules.unsafe_peak_lower_bound' depends on axioms: [propext, Classical.choice, Quot.sound]
'SafeLearning.Modules.sampled_barrier_factor' depends on axioms: [propext, Classical.choice, Quot.sound]
'SafeLearning.Modules.sandwich_scalar_bound' depends on axioms: [propext, Classical.choice, Quot.sound]
'SafeLearning.Modules.safe_output_margin' depends on axioms: [propext, Classical.choice, Quot.sound]
'SafeLearning.Modules.contraction_weight_relation' depends on axioms: [propext, Classical.choice, Quot.sound]
'SafeLearning.Modules.two_layer_gain' depends on axioms: [propext, Classical.choice, Quot.sound]
'SafeLearning.Modules.empirical_margin_transfer' depends on axioms: [propext, Classical.choice, Quot.sound]
'SafeLearning.Modules.mixture_failure_bound' depends on axioms: [propext, Classical.choice, Quot.sound]
'SafeLearning.Modules.representer_difference' depends on axioms: [propext, Classical.choice, Quot.sound]
'SafeLearning.Modules.representer_lipschitz' depends on axioms: [propext, Classical.choice, Quot.sound]
'SafeLearning.Modules.orthogonal_residual_norm' depends on axioms: [propext, Classical.choice, Quot.sound]
'SafeLearning.Modules.orthogonal_scalar_residual_norm' depends on axioms: [propext, Classical.choice, Quot.sound]
'SafeLearning.Modules.projection_minimum_norm' depends on axioms: [propext, Classical.choice, Quot.sound]
'SafeLearning.Modules.extremal_residual_budget' depends on axioms: [propext, Classical.choice, Quot.sound]
'SafeLearning.Modules.diagonal_sector_aggregation' depends on axioms: [propext, Classical.choice, Quot.sound]
'SafeLearning.Modules.s_procedure' depends on axioms: [propext, Classical.choice, Quot.sound]
'SafeLearning.Modules.s_procedure_multiple' depends on axioms: [propext, Classical.choice, Quot.sound]
'SafeLearning.Modules.relu_sector' depends on axioms: [propext, Classical.choice, Quot.sound]
'SafeLearning.Modules.relu_exact_qc_counterexample' depends on axioms: [propext, Classical.choice, Quot.sound]
'SafeLearning.Modules.positive_scalar_relu' depends on axioms: [propext, Classical.choice, Quot.sound]
'SafeLearning.Modules.scalar_sandwich_relu' depends on axioms: [propext, Classical.choice, Quot.sound]
'SafeLearning.Modules.scalar_sandwich_positive_reduction' depends on axioms: [propext, Classical.choice, Quot.sound]
'SafeLearning.Modules.off_diagonal_qc_counterexample' depends on axioms: [propext, Classical.choice, Quot.sound]
'SafeLearning.Modules.excursion_mean' depends on axioms: [propext, Classical.choice, Quot.sound]
'SafeLearning.Modules.excursion_ru_nine_tenths_lower' depends on axioms: [propext, Classical.choice, Quot.sound]
'SafeLearning.Modules.excursion_ru_nine_tenths_attained' depends on axioms: [propext, Classical.choice, Quot.sound]
'SafeLearning.Modules.excursion_ru_three_quarters_lower' depends on axioms: [propext, Classical.choice, Quot.sound]
'SafeLearning.Modules.excursion_ru_three_quarters_attained' depends on axioms: [propext, Classical.choice, Quot.sound]
'SafeLearning.Modules.confidence_cone_iteration' depends on axioms: [propext, Classical.choice, Quot.sound]
'SafeLearning.Modules.losbo_iteration' depends on axioms: [propext, Classical.choice, Quot.sound]
'SafeLearning.Modules.lipschitz_zero_cone' depends on axioms: [propext, Classical.choice, Quot.sound]
'SafeLearning.Modules.invariant_closed_loop' does not depend on any axioms
'SafeLearning.Modules.local_certificate_sublevel_invariance' depends on axioms: [propext, Classical.choice, Quot.sound]
'SafeLearning.Modules.viability_iteration_descending' does not depend on any axioms
'SafeLearning.Modules.invariant_set_survives_viability_iteration' does not depend on any axioms
'SafeLearning.Modules.scenario_60_tail_above' depends on axioms: [propext, Classical.choice, Quot.sound]
'SafeLearning.Modules.scenario_61_tail_below' depends on axioms: [propext, Classical.choice, Quot.sound]
'SafeLearning.Modules.scenario_choose_60' does not depend on any axioms
'SafeLearning.Modules.scenario_choose_61' does not depend on any axioms
'SafeLearning.Modules.scenario_tail_step' depends on axioms: [propext, Classical.choice, Quot.sound]
'SafeLearning.Modules.temperature_entropy_monotone' depends on axioms: [propext, Classical.choice, Quot.sound]
'SafeLearning.Modules.temperature_reward_monotone' depends on axioms: [propext, Classical.choice, Quot.sound]
'SafeLearning.Modules.maximum_probability_lower_bound' depends on axioms: [propext, Classical.choice, Quot.sound]
'SafeLearning.Modules.modal_action_safe' depends on axioms: [propext, Classical.choice, Quot.sound]
'SafeLearning.Modules.cayley_plane_unit_circle' depends on axioms: [propext, Classical.choice, Quot.sound]
'SafeLearning.Modules.cayley_plane_orthogonal_action' depends on axioms: [propext, Classical.choice, Quot.sound]
'SafeLearning.Modules.cayley_plane_no_minus_one' depends on axioms: [propext, Classical.choice, Quot.sound]
'SafeLearning.Modules.cayley_half_entries' depends on axioms: [propext, Classical.choice, Quot.sound]
'SafeLearning.Modules.two_tap_dissipation_telescoping' depends on axioms: [propext, Classical.choice, Quot.sound]
'SafeLearning.Modules.finite_energy_gain' depends on axioms: [propext, Classical.choice, Quot.sound]
'SafeLearning.Modules.circular_three_tap_orthogonal' depends on axioms: [propext, Classical.choice, Quot.sound]
'SafeLearning.PrimersApplied.mean2_affine' depends on axioms: [propext, Classical.choice, Quot.sound]
'SafeLearning.PrimersApplied.variance2_closed_form' depends on axioms: [propext, Classical.choice, Quot.sound]
'SafeLearning.PrimersApplied.variance2_nonnegative' depends on axioms: [propext, Classical.choice, Quot.sound]
'SafeLearning.PrimersApplied.variance2_affine' depends on axioms: [propext, Classical.choice, Quot.sound]
'SafeLearning.PrimersApplied.total_variance_two' depends on axioms: [propext, Classical.choice, Quot.sound]
'SafeLearning.PrimersApplied.finite_covariance_quadratic_nonnegative' depends on axioms: [propext,
 Classical.choice,
 Quot.sound]
'SafeLearning.PrimersApplied.bayes_alarm_new' depends on axioms: [propext, Classical.choice, Quot.sound]
'SafeLearning.PrimersApplied.bayes_alarm_legacy' depends on axioms: [propext, Classical.choice, Quot.sound]
'SafeLearning.PrimersApplied.weighted_policy_costs' depends on axioms: [propext, Classical.choice, Quot.sound]
'SafeLearning.PrimersApplied.zero_mean_nonnegative_two' depends on axioms: [propext, Classical.choice, Quot.sound]
'SafeLearning.PrimersApplied.finite_weighted_markov' depends on axioms: [propext, Classical.choice, Quot.sound]
'SafeLearning.PrimersApplied.failure_product_bound' depends on axioms: [propext, Classical.choice, Quot.sound]
'SafeLearning.PrimersApplied.three_failure_budgets' depends on axioms: [propext, Classical.choice, Quot.sound]
'SafeLearning.PrimersApplied.centered_discrete_moments' depends on axioms: [propext, Classical.choice, Quot.sound]
'SafeLearning.PrimersApplied.gaussian_precision_addition' depends on axioms: [propext, Classical.choice, Quot.sound]
'SafeLearning.PrimersApplied.gaussian_posterior_numbers' depends on axioms: [propext, Classical.choice, Quot.sound]
'SafeLearning.PrimersApplied.bernoulli_variance_bound' depends on axioms: [propext, Classical.choice, Quot.sound]
'SafeLearning.PrimersApplied.invariant_along_iterates' depends on axioms: [propext, Quot.sound]
'SafeLearning.PrimersApplied.affine_fixed_point' depends on axioms: [propext, Classical.choice, Quot.sound]
'SafeLearning.PrimersApplied.quadratic_scalar_decrease' depends on axioms: [propext, Classical.choice, Quot.sound]
'SafeLearning.PrimersApplied.quadratic_scalar_strict_decrease' depends on axioms: [propext,
 Classical.choice,
 Quot.sound]
'SafeLearning.PrimersApplied.geometric_upper_bound' depends on axioms: [propext, Classical.choice, Quot.sound]
'SafeLearning.PrimersApplied.geometric_lower_bound' depends on axioms: [propext, Classical.choice, Quot.sound]
'SafeLearning.PrimersApplied.robust_interval_half' depends on axioms: [propext, Classical.choice, Quot.sound]
'SafeLearning.PrimersApplied.scalar_storage_certificate' depends on axioms: [propext, Classical.choice, Quot.sound]
'SafeLearning.PrimersApplied.scalar_storage_inequality' depends on axioms: [propext, Classical.choice, Quot.sound]
'SafeLearning.PrimersApplied.storage_energy_rearrangement' depends on axioms: [propext, Classical.choice, Quot.sound]
'SafeLearning.PrimersApplied.small_gain_rearrangement' depends on axioms: [propext, Classical.choice, Quot.sound]
'SafeLearning.PrimersApplied.one_step_quadratic_minimizer' depends on axioms: [propext, Classical.choice, Quot.sound]
'SafeLearning.PrimersApplied.one_step_quadratic_minimal' depends on axioms: [propext, Classical.choice, Quot.sound]
'SafeLearning.PrimersApplied.legacy_lyapunov_positive' depends on axioms: [propext, Classical.choice, Quot.sound]
'SafeLearning.PrimersApplied.legacy_lyapunov_derivative' depends on axioms: [propext, Classical.choice, Quot.sound]
'SafeLearning.PrimersApplied.residual_error_bound' depends on axioms: [propext, Classical.choice, Quot.sound]
'SafeLearning.PrimersApplied.scalar_bellman_equation' depends on axioms: [propext, Classical.choice, Quot.sound]
'SafeLearning.PrimersApplied.bernoulli_baseline_unbiased' depends on axioms: [propext, Classical.choice, Quot.sound]
'SafeLearning.PrimersApplied.bernoulli_optimal_baseline_equal_samples' depends on axioms: [propext,
 Classical.choice,
 Quot.sound]
'SafeLearning.PrimersApplied.bernoulli_baseline_variance' depends on axioms: [propext, Classical.choice, Quot.sound]
'SafeLearning.PrimersApplied.bernoulli_baseline_numbers' depends on axioms: [propext, Classical.choice, Quot.sound]
'SafeLearning.PrimersApplied.running_mdp_optimal_fixed_point' depends on axioms: [propext, Classical.choice, Quot.sound]
'SafeLearning.PrimersApplied.running_mdp_uniform_fixed_point' depends on axioms: [propext, Classical.choice, Quot.sound]
'SafeLearning.PrimersApplied.running_mdp_occupancy' depends on axioms: [propext, Classical.choice, Quot.sound]
'SafeLearning.PrimersApplied.strict_penalty_comparison' depends on axioms: [propext, Classical.choice, Quot.sound]
'SafeLearning.PrimersApplied.scalar_tube_inside_interval' depends on axioms: [propext, Classical.choice, Quot.sound]
'SafeLearning.PrimersApplied.standard_gaussian_chernoff' depends on axioms: [propext, Classical.choice, Quot.sound]
'SafeLearning.PrimersApplied.chernoff_optimizer' depends on axioms: [propext, Classical.choice, Quot.sound]
'SafeLearning.PrimersApplied.chernoff_optimizer_attained' depends on axioms: [propext, Classical.choice, Quot.sound]
'SafeLearning.PrimersApplied.chebyshev_deviation' depends on axioms: [propext, Classical.choice, Quot.sound]
'SafeLearning.PrimersApplied.bounded_variance' depends on axioms: [propext, Classical.choice, Quot.sound]
'SafeLearning.PrimersApplied.contraction_unique_fixed_point' depends on axioms: [propext, Classical.choice, Quot.sound]
'SafeLearning.PrimersApplied.contraction_iterates_converge' depends on axioms: [propext, Classical.choice, Quot.sound]
'SafeLearning.PrimersApplied.weighted_average_abs_bound' depends on axioms: [propext, Classical.choice, Quot.sound]
'SafeLearning.PrimersApplied.max_two_abs_bound' depends on axioms: [propext, Classical.choice, Quot.sound]
'SafeLearning.PrimersApplied.baseline_unbiased_general_two' depends on axioms: [propext, Classical.choice, Quot.sound]
'SafeLearning.PrimersApplied.baseline_minimal_variance' depends on axioms: [propext, Classical.choice, Quot.sound]
'SafeLearning.PrimersApplied.binary_margin_positive' depends on axioms: [propext, Classical.choice, Quot.sound]
'SafeLearning.PrimersApplied.binary_margin_negative' depends on axioms: [propext, Classical.choice, Quot.sound]
'SafeLearning.PrimersApplied.relu_identity' depends on axioms: [propext, Classical.choice, Quot.sound]
'SafeLearning.PrimersApplied.sector_increment_qc' depends on axioms: [propext, Classical.choice, Quot.sound]
'SafeLearning.PrimersApplied.legacy_lyapunov_spectral_polynomial' depends on axioms: [propext,
 Classical.choice,
 Quot.sound]
'SafeLearning.PrimersApplied.legacy_lyapunov_safe_rational_sandwich' depends on axioms: [propext,
 Classical.choice,
 Quot.sound]
'SafeLearning.PrimersApplied.finite_dissipation_sum' depends on axioms: [propext, Classical.choice, Quot.sound]
'SafeLearning.PrimersApplied.atomic_cvar_minimum' depends on axioms: [propext, Classical.choice, Quot.sound]
'SafeLearning.PrimersApplied.atomic_cvar_attained' depends on axioms: [propext, Classical.choice, Quot.sound]
'SafeLearning.PrimersApplied.two_step_mpc_optimal' depends on axioms: [propext, Classical.choice, Quot.sound]
'SafeLearning.PrimersApplied.two_step_mpc_attained' depends on axioms: [propext, Classical.choice, Quot.sound]
'SafeLearning.PrimersApplied.c_ready' depends on axioms: [propext, Classical.choice, Quot.sound]
'SafeLearning.PrimersApplied.c_s01' depends on axioms: [propext, Classical.choice, Quot.sound]
'SafeLearning.PrimersApplied.c_s02' depends on axioms: [propext, Classical.choice, Quot.sound]
'SafeLearning.PrimersApplied.c_s04' depends on axioms: [propext, Classical.choice, Quot.sound]
'SafeLearning.PrimersApplied.c_s06' depends on axioms: [propext, Classical.choice, Quot.sound]
'SafeLearning.PrimersApplied.c_s07' depends on axioms: [propext, Classical.choice, Quot.sound]
'SafeLearning.PrimersApplied.c_s08' depends on axioms: [propext, Classical.choice, Quot.sound]
'SafeLearning.PrimersApplied.c_s09' depends on axioms: [propext, Classical.choice, Quot.sound]
'SafeLearning.PrimersApplied.c_s12' depends on axioms: [propext, Classical.choice, Quot.sound]
'SafeLearning.PrimersApplied.c_s13' depends on axioms: [propext, Classical.choice, Quot.sound]
'SafeLearning.PrimersApplied.c_s15' depends on axioms: [propext, Classical.choice, Quot.sound]
'SafeLearning.PrimersApplied.c_s19' depends on axioms: [propext, Classical.choice, Quot.sound]
'SafeLearning.PrimersApplied.c_s20' depends on axioms: [propext, Classical.choice, Quot.sound]
'SafeLearning.PrimersApplied.c_s21' depends on axioms: [propext, Classical.choice, Quot.sound]
'SafeLearning.PrimersApplied.c_s25' depends on axioms: [propext, Classical.choice, Quot.sound]
'SafeLearning.PrimersApplied.c_s26' depends on axioms: [propext, Classical.choice, Quot.sound]
'SafeLearning.PrimersApplied.c_s28' depends on axioms: [propext, Classical.choice, Quot.sound]
'SafeLearning.PrimersApplied.d_ready' depends on axioms: [propext, Classical.choice, Quot.sound]
'SafeLearning.PrimersApplied.d_s01' depends on axioms: [propext, Classical.choice, Quot.sound]
'SafeLearning.PrimersApplied.d_s02' depends on axioms: [propext, Classical.choice, Quot.sound]
'SafeLearning.PrimersApplied.d_s03' depends on axioms: [propext, Classical.choice, Quot.sound]
'SafeLearning.PrimersApplied.d_s04' depends on axioms: [propext, Classical.choice, Quot.sound]
'SafeLearning.PrimersApplied.d_s07' depends on axioms: [propext, Classical.choice, Quot.sound]
'SafeLearning.PrimersApplied.d_s08' depends on axioms: [propext, Classical.choice, Quot.sound]
'SafeLearning.PrimersApplied.d_s09' depends on axioms: [propext, Classical.choice, Quot.sound]
'SafeLearning.PrimersApplied.d_s12' depends on axioms: [propext, Classical.choice, Quot.sound]
'SafeLearning.PrimersApplied.d_s13' depends on axioms: [propext, Classical.choice, Quot.sound]
'SafeLearning.PrimersApplied.d_s15' depends on axioms: [propext, Classical.choice, Quot.sound]
'SafeLearning.PrimersApplied.d_s16' depends on axioms: [propext, Classical.choice, Quot.sound]
'SafeLearning.PrimersApplied.d_s17' depends on axioms: [propext, Classical.choice, Quot.sound]
'SafeLearning.PrimersApplied.d_s18' depends on axioms: [propext, Classical.choice, Quot.sound]
'SafeLearning.PrimersApplied.d_s20' depends on axioms: [propext, Classical.choice, Quot.sound]
'SafeLearning.PrimersApplied.d_s21' depends on axioms: [propext, Classical.choice, Quot.sound]
'SafeLearning.PrimersApplied.d_s22' depends on axioms: [propext, Classical.choice, Quot.sound]
'SafeLearning.PrimersApplied.d_s23' depends on axioms: [propext, Classical.choice, Quot.sound]
'SafeLearning.PrimersApplied.d_s24' depends on axioms: [propext, Classical.choice, Quot.sound]
'SafeLearning.PrimersApplied.d_s25' depends on axioms: [propext, Classical.choice, Quot.sound]
'SafeLearning.PrimersApplied.d_s27' depends on axioms: [propext, Classical.choice, Quot.sound]
'SafeLearning.PrimersApplied.e_ready' depends on axioms: [propext, Classical.choice, Quot.sound]
'SafeLearning.PrimersApplied.e_s01' depends on axioms: [propext, Classical.choice, Quot.sound]
'SafeLearning.PrimersApplied.e_s02' depends on axioms: [propext, Classical.choice, Quot.sound]
'SafeLearning.PrimersApplied.e_s03' depends on axioms: [propext, Classical.choice, Quot.sound]
'SafeLearning.PrimersApplied.e_s04' depends on axioms: [propext, Classical.choice, Quot.sound]
'SafeLearning.PrimersApplied.e_s05' depends on axioms: [propext, Classical.choice, Quot.sound]
'SafeLearning.PrimersApplied.e_s06' depends on axioms: [propext, Classical.choice, Quot.sound]
'SafeLearning.PrimersApplied.e_s07' depends on axioms: [propext, Classical.choice, Quot.sound]
'SafeLearning.PrimersApplied.e_s08' depends on axioms: [propext, Classical.choice, Quot.sound]
'SafeLearning.PrimersApplied.e_s09' depends on axioms: [propext, Classical.choice, Quot.sound]
'SafeLearning.PrimersApplied.e_s10' depends on axioms: [propext, Classical.choice, Quot.sound]
'SafeLearning.PrimersApplied.e_s11' depends on axioms: [propext, Classical.choice, Quot.sound]
'SafeLearning.PrimersApplied.e_s12' depends on axioms: [propext, Classical.choice, Quot.sound]
'SafeLearning.PrimersApplied.e_s13' depends on axioms: [propext, Classical.choice, Quot.sound]
'SafeLearning.PrimersApplied.e_s14' depends on axioms: [propext, Classical.choice, Quot.sound]
'SafeLearning.PrimersApplied.e_s16' depends on axioms: [propext, Classical.choice, Quot.sound]
'SafeLearning.PrimersApplied.e_s18' depends on axioms: [propext, Classical.choice, Quot.sound]
'SafeLearning.PrimersApplied.e_s19' depends on axioms: [propext, Classical.choice, Quot.sound]
'SafeLearning.PrimersApplied.e_s20' depends on axioms: [propext, Classical.choice, Quot.sound]
'SafeLearning.PrimersApplied.e_s22' depends on axioms: [propext, Classical.choice, Quot.sound]
'SafeLearning.PrimersApplied.e_s23' depends on axioms: [propext, Classical.choice, Quot.sound]
'SafeLearning.PrimersApplied.e_s24' depends on axioms: [propext, Classical.choice, Quot.sound]
'SafeLearning.PrimersApplied.e_s25' depends on axioms: [propext, Classical.choice, Quot.sound]
'SafeLearning.PrimersApplied.e_s26' depends on axioms: [propext, Classical.choice, Quot.sound]
'SafeLearning.PrimersApplied.e_s27' depends on axioms: [propext, Classical.choice, Quot.sound]
'SafeLearning.PrimersApplied.legacy_c03' depends on axioms: [propext, Classical.choice, Quot.sound]
'SafeLearning.PrimersApplied.legacy_c04_chebyshev' depends on axioms: [propext, Classical.choice, Quot.sound]
'SafeLearning.PrimersApplied.legacy_d02' depends on axioms: [propext, Classical.choice, Quot.sound]
'SafeLearning.PrimersApplied.legacy_d08' depends on axioms: [propext, Classical.choice, Quot.sound]
'SafeLearning.PrimersApplied.legacy_e02' depends on axioms: [propext, Classical.choice, Quot.sound]
'SafeLearning.PrimersApplied.legacy_e05' depends on axioms: [propext, Classical.choice, Quot.sound]
'SafeLearning.PrimersApplied.legacy_e06' depends on axioms: [propext, Classical.choice, Quot.sound]
'SafeLearning.PrimersApplied.finite_max_abs_bound' depends on axioms: [propext, Classical.choice, Quot.sound]
'SafeLearning.PrimersApplied.finite_optimal_bellman_row' depends on axioms: [propext, Classical.choice, Quot.sound]
'SafeLearning.PrimersApplied.legacy_lyapunov_rounding' depends on axioms: [propext, Classical.choice, Quot.sound]
'SafeLearning.PrimersApplied.legacy_lyapunov_rounded_certificate' depends on axioms: [propext,
 Classical.choice,
 Quot.sound]
'SafeLearning.PrimersApplied.legacy_lyapunov_old_lower_invalid' depends on axioms: [propext,
 Classical.choice,
 Quot.sound]
'SafeLearning.PrimersApplied.telescoping_failure_budget' depends on axioms: [propext, Classical.choice, Quot.sound]
'SafeLearning.PrimersApplied.c_s03_psd' depends on axioms: [propext, Classical.choice, Quot.sound]
'SafeLearning.PrimersApplied.c_s30_rank_count' depends on axioms: [propext, Classical.choice, Quot.sound]
'SafeLearning.PrimersApplied.d_s03_derivative' depends on axioms: [propext, Classical.choice, Quot.sound]
'SafeLearning.PrimersApplied.d_s09_lyapunov' depends on axioms: [propext, Classical.choice, Quot.sound]
'SafeLearning.PrimersApplied.d_s14_riccati' depends on axioms: [propext, Classical.choice, Quot.sound]
'SafeLearning.PrimersApplied.d_s19_saturation' depends on axioms: [propext, Classical.choice, Quot.sound]
'SafeLearning.PrimersApplied.d_s21_sector_decrease' depends on axioms: [propext, Classical.choice, Quot.sound]
'SafeLearning.PrimersApplied.e_s15_natural_bound' depends on axioms: [propext, Classical.choice, Quot.sound]
'SafeLearning.PrimersApplied.e_s15_natural_attained' depends on axioms: [propext, Classical.choice, Quot.sound]
'SafeLearning.PrimersApplied.e_s17_softmax_numbers' depends on axioms: [propext, Classical.choice, Quot.sound]
'SafeLearning.PrimersApplied.legacy_d06_storage' depends on axioms: [propext, Classical.choice, Quot.sound]
'SafeLearning.PrimersApplied.legacy_e03_feasible_discount' depends on axioms: [propext, Classical.choice, Quot.sound]
'SafeLearning.PrimersFoundations.deMorgan' depends on axioms: [propext, Classical.choice, Quot.sound]
'SafeLearning.PrimersFoundations.preimage_intersection' does not depend on any axioms
'SafeLearning.PrimersFoundations.preimage_union' does not depend on any axioms
'SafeLearning.PrimersFoundations.preimage_complement' does not depend on any axioms
'SafeLearning.PrimersFoundations.injective_image_intersection' depends on axioms: [propext,
 Classical.choice,
 Quot.sound]
'SafeLearning.PrimersFoundations.image_union_preserved' depends on axioms: [propext, Classical.choice, Quot.sound]
'SafeLearning.PrimersFoundations.feedback_negation' depends on axioms: [propext, Classical.choice, Quot.sound]
'SafeLearning.PrimersFoundations.shared_input_implies_feedback' does not depend on any axioms
'SafeLearning.PrimersFoundations.reachability_monotone' depends on axioms: [propext, Classical.choice, Quot.sound]
'SafeLearning.PrimersFoundations.invariant_iterates' depends on axioms: [propext, Quot.sound]
'SafeLearning.PrimersFoundations.interval_feedback' depends on axioms: [propext, Classical.choice, Quot.sound]
'SafeLearning.PrimersFoundations.cancellation_range' depends on axioms: [propext, Classical.choice, Quot.sound]
'SafeLearning.PrimersFoundations.no_shared_cancellation' depends on axioms: [propext, Classical.choice, Quot.sound]
'SafeLearning.PrimersFoundations.square_not_injective' depends on axioms: [propext, Classical.choice, Quot.sound]
'SafeLearning.PrimersFoundations.square_not_surjective' depends on axioms: [propext, Classical.choice, Quot.sound]
'SafeLearning.PrimersFoundations.square_injective_nonnegative' depends on axioms: [propext,
 Classical.choice,
 Quot.sound]
'SafeLearning.PrimersFoundations.square_surjective_nonnegative' depends on axioms: [propext,
 Classical.choice,
 Quot.sound]
'SafeLearning.PrimersFoundations.square_image_counterexample' depends on axioms: [propext, Classical.choice, Quot.sound]
'SafeLearning.PrimersFoundations.square_nonnegative' depends on axioms: [propext, Classical.choice, Quot.sound]
'SafeLearning.PrimersFoundations.completing_square' depends on axioms: [propext, Classical.choice, Quot.sound]
'SafeLearning.PrimersFoundations.square_order_positive' depends on axioms: [propext, Classical.choice, Quot.sound]
'SafeLearning.PrimersFoundations.square_implication' depends on axioms: [propext, Classical.choice, Quot.sound]
'SafeLearning.PrimersFoundations.square_converse_counterexample' depends on axioms: [propext,
 Classical.choice,
 Quot.sound]
'SafeLearning.PrimersFoundations.real_counterexamples' depends on axioms: [propext, Classical.choice, Quot.sound]
'SafeLearning.PrimersFoundations.even_square_iff' depends on axioms: [propext, Classical.choice, Quot.sound]
'SafeLearning.PrimersFoundations.finite_sum_integers' depends on axioms: [propext, Classical.choice, Quot.sound]
'SafeLearning.PrimersFoundations.affine_fixed_point' depends on axioms: [propext, Classical.choice, Quot.sound]
'SafeLearning.PrimersFoundations.affine_iteration' depends on axioms: [propext, Classical.choice, Quot.sound]
'SafeLearning.PrimersFoundations.affine_error' depends on axioms: [propext, Classical.choice, Quot.sound]
'SafeLearning.PrimersFoundations.alternate_fixed_point' depends on axioms: [propext, Classical.choice, Quot.sound]
'SafeLearning.PrimersFoundations.alternate_error' depends on axioms: [propext, Classical.choice, Quot.sound]
'SafeLearning.PrimersFoundations.geometric_thresholds' depends on axioms: [propext, Classical.choice, Quot.sound]
'SafeLearning.PrimersFoundations.interval_invariant_step' depends on axioms: [propext, Classical.choice, Quot.sound]
'SafeLearning.PrimersFoundations.contraction_fixed_unique' depends on axioms: [propext, Classical.choice, Quot.sound]
'SafeLearning.PrimersFoundations.cauchy_schwarz_two' depends on axioms: [propext, Classical.choice, Quot.sound]
'SafeLearning.PrimersFoundations.young_scaled' depends on axioms: [propext, Classical.choice, Quot.sound]
'SafeLearning.PrimersFoundations.am_gm' depends on axioms: [propext, Classical.choice, Quot.sound]
'SafeLearning.PrimersFoundations.lipschitz_transfer' depends on axioms: [propext, Classical.choice, Quot.sound]
'SafeLearning.PrimersFoundations.grid_margin_numbers' depends on axioms: [propext, Classical.choice, Quot.sound]
'SafeLearning.PrimersFoundations.geometric_finite' depends on axioms: [propext, Classical.choice, Quot.sound]
'SafeLearning.PrimersFoundations.geometric_discounted_mean' depends on axioms: [propext, Classical.choice, Quot.sound]
'SafeLearning.PrimersFoundations.sequence_threshold' depends on axioms: [propext, Classical.choice, Quot.sound]
'SafeLearning.PrimersFoundations.excursion_budget' depends on axioms: [propext, Classical.choice, Quot.sound]
'SafeLearning.PrimersFoundations.polynomial_growth' depends on axioms: [propext, Classical.choice, Quot.sound]
'SafeLearning.PrimersFoundations.compute_budgets' depends on axioms: [propext, Classical.choice, Quot.sound]
'SafeLearning.PrimersFoundations.quadratic_interval_minimum' depends on axioms: [propext, Classical.choice, Quot.sound]
'SafeLearning.PrimersFoundations.minimum_norm_halfspace' depends on axioms: [propext, Classical.choice, Quot.sound]
'SafeLearning.PrimersFoundations.finite_minmax_gap' depends on axioms: [propext, Classical.choice, Quot.sound]
'SafeLearning.PrimersFoundations.distance_to_set_lipschitz' depends on axioms: [propext, Classical.choice, Quot.sound]
'SafeLearning.PrimersFoundations.norm_exercise_numbers' depends on axioms: [propext, Classical.choice, Quot.sound]
'SafeLearning.PrimersFoundations.box_support' depends on axioms: [propext, Classical.choice, Quot.sound]
'SafeLearning.PrimersFoundations.ball_support' depends on axioms: [propext, Classical.choice, Quot.sound]
'SafeLearning.PrimersFoundations.matrix_norm_example_product' depends on axioms: [propext, Classical.choice, Quot.sound]
'SafeLearning.PrimersFoundations.diagonal_product' depends on axioms: [propext, Classical.choice, Quot.sound]
'SafeLearning.PrimersFoundations.geometric_matrix_inverse' depends on axioms: [propext, Classical.choice, Quot.sound]
'SafeLearning.PrimersFoundations.eigenbasis_example' depends on axioms: [propext, Classical.choice, Quot.sound]
'SafeLearning.PrimersFoundations.rayleigh_example' depends on axioms: [propext, Classical.choice, Quot.sound]
'SafeLearning.PrimersFoundations.nonsymmetric_example' depends on axioms: [propext, Classical.choice, Quot.sound]
'SafeLearning.PrimersFoundations.psd_indefinite_examples' depends on axioms: [propext, Classical.choice, Quot.sound]
'SafeLearning.PrimersFoundations.cholesky_example' depends on axioms: [propext, Classical.choice, Quot.sound]
'SafeLearning.PrimersFoundations.ellipsoid_support_bound' depends on axioms: [propext, Classical.choice, Quot.sound]
'SafeLearning.PrimersFoundations.minimum_norm_solution' depends on axioms: [propext, Classical.choice, Quot.sound]
'SafeLearning.PrimersFoundations.svd_example' depends on axioms: [propext, Classical.choice, Quot.sound]
'SafeLearning.PrimersFoundations.power_estimate_squares' depends on axioms: [propext, Classical.choice, Quot.sound]
'SafeLearning.PrimersFoundations.block_three_product' depends on axioms: [propext, Classical.choice, Quot.sound]
'SafeLearning.PrimersFoundations.schur_completed_square' depends on axioms: [propext, Classical.choice, Quot.sound]
'SafeLearning.PrimersFoundations.schur_psd_iff' depends on axioms: [propext, Classical.choice, Quot.sound]
'SafeLearning.PrimersFoundations.rank_one_inverse_example' depends on axioms: [propext, Classical.choice, Quot.sound]
'SafeLearning.PrimersFoundations.reflection_and_projection' depends on axioms: [propext, Classical.choice, Quot.sound]
'SafeLearning.PrimersFoundations.cayley_example' depends on axioms: [propext, Classical.choice, Quot.sound]
'SafeLearning.PrimersFoundations.cayley_no_neg_one' depends on axioms: [propext, Classical.choice, Quot.sound]
'SafeLearning.PrimersFoundations.function_projection_arithmetic' depends on axioms: [propext,
 Classical.choice,
 Quot.sound]
'SafeLearning.PrimersFoundations.feature_gram_positive' depends on axioms: [propext, Classical.choice, Quot.sound]
'SafeLearning.PrimersFoundations.rkhs_interpolation' depends on axioms: [propext, Classical.choice, Quot.sound]
'SafeLearning.PrimersFoundations.legacy_matrix_gram' depends on axioms: [propext, Classical.choice, Quot.sound]
'SafeLearning.PrimersFoundations.legacy_cholesky_family' depends on axioms: [propext, Classical.choice, Quot.sound]
'SafeLearning.PrimersFoundations.legacy_cholesky_psd_iff' depends on axioms: [propext, Classical.choice, Quot.sound]
'SafeLearning.PrimersFoundations.legacy_cholesky_solve' depends on axioms: [propext, Classical.choice, Quot.sound]
'SafeLearning.PrimersFoundations.legacy_ellipsoid_inverse' depends on axioms: [propext, Classical.choice, Quot.sound]
'SafeLearning.PrimersFoundations.legacy_pseudoinverse_residual' depends on axioms: [propext,
 Classical.choice,
 Quot.sound]
'SafeLearning.PrimersFoundations.generalized_schur_rank_one' depends on axioms: [propext, Classical.choice, Quot.sound]
'SafeLearning.PrimersFoundations.legacy_logdet_arithmetic' depends on axioms: [propext, Classical.choice, Quot.sound]
'SafeLearning.PrimersFoundations.generalized_eigen_inequality' depends on axioms: [propext,
 Classical.choice,
 Quot.sound]
'SafeLearning.PrimersFoundations.generalized_eigen_boundary' depends on axioms: [propext, Classical.choice, Quot.sound]
'SafeLearning.PrimersFoundations.quadratic_partial_x' depends on axioms: [propext, Classical.choice, Quot.sound]
'SafeLearning.PrimersFoundations.quadratic_partial_y' depends on axioms: [propext, Classical.choice, Quot.sound]
'SafeLearning.PrimersFoundations.polynomial_curve_derivative' depends on axioms: [propext, Classical.choice, Quot.sound]
'SafeLearning.PrimersFoundations.chain_rule_curve' depends on axioms: [propext, Classical.choice, Quot.sound]
'SafeLearning.PrimersFoundations.taylor_model_value' depends on axioms: [propext, Classical.choice, Quot.sound]
'SafeLearning.PrimersFoundations.least_squares_minimum' depends on axioms: [propext, Classical.choice, Quot.sound]
'SafeLearning.PrimersFoundations.determinant_curve_derivative' depends on axioms: [propext,
 Classical.choice,
 Quot.sound]
'SafeLearning.PrimersFoundations.sensitivity_remainder' depends on axioms: [propext, Classical.choice, Quot.sound]
'SafeLearning.PrimersFoundations.sensitivity_derivative' depends on axioms: [propext, Classical.choice, Quot.sound]
'SafeLearning.PrimersFoundations.square_chord_bound' depends on axioms: [propext, Classical.choice, Quot.sound]
'SafeLearning.PrimersFoundations.square_derivative_lipschitz' depends on axioms: [propext, Classical.choice, Quot.sound]
'SafeLearning.PrimersFoundations.state_error_recurrence' depends on axioms: [propext, Classical.choice, Quot.sound]
'SafeLearning.PrimersFoundations.state_error_numbers' depends on axioms: [propext, Classical.choice, Quot.sound]
'SafeLearning.PrimersFoundations.interval_convex_combination' depends on axioms: [propext, Classical.choice, Quot.sound]
'SafeLearning.PrimersFoundations.absolute_value_subgradients' depends on axioms: [propext, Classical.choice, Quot.sound]
'SafeLearning.PrimersFoundations.restricted_conjugate_nonnegative' depends on axioms: [propext,
 Classical.choice,
 Quot.sound]
'SafeLearning.PrimersFoundations.restricted_conjugate_negative' depends on axioms: [propext,
 Classical.choice,
 Quot.sound]
'SafeLearning.PrimersFoundations.gradient_step_threshold' depends on axioms: [propext, Classical.choice, Quot.sound]
'SafeLearning.PrimersFoundations.gradient_step_examples' depends on axioms: [propext, Classical.choice, Quot.sound]
'SafeLearning.PrimersFoundations.newton_quadratic_minimum' depends on axioms: [propext, Classical.choice, Quot.sound]
'SafeLearning.PrimersFoundations.newton_backtracking_domain' depends on axioms: [propext, Classical.choice, Quot.sound]
'SafeLearning.PrimersFoundations.newton_backtracking_armijo' depends on axioms: [propext, Classical.choice, Quot.sound]
'SafeLearning.PrimersFoundations.kkt_scalar_optimum' depends on axioms: [propext, Classical.choice, Quot.sound]
'SafeLearning.PrimersFoundations.kkt_halfspace_optimum' depends on axioms: [propext, Classical.choice, Quot.sound]
'SafeLearning.PrimersFoundations.penalty_right_branch' depends on axioms: [propext, Classical.choice, Quot.sound]
'SafeLearning.PrimersFoundations.penalty_minimum' depends on axioms: [propext, Classical.choice, Quot.sound]
'SafeLearning.PrimersFoundations.approximate_kkt_numbers' depends on axioms: [propext, Classical.choice, Quot.sound]
'SafeLearning.PrimersFoundations.qp_expansion' depends on axioms: [propext, Classical.choice, Quot.sound]
'SafeLearning.PrimersFoundations.lp_optimum' depends on axioms: [propext, Classical.choice, Quot.sound]
'SafeLearning.PrimersFoundations.filter_with_box_optimum' depends on axioms: [propext, Classical.choice, Quot.sound]
'SafeLearning.PrimersFoundations.actuator_infeasible' depends on axioms: [propext, Classical.choice, Quot.sound]
'SafeLearning.PrimersFoundations.saddle_quadratic' depends on axioms: [propext, Classical.choice, Quot.sound]
'SafeLearning.PrimersFoundations.legacy_taylor_numbers' depends on axioms: [propext, Classical.choice, Quot.sound]
'SafeLearning.PrimersFoundations.legacy_regularizer_step' depends on axioms: [propext, Classical.choice, Quot.sound]
'SafeLearning.PrimersFoundations.legacy_regularizer_decrease' depends on axioms: [propext, Classical.choice, Quot.sound]
'SafeLearning.PrimersFoundations.translated_conjugate' depends on axioms: [propext, Classical.choice, Quot.sound]
'SafeLearning.PrimersFoundations.translated_conjugate_negative' depends on axioms: [propext,
 Classical.choice,
 Quot.sound]
'SafeLearning.PrimersFoundations.fenchel_young_numbers' depends on axioms: [propext, Classical.choice, Quot.sound]
'SafeLearning.PrimersFoundations.legacy_gradient_thresholds' depends on axioms: [propext, Classical.choice, Quot.sound]
'SafeLearning.PrimersFoundations.legacy_filter_optimum' depends on axioms: [propext, Classical.choice, Quot.sound]
'SafeLearning.PrimersFoundations.newton_singular_model_counterexample' depends on axioms: [propext,
 Classical.choice,
 Quot.sound]
'SafeLearning.PrimersFoundations.banach_unique_exists' depends on axioms: [propext, Classical.choice, Quot.sound]
'SafeLearning.PrimersFoundations.banach_iterates_converge' depends on axioms: [propext, Classical.choice, Quot.sound]
'SafeLearning.PrimersFoundations.banach_apriori_bound' depends on axioms: [propext, Classical.choice, Quot.sound]
'SafeLearning.PrimersFoundations.gram_matrix_psd' depends on axioms: [propext, Classical.choice, Quot.sound]
'SafeLearning.PrimersFoundations.psd_congruence' depends on axioms: [propext, Classical.choice, Quot.sound]
'SafeLearning.PrimersFoundations.psd_diagonal_iff' depends on axioms: [propext, Classical.choice, Quot.sound]
'SafeLearning.PrimersFoundations.trace_cyclic' depends on axioms: [propext, Classical.choice, Quot.sound]
'SafeLearning.PrimersFoundations.weierstrass_minimum' depends on axioms: [propext, Classical.choice, Quot.sound]
'SafeLearning.PrimersFoundations.interval_topology' depends on axioms: [propext, Classical.choice, Quot.sound]
'SafeLearning.PrimersFoundations.continuous_nonnegative_set_closed' depends on axioms: [propext,
 Classical.choice,
 Quot.sound]
'SafeLearning.PrimersFoundations.continuous_positive_set_open' depends on axioms: [propext,
 Classical.choice,
 Quot.sound]
'SafeLearning.PrimersFoundations.finite_safe_feedback' depends on axioms: [propext]
'SafeLearning.PrimersFoundations.finite_set_operations' depends on axioms: [propext, Classical.choice, Quot.sound]
'SafeLearning.PrimersFoundations.finite_set_builder' depends on axioms: [propext, Classical.choice, Quot.sound]
'SafeLearning.PrimersFoundations.quantifier_example_truths' depends on axioms: [propext, Classical.choice, Quot.sound]
'SafeLearning.PrimersFoundations.negated_quantifier_examples' depends on axioms: [propext, Classical.choice, Quot.sound]
'SafeLearning.PrimersFoundations.convex_first_order' depends on axioms: [propext, Classical.choice, Quot.sound]
'SafeLearning.PrimersFoundations.convex_stationary_global_minimum' depends on axioms: [propext,
 Classical.choice,
 Quot.sound]
'SafeLearning.PrimersFoundations.kkt_convex_sufficiency' depends on axioms: [propext, Classical.choice, Quot.sound]
'SafeLearning.PrimersFoundations.certificate_reachability_monotone' depends on axioms: [propext,
 Classical.choice,
 Quot.sound]
'SafeLearning.PrimersFoundations.reachFive_iterates' depends on axioms: [propext, Classical.choice, Quot.sound]
'SafeLearning.PrimersFoundations.reachNine_error_iterates' depends on axioms: [propext, Classical.choice, Quot.sound]
'SafeLearning.PrimersFoundations.reachNine_exact_closure' depends on axioms: [propext, Classical.choice, Quot.sound]
