T1 a                                                       0.5493
T1 g(0.5) = ||g||^2                                        0.0305
T1 ||g||                                                   0.1745
T1 c=100: value at 0.5, norm                               (3.05, 17.45)
T3 gamma_T, gamma_T sqrt T, sqrt(gamma_T T), ratio         (84.8, 8483, 921, 9.2)
T4 predictions at x=3, population std                      ([6, 6.18, 5.82], 0.147)
T6 p* for T_f = 2, 5, 10                                   [6.4, 147.4, 22025.5]
T6 gamma^-T_f for gamma=0.99, T_f=100,500,1000             [2.7, 152.2, 23163.6]
P1 product bound, true L*, LipSDP (Module 12)              (np.float64(4.0), np.float64(2.236), 2.309)
P2 dv, dz, coupled chord slope, quadratic form             ([1.5, 1.0], [0.0, 1.0], np.float64(-2.0), np.float64(-3.0))
P4 36/255, radius for margins 0.25 and 0.15                (0.1412, 0.1768, 0.1061)
P4 per-value change if spread over ImageNet image (x255)   0.093
P5 output for input (1,1,0,2,0)                            [1.0, 3.0, 5.0, 5.0, 4.0]
R2 first 12 iterates (p, lambda)                           [(0.0, 0.0), (0.5, 0), (1, 0), (1, 0.25), (1, 0.5), (1, 0.75), (1, 1.0), (1, 1.25), (0.875, 1.5), (0.625, 1.688), (0.281, 1.75), (0, 1.641)]
R2 average p over 401 iterates; range of p in last 100     (0.507, 0, 1)
R3 E[C], P(C>0), CVaR_0.9                                  (0.5, 0.05, 5.0)
R4 slope, intercept, prediction at a=2 (true 4)            (np.float64(0.5), np.float64(-0.0417), np.float64(0.9583))
R5 q allowed (true / wrong cost model), true cost at wrong q (0.4, 0.667, 0.433)
F2 points per axis, d=2, d=6, d=12                         (251, 63001, '2.50e+14', '6.25e+28')
F3 required u, psi1, braking distance                      (5.0, -2.0, 4.5)
S2 radius, l_inf radius (x255), 8/255                      (0.641, 2.95, 0.0314)
S2 best pA lower bound with n=1e5, alpha=1e-3; max radius/sigma (0.999931, 3.81)
S3 eigenvalues                                             [-4.999999858590343e-10, 1.9999999995]
B1 1.1^50, sum(1.1^t), sum(0.9^t)                          (117.4, 1281.3, 9.95)
all worked-example numbers check out
extra checks pass
review-2 checks pass
