SafeLearning/CompleteCMDPGaussianTailRisk.lean:18:52: error: Application type mismatch: The argument
  1 / 20
has type
  ℝ
but is expected to have type
  Graph ?m.4 ?m.5
in the application
  Graph.IsSpanningSubgraph (1 / 20)
SafeLearning/CompleteCMDPGaussianTailRisk.lean:18:62: error(lean.unknownIdentifier): Unknown identifier `tandardCDF`
SafeLearning/CompleteCMDPGaussianTailRisk.lean:23:2: warning: Try this: 
  haveI̵

The goal is a proposition, so `have` is preferred over `haveI`.
The difference between `have` and `haveI` is that `haveI` inlines the value.
But this is not relevant for proofs because of proof irrelevance.

Note: This linter can be disabled with `set_option linter.style.haveILetI false`
SafeLearning/CompleteCMDPGaussianTailRisk.lean:48:23: error: Application type mismatch: The argument
  1 / 20
has type
  ℝ
but is expected to have type
  Graph ?m.41 ?m.42
in the application
  Graph.IsSpanningSubgraph (1 / 20)
SafeLearning/CompleteCMDPGaussianTailRisk.lean:48:33: error(lean.unknownIdentifier): Unknown identifier `tandardCDF`
SafeLearning/CompleteCMDPGaussianTailRisk.lean:43:82: error: unsolved goals
hq :
  standardCDF truePointNinetyFiveQuantile = 95 / 100 ∧
    (∀ (point : ℝ), 95 / 100 ≤ standardCDF point ↔ truePointNinetyFiveQuantile ≤ point) ∧
      164485362 / 100000000 < truePointNinetyFiveQuantile ∧ truePointNinetyFiveQuantile < 164485364 / 100000000
hc : Continuous standardCDF ∧ StrictMono standardCDF
hr : standardCDF (-truePointNinetyFiveQuantile) = 1 / 20
⊢ lowerPointFiveQuantile = -truePointNinetyFiveQuantile ∧
    standardCDF lowerPointFiveQuantile = 1 / 20 ∧
      standardPDF lowerPointFiveQuantile = standardPDF truePointNinetyFiveQuantile
SafeLearning/CompleteCMDPGaussianTailRisk.lean:61:24: error(lean.unknownIdentifier): Unknown identifier `actualRUObjective`

Note: It is not possible to treat `actualRUObjective` as an implicitly bound variable here because the `autoImplicit` option is set to `false`.
SafeLearning/CompleteCMDPGaussianTailRisk.lean:71:8: error: Type mismatch: After simplification, term
  actual_point_ninety_five_quantile_is_the_unique_cdf_root_and_smallest_threshold.left
 has type
  standardCDF truePointNinetyFiveQuantile = 95 / 100
but is expected to have type
  standardCDF truePointNinetyFiveQuantile = 19 / 20
