SafeLearning/CompleteFoundationsOptimization.lean:20:8: warning: `ext` did not consume the patterns `z`

Note: This linter can be disabled with `set_option linter.unusedRCasesPattern false`
SafeLearning/CompleteFoundationsOptimization.lean:19:76: warning: Used `tac1 <;> tac2` where `(tac1; tac2)` would suffice

Note: This linter can be disabled with `set_option linter.unnecessarySeqFocus false`
SafeLearning/CompleteFoundationsOptimization.lean:20:26: warning: Used `tac1 <;> tac2` where `(tac1; tac2)` would suffice

Note: This linter can be disabled with `set_option linter.unnecessarySeqFocus false`
SafeLearning/CompleteFoundationsOptimization.lean:27:48: warning: `ext` did not consume the patterns `z`

Note: This linter can be disabled with `set_option linter.unusedRCasesPattern false`
SafeLearning/CompleteFoundationsOptimization.lean:27:70: warning: this tactic is never executed

Note: This linter can be disabled with `set_option linter.unreachableTactic false`
SafeLearning/CompleteFoundationsOptimization.lean:27:40: warning: Used `tac1 <;> tac2` where `(tac1; tac2)` would suffice

Note: This linter can be disabled with `set_option linter.unnecessarySeqFocus false`
SafeLearning/CompleteFoundationsOptimization.lean:27:70: warning: Unused tactic linter: `ring` does nothing

Note: This linter can be disabled with `set_option linter.unusedTactic false`
SafeLearning/CompleteFoundationsOptimization.lean:34:57: warning: `ext` did not consume the patterns `z`

Note: This linter can be disabled with `set_option linter.unusedRCasesPattern false`
SafeLearning/CompleteFoundationsOptimization.lean:34:49: warning: Used `tac1 <;> tac2` where `(tac1; tac2)` would suffice

Note: This linter can be disabled with `set_option linter.unnecessarySeqFocus false`
SafeLearning/CompleteFoundationsOptimization.lean:34:75: warning: Used `tac1 <;> tac2` where `(tac1; tac2)` would suffice

Note: This linter can be disabled with `set_option linter.unnecessarySeqFocus false`
SafeLearning/CompleteFoundationsOptimization.lean:42:8: warning: `ext` did not consume the patterns `z`

Note: This linter can be disabled with `set_option linter.unusedRCasesPattern false`
SafeLearning/CompleteFoundationsOptimization.lean:41:86: warning: Used `tac1 <;> tac2` where `(tac1; tac2)` would suffice

Note: This linter can be disabled with `set_option linter.unnecessarySeqFocus false`
SafeLearning/CompleteFoundationsOptimization.lean:42:26: warning: Used `tac1 <;> tac2` where `(tac1; tac2)` would suffice

Note: This linter can be disabled with `set_option linter.unnecessarySeqFocus false`
SafeLearning/CompleteFoundationsOptimization.lean:120:15: warning: `if_pos` has been deprecated: Use `ite_eq_left` instead
SafeLearning/CompleteFoundationsOptimization.lean:127:15: warning: `if_neg` has been deprecated: Use `ite_eq_right` instead
SafeLearning/CompleteFoundationsOptimization.lean:140:15: warning: `if_pos` has been deprecated: Use `ite_eq_left` instead
SafeLearning/CompleteFoundationsOptimization.lean:147:15: warning: `if_neg` has been deprecated: Use `ite_eq_right` instead
