SafeLearning/CompleteModulesGPGaussianCoverageFailure.lean:29:87: warning: This simp argument is unused:
  Matrix.one_apply

Hint: Omit it from the simp argument list.
  [apply] simp [posteriorMean, posteriorVariance, ridgeMatrix, Matrix.inv_subsingleton, Ring.inverse_eq_inv',
    Matrix.mulVec, dotProduct, Matrix.add_apply, Matrix.smul_apply, CStarMatrix.add_apply, CStarMatrix.smul_apply,
    CStarMatrix.one_apply, Pi.add_apply, Pi.smul_apply, Pi.one_apply, Matrix.of_apply]

Note: This linter can be disabled with `set_option linter.unusedSimpArgs false`
SafeLearning/CompleteModulesGPGaussianCoverageFailure.lean:30:6: warning: This simp argument is unused:
  CStarMatrix.add_apply

Hint: Omit it from the simp argument list.
  [apply] simp [posteriorMean, posteriorVariance, ridgeMatrix, Matrix.inv_subsingleton, Ring.inverse_eq_inv',
    Matrix.mulVec, dotProduct, Matrix.add_apply, Matrix.smul_apply, Matrix.one_apply, CStarMatrix.smul_apply,
    CStarMatrix.one_apply, Pi.add_apply, Pi.smul_apply, Pi.one_apply, Matrix.of_apply]

Note: This linter can be disabled with `set_option linter.unusedSimpArgs false`
SafeLearning/CompleteModulesGPGaussianCoverageFailure.lean:30:28: warning: This simp argument is unused:
  CStarMatrix.smul_apply

Hint: Omit it from the simp argument list.
  [apply] simp [posteriorMean, posteriorVariance, ridgeMatrix, Matrix.inv_subsingleton, Ring.inverse_eq_inv',
    Matrix.mulVec, dotProduct, Matrix.add_apply, Matrix.smul_apply, Matrix.one_apply, CStarMatrix.add_apply,
    CStarMatrix.one_apply, Pi.add_apply, Pi.smul_apply, Pi.one_apply, Matrix.of_apply]

Note: This linter can be disabled with `set_option linter.unusedSimpArgs false`
SafeLearning/CompleteModulesGPGaussianCoverageFailure.lean:30:51: warning: This simp argument is unused:
  CStarMatrix.one_apply

Hint: Omit it from the simp argument list.
  [apply] simp [posteriorMean, posteriorVariance, ridgeMatrix, Matrix.inv_subsingleton, Ring.inverse_eq_inv',
    Matrix.mulVec, dotProduct, Matrix.add_apply, Matrix.smul_apply, Matrix.one_apply, CStarMatrix.add_apply,
    CStarMatrix.smul_apply, Pi.add_apply, Pi.smul_apply, Pi.one_apply, Matrix.of_apply]

Note: This linter can be disabled with `set_option linter.unusedSimpArgs false`
SafeLearning/CompleteModulesGPGaussianCoverageFailure.lean:31:6: warning: This simp argument is unused:
  Pi.add_apply

Hint: Omit it from the simp argument list.
  [apply] simp [posteriorMean, posteriorVariance, ridgeMatrix, Matrix.inv_subsingleton, Ring.inverse_eq_inv',
    Matrix.mulVec, dotProduct, Matrix.add_apply, Matrix.smul_apply, Matrix.one_apply, CStarMatrix.add_apply,
    CStarMatrix.smul_apply, CStarMatrix.one_apply, Pi.smul_apply, Pi.one_apply, Matrix.of_apply]

Note: This linter can be disabled with `set_option linter.unusedSimpArgs false`
SafeLearning/CompleteModulesGPGaussianCoverageFailure.lean:31:19: warning: This simp argument is unused:
  Pi.smul_apply

Hint: Omit it from the simp argument list.
  [apply] simp [posteriorMean, posteriorVariance, ridgeMatrix, Matrix.inv_subsingleton, Ring.inverse_eq_inv',
    Matrix.mulVec, dotProduct, Matrix.add_apply, Matrix.smul_apply, Matrix.one_apply, CStarMatrix.add_apply,
    CStarMatrix.smul_apply, CStarMatrix.one_apply, Pi.add_apply, Pi.one_apply, Matrix.of_apply]

Note: This linter can be disabled with `set_option linter.unusedSimpArgs false`
SafeLearning/CompleteModulesGPGaussianCoverageFailure.lean:31:33: warning: This simp argument is unused:
  Pi.one_apply

Hint: Omit it from the simp argument list.
  [apply] simp [posteriorMean, posteriorVariance, ridgeMatrix, Matrix.inv_subsingleton, Ring.inverse_eq_inv',
    Matrix.mulVec, dotProduct, Matrix.add_apply, Matrix.smul_apply, Matrix.one_apply, CStarMatrix.add_apply,
    CStarMatrix.smul_apply, CStarMatrix.one_apply, Pi.add_apply, Pi.smul_apply, Matrix.of_apply]

Note: This linter can be disabled with `set_option linter.unusedSimpArgs false`
SafeLearning/CompleteModulesGPGaussianCoverageFailure.lean:33:8: warning: this tactic is never executed

Note: This linter can be disabled with `set_option linter.unreachableTactic false`
SafeLearning/CompleteModulesGPGaussianCoverageFailure.lean:35:4: warning: Used `tac1 <;> tac2` where `(tac1; tac2)` would suffice

Note: This linter can be disabled with `set_option linter.unnecessarySeqFocus false`
SafeLearning/CompleteModulesGPGaussianCoverageFailure.lean:33:8: warning: Unused tactic linter: `ring` does nothing

Note: This linter can be disabled with `set_option linter.unusedTactic false`
SafeLearning/CompleteModulesGPGaussianCoverageFailure.lean:45:15: warning: `Set.mem_setOf_eq` has been deprecated: Use `Set.mem_ofPred_eq` instead
SafeLearning/CompleteModulesGPGaussianCoverageFailure.lean:69:61: warning: This simp argument is unused:
  originalWidth

Hint: Omit it from the simp argument list.
  [apply] simp

Note: This linter can be disabled with `set_option linter.unusedSimpArgs false`
