SafeLearning/CompleteModulesLandscapeCubicBarrier.lean:35:25: warning: `if_pos` has been deprecated: Use `ite_eq_left` instead
SafeLearning/CompleteModulesLandscapeCubicBarrier.lean:35:35: warning: `if_pos` has been deprecated: Use `ite_eq_left` instead
SafeLearning/CompleteModulesLandscapeCubicBarrier.lean:40:25: warning: `if_pos` has been deprecated: Use `ite_eq_left` instead
SafeLearning/CompleteModulesLandscapeCubicBarrier.lean:40:35: warning: `if_neg` has been deprecated: Use `ite_eq_right` instead
SafeLearning/CompleteModulesLandscapeCubicBarrier.lean:45:23: warning: `if_neg` has been deprecated: Use `ite_eq_right` instead
SafeLearning/CompleteModulesLandscapeCubicBarrier.lean:45:33: warning: `if_neg` has been deprecated: Use `ite_eq_right` instead
SafeLearning/CompleteModulesLandscapeCubicBarrier.lean:53:51: warning: Used `tac1 <;> tac2` where `(tac1; tac2)` would suffice

Note: This linter can be disabled with `set_option linter.unnecessarySeqFocus false`
SafeLearning/CompleteModulesLandscapeCubicBarrier.lean:53:67: warning: Used `tac1 <;> tac2` where `(tac1; tac2)` would suffice

Note: This linter can be disabled with `set_option linter.unnecessarySeqFocus false`
SafeLearning/CompleteModulesLandscapeCubicBarrier.lean:53:87: warning: Used `tac1 <;> tac2` where `(tac1; tac2)` would suffice

Note: This linter can be disabled with `set_option linter.unnecessarySeqFocus false`
SafeLearning/CompleteModulesLandscapeCubicBarrier.lean:53:55: warning: Unused tactic linter: `(try ext y)` does nothing

Note: This linter can be disabled with `set_option linter.unusedTactic false`
SafeLearning/CompleteModulesLandscapeCubicBarrier.lean:79:14: warning: `if_neg` has been deprecated: Use `ite_eq_right` instead
SafeLearning/CompleteModulesLandscapeCubicBarrier.lean:88:67: warning: this tactic is never executed

Note: This linter can be disabled with `set_option linter.unreachableTactic false`
SafeLearning/CompleteModulesLandscapeCubicBarrier.lean:88:67: warning: Unused tactic linter: `rfl` does nothing

Note: This linter can be disabled with `set_option linter.unusedTactic false`
SafeLearning/CompleteModulesLandscapeCubicBarrier.lean:100:12: warning: `if_pos` has been deprecated: Use `ite_eq_left` instead
