SafeLearning/CompleteFoundationsGridCertificates.lean:11:14: error(lean.synthInstanceFailed): failed to synthesize instance of type class
  LE Type

Hint: Type class instance resolution failures can be inspected with the `set_option trace.Meta.synthInstance true` command.
SafeLearning/CompleteFoundationsGridCertificates.lean:11:16: error(lean.synthInstanceFailed): failed to synthesize instance of type class
  OfNat Type 0
numerals are polymorphic in Lean, but the numeral `0` cannot be used in a context where the expected type is
  Type
due to the absence of the instance above

Hint: Type class instance resolution failures can be inspected with the `set_option trace.Meta.synthInstance true` command.
SafeLearning/CompleteFoundationsGridCertificates.lean:15:9: error(lean.synthInstanceFailed): failed to synthesize instance of type class
  LE Type

Hint: Type class instance resolution failures can be inspected with the `set_option trace.Meta.synthInstance true` command.
SafeLearning/CompleteFoundationsGridCertificates.lean:15:11: error(lean.synthInstanceFailed): failed to synthesize instance of type class
  OfNat Type 0
numerals are polymorphic in Lean, but the numeral `0` cannot be used in a context where the expected type is
  Type
due to the absence of the instance above

Hint: Type class instance resolution failures can be inspected with the `set_option trace.Meta.synthInstance true` command.
SafeLearning/CompleteFoundationsGridCertificates.lean:18:35: error(lean.synthInstanceFailed): failed to synthesize instance of type class
  LE Type

Hint: Type class instance resolution failures can be inspected with the `set_option trace.Meta.synthInstance true` command.
SafeLearning/CompleteFoundationsGridCertificates.lean:18:37: error(lean.synthInstanceFailed): failed to synthesize instance of type class
  OfNat Type 0
numerals are polymorphic in Lean, but the numeral `0` cannot be used in a context where the expected type is
  Type
due to the absence of the instance above

Hint: Type class instance resolution failures can be inspected with the `set_option trace.Meta.synthInstance true` command.
SafeLearning/CompleteFoundationsGridCertificates.lean:19:38: error: unsolved goals
L : sorry
g ell x y : ℝ
h : dist y g ≤ dist x y + dist x g
⊢ cone L g ell x ≤ cone L g ell y + ↑sorry * dist x y
SafeLearning/CompleteFoundationsGridCertificates.lean:29:9: error(lean.synthInstanceFailed): failed to synthesize instance of type class
  LE Type

Hint: Type class instance resolution failures can be inspected with the `set_option trace.Meta.synthInstance true` command.
SafeLearning/CompleteFoundationsGridCertificates.lean:29:11: error(lean.synthInstanceFailed): failed to synthesize instance of type class
  OfNat Type 0
numerals are polymorphic in Lean, but the numeral `0` cannot be used in a context where the expected type is
  Type
due to the absence of the instance above

Hint: Type class instance resolution failures can be inspected with the `set_option trace.Meta.synthInstance true` command.
SafeLearning/CompleteFoundationsGridCertificates.lean:31:2: error: Type mismatch
  Finset.le_sup' ?m.15 (Finset.mem_univ i)
has type
  ?m.15 i ≤ Finset.univ.sup' ⋯ ?m.15
but is expected to have type
  cone L (g i) (ell i) x ≤ envelope L g ell x
SafeLearning/CompleteFoundationsGridCertificates.lean:34:9: error(lean.synthInstanceFailed): failed to synthesize instance of type class
  LE Type

Hint: Type class instance resolution failures can be inspected with the `set_option trace.Meta.synthInstance true` command.
SafeLearning/CompleteFoundationsGridCertificates.lean:34:11: error(lean.synthInstanceFailed): failed to synthesize instance of type class
  OfNat Type 0
numerals are polymorphic in Lean, but the numeral `0` cannot be used in a context where the expected type is
  Type
due to the absence of the instance above

Hint: Type class instance resolution failures can be inspected with the `set_option trace.Meta.synthInstance true` command.
SafeLearning/CompleteFoundationsGridCertificates.lean:44:9: error(lean.synthInstanceFailed): failed to synthesize instance of type class
  LE Type

Hint: Type class instance resolution failures can be inspected with the `set_option trace.Meta.synthInstance true` command.
SafeLearning/CompleteFoundationsGridCertificates.lean:44:11: error(lean.synthInstanceFailed): failed to synthesize instance of type class
  OfNat Type 0
numerals are polymorphic in Lean, but the numeral `0` cannot be used in a context where the expected type is
  Type
due to the absence of the instance above

Hint: Type class instance resolution failures can be inspected with the `set_option trace.Meta.synthInstance true` command.
SafeLearning/CompleteFoundationsGridCertificates.lean:45:9: warning: declaration uses `sorry`
SafeLearning/CompleteFoundationsGridCertificates.lean:45:2: warning: declaration uses `sorry`
SafeLearning/CompleteFoundationsGridCertificates.lean:49:9: error(lean.synthInstanceFailed): failed to synthesize instance of type class
  LE Type

Hint: Type class instance resolution failures can be inspected with the `set_option trace.Meta.synthInstance true` command.
SafeLearning/CompleteFoundationsGridCertificates.lean:49:11: error(lean.synthInstanceFailed): failed to synthesize instance of type class
  OfNat Type 0
numerals are polymorphic in Lean, but the numeral `0` cannot be used in a context where the expected type is
  Type
due to the absence of the instance above

Hint: Type class instance resolution failures can be inspected with the `set_option trace.Meta.synthInstance true` command.
SafeLearning/CompleteFoundationsGridCertificates.lean:59:2: error: linarith failed to find a contradiction
ι : Type u_1
inst✝¹ : Fintype ι
inst✝ : Nonempty ι
L : sorry
g ell : ι → ℝ
s : Set ℝ
f : ℝ → ℝ
hg : ∀ (i : ι), g i ∈ s
hf : LipschitzOnWith sorry f s
hmeasure : ∀ (i : ι), ell i ≤ f (g i)
x : ℝ
hx : x ∈ s
i : ι
a✝¹ : i ∈ Finset.univ
h : |f (g i) - f x| ≤ ↑sorry * dist x (g i)
hlo : f (g i) - f x ≤ |f (g i) - f x|
a✝ : f x < ell i - sorry () * dist x (g i)
⊢ False
failed
SafeLearning/CompleteFoundationsGridCertificates.lean:63:9: error(lean.synthInstanceFailed): failed to synthesize instance of type class
  LE Type

Hint: Type class instance resolution failures can be inspected with the `set_option trace.Meta.synthInstance true` command.
SafeLearning/CompleteFoundationsGridCertificates.lean:63:11: error(lean.synthInstanceFailed): failed to synthesize instance of type class
  OfNat Type 0
numerals are polymorphic in Lean, but the numeral `0` cannot be used in a context where the expected type is
  Type
due to the absence of the instance above

Hint: Type class instance resolution failures can be inspected with the `set_option trace.Meta.synthInstance true` command.
SafeLearning/CompleteFoundationsGridCertificates.lean:65:8: warning: declaration uses `sorry`
SafeLearning/CompleteFoundationsGridCertificates.lean:67:36: error(lean.synthInstanceFailed): failed to synthesize instance of type class
  LE Type

Hint: Type class instance resolution failures can be inspected with the `set_option trace.Meta.synthInstance true` command.
SafeLearning/CompleteFoundationsGridCertificates.lean:67:38: error(lean.synthInstanceFailed): failed to synthesize instance of type class
  OfNat Type 0
numerals are polymorphic in Lean, but the numeral `0` cannot be used in a context where the expected type is
  Type
due to the absence of the instance above

Hint: Type class instance resolution failures can be inspected with the `set_option trace.Meta.synthInstance true` command.
SafeLearning/CompleteFoundationsGridCertificates.lean:76:18: warning: declaration uses `sorry`
SafeLearning/CompleteFoundationsGridCertificates.lean:84:8: warning: declaration uses `sorry`
SafeLearning/CompleteFoundationsGridCertificates.lean:89:8: warning: declaration uses `sorry`
SafeLearning/CompleteFoundationsGridCertificates.lean:89:52: warning: Variable name `hx` is not explicitly referenced.

Hint: The binding can be removed (if unused) or named `_` (if used implicitly). Alternatively, prefix the name with `_` to silence this warning:
  [apply] _hx

Note: This linter can be disabled with `set_option linter.unusedVariables false`
SafeLearning/CompleteFoundationsGridCertificates.lean:108:6: warning: declaration uses `sorry`
SafeLearning/CompleteFoundationsGridCertificates.lean:103:8: warning: declaration uses `sorry`
SafeLearning/CompleteFoundationsGridCertificates.lean:109:2: warning: this tactic is never executed

Note: This linter can be disabled with `set_option linter.unreachableTactic false`
SafeLearning/CompleteFoundationsGridCertificates.lean:111:2: warning: this tactic is never executed

Note: This linter can be disabled with `set_option linter.unreachableTactic false`
SafeLearning/CompleteFoundationsGridCertificates.lean:115:2: warning: this tactic is never executed

Note: This linter can be disabled with `set_option linter.unreachableTactic false`
SafeLearning/CompleteFoundationsGridCertificates.lean:116:2: warning: this tactic is never executed

Note: This linter can be disabled with `set_option linter.unreachableTactic false`
SafeLearning/CompleteFoundationsGridCertificates.lean:109:2: warning: Unused tactic linter: `simp only [Fin.exists_fin_succ, Fin.exists_fin_zero, or_false, sourceGrid, sourceLower,
  Matrix.cons_val_zero, Matrix.cons_val_succ, Matrix.empty_val]` does nothing

Note: This linter can be disabled with `set_option linter.unusedTactic false`
SafeLearning/CompleteFoundationsGridCertificates.lean:111:2: warning: Unused tactic linter: `have hrad (g ell : ℝ) :
  0 ≤ cone (3 / 2) g ell x ↔ g - ell / (3 / 2 : ℝ) ≤ x ∧ x ≤ g + ell / (3 / 2 : ℝ) :=
  by
  rw [actual_cone_radius_iff (3 / 2) (by norm_num), Real.dist_eq, abs_le]
  constructor <;> rintro ⟨h1, h2⟩ <;> constructor <;> linarith` does nothing

Note: This linter can be disabled with `set_option linter.unusedTactic false`
SafeLearning/CompleteFoundationsGridCertificates.lean:115:2: warning: Unused tactic linter: `simp only [hrad, mem_Icc]` does nothing

Note: This linter can be disabled with `set_option linter.unusedTactic false`
SafeLearning/CompleteFoundationsGridCertificates.lean:116:2: warning: Unused tactic linter: `norm_num` does nothing

Note: This linter can be disabled with `set_option linter.unusedTactic false`
