SafeLearning/CompleteFoundationsSequentialLogDet.lean:84:9: error: Tactic `rewrite` failed: Did not find an occurrence of the pattern
  ?M * 1
in the target expression
  featureCovariance lambda Φ - Φᵀ * (1 * Φ) = lambda • 1

sample : Type u_1
feature : Type u_2
inst✝³ : Fintype sample
inst✝² : Fintype feature
inst✝¹ : DecidableEq sample
inst✝ : DecidableEq feature
lambda : ℝ
hlambda : 0 < lambda
Φ : Matrix sample feature ℝ
hInv :
  (featureCovariance lambda Φ).PosDef ∧
    IsUnit (featureCovariance lambda Φ).det ∧ (noisyKernel lambda Φ).PosDef ∧ IsUnit (noisyKernel lambda Φ).det
hF : (featureCovariance lambda Φ)⁻¹ * featureCovariance lambda Φ = 1
hK : noisyKernel lambda Φ * (noisyKernel lambda Φ)⁻¹ = 1
⊢ featureCovariance lambda Φ - Φᵀ * (1 * Φ) = lambda • 1
SafeLearning/CompleteFoundationsSequentialLogDet.lean:100:2: error: `simp` made no progress
