SafeLearning/CompleteFoundationsGridCertificates.lean:32:8: error: typeclass instance problem is stuck
  SemilatticeSup ?m.7

Note: Lean will not try to resolve this typeclass instance problem because the type argument to `SemilatticeSup` is a metavariable. This argument must be fully determined before Lean will try to resolve the typeclass.

Hint: Adding type annotations and supplying implicit arguments to functions can give Lean more information for typeclass resolution. For example, if you have a variable `x` that you intend to be a `Nat`, but Lean reports it as having an unresolved type like `?m`, replacing `x` with `(x : Nat)` can get typeclass resolution un-stuck.
SafeLearning/CompleteFoundationsGridCertificates.lean:41:4: error: Application type mismatch: The argument
  add_le_add_right (actual_cone_le_envelope L g ell y i) ?m.48
has type
  ?m.48 + cone L (g i) (ell i) y ≤ ?m.48 + envelope L g ell y
but is expected to have type
  cone L (g i) (ell i) y + ↑L * dist x y ≤ envelope L g ell y + ↑L * dist x y
in the application
  LE.le.trans (LipschitzWith.le_add_mul (actual_cone_lipschitz L (g i) (ell i)) x y)
    (add_le_add_right (actual_cone_le_envelope L g ell y i) ?m.48)
SafeLearning/CompleteFoundationsGridCertificates.lean:111:48: error(lean.unknownIdentifier): Unknown constant `Matrix.empty_val`
SafeLearning/CompleteFoundationsGridCertificates.lean:115:55: error: linarith failed to find a contradiction
case mp.left
x g ell : ℝ
h1 : -(ell / ↑(3 / 2)) ≤ x - g
h2 : x - g ≤ ell / ↑(3 / 2)
a✝ : x < g - ell / (3 / 2)
⊢ False
failed
SafeLearning/CompleteFoundationsGridCertificates.lean:115:55: error: linarith failed to find a contradiction
case mp.right
x g ell : ℝ
h1 : -(ell / ↑(3 / 2)) ≤ x - g
h2 : x - g ≤ ell / ↑(3 / 2)
a✝ : g + ell / (3 / 2) < x
⊢ False
failed
SafeLearning/CompleteFoundationsGridCertificates.lean:115:55: error: linarith failed to find a contradiction
case mpr.left
x g ell : ℝ
h1 : g - ell / (3 / 2) ≤ x
h2 : x ≤ g + ell / (3 / 2)
a✝ : x - g < -(ell / ↑(3 / 2))
⊢ False
failed
SafeLearning/CompleteFoundationsGridCertificates.lean:115:55: error: linarith failed to find a contradiction
case mpr.right
x g ell : ℝ
h1 : g - ell / (3 / 2) ≤ x
h2 : x ≤ g + ell / (3 / 2)
a✝ : ell / ↑(3 / 2) < x - g
⊢ False
failed
