SafeLearning/CompleteFoundationsTemporalLogDet.lean:25:0: warning: automatically included section variable(s) unused in theorem `SafeLearning.CompleteFoundationsTemporalLogDet.actual_temporal_feature_gram_is_the_cumulative_outer_sum`:
  [Fintype feature]
  [DecidableEq feature]
consider restructuring your `variable` declarations so that the variables are not in scope or explicitly omit them:
  omit [Fintype feature] [DecidableEq feature] in theorem ...

Note: This linter can be disabled with `set_option linter.unusedSectionVars false`
SafeLearning/CompleteFoundationsTemporalLogDet.lean:39:0: warning: automatically included section variable(s) unused in theorem `SafeLearning.CompleteFoundationsTemporalLogDet.actual_temporal_covariance_update`:
  [Fintype feature]
consider restructuring your `variable` declarations so that the variables are not in scope or explicitly omit them:
  omit [Fintype feature] in theorem ...

Note: This linter can be disabled with `set_option linter.unusedSectionVars false`
SafeLearning/CompleteFoundationsTemporalLogDet.lean:45:0: warning: automatically included section variable(s) unused in theorem `SafeLearning.CompleteFoundationsTemporalLogDet.actual_temporal_initial_covariance`:
  [Fintype feature]
consider restructuring your `variable` declarations so that the variables are not in scope or explicitly omit them:
  omit [Fintype feature] in theorem ...

Note: This linter can be disabled with `set_option linter.unusedSectionVars false`
SafeLearning/CompleteFoundationsTemporalLogDet.lean:108:70: warning: Used `tac1 <;> tac2` where `(tac1; tac2)` would suffice

Note: This linter can be disabled with `set_option linter.unnecessarySeqFocus false`
SafeLearning/CompleteFoundationsTemporalLogDet.lean:125:16: warning: Used `tac1 <;> tac2` where `(tac1; tac2)` would suffice

Note: This linter can be disabled with `set_option linter.unnecessarySeqFocus false`
