⚠ [8924/8927] Replayed SafeLearning.CompleteAppliedPendulumLinear
warning: SafeLearning/CompleteAppliedPendulumLinear.lean:49:80: Used `tac1 <;> tac2` where `(tac1; tac2)` would suffice

Note: This linter can be disabled with `set_option linter.unnecessarySeqFocus false`
warning: SafeLearning/CompleteAppliedPendulumLinear.lean:105:30: This simp argument is unused:
  zero_mul

Hint: Omit it from the simp argument list.
  [apply] simp only [hangingPlus, hangingMinus, Complex.add_re, Complex.sub_re, Complex.mul_re, Complex.add_im,
    Complex.sub_im, Complex.mul_im, Complex.ofReal_re, Complex.ofReal_im, Complex.I_re, Complex.I_im, mul_zero,
    sub_zero, add_zero, mul_one, zero_add]

Note: This linter can be disabled with `set_option linter.unusedSimpArgs false`
warning: SafeLearning/CompleteAppliedPendulumLinear.lean:105:74: This simp argument is unused:
  zero_add

Hint: Omit it from the simp argument list.
  [apply] simp only [hangingPlus, hangingMinus, Complex.add_re, Complex.sub_re, Complex.mul_re, Complex.add_im,
    Complex.sub_im, Complex.mul_im, Complex.ofReal_re, Complex.ofReal_im, Complex.I_re, Complex.I_im, zero_mul,
    mul_zero, sub_zero, add_zero, mul_one]

Note: This linter can be disabled with `set_option linter.unusedSimpArgs false`
warning: SafeLearning/CompleteAppliedPendulumLinear.lean:106:34: Used `tac1 <;> tac2` where `(tac1; tac2)` would suffice

Note: This linter can be disabled with `set_option linter.unnecessarySeqFocus false`
⚠ [8925/8927] Replayed SafeLearning.CompleteAppliedGlobalLipschitzPicard
warning: SafeLearning/CompleteAppliedGlobalLipschitzPicard.lean:17:8: automatically included section variable(s) unused in theorem `SafeLearning.CompleteAppliedGlobalLipschitzPicard.extendPath_of_mem`:
  [NormedSpace ℝ E]
  [CompleteSpace E]
consider restructuring your `variable` declarations so that the variables are not in scope or explicitly omit them:
  omit [NormedSpace ℝ E] [CompleteSpace E] in theorem ...

Note: This linter can be disabled with `set_option linter.unusedSectionVars false`
warning: SafeLearning/CompleteAppliedGlobalLipschitzPicard.lean:23:12: automatically included section variable(s) unused in theorem `SafeLearning.CompleteAppliedGlobalLipschitzPicard.extendPath_continuous`:
  [NormedSpace ℝ E]
  [CompleteSpace E]
consider restructuring your `variable` declarations so that the variables are not in scope or explicitly omit them:
  omit [NormedSpace ℝ E] [CompleteSpace E] in theorem ...

Note: This linter can be disabled with `set_option linter.unusedSectionVars false`
⚠ [8927/8927] Built SafeLearning.CompleteAppliedPendulumLocalField (5.9s)
warning: SafeLearning/CompleteAppliedPendulumLocalField.lean:58:66: this tactic is never executed

Note: This linter can be disabled with `set_option linter.unreachableTactic false`
warning: SafeLearning/CompleteAppliedPendulumLocalField.lean:57:70: Used `tac1 <;> tac2` where `(tac1; tac2)` would suffice

Note: This linter can be disabled with `set_option linter.unnecessarySeqFocus false`
warning: SafeLearning/CompleteAppliedPendulumLocalField.lean:58:66: Unused tactic linter: `ring` does nothing

Note: This linter can be disabled with `set_option linter.unusedTactic false`
Build completed successfully (8927 jobs).
