SafeLearning/CompleteFoundationsMonotoneApplications.lean:44:2: error: Tactic `apply` failed: could not unify the conclusion of `@add_le_add_left`
  ?b + ?a ≤ ?c + ?a
with the goal
  costBackup P c W s ≤ costBackup P c Z s

Note: The full type of `@add_le_add_left` is
  ∀ {α : Type ?u.23} {b c : α} [inst : Add α] [inst_1 : LE α] [i : AddRightMono α], b ≤ c → ∀ (a : α), b + a ≤ c + a

S : Type u_1
inst✝ : Fintype S
P : S → S → ℝ
c : S → ℝ
hP : ∀ (s next : S), 0 ≤ P s next
W Z : S → ℝ
h : W ≤ Z
s : S
⊢ costBackup P c W s ≤ costBackup P c Z s
SafeLearning/CompleteFoundationsMonotoneApplications.lean:99:27: error: Application type mismatch: The argument
  hall
has type
  ∀ (s : S), ∀ᶠ (n : ℕ) in atTop, dist (W n s) (limit s) < epsilon
but is expected to have type
  ∀ (i : S), ∀ᶠ (x : ℕ) in atTop, dist (limit i) (W x i) < epsilon
in the application
  eventually_all.mpr hall
