SafeLearning/CompleteFoundationsTransientNeumann.lean:26:2: warning: Try this: 
  letI̵

The goal is a proposition, so `let` is preferred over `letI`.
The difference between `let` and `letI` is that `letI` inlines the value.
But this is not relevant for proofs because of proof irrelevance.

Note: This linter can be disabled with `set_option linter.style.haveILetI false`
SafeLearning/CompleteFoundationsTransientNeumann.lean:32:28: error: Tactic `rewrite` failed: Did not find an occurrence of the pattern
  N * k
in the target expression
  (A ^ k) ^ N * A ^ ↑r = (A ^ N) ^ k * A ^ ↑r

R : Type u_1
inst✝¹ : NormedRing R
inst✝ : CompleteSpace R
A : R
hA : Tendsto (fun n => A ^ n) atTop (𝓝 0)
N : ℕ
hN : 0 < N
hblock : ‖A ^ N‖ < 1
this : NeZero N := { out := LT.lt.ne' hN }
r : Fin N
hg : Summable fun i => ‖(A ^ N) ^ i‖ * ‖A ^ ↑r‖
k : ℕ
⊢ (A ^ k) ^ N * A ^ ↑r = (A ^ N) ^ k * A ^ ↑r
SafeLearning/CompleteFoundationsTransientNeumann.lean:37:11: error(lean.unknownIdentifier): Unknown identifier `summable_of_finite`
SafeLearning/CompleteFoundationsTransientNeumann.lean:21:0: error: (deterministic) timeout at `whnf`, maximum number of heartbeats (200000) has been reached

Note: Use `set_option maxHeartbeats <num>` to set the limit.

Hint: Additional diagnostic information may be available using the `set_option diagnostics true` command.
SafeLearning/CompleteFoundationsTransientNeumann.lean:55:69: error: Application type mismatch: The argument
  N
has type
  ℕ
of sort `Type` but is expected to have type
  ‖A‖ < 1
of sort `Prop` in the application
  geom_series_mul_neg A N
SafeLearning/CompleteFoundationsTransientNeumann.lean:67:23: error: Tactic `rewrite` failed: Did not find an occurrence of the pattern
  Ring.inverse ?m.407 * ?m.407
in the target expression
  ∑' (n : ℕ), A ^ n = Ring.inverse (1 - A) * (1 - A) * ∑' (n : ℕ), A ^ n

R : Type u_1
inst✝¹ : NormedRing R
inst✝ : CompleteSpace R
A : R
hA : Tendsto (fun n => A ^ n) atTop (𝓝 0)
N : ℕ
left✝ : 0 < N
hblock : ‖A ^ N‖ < 1
huN : IsUnit (1 - A ^ N)
hl : (1 - A) * ∑ n ∈ Finset.range N, A ^ n = 1 - A ^ N
hr : (∑ n ∈ Finset.range N, A ^ n) * (1 - A) = 1 - A ^ N
hc : Commute (1 - A) (∑ n ∈ Finset.range N, A ^ n)
hu : IsUnit (1 - A)
hs : Summable fun n => A ^ n
hleft : (1 - A) * ∑' (i : ℕ), A ^ i = 1
hright : (∑' (i : ℕ), A ^ i) * (1 - A) = 1
⊢ ∑' (n : ℕ), A ^ n = Ring.inverse (1 - A) * (1 - A) * ∑' (n : ℕ), A ^ n
SafeLearning/CompleteFoundationsTransientNeumann.lean:42:8: error: (kernel) unknown constant 'SafeLearning.CompleteFoundationsTransientNeumann.actual_power_decay_implies_absolute_summability_of_the_power_series'
