SafeLearning/CompleteFoundationsFunctionInverses.lean:92:8: error: Tactic `rewrite` failed: Did not find an occurrence of the pattern
  (?M * ?N).mulVec ?v
in the target expression
  A⁻¹.mulVec (A.mulVec x) = x

case left
dimension : ℕ
A : Matrix (Fin dimension) (Fin dimension) ℝ
hA : IsUnit A
hdet : IsUnit A.det
x : Fin dimension → ℝ
⊢ A⁻¹.mulVec (A.mulVec x) = x
SafeLearning/CompleteFoundationsFunctionInverses.lean:94:8: error: Tactic `rewrite` failed: Did not find an occurrence of the pattern
  (?M * ?N).mulVec ?v
in the target expression
  A.mulVec (A⁻¹.mulVec y) = y

case right
dimension : ℕ
A : Matrix (Fin dimension) (Fin dimension) ℝ
hA : IsUnit A
hdet : IsUnit A.det
y : Fin dimension → ℝ
⊢ A.mulVec (A⁻¹.mulVec y) = y
