SafeLearning/CompleteFoundationsSupremumProofRoutes.lean:25:23: error: Type mismatch
  a + b
has type
  ℝ
but is expected to have type
  Graph ?m.15 ?m.16
SafeLearning/CompleteFoundationsSupremumProofRoutes.lean:25:28: error(lean.unknownIdentifier): Unknown identifier `Sup`

Note: It is not possible to treat `Sup` as an implicitly bound variable here because the `autoImplicit` option is set to `false`.
SafeLearning/CompleteFoundationsSupremumProofRoutes.lean:27:31: error: Type mismatch
  a + b
has type
  ℝ
but is expected to have type
  Graph ?m.73 ?m.74
SafeLearning/CompleteFoundationsSupremumProofRoutes.lean:27:36: error(lean.unknownIdentifier): Unknown identifier `Sup`
SafeLearning/CompleteFoundationsSupremumProofRoutes.lean:26:71: error: unsolved goals
A B : Set ℝ
ha : A.Nonempty
hb : B.Nonempty
hA : BddAbove A
hB : BddAbove B
⊢ (∀ a ∈ A, ∀ b ∈ B, sorry ≤s sorry + sSup B) ∧ ∀ (epsilon : ℝ), 0 < epsilon → sSup A + sSup B - epsilon < sSup (A + B)
SafeLearning/CompleteFoundationsSupremumProofRoutes.lean:42:4: error: Type mismatch
  f x + g x
has type
  ℝ
but is expected to have type
  Graph ?m.9 ?m.10
SafeLearning/CompleteFoundationsSupremumProofRoutes.lean:42:13: error(lean.unknownIdentifier): Unknown identifier `Sup`

Note: It is not possible to treat `Sup` as an implicitly bound variable here because the `autoImplicit` option is set to `false`.
