SafeLearning/CompleteFoundationsTelescopingApplications.lean:16:41: error: Type mismatch
  value (t + 1) - value t
has type
  ℝ
but is expected to have type
  Graph ?m.2 ?m.3
SafeLearning/CompleteFoundationsTelescopingApplications.lean:16:62: error(lean.unknownIdentifier): Unknown identifier `upply`

Note: It is not possible to treat `upply` as an implicitly bound variable here because the `autoImplicit` option is set to `false`.
SafeLearning/CompleteFoundationsTelescopingApplications.lean:23:17: error: Type mismatch
  value (t + 1) - value t
has type
  ℝ
but is expected to have type
  Graph ?m.7 ?m.8
SafeLearning/CompleteFoundationsTelescopingApplications.lean:23:38: error(lean.unknownIdentifier): Unknown identifier `upply`

Note: It is not possible to treat `upply` as an implicitly bound variable here because the `autoImplicit` option is set to `false`.
SafeLearning/CompleteFoundationsTelescopingApplications.lean:25:12: error(lean.unknownIdentifier): Unknown identifier `actual_arbitrary_supply_inequality_sums_with_terminal_storage`
SafeLearning/CompleteFoundationsTelescopingApplications.lean:31:17: error: Type mismatch
  value (t + 1) - value t
has type
  ℝ
of sort `Type` but is expected to have type
  Type ?u.20
of sort `Type (?u.20 + 1)`
SafeLearning/CompleteFoundationsTelescopingApplications.lean:31:38: error(lean.unknownIdentifier): Unknown identifier `nputEnergy`

Note: It is not possible to treat `nputEnergy` as an implicitly bound variable here because the `autoImplicit` option is set to `false`.
SafeLearning/CompleteFoundationsTelescopingApplications.lean:34:12: error(lean.unknownIdentifier): Unknown identifier `actual_nonnegative_terminal_storage_bounds_total_extracted_supply`
SafeLearning/CompleteFoundationsTelescopingApplications.lean:33:52: error: unsolved goals
value inputEnergy outputEnergy : ℕ → ℝ
hvalue : ∀ (t : ℕ), 0 ≤ value t
hstep : (t : ℕ) → InitialSeg (fun x1 x2 => sorry) fun x1 x2 => sorry
T : ℕ
⊢ ∑ t ∈ Finset.range T, outputEnergy t ≤ ∑ t ∈ Finset.range T, inputEnergy t + value 0
SafeLearning/CompleteFoundationsTelescopingApplications.lean:42:17: error: Type mismatch
  value (t + 1) - value t
has type
  ℝ
of sort `Type` but is expected to have type
  Type ?u.25
of sort `Type (?u.25 + 1)`
SafeLearning/CompleteFoundationsTelescopingApplications.lean:42:38: error(lean.unknownIdentifier): Unknown identifier `nputEnergy`

Note: It is not possible to treat `nputEnergy` as an implicitly bound variable here because the `autoImplicit` option is set to `false`.
SafeLearning/CompleteFoundationsTelescopingApplications.lean:44:22: error(lean.unknownIdentifier): Unknown identifier `actual_input_output_energy_inequality_keeps_initial_storage`
SafeLearning/CompleteFoundationsTelescopingApplications.lean:71:8: error(lean.unknownIdentifier): Unknown constant `tendsto_zero_iff_abs_tendsto_zero.mpr`
