SafeLearning/CompleteFoundationsNewtonRates.lean:20:53: error: unsolved goals
case e'_8
x : ℝ
⊢ regularObjective = fun x => x ^ 2 - 1
SafeLearning/CompleteFoundationsNewtonRates.lean:23:48: error: `simp` made no progress
SafeLearning/CompleteFoundationsNewtonRates.lean:26:4: error: Type mismatch: After simplification, term
  HasDerivAt.deriv h
 has type
  True
but is expected to have type
  deriv regularObjective 1 = 2
SafeLearning/CompleteFoundationsNewtonRates.lean:28:4: error: Type mismatch: After simplification, term
  HasDerivAt.deriv h
 has type
  True
but is expected to have type
  deriv singularObjective 0 = 0
SafeLearning/CompleteFoundationsNewtonRates.lean:21:68: warning: This simp argument is unused:
  regularObjective

Hint: Omit it from the simp argument list.
  [apply] simp

Note: This linter can be disabled with `set_option linter.unusedSimpArgs false`
SafeLearning/CompleteFoundationsNewtonRates.lean:23:54: warning: This simp argument is unused:
  singularObjective

Hint: Omit it from the simp argument list.
  [apply] simp

Note: This linter can be disabled with `set_option linter.unusedSimpArgs false`
