SafeLearning/CompleteFoundationsNotation.lean:13:58: error: unsolved goals
dimension : ℕ
x : EuclideanSpace ℝ (Fin dimension)
⊢ ∑ x_1, |x.ofLp x_1| * |x.ofLp x_1| = ∑ x_1, x.ofLp x_1 * x.ofLp x_1
SafeLearning/CompleteFoundationsNotation.lean:16:43: warning: This simp argument is unused:
  sq_abs

Hint: Omit it from the simp argument list.
  [apply] simp only [dotProduct, Real.norm_eq_abs, pow_two]

Note: This linter can be disabled with `set_option linter.unusedSimpArgs false`
SafeLearning/CompleteFoundationsNotation.lean:57:14: error: Application type mismatch: The argument
  DifferentiableAt.hasFDerivAt hf
has type
  HasFDerivAt f (fderiv ℝ f x) x
but is expected to have type
  HasFDerivAt f (fderiv ℝ f x) (x + 0 • PiLp.single 2 coordinate 1)
in the application
  HasFDerivAt.comp_hasDerivAt 0 (DifferentiableAt.hasFDerivAt hf)
SafeLearning/CompleteFoundationsNotation.lean:67:4: error: Type mismatch: After simplification, term
  hi
 has type
  True
but is expected to have type
  (∇ f x).ofLp coordinate = (fderiv ℝ f x) (PiLp.single 2 coordinate 1)
SafeLearning/CompleteFoundationsNotation.lean:87:15: error: Application type mismatch: The argument
  DifferentiableAt.hasFDerivAt hf
has type
  HasFDerivAt f (fderiv ℝ f x) x
but is expected to have type
  HasFDerivAt ?m.179 ?m.180 (x + 0 • PiLp.single 2 input 1)
in the application
  HasFDerivAt.comp_hasDerivAt 0 (DifferentiableAt.hasFDerivAt hf)
SafeLearning/CompleteFoundationsNotation.lean:96:78: error: unsolved goals
rows columns : ℕ
f : EuclideanSpace ℝ (Fin columns) → EuclideanSpace ℝ (Fin rows)
x velocity : EuclideanSpace ℝ (Fin columns)
input : Fin columns
⊢ velocity.ofLp input = ∑ x, velocity.ofLp x * Pi.single x 1 input
SafeLearning/CompleteFoundationsNotation.lean:95:80: error: unsolved goals
rows columns : ℕ
f : EuclideanSpace ℝ (Fin columns) → EuclideanSpace ℝ (Fin rows)
x velocity : EuclideanSpace ℝ (Fin columns)
hv : velocity = ∑ input, velocity.ofLp input • PiLp.single 2 input 1
output : Fin rows
⊢ (∑ x_1, velocity.ofLp x_1 • (fderiv ℝ f x) (PiLp.single 2 x_1 1)).ofLp output =
    ∑ i, velocity.ofLp i * ((fderiv ℝ f x) (PiLp.single 2 i 1)).ofLp output
SafeLearning/CompleteFoundationsNotation.lean:102:56: warning: This simp argument is unused:
  Finset.sum_apply

Hint: Omit it from the simp argument list.
  [apply] simp only [sourceJacobian, Matrix.mulVec, dotProduct, PiLp.smul_apply, smul_eq_mul, mul_comm]

Note: This linter can be disabled with `set_option linter.unusedSimpArgs false`
SafeLearning/CompleteFoundationsNotation.lean:102:74: warning: This simp argument is unused:
  PiLp.smul_apply

Hint: Omit it from the simp argument list.
  [apply] simp only [sourceJacobian, Matrix.mulVec, dotProduct, Finset.sum_apply, smul_eq_mul, mul_comm]

Note: This linter can be disabled with `set_option linter.unusedSimpArgs false`
SafeLearning/CompleteFoundationsNotation.lean:103:4: warning: This simp argument is unused:
  smul_eq_mul

Hint: Omit it from the simp argument list.
  [apply] simp only [sourceJacobian, Matrix.mulVec, dotProduct, Finset.sum_apply, PiLp.smul_apply, mul_comm]

Note: This linter can be disabled with `set_option linter.unusedSimpArgs false`
