SafeLearning/CompleteFoundationsSupremumExamples.lean:30:54: error: Type mismatch
  Nat.cast_nonneg n
has type
  0 ≤ ↑n
but is expected to have type
  ↑n ∈ Ici 0
SafeLearning/CompleteFoundationsSupremumExamples.lean:48:44: error: unexpected token ':='; expected term
SafeLearning/CompleteFoundationsSupremumExamples.lean:48:15: error: Function expected at
  |Real.sin x - Real.sin y|
but this term has type
  ℝ

Note: Expected a function because this term is being applied to the argument
  x - y
SafeLearning/CompleteFoundationsSupremumExamples.lean:48:7: error: Missing cases:
_
SafeLearning/CompleteFoundationsSupremumExamples.lean:106:62: error: unsolved goals
case left.«0»
z : ℝ
⊢ 0 = z ∨ 1 = z ↔ z = 0 ∨ z = 1

case left.«1»
z : ℝ
⊢ 1 = z ∨ 0 = z ↔ z = 0 ∨ z = 1

case right.«0»
z : ℝ
⊢ 0 = z ∨ 1 = z ↔ z = 0 ∨ z = 1

case right.«1»
z : ℝ
⊢ 1 = z ∨ 0 = z ↔ z = 0 ∨ z = 1
