SafeLearning/CompleteFoundationsNonlinearAsymptotics.lean:20:2: warning: Used `tac1 <;> tac2` where `(tac1; tac2)` would suffice

Note: This linter can be disabled with `set_option linter.unnecessarySeqFocus false`
SafeLearning/CompleteFoundationsNonlinearAsymptotics.lean:39:2: error: Tactic `apply` failed: could not unify the conclusion of `fun hl_1 => Tendsto.congr' hl_1 hl`
  Tendsto ?m.123 atTop (𝓝 (0 + 2 + 0))
with the goal
  Tendsto (fun n => reciprocalSquare n / ↑n) atTop (𝓝 2)

Note: The full type of `fun hl_1 => Tendsto.congr' hl_1 hl` is
  (fun x => 1 / ↑x + 2 + (↑x)⁻¹ * ∑ i ∈ Finset.range x, sourceOrbit i ^ 2) =ᶠ[atTop] ?m.123 →
    Tendsto ?m.123 atTop (𝓝 (0 + 2 + 0))

hsq : Tendsto (fun n => sourceOrbit n ^ 2) atTop (𝓝 0)
hc : Tendsto (fun n => (↑n)⁻¹ * ∑ i ∈ Finset.range n, sourceOrbit i ^ 2) atTop (𝓝 0)
hi : Tendsto (fun n => 1 / ↑n) atTop (𝓝 0)
hl : Tendsto (fun x => 1 / ↑x + 2 + (↑x)⁻¹ * ∑ i ∈ Finset.range x, sourceOrbit i ^ 2) atTop (𝓝 (0 + 2 + 0))
⊢ Tendsto (fun n => reciprocalSquare n / ↑n) atTop (𝓝 2)
SafeLearning/CompleteFoundationsNonlinearAsymptotics.lean:51:4: error: Type mismatch: After simplification, term
  hi
 has type
  @Tendsto ℕ ℝ ((fun x => 2) / fun n => reciprocalSquare n / ↑n) atTop (𝓝 1)
but is expected to have type
  @Tendsto ℕ ℝ (fun n => 2 / (reciprocalSquare n / ↑n)) atTop (𝓝 1)
SafeLearning/CompleteFoundationsNonlinearAsymptotics.lean:64:4: error: Type mismatch: After simplification, term
  hs
 has type
  Tendsto ((fun x => √x) ∘ fun n => 2 * ↑n * sourceOrbit n ^ 2) atTop (𝓝 1)
but is expected to have type
  Tendsto (fun n => √2 * √↑n * √(sourceOrbit n ^ 2)) atTop (𝓝 1)
SafeLearning/CompleteFoundationsNonlinearAsymptotics.lean:73:14: error(lean.unknownIdentifier): Unknown identifier `div_one_div`
SafeLearning/CompleteFoundationsNonlinearAsymptotics.lean:73:2: error: Type mismatch: After simplification, term
  actual_state_to_inverse_square_root_scale_ratio_tends_to_one
 has type
  Tendsto (fun n => sourceOrbit n * √(2 * ↑n)) atTop (𝓝 1)
but is expected to have type
  Tendsto (fun n => sourceOrbit n / (1 / √(2 * ↑n))) atTop (𝓝 1)
