barriers.html: 21 exercises; 0 issues
book.html: 0 exercises; 0 issues
case-studies.html: 9 exercises; 0 issues
cmdp.html: 21 exercises; 0 issues
formulas.html: 0 exercises; 0 issues
glossary.html: 0 exercises; 0 issues
gosafe.html: 20 exercises; 0 issues
index.html: 0 exercises; 0 issues
landscape.html: 19 exercises; 0 issues
lipschitz-by-design.html: 19 exercises; 0 issues
lipsdp.html: 20 exercises; 0 issues
lyapunov-mpc.html: 20 exercises; 0 issues
nn-in-the-loop.html: 20 exercises; 0 issues
open-problems.html: 0 exercises; 0 issues
papers.html: 0 exercises; 0 issues
policy-optimization.html: 21 exercises; 0 issues
primer-basics.html: 50 exercises; 0 issues
primer-linalg.html: 35 exercises; 0 issues
primer-optimization.html: 34 exercises; 0 issues
primer-probability.html: 44 exercises; 0 issues
primer-rl-nn.html: 42 exercises; 0 issues
primer-systems.html: 42 exercises; 0 issues
safe-bo-theory.html: 20 exercises; 2 issues
["Page overflow at 320: 499","Clipped expanded boxes at 320: [{\"label\":\"Readiness check — Three prerequisite skills\",\"width\":36,\"scrollWidth\":126},{\"label\":\"Show readiness answers\",\"width\":0,\"scrollWidth\":73},{\"label\":\"Background — Mercer coefficients\",\"width\":36,\"scrollWidth\":146},{\"label\":\"Derivation — eq. (7) coincides with the corrected AAAI-2021 bound for 0<λ<10 \\\\lt \\\\lambda \\\\lt 10<λ<1\",\"width\":36,\"scrollWidth\":130},{\"label\":\"Derivation — ln⁡det⁡\\\\ln\\\\detlndet from a Cholesky factor\",\"width\":36,\"scrollWidth\":144},{\"label\":\"Going deeper — Remark 2: asymmetric noise and general moduli of continuity\",\"width\":36,\"scrollWidth\":141},{\"label\":\"Derivation — the step of Sui et al.'s Lemma 7 that LoSBO loses\",\"width\":36,\"scrollWidth\":118},{\"label\":\"Derivation — why the LoSBO safe set is a union of closed balls\",\"width\":36,\"scrollWidth\":149},{\"label\":\"Worked example — how two constraints' safe sets intersect\",\"width\":36,\"scrollWidth\":132},{\"label\":\"Derivation — what the virtual observation does to μn\\\\mu_nμn​ and σn\\\\sigma_nσn​\",\"width\":36,\"scrollWidth\":102},{\"label\":\"Background — marginal-likelihood fitting\",\"width\":36,\"scrollWidth\":131},{\"label\":\"Background — a random function that drifts\",\"width\":36,\"scrollWidth\":217},{\"label\":\"Derivation — Lemma 3 from a GP bound and a Gaussian tail bound\",\"width\":36,\"scrollWidth\":131},{\"label\":\"Background — modes, dwell time and the two thresholds\",\"width\":36,\"scrollWidth\":119},{\"label\":\"Background — the Wiener kernel and product kernels\",\"width\":36,\"scrollWidth\":145},{\"label\":\"Background — derivative constraints for a GP\",\"width\":36,\"scrollWidth\":187},{\"label\":\"Going deeper — the superconvergence theorem behind the 2026 estimator (optional)\",\"width\":36,\"scrollWidth\":181},{\"label\":\"Going deeper — how the explorer samples functions and sets LtrueL_{\\\\mathrm{true}}Ltrue​\",\"width\":36,\"scrollWidth\":142},{\"label\":\"Exercise 5.B1 — Medium: Certify the gain the actuator might implement\",\"width\":18,\"scrollWidth\":89},{\"label\":\"Show hint\",\"width\":0,\"scrollWidth\":94},{\"label\":\"Show worked solution\",\"width\":0,\"scrollWidth\":102},{\"label\":\"Exercise 5.B2 — Hard: Replace deterministic noise by a finite-run event\",\"width\":18,\"scrollWidth\":182},{\"label\":\"Show hint\",\"width\":0,\"scrollWidth\":104},{\"label\":\"Show worked solution\",\"width\":0,\"scrollWidth\":226},{\"label\":\"Exercise 5.P1 — Easy: Build one LoSBO safety cone\",\"width\":18,\"scrollWidth\":114},{\"label\":\"Show hint\",\"width\":0,\"scrollWidth\":54},{\"label\":\"Show worked solution\",\"width\":0,\"scrollWidth\":98},{\"label\":\"Exercise 5.P2 — Easy: Safety membership and GP preference\",\"width\":18,\"scrollWidth\":114},{\"label\":\"Show hint\",\"width\":0,\"scrollWidth\":96},{\"label\":\"Show worked solution\",\"width\":0,\"scrollWidth\":98},{\"label\":\"Exercise 5.P3 — Easy: Conservatism from a larger Lipschitz bound\",\"width\":18,\"scrollWidth\":129},{\"label\":\"Show hint\",\"width\":0,\"scrollWidth\":68},{\"label\":\"Show worked solution\",\"width\":0,\"scrollWidth\":113},{\"label\":\"Exercise 5.P4 — Easy: Intersect constraint certificates\",\"width\":18,\"scrollWidth\":114},{\"label\":\"Show hint\",\"width\":0,\"scrollWidth\":61},{\"label\":\"Show worked solution\",\"width\":0,\"scrollWidth\":98},{\"label\":\"Exercise 5.P5 — Medium: Accumulate several observations\",\"width\":18,\"scrollWidth\":106},{\"label\":\"Show hint\",\"width\":0,\"scrollWidth\":89},{\"label\":\"Show worked solution\",\"width\":0,\"scrollWidth\":90},{\"label\":\"Exercise 5.P6 — Medium: Observed slopes are lower information about a global bound\",\"width\":18,\"scrollWidth\":138},{\"label\":\"Show hint\",\"width\":0,\"scrollWidth\":62},{\"label\":\"Show worked solution\",\"width\":0,\"scrollWidth\":122},{\"label\":\"Exercise 5.P7 — Medium: Quantify uncertainty in Real-beta\",\"width\":18,\"scrollWidth\":169},{\"label\":\"Show hint\",\"width\":0,\"scrollWidth\":69},{\"label\":\"Show worked solution\",\"width\":0,\"scrollWidth\":153},{\"label\":\"Exercise 5.P8 — Medium: An old safety cone loses margin under drift\",\"width\":18,\"scrollWidth\":116},{\"label\":\"Show hint\",\"width\":0,\"scrollWidth\":73},{\"label\":\"Show worked solution\",\"width\":0,\"scrollWidth\":100},{\"label\":\"Exercise 5.P9 — Hard: Prove sharpness of the cone allowance\",\"width\":18,\"scrollWidth\":120},{\"label\":\"Show hint\",\"width\":0,\"scrollWidth\":73},{\"label\":\"Show worked solution\",\"width\":0,\"scrollWidth\":103},{\"label\":\"Exercise 5.P10 — Hard: Different constraints can need different witnesses\",\"width\":18,\"scrollWidth\":136},{\"label\":\"Show hint\",\"width\":0,\"scrollWidth\":63},{\"label\":\"Show worked solution\",\"width\":0,\"scrollWidth\":90},{\"label\":\"Exercise 5.P11 — Hard: Data can bound the RKHS norm below, without bounding it above\",\"width\":18,\"scrollWidth\":144},{\"label\":\"Show hint\",\"width\":0,\"scrollWidth\":74},{\"label\":\"Show worked solution\",\"width\":0,\"scrollWidth\":128},{\"label\":\"Exercise 5.P12 — Hard: Why Gaussian noise cannot use a hard finite bound\",\"width\":18,\"scrollWidth\":130},{\"label\":\"Show hint\",\"width\":0,\"scrollWidth\":65},{\"label\":\"Show worked solution\",\"width\":0,\"scrollWidth\":114},{\"label\":\"Exercise 5.1 — Proposition 1 with asymmetric, heteroscedastic noise\",\"width\":18,\"scrollWidth\":141},{\"label\":\"Show answer\",\"width\":0,\"scrollWidth\":125},{\"label\":\"Exercise 5.2 — Real-β with B<∥f∥kB \\\\lt \\\\|f\\\\|_kB<∥f∥k​ can be unsafe: a construction\",\"width\":18,\"scrollWidth\":200},{\"label\":\"Show answer\",\"width\":0,\"scrollWidth\":184},{\"label\":\"Exercise 5.3 — From a Hölder modulus to a LoSBO rule\",\"width\":18,\"scrollWidth\":151},{\"label\":\"Show answer\",\"width\":0,\"scrollWidth\":135},{\"label\":\"Exercise 5.4 — Compute LoSBO and MCLoSBO safe sets on a grid\",\"width\":18,\"scrollWidth\":166},{\"label\":\"Show answer\",\"width\":0,\"scrollWidth\":150},{\"label\":\"Exercise 5.5 — Gaussian noise breaks the hard bound; what does E=2BϵE = 2B_\\\\epsilonE=2Bϵ​ actually f\",\"width\":18,\"scrollWidth\":152},{\"label\":\"Show answer\",\"width\":0,\"scrollWidth\":136},{\"label\":\"Exercise 5.6 — How large is a real βt\\\\beta_tβt​ in numbers?\",\"width\":18,\"scrollWidth\":227},{\"label\":\"Show answer\",\"width\":0,\"scrollWidth\":211}]"]
safe-bo.html: 19 exercises; 0 issues
study-guide.html: 0 exercises; 0 issues
toolkit-gp.html: 20 exercises; 0 issues
toolkit-lmi.html: 20 exercises; 0 issues
verification.html: 20 exercises; 0 issues
viability.html: 20 exercises; 0 issues
