barriers.html: 21 exercises; 0 issues
book.html: 0 exercises; 0 issues
case-studies.html: 9 exercises; 0 issues
cmdp.html: 21 exercises; 0 issues
formulas.html: 0 exercises; 0 issues
glossary.html: 0 exercises; 0 issues
gosafe.html: 20 exercises; 0 issues
index.html: 0 exercises; 0 issues
landscape.html: 19 exercises; 0 issues
lipschitz-by-design.html: 19 exercises; 0 issues
lipsdp.html: 20 exercises; 0 issues
lyapunov-mpc.html: 20 exercises; 0 issues
nn-in-the-loop.html: 20 exercises; 0 issues
open-problems.html: 0 exercises; 0 issues
papers.html: 0 exercises; 0 issues
policy-optimization.html: 21 exercises; 0 issues
primer-basics.html: 50 exercises; 0 issues
primer-linalg.html: 35 exercises; 0 issues
primer-optimization.html: 34 exercises; 0 issues
primer-probability.html: 44 exercises; 0 issues
primer-rl-nn.html: 42 exercises; 0 issues
primer-systems.html: 42 exercises; 0 issues
safe-bo-theory.html: 20 exercises; 0 issues
safe-bo.html: 19 exercises; 0 issues
study-guide.html: 0 exercises; 0 issues
toolkit-gp.html: 20 exercises; 0 issues
toolkit-lmi.html: 20 exercises; 0 issues
verification.html: 20 exercises; 0 issues
viability.html: 20 exercises; 0 issues
