Actual kernel exit 0: SafeLearning.CompleteAppliedImpulseResponse (1/464)
Actual kernel exit 0: SafeLearning.CompleteAppliedHingeDifferentiability (2/464)
Actual kernel exit 0: SafeLearning.CompleteAppliedHarvestThreshold (3/464)
Actual kernel exit 0: SafeLearning.CompleteAppliedHarvestConstrained (4/464)
Actual kernel exit 0: SafeLearning.CompleteAppliedIndependenceResetController (5/464)
Actual kernel exit 0: SafeLearning.CompleteAppliedIndependencePitfallsConsequences (6/464)
Actual kernel exit 0: SafeLearning.CompleteAppliedIndependencePitfalls (7/464)
Actual kernel exit 0: SafeLearning.CompleteAppliedIndicatorCounting (8/464)
Actual kernel exit 0: SafeLearning.CompleteAppliedIntegratorGramian (9/464)
Actual kernel exit 0: SafeLearning.CompleteAppliedIntegratorEnergy (10/464)
Actual kernel exit 0: SafeLearning.CompleteAppliedIntegralTracking (11/464)
Actual kernel exit 0: SafeLearning.CompleteAppliedLocalLipschitzDefinitions (12/464)
Actual kernel exit 0: SafeLearning.CompleteAppliedMeasurability (13/464)
Actual kernel exit 0: SafeLearning.CompleteAppliedMeasureSupport (14/464)
Actual kernel exit 0: SafeLearning.CompleteAppliedMonteCarloEstimate (15/464)
Actual kernel exit 0: SafeLearning.CompleteAppliedMonteCarloModel (16/464)
Actual kernel exit 0: SafeLearning.CompleteAppliedMonteCarloNonGaussian (17/464)
Actual kernel exit 0: SafeLearning.CompleteAppliedMonteCarloNumbers (18/464)
Actual kernel exit 0: SafeLearning.CompleteAppliedMultiplierEnvelope (19/464)
Actual kernel exit 0: SafeLearning.CompleteAppliedMultiplierLoop (20/464)
Actual kernel exit 0: SafeLearning.CompleteAppliedNonlinearEquilibria (21/464)
Actual kernel exit 0: SafeLearning.CompleteAppliedNonlinearLocalStability (22/464)
Actual kernel exit 0: SafeLearning.CompleteAppliedNonnegativeConvolution (23/464)
Actual kernel exit 0: SafeLearning.CompleteAppliedNonnegativeConvolutionSharp (24/464)
Actual kernel exit 0: SafeLearning.CompleteAppliedNormLipschitzDefinitions (25/464)
Actual kernel exit 0: SafeLearning.CompleteAppliedOptimalValue (26/464)
Actual kernel exit 0: SafeLearning.CompleteAppliedPendulumExactSample (27/464)
Actual kernel exit 0: SafeLearning.CompleteAppliedPendulumExactSampleConsequences (28/464)
Actual kernel exit 0: SafeLearning.CompleteAppliedPendulumInstability (29/464)
Actual kernel exit 0: SafeLearning.CompleteAppliedPendulumLinear (30/464)
Actual kernel exit 0: SafeLearning.CompleteAppliedPendulumLocalField (31/464)
Actual kernel exit 0: SafeLearning.CompleteAppliedPendulumNumerics (32/464)
Actual kernel exit 0: SafeLearning.CompleteAppliedPendulumSampling (33/464)
Actual kernel exit 0: SafeLearning.CompleteAppliedPendulumSourceAlgebra (34/464)
Actual kernel exit 0: SafeLearning.CompleteAppliedPendulumSamplingConsequences (35/464)
Actual kernel exit 0: SafeLearning.CompleteAppliedPendulumSourceField (36/464)
Actual kernel exit 0: SafeLearning.CompleteAppliedPendulumStabilityConsequences (37/464)
Actual kernel exit 0: SafeLearning.CompleteAppliedPendulumStability (38/464)
Actual kernel exit 0: SafeLearning.CompleteAppliedReachabilityCoordinates (39/464)
Actual kernel exit 0: SafeLearning.CompleteAppliedReachabilityStability (40/464)
Actual kernel exit 0: SafeLearning.CompleteAppliedRobustAccuracy (41/464)
Actual kernel exit 0: SafeLearning.CompleteAppliedRunningEvaluationConsequences (42/464)
Actual kernel exit 0: SafeLearning.CompleteAppliedRunningEvaluation (43/464)
Actual kernel exit 0: SafeLearning.CompleteAppliedRunningPerformance (44/464)
Actual kernel exit 0: SafeLearning.CompleteAppliedScalarClamping (45/464)
Actual kernel exit 0: SafeLearning.CompleteAppliedScalarConvolutionOutput (46/464)
Actual kernel exit 0: SafeLearning.CompleteAppliedScalarEnergyAttainers (47/464)
Actual kernel exit 0: SafeLearning.CompleteAppliedScalarEnergyBound (48/464)
Actual kernel exit 0: SafeLearning.CompleteAppliedScalarFrequencyGain (49/464)
Actual kernel exit 0: SafeLearning.CompleteAppliedScalarEnergyGain (50/464)
Actual kernel exit 0: SafeLearning.CompleteAppliedScalarLQR (51/464)
Actual kernel exit 0: SafeLearning.CompleteAppliedScalarLQRAC (52/464)
Actual kernel exit 0: SafeLearning.CompleteAppliedScalarLQRConsequences (53/464)
Actual kernel exit 0: SafeLearning.CompleteAppliedScalarStepResponse (54/464)
Actual kernel exit 0: SafeLearning.CompleteAppliedSectorGlobal (55/464)
Actual kernel exit 0: SafeLearning.CompleteAppliedSequentialCalibration (56/464)
Actual kernel exit 0: SafeLearning.CompleteAppliedSequentialCalibrationGenerative (57/464)
Actual kernel exit 0: SafeLearning.CompleteAppliedSequentialCalibrationJoint (58/464)
Actual kernel exit 0: SafeLearning.CompleteAppliedSignedExpectationSeries (59/464)
Actual kernel exit 0: SafeLearning.CompleteAppliedSmallGainGlobal (60/464)
Actual kernel exit 0: SafeLearning.CompleteAppliedSmallGainSource (61/464)
Actual kernel exit 0: SafeLearning.CompleteAppliedSoftBellman (62/464)
Actual kernel exit 0: SafeLearning.CompleteAppliedSmallGainStorage (63/464)
Actual kernel exit 0: SafeLearning.CompleteAppliedSoftmaxConsequences (64/464)
Actual kernel exit 0: SafeLearning.CompleteAppliedSoftmaxLimits (65/464)
Actual kernel exit 0: SafeLearning.CompleteAppliedSupportConsequences (66/464)
Actual kernel exit 0: SafeLearning.CompleteAppliedTemperatureSoftmax (67/464)
Actual kernel exit 0: SafeLearning.CompleteAppliedTerminalPlanShift (68/464)
Actual kernel exit 0: SafeLearning.CompleteAppliedTinyNetwork (69/464)
Actual kernel exit 0: SafeLearning.CompleteAppliedTinyNetworkGains (70/464)
Actual kernel exit 0: SafeLearning.CompleteAppliedTinyNetworkGeometry (71/464)
Actual kernel exit 0: SafeLearning.CompleteAppliedTinyNetworkPositive (72/464)
Actual kernel exit 0: SafeLearning.CompleteAppliedTinyNetworkRounding (73/464)
Actual kernel exit 0: SafeLearning.CompleteAppliedTinyNetworkSource (74/464)
Actual kernel exit 0: SafeLearning.CompleteAppliedTransientConsequences (75/464)
Actual kernel exit 0: SafeLearning.CompleteAppliedTransientAmplification (76/464)
Actual kernel exit 0: SafeLearning.CompleteAppliedTubeConstraints (77/464)
Actual kernel exit 0: SafeLearning.CompleteAppliedUniformLawMGF (78/464)
Actual kernel exit 0: SafeLearning.CompleteAppliedUniformLawOptimal (79/464)
Actual kernel exit 0: SafeLearning.CompleteAppliedUniformMGFSeries (80/464)
Actual kernel exit 0: SafeLearning.CompleteAppliedUniformOptimalSeries (81/464)
Actual kernel exit 0: SafeLearning.CompleteAppliedUniformSourceBias (82/464)
Actual kernel exit 0: SafeLearning.CompleteAppliedUniformSourceNumbers (83/464)
Actual kernel exit 0: SafeLearning.CompleteAppliedViabilityKernel (84/464)
Actual kernel exit 0: SafeLearning.CompleteAppliedViabilityPrecision (85/464)
Actual kernel exit 0: SafeLearning.CompleteCMDPGaussianTailRisk (86/464)
Actual kernel exit 0: SafeLearning.CompleteCMDPTailRisk (87/464)
Actual kernel exit 0: SafeLearning.CompleteFinitePolicyExample (88/464)
Actual kernel exit 0: SafeLearning.CompleteFinitePolicyNeumann (89/464)
Actual kernel exit 0: SafeLearning.CompleteFinitePolicyPerformance (90/464)
Actual kernel exit 0: SafeLearning.CompleteFinitePolicySeriesConsequences (91/464)
Actual kernel exit 0: SafeLearning.CompleteFinitePolicySurrogateConsequences (92/464)
Actual kernel exit 0: SafeLearning.CompleteFinitePolicyTrajectorySeries (93/464)
Actual kernel exit 0: SafeLearning.CompleteFinitePolicyValues (94/464)
Actual kernel exit 0: SafeLearning.CompleteFoundationsAffineValueIteration (95/464)
Actual kernel exit 0: SafeLearning.CompleteFoundationsBanachConsequences (96/464)
Actual kernel exit 0: SafeLearning.CompleteFoundationsBanachOscillation (97/464)
Actual kernel exit 0: SafeLearning.CompleteFoundationsBanachModels (98/464)
Actual kernel exit 0: SafeLearning.CompleteFoundationsBasicDefinitions (99/464)
Actual kernel exit 0: SafeLearning.CompleteFoundationsBreadthFirstSearch (100/464)
Actual kernel exit 0: SafeLearning.CompleteFoundationsContractionApplications (101/464)
Actual kernel exit 0: SafeLearning.CompleteFoundationsCVaRQuotients (102/464)
Actual kernel exit 0: SafeLearning.CompleteFoundationsContinuousConeExpansion (103/464)
Actual kernel exit 0: SafeLearning.CompleteFoundationsConvergenceConsequences (104/464)
Actual kernel exit 0: SafeLearning.CompleteFoundationsConvergenceRates (105/464)
Actual kernel exit 0: SafeLearning.CompleteFoundationsConvergenceModels (106/464)
Actual kernel exit 0: SafeLearning.CompleteFoundationsConvergenceRateExamples (107/464)
Actual kernel exit 0: SafeLearning.CompleteFoundationsCosineContraction (108/464)
Actual kernel exit 0: SafeLearning.CompleteFoundationsCosineExactLogEstimate (109/464)
Actual kernel exit 0: SafeLearning.CompleteFoundationsCosineErrorBounds (110/464)
Actual kernel exit 0: SafeLearning.CompleteFoundationsCosineLocalGeometry (111/464)
Actual kernel exit 0: SafeLearning.CompleteFoundationsCosineIterates (112/464)
Actual kernel exit 0: SafeLearning.CompleteFoundationsCosineSourceConsequences (113/464)
Actual kernel exit 0: SafeLearning.CompleteFoundationsCosineLogarithms (114/464)
Actual kernel exit 0: SafeLearning.CompleteFoundationsCosineNumerics (115/464)
Actual kernel exit 0: SafeLearning.CompleteFoundationsCounterexampleLesson (116/464)
Actual kernel exit 0: SafeLearning.CompleteFoundationsDissipationSeries (117/464)
Actual kernel exit 0: SafeLearning.CompleteFoundationsDiscountedExpectations (118/464)
Actual kernel exit 0: SafeLearning.CompleteFoundationsEquilibriumShift (119/464)
Actual kernel exit 0: SafeLearning.CompleteFoundationsExchangeModels (120/464)
Actual kernel exit 0: SafeLearning.CompleteFoundationsExponentialLesson (121/464)
Actual kernel exit 0: SafeLearning.CompleteFoundationsExponentialNumerics (122/464)
Actual kernel exit 0: SafeLearning.CompleteFoundationsExtendedRealValues (123/464)
Actual kernel exit 0: SafeLearning.CompleteFoundationsExtendedSupremumRules (124/464)
Actual kernel exit 0: SafeLearning.CompleteFoundationsFiniteDynamics (125/464)
Actual kernel exit 0: SafeLearning.CompleteFoundationsFiniteHorizonViability (126/464)
Actual kernel exit 0: SafeLearning.CompleteFoundationsFiniteDynamicsConsequences (127/464)
Actual kernel exit 0: SafeLearning.CompleteFoundationsFiniteSetIteration (128/464)
Actual kernel exit 0: SafeLearning.CompleteFoundationsFunctionInverseRange (129/464)
Actual kernel exit 0: SafeLearning.CompleteFoundationsFourPowerBlockLimits (130/464)
Actual kernel exit 0: SafeLearning.CompleteFoundationsFourPowerBlocks (131/464)
Actual kernel exit 0: SafeLearning.CompleteFoundationsFunctionInverses (132/464)
Actual kernel exit 0: SafeLearning.CompleteFoundationsGraphViability (133/464)
Actual kernel exit 0: SafeLearning.CompleteFoundationsFunctionLimits (134/464)
Actual kernel exit 0: SafeLearning.CompleteFoundationsGeometricExample (135/464)
Actual kernel exit 0: SafeLearning.CompleteFoundationsHingeExpectations (136/464)
Actual kernel exit 0: SafeLearning.CompleteFoundationsIncrementalContraction (137/464)
Actual kernel exit 0: SafeLearning.CompleteFoundationsImplicationLesson (138/464)
Actual kernel exit 0: SafeLearning.CompleteFoundationsImplicationConsequences (139/464)
Actual kernel exit 0: SafeLearning.CompleteFoundationsIndependentTrialNumerics (140/464)
Actual kernel exit 0: SafeLearning.CompleteFoundationsIndependentTrials (141/464)
Actual kernel exit 0: SafeLearning.CompleteFoundationsInequalityChains (142/464)
Actual kernel exit 0: SafeLearning.CompleteFoundationsLiminfLimsupLesson (143/464)
Actual kernel exit 0: SafeLearning.CompleteFoundationsLipschitzCertificateChain (144/464)
Actual kernel exit 0: SafeLearning.CompleteFoundationsLoSBOAssumptionIndependence (145/464)
Actual kernel exit 0: SafeLearning.CompleteFoundationsLogicHintNegation (146/464)
Actual kernel exit 0: SafeLearning.CompleteFoundationsLogicHints (147/464)
Actual kernel exit 0: SafeLearning.CompleteFoundationsMaximumExistence (148/464)
Actual kernel exit 0: SafeLearning.CompleteFoundationsMonotoneApplications (149/464)
Actual kernel exit 0: SafeLearning.CompleteFoundationsMonotoneSequences (150/464)
Actual kernel exit 0: SafeLearning.CompleteFoundationsNeumannLesson (151/464)
Actual kernel exit 0: SafeLearning.CompleteFoundationsNewtonRates (152/464)
Actual kernel exit 0: SafeLearning.CompleteFoundationsNonlinearAsymptotics (153/464)
Actual kernel exit 0: SafeLearning.CompleteFoundationsNonlinearContraction (154/464)
Actual kernel exit 0: SafeLearning.CompleteFoundationsNonlinearDecreasingModel (155/464)
Actual kernel exit 0: SafeLearning.CompleteFoundationsNonlinearNumerics (156/464)
Actual kernel exit 0: SafeLearning.CompleteFoundationsProbabilityOrdering (157/464)
Actual kernel exit 0: SafeLearning.CompleteFoundationsNonnegativeSeriesModels (158/464)
Actual kernel exit 0: SafeLearning.CompleteFoundationsNotation (159/464)
Actual kernel exit 0: SafeLearning.CompleteFoundationsQuantifierSafety (160/464)
Actual kernel exit 0: SafeLearning.CompleteFoundationsRelationExamples (161/464)
Actual kernel exit 0: SafeLearning.CompleteFoundationsReachabilitySourceBridges (162/464)
Actual kernel exit 0: SafeLearning.CompleteFoundationsSafeOptExtendedBands (163/464)
Actual kernel exit 0: SafeLearning.CompleteFoundationsSafetySetOperators (164/464)
Actual kernel exit 0: SafeLearning.CompleteFoundationsScopePitfalls (165/464)
Actual kernel exit 0: SafeLearning.CompleteFoundationsSetImages (166/464)
Actual kernel exit 0: SafeLearning.CompleteFoundationsSetOperations (167/464)
Actual kernel exit 0: SafeLearning.CompleteFoundationsSetOperationsConsequences (168/464)
Actual kernel exit 0: SafeLearning.CompleteFoundationsSubsetContraction (169/464)
Actual kernel exit 0: SafeLearning.CompleteFoundationsSupremumExamples (170/464)
Actual kernel exit 0: SafeLearning.CompleteFoundationsSoftMaximumNumerics (171/464)
Actual kernel exit 0: SafeLearning.CompleteFoundationsSupremumLesson (172/464)
Actual kernel exit 0: SafeLearning.CompleteFoundationsSupremumProofRoutes (173/464)
Actual kernel exit 0: SafeLearning.CompleteFoundationsTelescopingApplications (174/464)
Actual kernel exit 0: SafeLearning.CompleteFoundationsTelescopingModels (175/464)
Actual kernel exit 0: SafeLearning.CompleteFoundationsTransientNeumann (176/464)
Actual kernel exit 0: SafeLearning.CompleteFoundationsUniformConvergenceModels (177/464)
Actual kernel exit 0: SafeLearning.CompleteFoundationsWeightedEvaluation (178/464)
Actual kernel exit 0: SafeLearning.CompleteModulesDesignAOL (179/464)
Actual kernel exit 0: SafeLearning.CompleteModulesDesignApproximateOrthogonality (180/464)
Actual kernel exit 0: SafeLearning.CompleteModulesDesignCertificateSet (181/464)
Actual kernel exit 0: SafeLearning.CompleteModulesDesignCoupledDirections (182/464)
Actual kernel exit 0: SafeLearning.CompleteModulesDesignContractionStorage (183/464)
Actual kernel exit 0: SafeLearning.CompleteModulesDesignEasyMatrices (184/464)
Actual kernel exit 0: SafeLearning.CompleteModulesDesignEasyPreprocessing (185/464)
Actual kernel exit 0: SafeLearning.CompleteModulesDesignExpressivity (186/464)
Actual kernel exit 0: SafeLearning.CompleteModulesDesignFiniteGramian (187/464)
Actual kernel exit 0: SafeLearning.CompleteModulesDesignScalarConsequences (188/464)
Actual kernel exit 0: SafeLearning.CompleteModulesDesignScalarLayers (189/464)
Actual kernel exit 0: SafeLearning.CompleteModulesDesignSequenceEnergy (190/464)
Actual kernel exit 0: SafeLearning.CompleteModulesDesignTruncationConsequences (191/464)
Actual kernel exit 0: SafeLearning.CompleteModulesDesignTruncation (192/464)
Actual kernel exit 0: SafeLearning.CompleteModulesFiniteSumPerturbation (193/464)
Actual kernel exit 0: SafeLearning.CompleteModulesGPCoefficientObjective (194/464)
Actual kernel exit 0: SafeLearning.CompleteModulesGPConfidenceBands (195/464)
Actual kernel exit 0: SafeLearning.CompleteModulesGPConfidenceBudget (196/464)
Actual kernel exit 0: SafeLearning.CompleteModulesGPConfidenceBudgetConsequences (197/464)
Actual kernel exit 0: SafeLearning.CompleteModulesGPConfidenceComparison (198/464)
Actual kernel exit 0: SafeLearning.CompleteModulesGPConfidenceComparisonConsequences (199/464)
Actual kernel exit 0: SafeLearning.CompleteModulesGPConfidenceOrderConsequences (200/464)
Actual kernel exit 0: SafeLearning.CompleteModulesGPCorrectedConfidenceComparison (201/464)
Actual kernel exit 0: SafeLearning.CompleteModulesGPCorrelatedConsequences (202/464)
Actual kernel exit 0: SafeLearning.CompleteModulesGPCorrelatedMatrix (203/464)
Actual kernel exit 0: SafeLearning.CompleteModulesGPCorrectionNumerics (204/464)
Actual kernel exit 0: SafeLearning.CompleteModulesGPCorrelatedPosterior (205/464)
Actual kernel exit 0: SafeLearning.CompleteModulesGPCorrelatedPrior (206/464)
Actual kernel exit 0: SafeLearning.CompleteModulesGPGaussianCoverageFailure (207/464)
Actual kernel exit 0: SafeLearning.CompleteModulesGPGaussianCoverageNumerics (208/464)
Actual kernel exit 0: SafeLearning.CompleteModulesGPGradedLiteralBridges (209/464)
Actual kernel exit 0: SafeLearning.CompleteModulesGPLinearInformationAllTightFrames (210/464)
Actual kernel exit 0: SafeLearning.CompleteModulesGPLinearInformationBounds (211/464)
Actual kernel exit 0: SafeLearning.CompleteModulesGPLinearInformationDesigns (212/464)
Actual kernel exit 0: SafeLearning.CompleteModulesGPLinearInformationDivisibleDesign (213/464)
Actual kernel exit 0: SafeLearning.CompleteModulesGPLinearInformationEquality (214/464)
Actual kernel exit 0: SafeLearning.CompleteModulesGPLinearInformationGrowth (215/464)
Actual kernel exit 0: SafeLearning.CompleteModulesGPLinearInformationMaxima (216/464)
Actual kernel exit 0: SafeLearning.CompleteModulesGPNoiseConsequences (217/464)
Actual kernel exit 0: SafeLearning.CompleteModulesGPLinearInformationNumbers (218/464)
Actual kernel exit 0: SafeLearning.CompleteModulesGPLinearInformationStrictness (219/464)
Actual kernel exit 0: SafeLearning.CompleteModulesGPNoiseDomains (220/464)
Actual kernel exit 0: SafeLearning.CompleteModulesGPNoiselessRepeats (221/464)
Actual kernel exit 0: SafeLearning.CompleteModulesGPPosteriorPSDConsequences (222/464)
Actual kernel exit 0: SafeLearning.CompleteModulesGPPosteriorRegularizerCalculus (223/464)
Actual kernel exit 0: SafeLearning.CompleteModulesGPPosteriorSolves (224/464)
Actual kernel exit 0: SafeLearning.CompleteModulesGPRepeatMatrix (225/464)
Actual kernel exit 0: SafeLearning.CompleteModulesGPRepeatedBayes (226/464)
Actual kernel exit 0: SafeLearning.CompleteModulesGPRepeatedJoint (227/464)
Actual kernel exit 0: SafeLearning.CompleteModulesGPScaling (228/464)
Actual kernel exit 0: SafeLearning.CompleteModulesGPScalingConsequences (229/464)
Actual kernel exit 0: SafeLearning.CompleteModulesGPSpectralPosterior (230/464)
Actual kernel exit 0: SafeLearning.CompleteModulesGPSpectralRemainder (231/464)
Actual kernel exit 0: SafeLearning.CompleteModulesGaussianChannelInformation (232/464)
Actual kernel exit 0: SafeLearning.CompleteModulesGaussianLinearDesignInformation (233/464)
Actual kernel exit 0: SafeLearning.CompleteModulesGaussianErfcTail (234/464)
Actual kernel exit 0: SafeLearning.CompleteModulesGaussianExpTable (235/464)
Actual kernel exit 0: SafeLearning.CompleteModulesGaussianMatrixLaws (236/464)
Actual kernel exit 0: SafeLearning.CompleteModulesGaussianObservationModel (237/464)
Actual kernel exit 0: SafeLearning.CompleteModulesGaussianPSDInformation (238/464)
Actual kernel exit 0: SafeLearning.CompleteModulesGaussianNumericConsequences (239/464)
Actual kernel exit 0: SafeLearning.CompleteModulesGaussianNumericData (240/464)
Actual kernel exit 0: SafeLearning.CompleteModulesGaussianPosteriorSource (241/464)
Actual kernel exit 0: SafeLearning.CompleteModulesGaussianProductInformation (242/464)
Actual kernel exit 0: SafeLearning.CompleteModulesGaussianRankOne (243/464)
Actual kernel exit 0: SafeLearning.CompleteModulesGaussianRectangularDesignLaws (244/464)
Actual kernel exit 0: SafeLearning.CompleteModulesGaussianRegressionScalar (245/464)
Actual kernel exit 0: SafeLearning.CompleteModulesGaussianRegressionFinite (246/464)
Actual kernel exit 0: SafeLearning.CompleteModulesGaussianRegressionVector (247/464)
Actual kernel exit 0: SafeLearning.CompleteModulesGaussianSchurConsequences (248/464)
Actual kernel exit 0: SafeLearning.CompleteModulesGaussianSpectralSignal (249/464)
Actual kernel exit 0: SafeLearning.CompleteModulesGaussianSequentialAlgebra (250/464)
Actual kernel exit 0: SafeLearning.CompleteModulesGaussianTailNumericalBounds (251/464)
Actual kernel exit 0: SafeLearning.CompleteModulesGoSafeBackupConsequences (252/464)
Actual kernel exit 0: SafeLearning.CompleteModulesGoSafeBudgetComposition (253/464)
Actual kernel exit 0: SafeLearning.CompleteModulesGoSafeCertifiedCoverage (254/464)
Actual kernel exit 0: SafeLearning.CompleteModulesGoSafeBackupGeometry (255/464)
Actual kernel exit 0: SafeLearning.CompleteModulesGoSafeCountermodels (256/464)
Actual kernel exit 0: SafeLearning.CompleteModulesGoSafeFiniteCertificates (257/464)
Actual kernel exit 0: SafeLearning.CompleteModulesGoSafeDiscovery (258/464)
Actual kernel exit 0: SafeLearning.CompleteModulesGoSafeFailSet (259/464)
Actual kernel exit 0: SafeLearning.CompleteModulesGoSafeGlobalEligibility (260/464)
Actual kernel exit 0: SafeLearning.CompleteModulesGoSafeGridComplexity (261/464)
Actual kernel exit 0: SafeLearning.CompleteModulesGoSafeGridFamilies (262/464)
Actual kernel exit 0: SafeLearning.CompleteModulesGoSafeGridOperations (263/464)
Actual kernel exit 0: SafeLearning.CompleteModulesGoSafeGridScaling (264/464)
Actual kernel exit 0: SafeLearning.CompleteModulesGoSafeHiddenState (265/464)
Actual kernel exit 0: SafeLearning.CompleteModulesGoSafeMotion (266/464)
Actual kernel exit 0: SafeLearning.CompleteModulesGoSafeLiteralBridges (267/464)
Actual kernel exit 0: SafeLearning.CompleteModulesGoSafeNoisyBackup (268/464)
Actual kernel exit 0: SafeLearning.CompleteModulesGoSafeNoisyConsequences (269/464)
Actual kernel exit 0: SafeLearning.CompleteModulesGoSafeODE (270/464)
Actual kernel exit 0: SafeLearning.CompleteModulesGoSafeODERestart (271/464)
Actual kernel exit 0: SafeLearning.CompleteModulesGoSafeReturnability (272/464)
Actual kernel exit 0: SafeLearning.CompleteModulesGoSafeReturnabilityConsequences (273/464)
Actual kernel exit 0: SafeLearning.CompleteModulesGoSafeReturnabilityTrap (274/464)
Actual kernel exit 0: SafeLearning.CompleteModulesGoSafeSamplingConsequences (275/464)
Actual kernel exit 0: SafeLearning.CompleteModulesGoSafeSamplingSafety (276/464)
Actual kernel exit 0: SafeLearning.CompleteModulesGoSafeToyAffine (277/464)
Actual kernel exit 0: SafeLearning.CompleteModulesGoSafeToyBetweenGrid (278/464)
Actual kernel exit 0: SafeLearning.CompleteModulesGoSafeToyBoundaryNumerics (279/464)
Actual kernel exit 0: SafeLearning.CompleteModulesGoSafeToyBounds (280/464)
Actual kernel exit 0: SafeLearning.CompleteModulesGoSafeToyGridConstantConsequences (281/464)
Actual kernel exit 0: SafeLearning.CompleteModulesGoSafeToyFeasibility (282/464)
Actual kernel exit 0: SafeLearning.CompleteModulesGoSafeToyGridGainBounds (283/464)
Actual kernel exit 0: SafeLearning.CompleteModulesGoSafeToyGridCosines (284/464)
Actual kernel exit 0: SafeLearning.CompleteModulesGoSafeToyGridGeometry (285/464)
Actual kernel exit 0: SafeLearning.CompleteModulesGoSafeToyGridLipschitz (286/464)
Actual kernel exit 0: SafeLearning.CompleteModulesGoSafeToyIslands (287/464)
Actual kernel exit 0: SafeLearning.CompleteModulesGoSafeToyObjective (288/464)
Actual kernel exit 0: SafeLearning.CompleteModulesGoSafeToyObjectiveConsequences (289/464)
Actual kernel exit 0: SafeLearning.CompleteModulesGoSafeToySmoothness (290/464)
Actual kernel exit 0: SafeLearning.CompleteModulesGoSafeToyTrajectoryConsequences (291/464)
Actual kernel exit 0: SafeLearning.CompleteModulesLandscapeARCountNumerics (292/464)
Actual kernel exit 0: SafeLearning.CompleteModulesLandscapeARGaussianLaw (293/464)
Actual kernel exit 0: SafeLearning.CompleteModulesLandscapeARGaussianAlgebra (294/464)
Actual kernel exit 0: SafeLearning.CompleteModulesLandscapeARMomentConsequences (295/464)
Actual kernel exit 0: SafeLearning.CompleteModulesLandscapeARSourceIndependence (296/464)
Actual kernel exit 0: SafeLearning.CompleteModulesLandscapeARStableMoments (297/464)
Actual kernel exit 0: SafeLearning.CompleteModulesLandscapeARStationaryGaussian (298/464)
Actual kernel exit 0: SafeLearning.CompleteModulesLandscapeARStationaryNumerics (299/464)
Actual kernel exit 0: SafeLearning.CompleteModulesLandscapeARViolationCounts (300/464)
Actual kernel exit 0: SafeLearning.CompleteModulesLandscapeAffineFeasibility (301/464)
Actual kernel exit 0: SafeLearning.CompleteModulesLandscapeARTailTable (302/464)
Actual kernel exit 0: SafeLearning.CompleteModulesLandscapeBarrierFeasibility (303/464)
Actual kernel exit 0: SafeLearning.CompleteModulesLandscapeBarrierGlobal (304/464)
Actual kernel exit 0: SafeLearning.CompleteModulesLandscapeCBFQP (305/464)
Actual kernel exit 0: SafeLearning.CompleteModulesLandscapeClosedScalarFeasibility (306/464)
Actual kernel exit 0: SafeLearning.CompleteModulesLandscapeCertificateChecks (307/464)
Actual kernel exit 0: SafeLearning.CompleteModulesLandscapeContinuousMixture (308/464)
Actual kernel exit 0: SafeLearning.CompleteModulesLandscapeCompactContinuation (309/464)
Actual kernel exit 0: SafeLearning.CompleteModulesLandscapeCompactEndpoint (310/464)
Actual kernel exit 0: SafeLearning.CompleteModulesLandscapeControlAffineDomain (311/464)
Actual kernel exit 0: SafeLearning.CompleteModulesLandscapeControlAffineGlobal (312/464)
Actual kernel exit 0: SafeLearning.CompleteModulesLandscapeControlledDelay (313/464)
Actual kernel exit 0: SafeLearning.CompleteModulesLandscapeCountConsequences (314/464)
Actual kernel exit 0: SafeLearning.CompleteModulesLandscapeCubicBarrier (315/464)
Actual kernel exit 0: SafeLearning.CompleteModulesLandscapeDelayFailure (316/464)
Actual kernel exit 0: SafeLearning.CompleteModulesLandscapeDiscountScale (317/464)
Actual kernel exit 0: SafeLearning.CompleteModulesLandscapeDiscountedConverse (318/464)
Actual kernel exit 0: SafeLearning.CompleteModulesLandscapeExtendedFeasibility (319/464)
Actual kernel exit 0: SafeLearning.CompleteModulesLandscapeGaussianDiagonalIntegral (320/464)
Actual kernel exit 0: SafeLearning.CompleteModulesLandscapeFiniteCounts (321/464)
Actual kernel exit 0: SafeLearning.CompleteModulesLandscapeFilteredController (322/464)
Actual kernel exit 0: SafeLearning.CompleteModulesLandscapeGaussianGPRegularization (323/464)
Actual kernel exit 0: SafeLearning.CompleteModulesLandscapeGaussianTailCounts (324/464)
Actual kernel exit 0: SafeLearning.CompleteModulesLandscapeGaussianVectorIntegral (325/464)
Actual kernel exit 0: SafeLearning.CompleteModulesLandscapeGaussianQuadraticIntegral (326/464)
Actual kernel exit 0: SafeLearning.CompleteModulesLandscapeGaussianWeightedMixture (327/464)
Actual kernel exit 0: SafeLearning.CompleteModulesLandscapeGlobalExistence (328/464)
Actual kernel exit 0: SafeLearning.CompleteModulesLandscapeHalfspaceQPInactive (329/464)
Actual kernel exit 0: SafeLearning.CompleteModulesLandscapeHalfspaceQP (330/464)
Actual kernel exit 0: SafeLearning.CompleteModulesLandscapeInformationIndexing (331/464)
Actual kernel exit 0: SafeLearning.CompleteModulesLandscapeKnownBounds (332/464)
Actual kernel exit 0: SafeLearning.CompleteModulesLandscapeKernelConfidenceMeasurable (333/464)
Actual kernel exit 0: SafeLearning.CompleteModulesLandscapeKernelFeatures (334/464)
Actual kernel exit 0: SafeLearning.CompleteModulesLandscapeLocalExistence (335/464)
Actual kernel exit 0: SafeLearning.CompleteModulesLandscapeMixtureVille (336/464)
Actual kernel exit 0: SafeLearning.CompleteModulesLandscapeMaximalEndpoint (337/464)
Actual kernel exit 0: SafeLearning.CompleteModulesLandscapeLyapunovStability (338/464)
Actual kernel exit 0: SafeLearning.CompleteModulesLandscapeMaximalExistence (339/464)
Actual kernel exit 0: SafeLearning.CompleteModulesLandscapeModelError (340/464)
Actual kernel exit 0: SafeLearning.CompleteModulesLandscapePolyhedralFeasibility (341/464)
Actual kernel exit 0: SafeLearning.CompleteModulesLandscapePredictableNoise (342/464)
Actual kernel exit 0: SafeLearning.CompleteModulesLandscapeQuadraticWeights (343/464)
Actual kernel exit 0: SafeLearning.CompleteModulesLandscapeQueryNoise (344/464)
Actual kernel exit 0: SafeLearning.CompleteModulesLandscapeRegularBoundaryInvariance (345/464)
Actual kernel exit 0: SafeLearning.CompleteModulesLandscapeRegularBoundaryDomainCountermodel (346/464)
Actual kernel exit 0: SafeLearning.CompleteModulesLandscapeRegularBoundaryLocal (347/464)
Actual kernel exit 0: SafeLearning.CompleteModulesLandscapeRegularBoundaryPerturbation (348/464)
Actual kernel exit 0: SafeLearning.CompleteModulesLandscapeSafeOptQueryProtocol (349/464)
Actual kernel exit 0: SafeLearning.CompleteModulesLandscapeSafeOptMeasurable (350/464)
Actual kernel exit 0: SafeLearning.CompleteModulesLandscapeSafetyClassification (351/464)
Actual kernel exit 0: SafeLearning.CompleteModulesLandscapeScalarConfidence (352/464)
Actual kernel exit 0: SafeLearning.CompleteModulesLandscapeScheduledPrior (353/464)
Actual kernel exit 0: SafeLearning.CompleteModulesLandscapeScalarGaussianMixture (354/464)
Actual kernel exit 0: SafeLearning.CompleteModulesLandscapeSignedCVaR (355/464)
Actual kernel exit 0: SafeLearning.CompleteModulesLandscapeSmallInformationPSD (356/464)
Actual kernel exit 0: SafeLearning.CompleteModulesLandscapeSuiFeatureConfidence (357/464)
Actual kernel exit 0: SafeLearning.CompleteModulesLandscapeSuiArithmetic (358/464)
Actual kernel exit 0: SafeLearning.CompleteModulesLandscapeSuiKernelConfidence (359/464)
Actual kernel exit 0: SafeLearning.CompleteModulesLandscapeSuiQuadratic (360/464)
Actual kernel exit 0: SafeLearning.CompleteModulesLandscapeSuiSafeOptProbability (361/464)
Actual kernel exit 0: SafeLearning.CompleteModulesLandscapeSuiSafeOptAlgorithm (362/464)
Actual kernel exit 0: SafeLearning.CompleteModulesLandscapeSuiSafeOptSafety (363/464)
Actual kernel exit 0: SafeLearning.CompleteModulesLandscapeSuiZeroNoiseBoundary (364/464)
Actual kernel exit 0: SafeLearning.CompleteModulesLandscapeUnsafeSeeds (365/464)
Actual kernel exit 0: SafeLearning.CompleteModulesLandscapeUniqueForward (366/464)
Actual kernel exit 0: SafeLearning.CompleteModulesLandscapeVectorMixture (367/464)
Actual kernel exit 0: SafeLearning.CompleteModulesLandscapeVectorMixtureJoint (368/464)
Actual kernel exit 0: SafeLearning.CompleteModulesLandscapeVisitAlmostSure (369/464)
Actual kernel exit 0: SafeLearning.CompleteModulesLandscapeVectorSelfNormalized (370/464)
Actual kernel exit 0: SafeLearning.CompleteModulesLandscapeVisitConfidence (371/464)
Actual kernel exit 0: SafeLearning.CompleteModulesLandscapeVisitConsistency (372/464)
Actual kernel exit 0: SafeLearning.CompleteModulesLandscapeZeroInformation (373/464)
Actual kernel exit 0: SafeLearning.CompleteModulesLandscapeVisitSquareRoot (374/464)
Actual kernel exit 0: SafeLearning.CompleteModulesLandscapeVisitProcess (375/464)
Actual kernel exit 0: SafeLearning.CompleteModulesLandscapeZeroNoisePosterior (376/464)
Actual kernel exit 0: SafeLearning.CompleteModulesLoSBOExtremalConfidence (377/464)
Actual kernel exit 0: SafeLearning.CompleteModulesLoSBOExceedanceGeometry (378/464)
Actual kernel exit 0: SafeLearning.CompleteModulesLoSBOExtremalConsequences (379/464)
Actual kernel exit 0: SafeLearning.CompleteModulesLoSBOGaussianHorizon (380/464)
Actual kernel exit 0: SafeLearning.CompleteModulesLoSBOGaussianNoise (381/464)
Actual kernel exit 0: SafeLearning.CompleteModulesLoSBOGaussianProbabilityBindings (382/464)
Actual kernel exit 0: SafeLearning.CompleteModulesLoSBOGaussianNumerics (383/464)
Actual kernel exit 0: SafeLearning.CompleteModulesLoSBOGaussianSafety (384/464)
Actual kernel exit 0: SafeLearning.CompleteModulesLoSBOGridAcquisition (385/464)
Actual kernel exit 0: SafeLearning.CompleteModulesLoSBOGridMultiAcquisition (386/464)
Actual kernel exit 0: SafeLearning.CompleteModulesLoSBOGridUpdates (387/464)
Actual kernel exit 0: SafeLearning.CompleteModulesLoSBOIndexedSafety (388/464)
Actual kernel exit 0: SafeLearning.CompleteModulesLoSBOPracticeConsequences (389/464)
Actual kernel exit 0: SafeLearning.CompleteModulesLoSBOPracticeModels (390/464)
Actual kernel exit 0: SafeLearning.CompleteModulesLoSBOPracticeNumbers (391/464)
Actual kernel exit 0: SafeLearning.CompleteModulesLoSBOPracticeNumerics (392/464)
Actual kernel exit 0: SafeLearning.CompleteModulesRKHSScaling (393/464)
Actual kernel exit 0: SafeLearning.CompleteModulesLoSBOUnsafeConsequences (394/464)
Actual kernel exit 0: SafeLearning.CompleteModulesLoSBOPracticeRKHS (395/464)
Actual kernel exit 0: SafeLearning.CompleteModulesLoSBOUnsafeThreePoint (396/464)
Actual kernel exit 0: SafeLearning.CompleteModulesRealHarmonicFrequencyChoices (397/464)
Actual kernel exit 0: SafeLearning.CompleteModulesRealHarmonicOddFrames (398/464)
Actual kernel exit 0: SafeLearning.CompleteModulesRealHarmonicOrthogonality (399/464)
Actual kernel exit 0: SafeLearning.CompleteModulesRealHarmonicPairedFrames (400/464)
Actual kernel exit 0: SafeLearning.CompleteModulesRidgePosteriorEquality (401/464)
Actual kernel exit 0: SafeLearning.CompleteModulesRealTightFrameTransport (402/464)
Actual kernel exit 0: SafeLearning.CompleteModulesRealUnitNormTightFrameExistence (403/464)
Actual kernel exit 0: SafeLearning.CompleteModulesRidgeResidualBounds (404/464)
Actual kernel exit 0: SafeLearning.CompleteModulesRidgeSourceQuery (405/464)
Actual kernel exit 0: SafeLearning.CompleteModulesSafeOptConfidenceInitialization (406/464)
Actual kernel exit 0: SafeLearning.CompleteModulesSafeOptConfidenceIntersections (407/464)
Actual kernel exit 0: SafeLearning.CompleteModulesSafeOptCosineGap (408/464)
Actual kernel exit 0: SafeLearning.CompleteModulesSafeOptDisconnectedConsequences (409/464)
Actual kernel exit 0: SafeLearning.CompleteModulesSafeOptDisconnectedGeometry (410/464)
Actual kernel exit 0: SafeLearning.CompleteModulesSafeOptEightPointAlgorithms (411/464)
Actual kernel exit 0: SafeLearning.CompleteModulesSafeOptEightPointConsequences (412/464)
Actual kernel exit 0: SafeLearning.CompleteModulesSafeOptEightPointRadii (413/464)
Actual kernel exit 0: SafeLearning.CompleteModulesSafeOptEightPointPosteriors (414/464)
Actual kernel exit 0: SafeLearning.CompleteModulesSafeOptEightPointReachability (415/464)
Actual kernel exit 0: SafeLearning.CompleteModulesSafeOptFiniteInformationBound (416/464)
Actual kernel exit 0: SafeLearning.CompleteModulesSafeOptFiniteOptimality (417/464)
Actual kernel exit 0: SafeLearning.CompleteModulesSafeOptFiniteInformationGrowth (418/464)
Actual kernel exit 0: SafeLearning.CompleteModulesSafeOptFiniteRunOptimality (419/464)
Actual kernel exit 0: SafeLearning.CompleteModulesSafeOptFiniteStageOptimality (420/464)
Actual kernel exit 0: SafeLearning.CompleteModulesSafeOptFiniteStageWidth (421/464)
Actual kernel exit 0: SafeLearning.CompleteModulesSafeOptGPInformationBudget (422/464)
Actual kernel exit 0: SafeLearning.CompleteModulesSafeOptFiniteWindows (423/464)
Actual kernel exit 0: SafeLearning.CompleteModulesSafeOptGaussianGapDecay (424/464)
Actual kernel exit 0: SafeLearning.CompleteModulesSafeOptGaussianGapDecayConsequences (425/464)
Actual kernel exit 0: SafeLearning.CompleteModulesSafeOptGaussianGapGram (426/464)
Actual kernel exit 0: SafeLearning.CompleteModulesSafeOptGaussianGapPosterior (427/464)
Actual kernel exit 0: SafeLearning.CompleteModulesSafeOptGaussianGapFeatures (428/464)
Actual kernel exit 0: SafeLearning.CompleteModulesSafeOptGaussianGapRKHS (429/464)
Actual kernel exit 0: SafeLearning.CompleteModulesSafeOptGaussianGapRKHSConsequences (430/464)
Actual kernel exit 0: SafeLearning.CompleteModulesSafeOptInitializedRun (431/464)
Actual kernel exit 0: SafeLearning.CompleteModulesSafeOptGaussianGapSeries (432/464)
Actual kernel exit 0: SafeLearning.CompleteModulesSafeOptIntegerHorizon (433/464)
Actual kernel exit 0: SafeLearning.CompleteModulesSafeOptKernelPosteriorError (434/464)
Actual kernel exit 0: SafeLearning.CompleteModulesSafeOptKernelRunOptimality (435/464)
Actual kernel exit 0: SafeLearning.CompleteModulesSafeOptLogPowerGrowth (436/464)
Actual kernel exit 0: SafeLearning.CompleteModulesSafeOptPersistentReport (437/464)
Actual kernel exit 0: SafeLearning.CompleteModulesSafeOptPositiveVariance (438/464)
Actual kernel exit 0: SafeLearning.CompleteModulesSafeOptPosteriorConsequences (439/464)
Actual kernel exit 0: SafeLearning.CompleteModulesSafeOptPosteriorError (440/464)
Actual kernel exit 0: SafeLearning.CompleteModulesSafeOptPracticeLiteralWidths (441/464)
Actual kernel exit 0: SafeLearning.CompleteModulesSafeOptPracticeConsequences (442/464)
Actual kernel exit 0: SafeLearning.CompleteModulesSafeOptPracticeNumbers (443/464)
Actual kernel exit 0: SafeLearning.CompleteModulesSafeOptPracticeReachability (444/464)
Actual kernel exit 0: SafeLearning.CompleteModulesSafeOptRKHSPosteriorError (445/464)
Actual kernel exit 0: SafeLearning.CompleteModulesSafeOptReachableClosure (446/464)
Actual kernel exit 0: SafeLearning.CompleteModulesSafeOptPracticeTheorems (447/464)
Actual kernel exit 0: SafeLearning.CompleteModulesSafeOptReachableKernelRun (448/464)
Actual kernel exit 0: SafeLearning.CompleteModulesSafeOptRoundAllocation (449/464)
Actual kernel exit 0: SafeLearning.CompleteModulesSafeOptStageConsequences (450/464)
Actual kernel exit 0: SafeLearning.CompletePolicyBarrierCentralPath (451/464)
Actual kernel exit 0: SafeLearning.CompletePolicyBarrierRates (452/464)
Actual kernel exit 0: SafeLearning.CompletePolicyBenchmarkRatios (453/464)
Actual kernel exit 0: SafeLearning.CompletePolicyCPOExampleRegimes (454/464)
Actual kernel exit 0: SafeLearning.CompletePolicyCPOExample (455/464)
Actual kernel exit 0: SafeLearning.CompletePolicyCPOPrintedDualValues (456/464)
Actual kernel exit 0: SafeLearning.CompletePolicyFeasibleTRPO (457/464)
Actual kernel exit 0: SafeLearning.CompletePolicyPenaltyRates (458/464)
Actual kernel exit 0: SafeLearning.CompletePolicyPenaltyConsequences (459/464)
Actual kernel exit 0: SafeLearning.CompletePolicyQuadraticCalculus (460/464)
Actual kernel exit 0: SafeLearning.CompletePolicyQuadraticDual (461/464)
Actual kernel exit 0: SafeLearning.CompletePolicyQuadraticDualConvex (462/464)
Actual kernel exit 0: SafeLearning.CompletePolicyQuadraticPerspective (463/464)
Actual kernel exit 0: SafeLearning.CompletePolicyTRPOCalculus (464/464)
