book/coverage/checks/correction22-source-after.html:217: trailing whitespace.
+    
book/coverage/checks/correction22-source-after.html:604: trailing whitespace.
+    
book/coverage/checks/correction22-source-after.html:607: trailing whitespace.
+    
book/coverage/checks/correction22-source-before.html:217: trailing whitespace.
+    
book/coverage/checks/correction22-source-before.html:604: trailing whitespace.
+    
book/coverage/checks/correction22-source-before.html:607: trailing whitespace.
+    
book/coverage/checks/correction24-source-after.html:458: trailing whitespace.
+    
book/coverage/checks/correction24-source-after.html:509: trailing whitespace.
+    
book/coverage/checks/correction24-source-before.html:458: trailing whitespace.
+    
book/coverage/checks/correction24-source-before.html:509: trailing whitespace.
+    
verification/lean/SafeLearning/CompleteModulesLinearProgram.lean:38: trailing whitespace.
+      have hi : actualNonnegativeDomainAffineInfimum constant firstCoefficient secondCoefficient ≤ 
verification/lean/SafeLearning/CompleteModulesLinearProgram.lean:54: trailing whitespace.
+      have hi : actualNonnegativeDomainAffineInfimum constant firstCoefficient secondCoefficient ≤ 
