Kernel evidence reused (identical imports): SafeLearning.BookApplications
Kernel evidence reused (identical imports): SafeLearning.CompleteAlternatingCMDP
Kernel evidence reused (identical imports): SafeLearning.CompleteAlternatingCMDPGeometry
Kernel evidence reused (identical imports): SafeLearning.CompleteAlternatingCMDPReturns
Kernel replay passed: SafeLearning.CompleteAppliedACImproperFTC
Kernel replay passed: SafeLearning.CompleteAppliedActuatorBarrier
Kernel evidence reused (identical imports): SafeLearning.CompleteAppliedAdaptiveSigns
Kernel evidence reused (identical imports): SafeLearning.CompleteAppliedAlarmBatches
Kernel evidence reused (identical imports): SafeLearning.CompleteAppliedAlarmModel
Kernel evidence reused (identical imports): SafeLearning.CompleteAppliedAlarmPrecision
Kernel replay passed: SafeLearning.CompleteAppliedAlmostSureBridges
Kernel evidence reused (identical imports): SafeLearning.CompleteAppliedAzuma
Kernel evidence reused (identical imports): SafeLearning.CompleteAppliedBackprop
Kernel evidence reused (identical imports): SafeLearning.CompleteAppliedBandit
Kernel evidence reused (identical imports): SafeLearning.CompleteAppliedBaselineDegenerate
Kernel evidence reused (identical imports): SafeLearning.CompleteAppliedBaselines
Kernel evidence reused (identical imports): SafeLearning.CompleteAppliedBellman
Kernel replay passed: SafeLearning.CompleteAppliedBellmanReturns
Kernel evidence reused (identical imports): SafeLearning.CompleteAppliedBinaryPinsker
Kernel replay passed: SafeLearning.CompleteAppliedBinaryTemperature
Kernel replay passed: SafeLearning.CompleteAppliedBinaryTemperatureNumbers
Kernel evidence reused (identical imports): SafeLearning.CompleteAppliedBinomialModel
Kernel replay passed: SafeLearning.CompleteAppliedBoundedSampleNumbers
Kernel replay passed: SafeLearning.CompleteAppliedBoundedSampleSizes
Kernel evidence reused (identical imports): SafeLearning.CompleteAppliedCDF
Kernel replay passed: SafeLearning.CompleteAppliedCalibrationAverages
Kernel replay passed: SafeLearning.CompleteAppliedCalibrationConstants
Kernel replay passed: SafeLearning.CompleteAppliedCalibrationFreshNoise
Kernel replay passed: SafeLearning.CompleteAppliedCalibrationGeneralRepeated
Kernel replay passed: SafeLearning.CompleteAppliedCalibrationIndependentExtension
Kernel replay passed: SafeLearning.CompleteAppliedCalibrationModelAssembly
Kernel replay passed: SafeLearning.CompleteAppliedCalibrationPrediction
Kernel replay passed: SafeLearning.CompleteAppliedCalibrationRepeatedJoint
Kernel replay passed: SafeLearning.CompleteAppliedCircleConsequences
Kernel replay passed: SafeLearning.CompleteAppliedCircleFeedback
Kernel replay passed: SafeLearning.CompleteAppliedCircleFrequency
Kernel replay passed: SafeLearning.CompleteAppliedCircleSectorDefinitions
Kernel evidence reused (identical imports): SafeLearning.CompleteAppliedClassKModels
Kernel replay passed: SafeLearning.CompleteAppliedClippingGAE
Kernel replay passed: SafeLearning.CompleteAppliedClippingLambdaReturn
Kernel replay passed: SafeLearning.CompleteAppliedCompactLipschitzCriterion
Kernel replay passed: SafeLearning.CompleteAppliedComparisonFilter
Kernel replay passed: SafeLearning.CompleteAppliedComparisonFilterNumbers
Kernel evidence reused (identical imports): SafeLearning.CompleteAppliedConcentration
Kernel evidence reused (identical imports): SafeLearning.CompleteAppliedConditionalBounds
Kernel evidence reused (identical imports): SafeLearning.CompleteAppliedConditionalLaw
Kernel evidence reused (identical imports): SafeLearning.CompleteAppliedConfidence
Kernel evidence reused (identical imports): SafeLearning.CompleteAppliedConfidenceIdentities
Kernel replay passed: SafeLearning.CompleteAppliedConformalConditional
Kernel replay passed: SafeLearning.CompleteAppliedConformalConsequences
Kernel replay passed: SafeLearning.CompleteAppliedConformalRanks
Kernel replay passed: SafeLearning.CompleteAppliedConformalSubgroups
Kernel replay passed: SafeLearning.CompleteAppliedContinuousDiscreteContrast
Kernel replay passed: SafeLearning.CompleteAppliedControlAffineDefinitions
Kernel replay passed: SafeLearning.CompleteAppliedControlAffineGradient
Kernel replay passed: SafeLearning.CompleteAppliedControlAffineQuadratic
Kernel replay passed: SafeLearning.CompleteAppliedCoordinateTransfer
Kernel replay passed: SafeLearning.CompleteAppliedCoordinateTransferConsequences
Kernel evidence reused (identical imports): SafeLearning.CompleteAppliedCorrelation
Kernel evidence reused (identical imports): SafeLearning.CompleteAppliedCovariance
Kernel replay passed: SafeLearning.CompleteAppliedCovarianceConsequences
Kernel replay passed: SafeLearning.CompleteAppliedCovarianceMatrix
Kernel replay passed: SafeLearning.CompleteAppliedCoverageBeta
Kernel replay passed: SafeLearning.CompleteAppliedCoverageBetaCDF
Kernel replay passed: SafeLearning.CompleteAppliedCoverageContinuousTransform
Kernel replay passed: SafeLearning.CompleteAppliedCoverageFreshTests
Kernel replay passed: SafeLearning.CompleteAppliedCoverageOrderStatistic
Kernel replay passed: SafeLearning.CompleteAppliedCoverageScoreExperiment
Kernel replay passed: SafeLearning.CompleteAppliedCoverageScoreTestMoments
Kernel replay passed: SafeLearning.CompleteAppliedCoverageSource
Kernel evidence reused (identical imports): SafeLearning.CompleteAppliedCoverageTransfer
Kernel replay passed: SafeLearning.CompleteAppliedCoverageUniformLaw
Kernel replay passed: SafeLearning.CompleteAppliedCubicSublevel
Kernel replay passed: SafeLearning.CompleteAppliedCubicSublevelConsequences
Kernel replay passed: SafeLearning.CompleteAppliedCubicSublevelSource
Kernel evidence reused (identical imports): SafeLearning.CompleteAppliedDensityDefinitions
Kernel evidence reused (identical imports): SafeLearning.CompleteAppliedDensityScaling
Kernel evidence reused (identical imports): SafeLearning.CompleteAppliedDiagonalCertificates
Kernel evidence reused (identical imports): SafeLearning.CompleteAppliedDiagonalODE
Kernel evidence reused (identical imports): SafeLearning.CompleteAppliedDiagonalSpectral
Kernel replay passed: SafeLearning.CompleteAppliedDiscountHorizonConsequences
Kernel replay passed: SafeLearning.CompleteAppliedDiscountedHorizons
Kernel replay passed: SafeLearning.CompleteAppliedDiscreteBasinConsequences
Kernel replay passed: SafeLearning.CompleteAppliedDiscreteDiagonal
Kernel replay passed: SafeLearning.CompleteAppliedDiscreteEigenvalues
Kernel replay passed: SafeLearning.CompleteAppliedDiscreteLQR
Kernel replay passed: SafeLearning.CompleteAppliedDiscreteLQRNumbers
Kernel replay passed: SafeLearning.CompleteAppliedDiscreteLyapunovMatrix
Kernel evidence reused (identical imports): SafeLearning.CompleteAppliedDiscreteMassDefinitions
Kernel replay passed: SafeLearning.CompleteAppliedDiscreteQuadraticBasin
Kernel evidence reused (identical imports): SafeLearning.CompleteAppliedDynamics
Kernel evidence reused (identical imports): SafeLearning.CompleteAppliedElementary
Kernel replay passed: SafeLearning.CompleteAppliedEmpiricalLaw
Kernel replay passed: SafeLearning.CompleteAppliedEnsembleCovariance
Kernel evidence reused (identical imports): SafeLearning.CompleteAppliedEntropyChain
Kernel evidence reused (identical imports): SafeLearning.CompleteAppliedEntropyConditionals
Kernel evidence reused (identical imports): SafeLearning.CompleteAppliedEntropyDisintegration
Kernel evidence reused (identical imports): SafeLearning.CompleteAppliedEntropyGeometry
Kernel evidence reused (identical imports): SafeLearning.CompleteAppliedEntropyJensen
Kernel evidence reused (identical imports): SafeLearning.CompleteAppliedEntropyUnits
Kernel replay passed: SafeLearning.CompleteAppliedEpisodeIndependence
Kernel replay passed: SafeLearning.CompleteAppliedExcursionConsequences
Kernel replay passed: SafeLearning.CompleteAppliedExcursionDecomposition
Kernel replay passed: SafeLearning.CompleteAppliedExcursionModels
Kernel evidence reused (identical imports): SafeLearning.CompleteAppliedExerciseModels
Kernel evidence reused (identical imports): SafeLearning.CompleteAppliedExercises
Kernel evidence reused (identical imports): SafeLearning.CompleteAppliedExpectationDomains
Kernel evidence reused (identical imports): SafeLearning.CompleteAppliedExpectations
Kernel evidence reused (identical imports): SafeLearning.CompleteAppliedExponentialMartingale
Kernel evidence reused (identical imports): SafeLearning.CompleteAppliedFailureCounts
Kernel evidence reused (identical imports): SafeLearning.CompleteAppliedFiniteBregman
Kernel evidence reused (identical imports): SafeLearning.CompleteAppliedFiniteClaims
Kernel evidence reused (identical imports): SafeLearning.CompleteAppliedFiniteEntropy
Kernel replay passed: SafeLearning.CompleteAppliedFiniteHorizonQuadratic
Kernel replay passed: SafeLearning.CompleteAppliedFiniteHorizonSourceConsequences
Kernel evidence reused (identical imports): SafeLearning.CompleteAppliedFiniteKL
Kernel evidence reused (identical imports): SafeLearning.CompleteAppliedFiniteKLSupport
Kernel evidence reused (identical imports): SafeLearning.CompleteAppliedFinitePinsker
Kernel evidence reused (identical imports): SafeLearning.CompleteAppliedFiniteVariation
Kernel replay passed: SafeLearning.CompleteAppliedFourGains
Kernel replay passed: SafeLearning.CompleteAppliedFourGainsSharp
Kernel replay passed: SafeLearning.CompleteAppliedFractionalTailDual
Kernel replay passed: SafeLearning.CompleteAppliedGaussianAlarmImplementation
Kernel replay passed: SafeLearning.CompleteAppliedGaussianAlarmQuantile
Kernel replay passed: SafeLearning.CompleteAppliedGaussianBayesGeneral
Kernel replay passed: SafeLearning.CompleteAppliedGaussianBayesJoint
Kernel replay passed: SafeLearning.CompleteAppliedGaussianCDF
Kernel replay passed: SafeLearning.CompleteAppliedGaussianCVaR
Kernel replay passed: SafeLearning.CompleteAppliedGaussianCVaRNumbers
Kernel replay passed: SafeLearning.CompleteAppliedGaussianCentralConfidence
Kernel replay passed: SafeLearning.CompleteAppliedGaussianChanceConstraint
Kernel evidence reused (identical imports): SafeLearning.CompleteAppliedGaussianEntropy
Kernel evidence reused (identical imports): SafeLearning.CompleteAppliedGaussianEntropyConsequences
Kernel replay passed: SafeLearning.CompleteAppliedGaussianFourGenerative
Kernel replay passed: SafeLearning.CompleteAppliedGaussianFourJoint
Kernel replay passed: SafeLearning.CompleteAppliedGaussianFourNumbers
Kernel replay passed: SafeLearning.CompleteAppliedGaussianFourSource
Kernel replay passed: SafeLearning.CompleteAppliedGaussianFourUpdate
Kernel replay passed: SafeLearning.CompleteAppliedGaussianGeneralIntegral
Kernel replay passed: SafeLearning.CompleteAppliedGaussianIntegralBounds
Kernel replay passed: SafeLearning.CompleteAppliedGaussianMoments
Kernel replay passed: SafeLearning.CompleteAppliedGaussianNinetyQuantile
Kernel replay passed: SafeLearning.CompleteAppliedGaussianPosterior
Kernel replay passed: SafeLearning.CompleteAppliedGaussianPosteriorGenerative
Kernel replay passed: SafeLearning.CompleteAppliedGaussianPosteriorJoint
Kernel replay passed: SafeLearning.CompleteAppliedGaussianQuantile
Kernel replay passed: SafeLearning.CompleteAppliedGaussianRiskSource
Kernel replay passed: SafeLearning.CompleteAppliedGaussianStandardization
Kernel replay passed: SafeLearning.CompleteAppliedGaussianTailIntegral
Kernel replay passed: SafeLearning.CompleteAppliedGaussianTailMoment
Kernel replay passed: SafeLearning.CompleteAppliedGeneralCorrelation
Kernel replay passed: SafeLearning.CompleteAppliedGlobalLipschitzACUniqueness
Kernel replay passed: SafeLearning.CompleteAppliedGlobalLipschitzACVectorUniqueness
Kernel replay passed: SafeLearning.CompleteAppliedGlobalLipschitzPicard
Kernel replay passed: SafeLearning.CompleteAppliedGlobalLipschitzTrajectory
Kernel evidence reused (identical imports): SafeLearning.CompleteAppliedGridConfidence
Kernel replay passed: SafeLearning.CompleteAppliedHarvestConsequences
