Kernel evidence reused (identical imports): SafeLearning.CompleteAppliedIIDProducts
Kernel evidence reused (identical imports): SafeLearning.CompleteAppliedIndependenceDefinitions
Kernel evidence reused (identical imports): SafeLearning.CompleteAppliedInformation
Kernel evidence reused (identical imports): SafeLearning.CompleteAppliedInformationBridges
Kernel evidence reused (identical imports): SafeLearning.CompleteAppliedInformationExamples
Kernel evidence reused (identical imports): SafeLearning.CompleteAppliedInformationPrecision
Kernel evidence reused (identical imports): SafeLearning.CompleteAppliedLargeNumbers
Kernel evidence reused (identical imports): SafeLearning.CompleteAppliedLookahead
Kernel evidence reused (identical imports): SafeLearning.CompleteAppliedMartingale
Kernel evidence reused (identical imports): SafeLearning.CompleteAppliedMeasurePinsker
Kernel evidence reused (identical imports): SafeLearning.CompleteAppliedMixtures
Kernel evidence reused (identical imports): SafeLearning.CompleteAppliedNaturalStep
Kernel evidence reused (identical imports): SafeLearning.CompleteAppliedNetwork
Kernel evidence reused (identical imports): SafeLearning.CompleteAppliedOneStateConsequences
Kernel evidence reused (identical imports): SafeLearning.CompleteAppliedOneStateOccupancy
Kernel evidence reused (identical imports): SafeLearning.CompleteAppliedPolicy
Kernel evidence reused (identical imports): SafeLearning.CompleteAppliedPolicyModel
Kernel evidence reused (identical imports): SafeLearning.CompleteAppliedProbability
Kernel evidence reused (identical imports): SafeLearning.CompleteAppliedProbabilityModel
Kernel evidence reused (identical imports): SafeLearning.CompleteAppliedProbabilitySpace
Kernel evidence reused (identical imports): SafeLearning.CompleteAppliedResidualModels
Kernel evidence reused (identical imports): SafeLearning.CompleteAppliedReturns
Kernel evidence reused (identical imports): SafeLearning.CompleteAppliedRiskPrecision
Kernel evidence reused (identical imports): SafeLearning.CompleteAppliedRiskPrimer
Kernel evidence reused (identical imports): SafeLearning.CompleteAppliedSampling
Kernel evidence reused (identical imports): SafeLearning.CompleteAppliedSaturationSector
Kernel evidence reused (identical imports): SafeLearning.CompleteAppliedScalarAttraction
Kernel evidence reused (identical imports): SafeLearning.CompleteAppliedScalarConsequences
Kernel evidence reused (identical imports): SafeLearning.CompleteAppliedScalarODE
Kernel evidence reused (identical imports): SafeLearning.CompleteAppliedScalarODEBridges
Kernel evidence reused (identical imports): SafeLearning.CompleteAppliedScalarTrajectories
Kernel evidence reused (identical imports): SafeLearning.CompleteAppliedSoftValues
Kernel evidence reused (identical imports): SafeLearning.CompleteAppliedSplitRelu
Kernel evidence reused (identical imports): SafeLearning.CompleteAppliedStopping
Kernel evidence reused (identical imports): SafeLearning.CompleteAppliedSystems
Kernel evidence reused (identical imports): SafeLearning.CompleteAppliedTailBounds
Kernel evidence reused (identical imports): SafeLearning.CompleteAppliedTailRisk
Kernel evidence reused (identical imports): SafeLearning.CompleteAppliedTailRiskOptima
Kernel evidence reused (identical imports): SafeLearning.CompleteAppliedTailRiskSlopes
Kernel evidence reused (identical imports): SafeLearning.CompleteAppliedTwoAtomRisk
Kernel evidence reused (identical imports): SafeLearning.CompleteAppliedUndiscountedModels
Kernel evidence reused (identical imports): SafeLearning.CompleteAppliedUniformBias
Kernel evidence reused (identical imports): SafeLearning.CompleteAppliedUniformDefinitions
Kernel evidence reused (identical imports): SafeLearning.CompleteAppliedValidation
Kernel evidence reused (identical imports): SafeLearning.CompleteAppliedValidationNumbers
Kernel evidence reused (identical imports): SafeLearning.CompleteAppliedValidationTests
Kernel evidence reused (identical imports): SafeLearning.CompleteAppliedVariationBridges
Kernel evidence reused (identical imports): SafeLearning.CompleteAppliedVariationMetric
Kernel evidence reused (identical imports): SafeLearning.CompleteAppliedZeroConfidence
Kernel evidence reused (identical imports): SafeLearning.CompleteBarrierAEComparison
Kernel evidence reused (identical imports): SafeLearning.CompleteBarrierAbsolutelyContinuous
Kernel evidence reused (identical imports): SafeLearning.CompleteBarrierControlAffine
Kernel evidence reused (identical imports): SafeLearning.CompleteBarrierDegenerateCBF
Kernel evidence reused (identical imports): SafeLearning.CompleteBarrierDegenerateControl
Kernel evidence reused (identical imports): SafeLearning.CompleteBarrierDiscontinuousSign
Kernel evidence reused (identical imports): SafeLearning.CompleteBarrierDomainControl
Kernel evidence reused (identical imports): SafeLearning.CompleteBarrierExamples
Kernel evidence reused (identical imports): SafeLearning.CompleteBarrierFallback
Kernel evidence reused (identical imports): SafeLearning.CompleteBarrierFilippovC1
Kernel evidence reused (identical imports): SafeLearning.CompleteBarrierFilippovHalfspaces
Kernel evidence reused (identical imports): SafeLearning.CompleteBarrierFiniteEscape
Kernel evidence reused (identical imports): SafeLearning.CompleteBarrierISSf
Kernel evidence reused (identical imports): SafeLearning.CompleteBarrierLocalISSf
Kernel evidence reused (identical imports): SafeLearning.CompleteBarrierNonlinearComparison
Kernel evidence reused (identical imports): SafeLearning.CompleteBarrierNonlinearDomainComparison
Kernel evidence reused (identical imports): SafeLearning.CompleteBarrierNonuniqueSolutions
Kernel evidence reused (identical imports): SafeLearning.CompleteBarrierSignFilippov
Kernel evidence reused (identical imports): SafeLearning.CompleteBarrierTrajectories
Kernel evidence reused (identical imports): SafeLearning.CompleteBarrierVectorChainRule
Kernel evidence reused (identical imports): SafeLearning.CompleteBookProjects
Kernel evidence reused (identical imports): SafeLearning.CompleteBudgetValue
Kernel evidence reused (identical imports): SafeLearning.CompleteCompactLyapunov
Kernel evidence reused (identical imports): SafeLearning.CompleteConformal
Kernel evidence reused (identical imports): SafeLearning.CompleteConformalCounterexample
Kernel evidence reused (identical imports): SafeLearning.CompleteCoreBook
Kernel evidence reused (identical imports): SafeLearning.CompleteCoreControl
Kernel evidence reused (identical imports): SafeLearning.CompleteCoreEntryModel
Kernel evidence reused (identical imports): SafeLearning.CompleteCoreMaterialLimits
Kernel evidence reused (identical imports): SafeLearning.CompleteCoreProbability
Kernel evidence reused (identical imports): SafeLearning.CompleteCoreReturns
Kernel evidence reused (identical imports): SafeLearning.CompleteDiscountedFlow
Kernel evidence reused (identical imports): SafeLearning.CompleteDualPIAmplitude
Kernel evidence reused (identical imports): SafeLearning.CompleteDualPIHalfEnvelope
Kernel evidence reused (identical imports): SafeLearning.CompleteDualPIJury
Kernel evidence reused (identical imports): SafeLearning.CompleteDualPILinearModel
Kernel evidence reused (identical imports): SafeLearning.CompleteDualPINumerics
Kernel evidence reused (identical imports): SafeLearning.CompleteDualPIOscillation
Kernel evidence reused (identical imports): SafeLearning.CompleteDualPIRecurrenceDecay
Kernel evidence reused (identical imports): SafeLearning.CompleteDualPIStability
Kernel evidence reused (identical imports): SafeLearning.CompleteDuality
Kernel evidence reused (identical imports): SafeLearning.CompleteExponentialBarrier
Kernel evidence reused (identical imports): SafeLearning.CompleteExponentialBarrierClassK
Kernel evidence reused (identical imports): SafeLearning.CompleteExponentialBarrierConsequences
Kernel evidence reused (identical imports): SafeLearning.CompleteExponentialBarrierSafety
Kernel evidence reused (identical imports): SafeLearning.CompleteFiniteCMDPActiveFlow
Kernel evidence reused (identical imports): SafeLearning.CompleteFiniteCMDPDeterministicVertices
Kernel evidence reused (identical imports): SafeLearning.CompleteFiniteCMDPFlow
Kernel evidence reused (identical imports): SafeLearning.CompleteFiniteCMDPInverse
Kernel evidence reused (identical imports): SafeLearning.CompleteFiniteCMDPLinearProgram
Kernel evidence reused (identical imports): SafeLearning.CompleteFiniteCMDPMatrixConsequences
Kernel evidence reused (identical imports): SafeLearning.CompleteFiniteCMDPOccupancy
Kernel evidence reused (identical imports): SafeLearning.CompleteFiniteCMDPRecovery
Kernel evidence reused (identical imports): SafeLearning.CompleteFiniteCMDPScaledSpectrum
Kernel evidence reused (identical imports): SafeLearning.CompleteFiniteCMDPSpectrum
Kernel evidence reused (identical imports): SafeLearning.CompleteFiniteCMDPVertexClassification
Kernel evidence reused (identical imports): SafeLearning.CompleteFiniteControlledPathFlow
Kernel evidence reused (identical imports): SafeLearning.CompleteFiniteControlledPathMeasure
Kernel evidence reused (identical imports): SafeLearning.CompleteFiniteControlledPathMeasureLaws
Kernel evidence reused (identical imports): SafeLearning.CompleteFiniteHistoryPathLinearProgram
Kernel evidence reused (identical imports): SafeLearning.CompleteFiniteMarkovPathCorrespondence
Kernel evidence reused (identical imports): SafeLearning.CompleteFiniteNonnegativeAffineExtrema
Kernel evidence reused (identical imports): SafeLearning.CompleteFinitePathAbsoluteRewardBound
Kernel evidence reused (identical imports): SafeLearning.CompleteFinitePathOccupancyReindex
Kernel evidence reused (identical imports): SafeLearning.CompleteFiniteTrajectoryReturns
Kernel evidence reused (identical imports): SafeLearning.CompleteFoundationsAffineRKHS
Kernel evidence reused (identical imports): SafeLearning.CompleteFoundationsAlgorithms
Kernel evidence reused (identical imports): SafeLearning.CompleteFoundationsAugmentedModels
Kernel evidence reused (identical imports): SafeLearning.CompleteFoundationsBackupGames
Kernel evidence reused (identical imports): SafeLearning.CompleteFoundationsBlockModels
Kernel evidence reused (identical imports): SafeLearning.CompleteFoundationsBook
Kernel evidence reused (identical imports): SafeLearning.CompleteFoundationsBoxedQP
Kernel evidence reused (identical imports): SafeLearning.CompleteFoundationsCalculusModels
Kernel evidence reused (identical imports): SafeLearning.CompleteFoundationsCholeskyComplexity
Kernel evidence reused (identical imports): SafeLearning.CompleteFoundationsCholeskyCost
Kernel evidence reused (identical imports): SafeLearning.CompleteFoundationsCholeskyFamily
Kernel evidence reused (identical imports): SafeLearning.CompleteFoundationsCholeskyRecursion
Kernel evidence reused (identical imports): SafeLearning.CompleteFoundationsConditionedQuadratic
Kernel evidence reused (identical imports): SafeLearning.CompleteFoundationsCongruence
Kernel evidence reused (identical imports): SafeLearning.CompleteFoundationsConjugateConsequences
Kernel evidence reused (identical imports): SafeLearning.CompleteFoundationsConstrainedModels
Kernel evidence reused (identical imports): SafeLearning.CompleteFoundationsConvergence
Kernel evidence reused (identical imports): SafeLearning.CompleteFoundationsConvexKink
Kernel evidence reused (identical imports): SafeLearning.CompleteFoundationsConvexSets
Kernel evidence reused (identical imports): SafeLearning.CompleteFoundationsCubicGrids
Kernel evidence reused (identical imports): SafeLearning.CompleteFoundationsDefinitenessModels
Kernel evidence reused (identical imports): SafeLearning.CompleteFoundationsDiscountHorizons
Kernel evidence reused (identical imports): SafeLearning.CompleteFoundationsEllipseGeometry
Kernel evidence reused (identical imports): SafeLearning.CompleteFoundationsExactPenaltyModels
Kernel evidence reused (identical imports): SafeLearning.CompleteFoundationsExerciseBridges
Kernel evidence reused (identical imports): SafeLearning.CompleteFoundationsExtendedConjugate
Kernel evidence reused (identical imports): SafeLearning.CompleteFoundationsExtrema
Kernel evidence reused (identical imports): SafeLearning.CompleteFoundationsFeatures
Kernel evidence reused (identical imports): SafeLearning.CompleteFoundationsFinite
Kernel evidence reused (identical imports): SafeLearning.CompleteFoundationsFiniteReachability
Kernel evidence reused (identical imports): SafeLearning.CompleteFoundationsFunctionExamples
Kernel evidence reused (identical imports): SafeLearning.CompleteFoundationsGeneralizedEigen
Kernel evidence reused (identical imports): SafeLearning.CompleteFoundationsGeneralizedEigenConsequences
Kernel evidence reused (identical imports): SafeLearning.CompleteFoundationsGenericPenalty
Kernel evidence reused (identical imports): SafeLearning.CompleteFoundationsGeometry
Kernel evidence reused (identical imports): SafeLearning.CompleteFoundationsGramRegularization
Kernel evidence reused (identical imports): SafeLearning.CompleteFoundationsGridCertificates
Kernel evidence reused (identical imports): SafeLearning.CompleteFoundationsGridExamples
Kernel evidence reused (identical imports): SafeLearning.CompleteFoundationsHolderGrid
Kernel evidence reused (identical imports): SafeLearning.CompleteFoundationsL2Models
Kernel evidence reused (identical imports): SafeLearning.CompleteFoundationsLessonSeries
Kernel evidence reused (identical imports): SafeLearning.CompleteFoundationsLimits
Kernel evidence reused (identical imports): SafeLearning.CompleteFoundationsLipschitzCalculus
Kernel evidence reused (identical imports): SafeLearning.CompleteFoundationsLogBacktracking
Kernel evidence reused (identical imports): SafeLearning.CompleteFoundationsLogic
Kernel evidence reused (identical imports): SafeLearning.CompleteFoundationsMatrixConjugate
Kernel evidence reused (identical imports): SafeLearning.CompleteFoundationsMatrixNormModels
Kernel evidence reused (identical imports): SafeLearning.CompleteFoundationsMatrixSensitivity
Kernel evidence reused (identical imports): SafeLearning.CompleteFoundationsMinimaConsequences
Kernel evidence reused (identical imports): SafeLearning.CompleteFoundationsMinimaModels
Kernel evidence reused (identical imports): SafeLearning.CompleteFoundationsModelErrors
Kernel evidence reused (identical imports): SafeLearning.CompleteFoundationsNormDuality
Kernel evidence reused (identical imports): SafeLearning.CompleteFoundationsNormExercises
Kernel evidence reused (identical imports): SafeLearning.CompleteFoundationsNormMaterial
Kernel evidence reused (identical imports): SafeLearning.CompleteFoundationsOptimization
Kernel evidence reused (identical imports): SafeLearning.CompleteFoundationsParameterizedConvex
Kernel evidence reused (identical imports): SafeLearning.CompleteFoundationsParameterizedConvexConsequences
Kernel evidence reused (identical imports): SafeLearning.CompleteFoundationsParsevalModels
Kernel evidence reused (identical imports): SafeLearning.CompleteFoundationsParsevalTrace
Kernel evidence reused (identical imports): SafeLearning.CompleteFoundationsPenaltyModels
Kernel evidence reused (identical imports): SafeLearning.CompleteFoundationsPolygonLP
Kernel evidence reused (identical imports): SafeLearning.CompleteFoundationsPowerDegeneracy
Kernel evidence reused (identical imports): SafeLearning.CompleteFoundationsPowerNormalization
Kernel evidence reused (identical imports): SafeLearning.CompleteFoundationsPseudoinverse
Kernel evidence reused (identical imports): SafeLearning.CompleteFoundationsQuadraticExercises
Kernel evidence reused (identical imports): SafeLearning.CompleteFoundationsQuadraticForms
Kernel evidence reused (identical imports): SafeLearning.CompleteFoundationsRankOneConsequences
Kernel evidence reused (identical imports): SafeLearning.CompleteFoundationsRankOneSchur
Kernel evidence reused (identical imports): SafeLearning.CompleteFoundationsRates
Kernel evidence reused (identical imports): SafeLearning.CompleteFoundationsRatesConsequences
Kernel evidence reused (identical imports): SafeLearning.CompleteFoundationsRatesCosts
Kernel evidence reused (identical imports): SafeLearning.CompleteFoundationsRatesDomain
Kernel evidence reused (identical imports): SafeLearning.CompleteFoundationsReachabilityJump
Kernel evidence reused (identical imports): SafeLearning.CompleteFoundationsRegretRates
Kernel evidence reused (identical imports): SafeLearning.CompleteFoundationsSVDModels
Kernel evidence reused (identical imports): SafeLearning.CompleteFoundationsSequences
Kernel evidence reused (identical imports): SafeLearning.CompleteFoundationsSequentialLogDet
Kernel evidence reused (identical imports): SafeLearning.CompleteFoundationsSeries
Kernel evidence reused (identical imports): SafeLearning.CompleteFoundationsShiftedConjugate
Kernel evidence reused (identical imports): SafeLearning.CompleteFoundationsShiftedQuadratic
Kernel evidence reused (identical imports): SafeLearning.CompleteFoundationsSixMatrixComplex
Kernel evidence reused (identical imports): SafeLearning.CompleteFoundationsSixMatrixConsequences
Kernel evidence reused (identical imports): SafeLearning.CompleteFoundationsSixMatrixNorms
Kernel evidence reused (identical imports): SafeLearning.CompleteFoundationsSixMatrixNumerics
Kernel evidence reused (identical imports): SafeLearning.CompleteFoundationsSixMatrixSpectral
Kernel evidence reused (identical imports): SafeLearning.CompleteFoundationsSolutionSensitivity
Kernel evidence reused (identical imports): SafeLearning.CompleteFoundationsSparseRegret
Kernel evidence reused (identical imports): SafeLearning.CompleteFoundationsSpectralModels
Kernel evidence reused (identical imports): SafeLearning.CompleteFoundationsStructuredModels
Kernel evidence reused (identical imports): SafeLearning.CompleteFoundationsTaylorCheck
Kernel evidence reused (identical imports): SafeLearning.CompleteFoundationsTaylorModels
Kernel evidence reused (identical imports): SafeLearning.CompleteFoundationsTeaching
Kernel evidence reused (identical imports): SafeLearning.CompleteFoundationsTemporalLogDet
Kernel evidence reused (identical imports): SafeLearning.CompleteFoundationsUniversalMatrices
Kernel evidence reused (identical imports): SafeLearning.CompleteFoundationsVectorModels
Kernel evidence reused (identical imports): SafeLearning.CompleteLyapunovAdaptiveValidation
Kernel evidence reused (identical imports): SafeLearning.CompleteLyapunovBoundComparison
Kernel evidence reused (identical imports): SafeLearning.CompleteLyapunovCounterexample
Kernel evidence reused (identical imports): SafeLearning.CompleteLyapunovExerciseModels
Kernel evidence reused (identical imports): SafeLearning.CompleteLyapunovInterpolation
Kernel evidence reused (identical imports): SafeLearning.CompleteLyapunovMargins
Kernel evidence reused (identical imports): SafeLearning.CompleteLyapunovMetricModels
Kernel evidence reused (identical imports): SafeLearning.CompleteLyapunovNonlinearModels
Kernel evidence reused (identical imports): SafeLearning.CompleteLyapunovNormBridges
Kernel evidence reused (identical imports): SafeLearning.CompleteLyapunovSmallStep
Kernel evidence reused (identical imports): SafeLearning.CompleteLyapunovTrajectoryValidation
Kernel evidence reused (identical imports): SafeLearning.CompleteLyapunovValidationConfidence
Kernel evidence reused (identical imports): SafeLearning.CompleteLyapunovValidationNumbers
Kernel evidence reused (identical imports): SafeLearning.CompleteModulesAOL
Kernel evidence reused (identical imports): SafeLearning.CompleteModulesBarrierBoundary
Kernel evidence reused (identical imports): SafeLearning.CompleteModulesBarrierGradient
Kernel evidence reused (identical imports): SafeLearning.CompleteModulesBarrierObjective
Kernel evidence reused (identical imports): SafeLearning.CompleteModulesBarrierPath
Kernel evidence reused (identical imports): SafeLearning.CompleteModulesBarrierSoundness
Kernel evidence reused (identical imports): SafeLearning.CompleteModulesBarrierTraining
Kernel evidence reused (identical imports): SafeLearning.CompleteModulesBook
Kernel evidence reused (identical imports): SafeLearning.CompleteModulesCayley
Kernel evidence reused (identical imports): SafeLearning.CompleteModulesCayleyInverse
Kernel evidence reused (identical imports): SafeLearning.CompleteModulesCayleyPlane
Kernel evidence reused (identical imports): SafeLearning.CompleteModulesCayleyRange
Kernel evidence reused (identical imports): SafeLearning.CompleteModulesCholesky
Kernel evidence reused (identical imports): SafeLearning.CompleteModulesChords
Kernel evidence reused (identical imports): SafeLearning.CompleteModulesClassificationCertificate
Kernel evidence reused (identical imports): SafeLearning.CompleteModulesClassificationLevels
Kernel evidence reused (identical imports): SafeLearning.CompleteModulesClassificationNorm
Kernel evidence reused (identical imports): SafeLearning.CompleteModulesClassificationNumbers
Kernel evidence reused (identical imports): SafeLearning.CompleteModulesClassificationRoundingCounterexample
Kernel evidence reused (identical imports): SafeLearning.CompleteModulesComplexBasics
Kernel evidence reused (identical imports): SafeLearning.CompleteModulesComplexCayley
Kernel evidence reused (identical imports): SafeLearning.CompleteModulesComplexCayleyCounterexample
Kernel evidence reused (identical imports): SafeLearning.CompleteModulesComplexCayleyInverse
Kernel evidence reused (identical imports): SafeLearning.CompleteModulesConformal
Kernel evidence reused (identical imports): SafeLearning.CompleteModulesDeterminantTaylor
Kernel evidence reused (identical imports): SafeLearning.CompleteModulesDiagonalQC
Kernel evidence reused (identical imports): SafeLearning.CompleteModulesDissipation
Kernel evidence reused (identical imports): SafeLearning.CompleteModulesDynamicCascade
Kernel evidence reused (identical imports): SafeLearning.CompleteModulesDynamicLayer
Kernel evidence reused (identical imports): SafeLearning.CompleteModulesDynamicLayerSoundness
Kernel evidence reused (identical imports): SafeLearning.CompleteModulesDynamicLayerTrajectory
Kernel evidence reused (identical imports): SafeLearning.CompleteModulesDynamicNetwork
Kernel evidence reused (identical imports): SafeLearning.CompleteModulesDynamics
Kernel evidence reused (identical imports): SafeLearning.CompleteModulesEigenProduct
Kernel evidence reused (identical imports): SafeLearning.CompleteModulesEllipsoidConcavity
Kernel evidence reused (identical imports): SafeLearning.CompleteModulesEllipsoidCorollaries
Kernel evidence reused (identical imports): SafeLearning.CompleteModulesEllipsoidExample
Kernel evidence reused (identical imports): SafeLearning.CompleteModulesEllipsoidHomogenization
Kernel evidence reused (identical imports): SafeLearning.CompleteModulesEllipsoidLagrange
Kernel evidence reused (identical imports): SafeLearning.CompleteModulesEllipsoidNegative
Kernel evidence reused (identical imports): SafeLearning.CompleteModulesEllipsoidOffset
Kernel evidence reused (identical imports): SafeLearning.CompleteModulesEllipsoidOptimum
Kernel evidence reused (identical imports): SafeLearning.CompleteModulesEllipsoidRoot
Kernel evidence reused (identical imports): SafeLearning.CompleteModulesEllipsoidRow
Kernel evidence reused (identical imports): SafeLearning.CompleteModulesEllipsoidSProcedure
Kernel evidence reused (identical imports): SafeLearning.CompleteModulesEllipsoidSpectral
Kernel evidence reused (identical imports): SafeLearning.CompleteModulesEllipsoidSquareRoots
Kernel evidence reused (identical imports): SafeLearning.CompleteModulesEllipsoidStrictSpectrum
Kernel evidence reused (identical imports): SafeLearning.CompleteModulesEpigraph
Kernel evidence reused (identical imports): SafeLearning.CompleteModulesFIRBase
Kernel evidence reused (identical imports): SafeLearning.CompleteModulesFIRBoundaryTightness
Kernel evidence reused (identical imports): SafeLearning.CompleteModulesFIRCorollaries
Kernel evidence reused (identical imports): SafeLearning.CompleteModulesFIRGain
Kernel evidence reused (identical imports): SafeLearning.CompleteModulesFIRInfinite
Kernel evidence reused (identical imports): SafeLearning.CompleteModulesFIRNumbers
Kernel evidence reused (identical imports): SafeLearning.CompleteModulesFIROperator
Kernel evidence reused (identical imports): SafeLearning.CompleteModulesFIRParameterization
Kernel evidence reused (identical imports): SafeLearning.CompleteModulesFIRRoundingCounterexample
Kernel evidence reused (identical imports): SafeLearning.CompleteModulesFIRTightness
Kernel evidence reused (identical imports): SafeLearning.CompleteModulesFinite
Kernel evidence reused (identical imports): SafeLearning.CompleteModulesFiniteDynamicNetwork
Kernel evidence reused (identical imports): SafeLearning.CompleteModulesFullyConnectedLayer
Kernel evidence reused (identical imports): SafeLearning.CompleteModulesGPDesign
Kernel evidence reused (identical imports): SafeLearning.CompleteModulesGPExamples
Kernel evidence reused (identical imports): SafeLearning.CompleteModulesGPNumerics
Kernel evidence reused (identical imports): SafeLearning.CompleteModulesGammaLMI
Kernel evidence reused (identical imports): SafeLearning.CompleteModulesGeneralFiniteKernel
Kernel evidence reused (identical imports): SafeLearning.CompleteModulesGeneralMargin
Kernel evidence reused (identical imports): SafeLearning.CompleteModulesGeneralNormalization
Kernel evidence reused (identical imports): SafeLearning.CompleteModulesGeneralRoesserMatrices
Kernel evidence reused (identical imports): SafeLearning.CompleteModulesGeneralRoesserRealization
Kernel evidence reused (identical imports): SafeLearning.CompleteModulesGeneralRoesserSignals
Kernel evidence reused (identical imports): SafeLearning.CompleteModulesGramBridge
Kernel evidence reused (identical imports): SafeLearning.CompleteModulesInterpolantPower
Kernel evidence reused (identical imports): SafeLearning.CompleteModulesInvalidQC
Kernel evidence reused (identical imports): SafeLearning.CompleteModulesInverseSpectrum
Kernel evidence reused (identical imports): SafeLearning.CompleteModulesKernel
Kernel evidence reused (identical imports): SafeLearning.CompleteModulesKernelConstruction
Kernel evidence reused (identical imports): SafeLearning.CompleteModulesKernelCorollaries
Kernel evidence reused (identical imports): SafeLearning.CompleteModulesKernelFunctional
Kernel evidence reused (identical imports): SafeLearning.CompleteModulesKernelMetric
Kernel evidence reused (identical imports): SafeLearning.CompleteModulesLPVertices
Kernel evidence reused (identical imports): SafeLearning.CompleteModulesLandscapeDiscountedFailure
Kernel evidence reused (identical imports): SafeLearning.CompleteModulesLandscapeEpisodeCounts
Kernel evidence reused (identical imports): SafeLearning.CompleteModulesLandscapeInvariance
Kernel evidence reused (identical imports): SafeLearning.CompleteModulesLandscapeNotation
Kernel evidence reused (identical imports): SafeLearning.CompleteModulesLandscapeRareSpike
Kernel evidence reused (identical imports): SafeLearning.CompleteModulesLandscapeRiskBudgets
Kernel evidence reused (identical imports): SafeLearning.CompleteModulesLandscapeRobustRadius
Kernel evidence reused (identical imports): SafeLearning.CompleteModulesLandscapeStabilitySets
Kernel evidence reused (identical imports): SafeLearning.CompleteModulesLandscapeTailAtom
Kernel evidence reused (identical imports): SafeLearning.CompleteModulesLinearProgram
Kernel evidence reused (identical imports): SafeLearning.CompleteModulesLipSDP
Kernel evidence reused (identical imports): SafeLearning.CompleteModulesLipSDPConvex
Kernel evidence reused (identical imports): SafeLearning.CompleteModulesLipSDPNetwork
Kernel evidence reused (identical imports): SafeLearning.CompleteModulesLipSDPProduct
Kernel evidence reused (identical imports): SafeLearning.CompleteModulesLipSDPWalkthrough
Kernel evidence reused (identical imports): SafeLearning.CompleteModulesLogDet
Kernel evidence reused (identical imports): SafeLearning.CompleteModulesMarginCorollaries
Kernel evidence reused (identical imports): SafeLearning.CompleteModulesMarginDomain
Kernel evidence reused (identical imports): SafeLearning.CompleteModulesMatrixError
Kernel evidence reused (identical imports): SafeLearning.CompleteModulesMatrixGP
Kernel evidence reused (identical imports): SafeLearning.CompleteModulesMatrixPractice
Kernel evidence reused (identical imports): SafeLearning.CompleteModulesMatrixPracticeCorollaries
Kernel evidence reused (identical imports): SafeLearning.CompleteModulesNetworks
Kernel evidence reused (identical imports): SafeLearning.CompleteModulesNormalizationStatistics
Kernel evidence reused (identical imports): SafeLearning.CompleteModulesNormalizedClassification
Kernel evidence reused (identical imports): SafeLearning.CompleteModulesOverlappingPool
Kernel evidence reused (identical imports): SafeLearning.CompleteModulesPolicyDual
Kernel evidence reused (identical imports): SafeLearning.CompleteModulesPolicyDualExample
Kernel evidence reused (identical imports): SafeLearning.CompleteModulesPooling
Kernel evidence reused (identical imports): SafeLearning.CompleteModulesPoolingCorollaries
Kernel evidence reused (identical imports): SafeLearning.CompleteModulesPoolingQC
Kernel evidence reused (identical imports): SafeLearning.CompleteModulesPosterior
Kernel evidence reused (identical imports): SafeLearning.CompleteModulesPseudoinverse
Kernel evidence reused (identical imports): SafeLearning.CompleteModulesQuadraticDual
Kernel evidence reused (identical imports): SafeLearning.CompleteModulesRKHSStructure
Kernel evidence reused (identical imports): SafeLearning.CompleteModulesRepresenter
Kernel evidence reused (identical imports): SafeLearning.CompleteModulesRiccati
Kernel evidence reused (identical imports): SafeLearning.CompleteModulesRoesserPadding
Kernel evidence reused (identical imports): SafeLearning.CompleteModulesRoesserThreeByThree
Kernel evidence reused (identical imports): SafeLearning.CompleteModulesSDPBasis
Kernel evidence reused (identical imports): SafeLearning.CompleteModulesSDPBlocks
Kernel evidence reused (identical imports): SafeLearning.CompleteModulesSDPCone
Kernel evidence reused (identical imports): SafeLearning.CompleteModulesSDPConeCorollaries
Kernel evidence reused (identical imports): SafeLearning.CompleteModulesSDPDual
Kernel evidence reused (identical imports): SafeLearning.CompleteModulesSDPTrace
Kernel evidence reused (identical imports): SafeLearning.CompleteModulesSLL
Kernel evidence reused (identical imports): SafeLearning.CompleteModulesSLLConsequences
Kernel evidence reused (identical imports): SafeLearning.CompleteModulesSLLCorollaries
Kernel evidence reused (identical imports): SafeLearning.CompleteModulesSLLExampleDetails
Kernel evidence reused (identical imports): SafeLearning.CompleteModulesSLLExamples
Kernel evidence reused (identical imports): SafeLearning.CompleteModulesSLLGershgorin
Kernel evidence reused (identical imports): SafeLearning.CompleteModulesSLLRegularization
Kernel evidence reused (identical imports): SafeLearning.CompleteModulesSLLSpectral
Kernel evidence reused (identical imports): SafeLearning.CompleteModulesSProcedureInterval
Kernel evidence reused (identical imports): SafeLearning.CompleteModulesSafeExploration
Kernel evidence reused (identical imports): SafeLearning.CompleteModulesSandwich
Kernel evidence reused (identical imports): SafeLearning.CompleteModulesSandwichConsequences
Kernel evidence reused (identical imports): SafeLearning.CompleteModulesSandwichHalf
Kernel evidence reused (identical imports): SafeLearning.CompleteModulesSandwichLMI
Kernel evidence reused (identical imports): SafeLearning.CompleteModulesScalarActivation
Kernel evidence reused (identical imports): SafeLearning.CompleteModulesScalarBoundedReal
Kernel evidence reused (identical imports): SafeLearning.CompleteModulesScalarExactGain
Kernel evidence reused (identical imports): SafeLearning.CompleteModulesScalarFrequency
Kernel evidence reused (identical imports): SafeLearning.CompleteModulesScalarGainCalculus
Kernel evidence reused (identical imports): SafeLearning.CompleteModulesScalarGainCorollaries
Kernel evidence reused (identical imports): SafeLearning.CompleteModulesScalarGainDetails
Kernel evidence reused (identical imports): SafeLearning.CompleteModulesScalarLyapunov
Kernel evidence reused (identical imports): SafeLearning.CompleteModulesScalarSDP
Kernel evidence reused (identical imports): SafeLearning.CompleteModulesScalarTrajectory
Kernel evidence reused (identical imports): SafeLearning.CompleteModulesScalarTransfer
Kernel evidence reused (identical imports): SafeLearning.CompleteModulesScaledGram
Kernel evidence reused (identical imports): SafeLearning.CompleteModulesSectorExamples
Kernel evidence reused (identical imports): SafeLearning.CompleteModulesSemidefiniteSchur
Kernel evidence reused (identical imports): SafeLearning.CompleteModulesSingularSchurPractice
Kernel evidence reused (identical imports): SafeLearning.CompleteModulesSingularSchurWitness
Kernel evidence reused (identical imports): SafeLearning.CompleteModulesSourceClassification
Kernel evidence reused (identical imports): SafeLearning.CompleteModulesSylvester
Kernel evidence reused (identical imports): SafeLearning.CompleteModulesTanhAsymptotic
Kernel evidence reused (identical imports): SafeLearning.CompleteModulesTanhChords
Kernel evidence reused (identical imports): SafeLearning.CompleteModulesTanhFTCRefinement
Kernel evidence reused (identical imports): SafeLearning.CompleteModulesTanhFunctionWitness
Kernel evidence reused (identical imports): SafeLearning.CompleteModulesTanhLocalNumerics
Kernel evidence reused (identical imports): SafeLearning.CompleteModulesTanhNumerics
Kernel evidence reused (identical imports): SafeLearning.CompleteModulesTanhOffsetEndpoints
Kernel evidence reused (identical imports): SafeLearning.CompleteModulesTanhOffsetQC
Kernel evidence reused (identical imports): SafeLearning.CompleteModulesTanhRefinement
Kernel evidence reused (identical imports): SafeLearning.CompleteModulesTanhSharpBounds
Kernel evidence reused (identical imports): SafeLearning.CompleteModulesTanhSharpExtrema
Kernel evidence reused (identical imports): SafeLearning.CompleteModulesTheory
Kernel evidence reused (identical imports): SafeLearning.CompleteModulesThermalEigen
Kernel evidence reused (identical imports): SafeLearning.CompleteModulesThermalMaxima
Kernel evidence reused (identical imports): SafeLearning.CompleteModulesThermalNumbers
Kernel evidence reused (identical imports): SafeLearning.CompleteModulesThermalTubes
Kernel evidence reused (identical imports): SafeLearning.CompleteModulesThreeTapConvolution
Kernel evidence reused (identical imports): SafeLearning.CompleteModulesThreeTapTransfer
Kernel evidence reused (identical imports): SafeLearning.CompleteModulesTwoByTwoNSD
Kernel evidence reused (identical imports): SafeLearning.CompleteModulesValues
Kernel evidence reused (identical imports): SafeLearning.CompleteModulesWeightedSeminorm
Kernel evidence reused (identical imports): SafeLearning.CompletePolicyAdvantages
Kernel evidence reused (identical imports): SafeLearning.CompletePolicyBoundary
Kernel evidence reused (identical imports): SafeLearning.CompletePolicyCDTDomain
Kernel evidence reused (identical imports): SafeLearning.CompletePolicyCDTTokens
Kernel evidence reused (identical imports): SafeLearning.CompletePolicyChecks
Kernel evidence reused (identical imports): SafeLearning.CompletePolicyConfidence
Kernel evidence reused (identical imports): SafeLearning.CompletePolicyDiskStep
Kernel evidence reused (identical imports): SafeLearning.CompletePolicyDivergence
Kernel evidence reused (identical imports): SafeLearning.CompletePolicyGeometry
Kernel evidence reused (identical imports): SafeLearning.CompletePolicyImportance
Kernel evidence reused (identical imports): SafeLearning.CompletePolicyLagrangianPrices
Kernel evidence reused (identical imports): SafeLearning.CompletePolicyMetricPrices
Kernel evidence reused (identical imports): SafeLearning.CompletePolicyMixing
Kernel evidence reused (identical imports): SafeLearning.CompletePolicyPracticeConsequences
Kernel evidence reused (identical imports): SafeLearning.CompletePolicyTrustStep
Kernel evidence reused (identical imports): SafeLearning.CompletePredictiveSafety
Kernel evidence reused (identical imports): SafeLearning.CompletePredictiveSafetyConsequences
Kernel evidence reused (identical imports): SafeLearning.CompleteProjectDomains
Kernel evidence reused (identical imports): SafeLearning.CompleteProjectOptima
Kernel evidence reused (identical imports): SafeLearning.CompleteProjectionCharacterization
Kernel evidence reused (identical imports): SafeLearning.CompleteProjectionDifferential
Kernel evidence reused (identical imports): SafeLearning.CompleteProjectionGeometry
Kernel evidence reused (identical imports): SafeLearning.CompleteSafetyBellman
Kernel evidence reused (identical imports): SafeLearning.CompleteSafetyBellmanConsequences
Kernel evidence reused (identical imports): SafeLearning.CompleteStudyGuideModels
Kernel evidence reused (identical imports): SafeLearning.CompleteTwoInputProjection
Kernel evidence reused (identical imports): SafeLearning.CompleteWeightedProjection
Kernel evidence reused (identical imports): SafeLearning.CoreAnalysis
Kernel evidence reused (identical imports): SafeLearning.CoreModules
Kernel evidence reused (identical imports): SafeLearning.Modules
Kernel evidence reused (identical imports): SafeLearning.PrimersApplied
Kernel evidence reused (identical imports): SafeLearning.PrimersFoundations
Passed: 8563 theorems in 1055 files; kernel replay and standard-axiom audit.
