SafeLearning/CompleteAppliedExercises.lean:34:16: error(lean.unknownIdentifier): Unknown constant `ENNReal.div_eq_inv`
SafeLearning/CompleteAppliedExercises.lean:34:16: error(lean.unknownIdentifier): Unknown constant `ENNReal.div_eq_inv`
SafeLearning/CompleteAppliedExercises.lean:66:8: error: No goals to be solved
SafeLearning/CompleteAppliedExercises.lean:69:5: warning: Variable name `h1` is not explicitly referenced.

Hint: The binding can be removed (if unused) or named `_` (if used implicitly). Alternatively, prefix the name with `_` to silence this warning:
  [apply] _h1

Note: This linter can be disabled with `set_option linter.unusedVariables false`
SafeLearning/CompleteAppliedExercises.lean:97:12: error(lean.unknownIdentifier): Unknown identifier `tsum_mul_ite`
SafeLearning/CompleteAppliedExercises.lean:82:60: error: unsolved goals
h0 :
  (fun n => (1 / 2) ^ n * finiteTrajectoryReward n) = fun n =>
    if n ∈ {0, 1} then (1 / 2) ^ n * finiteTrajectoryReward n else 0
h1 :
  (fun n => (1 / 2) ^ n * finiteTrajectoryReward (n + 1)) = fun n =>
    if n ∈ {0} then (1 / 2) ^ n * finiteTrajectoryReward (n + 1) else 0
⊢ (∑' (n : ℕ), if n ∈ {0, 1} then (1 / 2) ^ n * finiteTrajectoryReward n else 0) = 4 ∧
    (∑' (n : ℕ), if n ∈ {0} then (1 / 2) ^ n * finiteTrajectoryReward (n + 1) else 0) = 4
SafeLearning/CompleteAppliedExercises.lean:96:15: warning: This simp argument is unused:
  hn1

Hint: Omit it from the simp argument list.
  [apply] simp [hn, finiteTrajectoryReward]

Note: This linter can be disabled with `set_option linter.unusedSimpArgs false`
SafeLearning/CompleteAppliedExercises.lean:124:43: warning: Variable name `i` is not explicitly referenced.

Hint: The binding can be removed (if unused) or named `_` (if used implicitly). Alternatively, prefix the name with `_` to silence this warning:
  [apply] _i

Note: This linter can be disabled with `set_option linter.unusedVariables false`
SafeLearning/CompleteAppliedExercises.lean:155:11: error: `simp` made no progress
