SafeLearning/CompleteAppliedExercises.lean:34:16: error: Tactic `rewrite` failed: Did not find an occurrence of the pattern
  1 / ?a
in the target expression
  3 / 5 * (4 / 5) + 2 / 5 * (3 / 10) = 3 / 5

case «0»
⊢ 3 / 5 * (4 / 5) + 2 / 5 * (3 / 10) = 3 / 5
SafeLearning/CompleteAppliedExercises.lean:34:16: error: Tactic `rewrite` failed: Did not find an occurrence of the pattern
  1 / ?a
in the target expression
  3 / 5 * 5⁻¹ + 2 / 5 * (7 / 10) = 2 / 5

case «1»
⊢ 3 / 5 * 5⁻¹ + 2 / 5 * (7 / 10) = 2 / 5
SafeLearning/CompleteAppliedExercises.lean:68:5: warning: Variable name `h1` is not explicitly referenced.

Hint: The binding can be removed (if unused) or named `_` (if used implicitly). Alternatively, prefix the name with `_` to silence this warning:
  [apply] _h1

Note: This linter can be disabled with `set_option linter.unusedVariables false`
SafeLearning/CompleteAppliedExercises.lean:97:13: error(lean.unknownIdentifier): Unknown identifier `tsum_mem_finset`
SafeLearning/CompleteAppliedExercises.lean:97:2: error: `simp` made no progress
SafeLearning/CompleteAppliedExercises.lean:95:15: warning: This simp argument is unused:
  hn1

Hint: Omit it from the simp argument list.
  [apply] simp [hn, finiteTrajectoryReward]

Note: This linter can be disabled with `set_option linter.unusedSimpArgs false`
SafeLearning/CompleteAppliedExercises.lean:124:43: warning: Variable name `i` is not explicitly referenced.

Hint: The binding can be removed (if unused) or named `_` (if used implicitly). Alternatively, prefix the name with `_` to silence this warning:
  [apply] _i

Note: This linter can be disabled with `set_option linter.unusedVariables false`
