⚠ [8925/8936] Replayed SafeLearning.CompleteAppliedGaussianCDF
warning: SafeLearning/CompleteAppliedGaussianCDF.lean:22:2: Try this: 
  haveI̵

The goal is a proposition, so `have` is preferred over `haveI`.
The difference between `have` and `haveI` is that `haveI` inlines the value.
But this is not relevant for proofs because of proof irrelevance.

Note: This linter can be disabled with `set_option linter.style.haveILetI false`
⚠ [8928/8936] Replayed SafeLearning.CompleteAppliedGaussianQuantile
warning: SafeLearning/CompleteAppliedGaussianQuantile.lean:81:15: `Set.mem_setOf_eq` has been deprecated: Use `Set.mem_ofPred_eq` instead
⚠ [8929/8936] Replayed SafeLearning.CompleteAppliedGaussianStandardization
warning: SafeLearning/CompleteAppliedGaussianStandardization.lean:14:2: Try this: 
  haveI̵

The goal is a proposition, so `have` is preferred over `haveI`.
The difference between `have` and `haveI` is that `haveI` inlines the value.
But this is not relevant for proofs because of proof irrelevance.

Note: This linter can be disabled with `set_option linter.style.haveILetI false`
warning: SafeLearning/CompleteAppliedGaussianStandardization.lean:33:2: Try this: 
  haveI̵

The goal is a proposition, so `have` is preferred over `haveI`.
The difference between `have` and `haveI` is that `haveI` inlines the value.
But this is not relevant for proofs because of proof irrelevance.

Note: This linter can be disabled with `set_option linter.style.haveILetI false`
warning: SafeLearning/CompleteAppliedGaussianStandardization.lean:65:21: `Set.mem_setOf_eq` has been deprecated: Use `Set.mem_ofPred_eq` instead
warning: SafeLearning/CompleteAppliedGaussianStandardization.lean:68:21: `Set.mem_setOf_eq` has been deprecated: Use `Set.mem_ofPred_eq` instead
⚠ [8930/8936] Replayed SafeLearning.CompleteAppliedGaussianAlarmQuantile
warning: SafeLearning/CompleteAppliedGaussianAlarmQuantile.lean:50:15: `Set.mem_setOf_eq` has been deprecated: Use `Set.mem_ofPred_eq` instead
warning: SafeLearning/CompleteAppliedGaussianAlarmQuantile.lean:62:2: Try this: 
  haveI̵

The goal is a proposition, so `have` is preferred over `haveI`.
The difference between `have` and `haveI` is that `haveI` inlines the value.
But this is not relevant for proofs because of proof irrelevance.

Note: This linter can be disabled with `set_option linter.style.haveILetI false`
warning: SafeLearning/CompleteAppliedGaussianAlarmQuantile.lean:76:15: `Set.mem_setOf_eq` has been deprecated: Use `Set.mem_ofPred_eq` instead
⚠ [8931/8936] Replayed SafeLearning.CompleteAppliedGaussianChanceConstraint
warning: SafeLearning/CompleteAppliedGaussianChanceConstraint.lean:19:2: Try this: 
  haveI̵

The goal is a proposition, so `have` is preferred over `haveI`.
The difference between `have` and `haveI` is that `haveI` inlines the value.
But this is not relevant for proofs because of proof irrelevance.

Note: This linter can be disabled with `set_option linter.style.haveILetI false`
warning: SafeLearning/CompleteAppliedGaussianChanceConstraint.lean:53:15: `Set.mem_setOf_eq` has been deprecated: Use `Set.mem_ofPred_eq` instead
⚠ [8932/8936] Replayed SafeLearning.CompleteAppliedGaussianCentralConfidence
warning: SafeLearning/CompleteAppliedGaussianCentralConfidence.lean:55:15: `Set.mem_setOf_eq` has been deprecated: Use `Set.mem_ofPred_eq` instead
⚠ [8933/8936] Replayed SafeLearning.CompleteModulesLoSBOGaussianNoise
warning: SafeLearning/CompleteModulesLoSBOGaussianNoise.lean:51:15: `Set.mem_setOf_eq` has been deprecated: Use `Set.mem_ofPred_eq` instead
⚠ [8935/8936] Replayed SafeLearning.CompleteModulesMatrixGP
warning: SafeLearning/CompleteModulesMatrixGP.lean:42:8: `tendsto_finset_sum` has been deprecated: Use `tendsto_finsetSum` instead
warning: SafeLearning/CompleteModulesMatrixGP.lean:34:0: automatically included section variable(s) unused in theorem `SafeLearning.CompleteModulesMatrixGP.mulVec_of_matrix_limit`:
  [DecidableEq I]
consider restructuring your `variable` declarations so that the variables are not in scope or explicitly omit them:
  omit [DecidableEq I] in theorem ...

Note: This linter can be disabled with `set_option linter.unusedSectionVars false`
warning: SafeLearning/CompleteModulesMatrixGP.lean:51:8: `tendsto_finset_sum` has been deprecated: Use `tendsto_finsetSum` instead
warning: SafeLearning/CompleteModulesMatrixGP.lean:46:0: automatically included section variable(s) unused in theorem `SafeLearning.CompleteModulesMatrixGP.dotProduct_of_vector_limit`:
  [DecidableEq I]
consider restructuring your `variable` declarations so that the variables are not in scope or explicitly omit them:
  omit [DecidableEq I] in theorem ...

Note: This linter can be disabled with `set_option linter.unusedSectionVars false`
⚠ [8936/8936] Built SafeLearning.CompleteModulesGPGaussianCoverageFailure (5.3s)
warning: SafeLearning/CompleteModulesGPGaussianCoverageFailure.lean:29:87: This simp argument is unused:
  Matrix.one_apply

Hint: Omit it from the simp argument list.
  [apply] simp [posteriorMean, posteriorVariance, ridgeMatrix, Matrix.inv_subsingleton, Ring.inverse_eq_inv',
    Matrix.mulVec, dotProduct, Matrix.add_apply, Matrix.smul_apply, CStarMatrix.add_apply, CStarMatrix.smul_apply,
    CStarMatrix.one_apply, Pi.add_apply, Pi.smul_apply, Pi.one_apply, Matrix.of_apply]

Note: This linter can be disabled with `set_option linter.unusedSimpArgs false`
warning: SafeLearning/CompleteModulesGPGaussianCoverageFailure.lean:30:6: This simp argument is unused:
  CStarMatrix.add_apply

Hint: Omit it from the simp argument list.
  [apply] simp [posteriorMean, posteriorVariance, ridgeMatrix, Matrix.inv_subsingleton, Ring.inverse_eq_inv',
    Matrix.mulVec, dotProduct, Matrix.add_apply, Matrix.smul_apply, Matrix.one_apply, CStarMatrix.smul_apply,
    CStarMatrix.one_apply, Pi.add_apply, Pi.smul_apply, Pi.one_apply, Matrix.of_apply]

Note: This linter can be disabled with `set_option linter.unusedSimpArgs false`
warning: SafeLearning/CompleteModulesGPGaussianCoverageFailure.lean:30:28: This simp argument is unused:
  CStarMatrix.smul_apply

Hint: Omit it from the simp argument list.
  [apply] simp [posteriorMean, posteriorVariance, ridgeMatrix, Matrix.inv_subsingleton, Ring.inverse_eq_inv',
    Matrix.mulVec, dotProduct, Matrix.add_apply, Matrix.smul_apply, Matrix.one_apply, CStarMatrix.add_apply,
    CStarMatrix.one_apply, Pi.add_apply, Pi.smul_apply, Pi.one_apply, Matrix.of_apply]

Note: This linter can be disabled with `set_option linter.unusedSimpArgs false`
warning: SafeLearning/CompleteModulesGPGaussianCoverageFailure.lean:30:51: This simp argument is unused:
  CStarMatrix.one_apply

Hint: Omit it from the simp argument list.
  [apply] simp [posteriorMean, posteriorVariance, ridgeMatrix, Matrix.inv_subsingleton, Ring.inverse_eq_inv',
    Matrix.mulVec, dotProduct, Matrix.add_apply, Matrix.smul_apply, Matrix.one_apply, CStarMatrix.add_apply,
    CStarMatrix.smul_apply, Pi.add_apply, Pi.smul_apply, Pi.one_apply, Matrix.of_apply]

Note: This linter can be disabled with `set_option linter.unusedSimpArgs false`
warning: SafeLearning/CompleteModulesGPGaussianCoverageFailure.lean:31:6: This simp argument is unused:
  Pi.add_apply

Hint: Omit it from the simp argument list.
  [apply] simp [posteriorMean, posteriorVariance, ridgeMatrix, Matrix.inv_subsingleton, Ring.inverse_eq_inv',
    Matrix.mulVec, dotProduct, Matrix.add_apply, Matrix.smul_apply, Matrix.one_apply, CStarMatrix.add_apply,
    CStarMatrix.smul_apply, CStarMatrix.one_apply, Pi.smul_apply, Pi.one_apply, Matrix.of_apply]

Note: This linter can be disabled with `set_option linter.unusedSimpArgs false`
warning: SafeLearning/CompleteModulesGPGaussianCoverageFailure.lean:31:19: This simp argument is unused:
  Pi.smul_apply

Hint: Omit it from the simp argument list.
  [apply] simp [posteriorMean, posteriorVariance, ridgeMatrix, Matrix.inv_subsingleton, Ring.inverse_eq_inv',
    Matrix.mulVec, dotProduct, Matrix.add_apply, Matrix.smul_apply, Matrix.one_apply, CStarMatrix.add_apply,
    CStarMatrix.smul_apply, CStarMatrix.one_apply, Pi.add_apply, Pi.one_apply, Matrix.of_apply]

Note: This linter can be disabled with `set_option linter.unusedSimpArgs false`
warning: SafeLearning/CompleteModulesGPGaussianCoverageFailure.lean:31:33: This simp argument is unused:
  Pi.one_apply

Hint: Omit it from the simp argument list.
  [apply] simp [posteriorMean, posteriorVariance, ridgeMatrix, Matrix.inv_subsingleton, Ring.inverse_eq_inv',
    Matrix.mulVec, dotProduct, Matrix.add_apply, Matrix.smul_apply, Matrix.one_apply, CStarMatrix.add_apply,
    CStarMatrix.smul_apply, CStarMatrix.one_apply, Pi.add_apply, Pi.smul_apply, Matrix.of_apply]

Note: This linter can be disabled with `set_option linter.unusedSimpArgs false`
warning: SafeLearning/CompleteModulesGPGaussianCoverageFailure.lean:33:8: this tactic is never executed

Note: This linter can be disabled with `set_option linter.unreachableTactic false`
warning: SafeLearning/CompleteModulesGPGaussianCoverageFailure.lean:35:4: Used `tac1 <;> tac2` where `(tac1; tac2)` would suffice

Note: This linter can be disabled with `set_option linter.unnecessarySeqFocus false`
warning: SafeLearning/CompleteModulesGPGaussianCoverageFailure.lean:33:8: Unused tactic linter: `ring` does nothing

Note: This linter can be disabled with `set_option linter.unusedTactic false`
warning: SafeLearning/CompleteModulesGPGaussianCoverageFailure.lean:45:15: `Set.mem_setOf_eq` has been deprecated: Use `Set.mem_ofPred_eq` instead
warning: SafeLearning/CompleteModulesGPGaussianCoverageFailure.lean:69:61: This simp argument is unused:
  originalWidth

Hint: Omit it from the simp argument list.
  [apply] simp

Note: This linter can be disabled with `set_option linter.unusedSimpArgs false`
Build completed successfully (8936 jobs).
