SafeLearning/CompleteModulesGoSafeODE.lean:35:23: error: Application type mismatch: The argument
  ht
has type
  0 ≤ t
but is expected to have type
  t ≤ t
in the application
  ⟨?m.225, ht⟩
SafeLearning/CompleteModulesGoSafeODE.lean:35:11: error: unsolved goals
E : Type u_1
inst✝¹ : NormedAddCommGroup E
inst✝ : NormedSpace ℝ E
field : E → E
L : ℝ≥0
hL : LipschitzWith L field
original restarted : ℝ → E
time : ℝ
htime : 0 ≤ time
horiginal : ∀ (t : ℝ), 0 ≤ t → HasDerivAt original (field (original t)) t
hrestarted : ∀ (t : ℝ), 0 ≤ t → HasDerivAt restarted (field (restarted t)) t
hstart : restarted 0 = original time
t : ℝ
ht : 0 ≤ t
tail : ℝ → E := fun s => original (time + s)
htail : ∀ (s : ℝ), 0 ≤ s → HasDerivAt tail (field (tail s)) s
hc1 : ContinuousOn restarted (Icc 0 t)
hc2 : ContinuousOn tail (Icc 0 t)
heq : restarted 0 = tail 0
h : EqOn restarted tail (Icc 0 t)
⊢ 0 ≤ t
