SafeLearning/CompleteModulesGPCoefficientObjective.lean:22:0: warning: automatically included section variable(s) unused in theorem `SafeLearning.CompleteModulesGPCoefficientObjective.actual_row_linear_map_is_the_true_matrix_action`:
  [DecidableEq I]
consider restructuring your `variable` declarations so that the variables are not in scope or explicitly omit them:
  omit [DecidableEq I] in theorem ...

Note: This linter can be disabled with `set_option linter.unusedSectionVars false`
SafeLearning/CompleteModulesGPCoefficientObjective.lean:47:52: warning: Used `tac1 <;> tac2` where `(tac1; tac2)` would suffice

Note: This linter can be disabled with `set_option linter.unnecessarySeqFocus false`
SafeLearning/CompleteModulesGPCoefficientObjective.lean:76:33: warning: `ContinuousLinearMap.sum_apply` has been deprecated: Use `_root_.sum_apply` instead

Note: The updated constant is in a different namespace. Dot notation may need to be changed (e.g., from `x.sum_apply` to `_root_.sum_apply x`).
SafeLearning/CompleteModulesGPCoefficientObjective.lean:76:63: warning: `ContinuousLinearMap.add_apply` has been deprecated: Use `_root_.add_apply` instead

Note: The updated constant is in a different namespace. Dot notation may need to be changed (e.g., from `x.add_apply` to `_root_.add_apply x`).
SafeLearning/CompleteModulesGPCoefficientObjective.lean:77:4: warning: `ContinuousLinearMap.smul_apply` has been deprecated: Use `_root_.smul_apply` instead

Note: The updated constant is in a different namespace. Dot notation may need to be changed (e.g., from `x.smul_apply` to `_root_.smul_apply x`).
SafeLearning/CompleteModulesGPCoefficientObjective.lean:91:33: warning: `ContinuousLinearMap.add_apply` has been deprecated: Use `_root_.add_apply` instead

Note: The updated constant is in a different namespace. Dot notation may need to be changed (e.g., from `x.add_apply` to `_root_.add_apply x`).
SafeLearning/CompleteModulesGPCoefficientObjective.lean:91:63: warning: `ContinuousLinearMap.sum_apply` has been deprecated: Use `_root_.sum_apply` instead

Note: The updated constant is in a different namespace. Dot notation may need to be changed (e.g., from `x.sum_apply` to `_root_.sum_apply x`).
SafeLearning/CompleteModulesGPCoefficientObjective.lean:92:4: warning: `ContinuousLinearMap.smul_apply` has been deprecated: Use `_root_.smul_apply` instead

Note: The updated constant is in a different namespace. Dot notation may need to be changed (e.g., from `x.smul_apply` to `_root_.smul_apply x`).
SafeLearning/CompleteModulesGPCoefficientObjective.lean:92:35: warning: `ContinuousLinearMap.neg_apply` has been deprecated: Use `_root_.neg_apply` instead

Note: The updated constant is in a different namespace. Dot notation may need to be changed (e.g., from `x.neg_apply` to `_root_.neg_apply x`).
SafeLearning/CompleteModulesGPCoefficientObjective.lean:116:37: warning: `ContinuousLinearMap.zero_apply` has been deprecated: Use `_root_.zero_apply` instead

Note: The updated constant is in a different namespace. Dot notation may need to be changed (e.g., from `x.zero_apply` to `_root_.zero_apply x`).
