SafeLearning/CompleteModulesGPCorrelatedPosterior.lean:34:31: error: Tactic `rewrite` failed: Did not find an occurrence of the pattern
  ∫⁻ (z : (ℝ × ℝ) × ℝ),
    (test ∘ fun triple => (triple.1.1, latentPair (triple.1.2, triple.2))) z ∂Measure.prod ?m.235 ?m.236
in the target expression
  ∫⁻ (a : (ℝ × ℝ) × ℝ), test (a.1.1, latentPair (a.1.2, a.2)) ∂(nu ⊗ₘ kappa).prod rho =
    ∫⁻ (a : ℝ × ℝ × ℝ), test a ∂nu ⊗ₘ (kappa ×ₖ Kernel.const ℝ rho).map latentPair

nu : Measure ℝ
inst✝² : SFinite nu
kappa : Kernel ℝ ℝ
inst✝¹ : IsMarkovKernel kappa
rho : Measure ℝ
inst✝ : IsProbabilityMeasure rho
hmap : Measurable fun triple => (triple.1.1, latentPair (triple.1.2, triple.2))
hpair : Measurable latentPair
test : ℝ × ℝ × ℝ → ℝ≥0∞
htest : Measurable test
⊢ ∫⁻ (a : (ℝ × ℝ) × ℝ), test (a.1.1, latentPair (a.1.2, a.2)) ∂(nu ⊗ₘ kappa).prod rho =
    ∫⁻ (a : ℝ × ℝ × ℝ), test a ∂nu ⊗ₘ (kappa ×ₖ Kernel.const ℝ rho).map latentPair
SafeLearning/CompleteModulesGPCorrelatedPosterior.lean:74:2: warning: Try this: 
  haveI̵

The goal is a proposition, so `have` is preferred over `haveI`.
The difference between `have` and `haveI` is that `haveI` inlines the value.
But this is not relevant for proofs because of proof irrelevance.

Note: This linter can be disabled with `set_option linter.style.haveILetI false`
