SafeLearning/CompleteModulesSafeOptFiniteOptimality.lean:32:0: warning: automatically included section variable(s) unused in theorem `SafeLearning.CompleteModulesSafeOptFiniteOptimality.actual_finite_report_is_in_the_safe_set_and_maximizes_the_lower_band`:
  [DecidableEq X]
consider restructuring your `variable` declarations so that the variables are not in scope or explicitly omit them:
  omit [DecidableEq X] in theorem ...

Note: This linter can be disabled with `set_option linter.unusedSectionVars false`
SafeLearning/CompleteModulesSafeOptFiniteOptimality.lean:46:2: error: 'change' tactic failed, pattern
  ?m.30 ∈ safe ∧ ?m.38 ∈ actualExpanders (↑safe) upper cost threshold ∪ actualMaximizers (↑safe) lower upper
is not definitionally equal to target
  actualFiniteReport safe lower hs ∈ actualFiniteCandidates safe lower upper cost threshold
SafeLearning/CompleteModulesSafeOptFiniteOptimality.lean:85:6: error: 'change' tactic failed, pattern
  x ∈ safe ∧ x ∈ actualExpanders (↑safe) upper cost threshold ∪ actualMaximizers (↑safe) lower upper
is not definitionally equal to target
  x ∈ actualFiniteCandidates safe lower upper cost threshold
SafeLearning/CompleteModulesSafeOptFiniteOptimality.lean:97:4: warning: `push_neg` has been deprecated. Prefer using `push Not` instead.
If you'd rather continue using `push_neg` in your project, you can implement it as follows:
```
open Lean.Parser.Tactic in
macro "push_neg" cfg:optConfig loc:(location)? : tactic =>
  `(tactic| push $cfg:optConfig Not $[$loc]?)
```
SafeLearning/CompleteModulesSafeOptFiniteOptimality.lean:109:0: warning: automatically included section variable(s) unused in theorem `SafeLearning.CompleteModulesSafeOptFiniteOptimality.actual_unchanged_lower_band_update_and_narrow_expanders_contains_the_reachable_closure`:
  [DecidableEq X]
consider restructuring your `variable` declarations so that the variables are not in scope or explicitly omit them:
  omit [DecidableEq X] in theorem ...

Note: This linter can be disabled with `set_option linter.unusedSectionVars false`
SafeLearning/CompleteModulesSafeOptFiniteOptimality.lean:165:4: error: 'change' tactic failed, pattern
  x ∈ safe ∧
    x ∈ actualExpanders (↑safe) upper (fun x y => ↑constant * dist x y) threshold ∪ actualMaximizers (↑safe) lower upper
is not definitionally equal to target
  x ∈ actualFiniteCandidates safe lower upper (fun x y => ↑constant * dist x y) threshold
