SafeLearning/CompleteModulesLandscapeGaussianVectorIntegral.lean:16:52: error(lean.unknownIdentifier): Unknown identifier `toLp`
SafeLearning/CompleteModulesLandscapeGaussianVectorIntegral.lean:30:78: error(lean.unknownIdentifier): Unknown identifier `toLp`
SafeLearning/CompleteModulesLandscapeGaussianVectorIntegral.lean:31:7: error(lean.unknownIdentifier): Unknown identifier `toLp`
SafeLearning/CompleteModulesLandscapeGaussianVectorIntegral.lean:43:23: warning: `ContinuousLinearMap.smul_apply` has been deprecated: Use `_root_.smul_apply` instead

Note: The updated constant is in a different namespace. Dot notation may need to be changed (e.g., from `x.smul_apply` to `_root_.smul_apply x`).
SafeLearning/CompleteModulesLandscapeGaussianVectorIntegral.lean:83:35: error(lean.unknownIdentifier): Unknown identifier `toLp`

Note: It is not possible to treat `toLp` as an implicitly bound variable here because the `autoImplicit` option is set to `false`.
SafeLearning/CompleteModulesLandscapeGaussianVectorIntegral.lean:83:46: error(lean.unknownIdentifier): Unknown identifier `toLp`

Note: It is not possible to treat `toLp` as an implicitly bound variable here because the `autoImplicit` option is set to `false`.
SafeLearning/CompleteModulesLandscapeGaussianVectorIntegral.lean:84:59: error: unsolved goals
ι : Type u_1
inst✝¹ : Fintype ι
inst✝ : DecidableEq ι
V : Matrix ι ι ℝ
S theta : ι → ℝ
⊢ (sorry ()).ofLp ⬝ᵥ (sorry ()).ofLp - (sorry ()).ofLp ⬝ᵥ V *ᵥ (sorry ()).ofLp / 2 =
    theta ⬝ᵥ S - theta ⬝ᵥ V *ᵥ theta / 2
SafeLearning/CompleteModulesLandscapeGaussianVectorIntegral.lean:95:87: error(lean.unknownIdentifier): Unknown identifier `toLp`
SafeLearning/CompleteModulesLandscapeGaussianVectorIntegral.lean:98:33: error: `fun_prop` was unable to prove `Measurable sorry`

Issues:
  No theorems found for `sorryAx` in order to prove `Measurable fun a => sorry a`
SafeLearning/CompleteModulesLandscapeGaussianVectorIntegral.lean:96:6: warning: declaration uses `sorry`
SafeLearning/CompleteModulesLandscapeGaussianVectorIntegral.lean:110:12: error(lean.unknownIdentifier): Unknown identifier `toLp`
SafeLearning/CompleteModulesLandscapeGaussianVectorIntegral.lean:112:46: error: `fun_prop` was unable to prove `Measurable sorry`

Issues:
  No theorems found for `sorryAx` in order to prove `Measurable fun a => sorry a`
SafeLearning/CompleteModulesLandscapeGaussianVectorIntegral.lean:111:6: warning: declaration uses `sorry`
