SafeLearning/CompleteModulesGaussianSequentialAlgebra.lean:27:2: warning: Try this: 
  letI̵

The goal is a proposition, so `let` is preferred over `letI`.
The difference between `let` and `letI` is that `letI` inlines the value.
But this is not relevant for proofs because of proof irrelevance.

Note: This linter can be disabled with `set_option linter.style.haveILetI false`
SafeLearning/CompleteModulesGaussianSequentialAlgebra.lean:32:15: error: Ambiguous term
  sub_apply
Possible interpretations:
  _root_.sub_apply : ∀ (f g : ?m.94) (x : ?m.95), (f - g) x = f x - g x
  
  Matrix.sub_apply : ∀ (A B : Matrix ?m.94 ?m.95 ?m.96) (i : ?m.94) (j : ?m.95), (A - B) i j = A i j - B i j
SafeLearning/CompleteModulesGaussianSequentialAlgebra.lean:30:66: error: unsolved goals
I : Type u_1
inst✝¹ : Fintype I
inst✝ : DecidableEq I
A : Matrix I I ℝ
d : I → ℝ
v : ℝ
hA : IsUnit A
hs : innovationVariance A d v ≠ 0
iA : Invertible A
this : Invertible A := iA
i j : Unit
⊢ ((of fun x i => d i) * A⁻¹ * of fun i x => d i) i j = ∑ x, ∑ i, d x * (A⁻¹ x i * d i)
SafeLearning/CompleteModulesGaussianSequentialAlgebra.lean:36:2: error: Type mismatch: After simplification, term
  isUnit_iff_ne_zero.mpr hs
 has type
  @IsUnit ℝ Field.toSemifield.toDivisionSemiring.toGroupWithZero.toMonoid (innovationVariance A d v)
but is expected to have type
  @IsUnit ℝ CommRing.toCommSemiring.toMonoid (of (fun x x_1 => innovationVariance A d v) default default)
SafeLearning/CompleteModulesGaussianSequentialAlgebra.lean:32:25: warning: This simp argument is unused:
  mul_apply

Hint: Omit it from the simp argument list.
  [apply] simp only [sub_apply, Matrix.of_apply, invOf_eq_nonsing_inv, Fintype.sum_unique]

Note: This linter can be disabled with `set_option linter.unusedSimpArgs false`
SafeLearning/CompleteModulesGaussianSequentialAlgebra.lean:32:72: warning: This simp argument is unused:
  Fintype.sum_unique

Hint: Omit it from the simp argument list.
  [apply] simp only [sub_apply, mul_apply, Matrix.of_apply, invOf_eq_nonsing_inv]

Note: This linter can be disabled with `set_option linter.unusedSimpArgs false`
SafeLearning/CompleteModulesGaussianSequentialAlgebra.lean:33:62: warning: This simp argument is unused:
  Finset.sum_mul

Hint: Omit it from the simp argument list.
  [apply] simp [innovationVariance, dotProduct, mulVec, Finset.mul_sum, mul_assoc]

Note: This linter can be disabled with `set_option linter.unusedSimpArgs false`
SafeLearning/CompleteModulesGaussianSequentialAlgebra.lean:33:77: warning: This simp argument is unused:
  mul_assoc

Hint: Omit it from the simp argument list.
  [apply] simp [innovationVariance, dotProduct, mulVec, Finset.mul_sum, Finset.sum_mul]

Note: This linter can be disabled with `set_option linter.unusedSimpArgs false`
SafeLearning/CompleteModulesGaussianSequentialAlgebra.lean:52:10: error: unsolved goals
case inl
I : Type u_1
inst✝¹ : Fintype I
inst✝ : DecidableEq I
A : Matrix I I ℝ
d c : I → ℝ
v r : ℝ
hA : IsUnit A
hs : innovationVariance A d v ≠ 0
hc : A *ᵥ A⁻¹ *ᵥ c = c
hd : A *ᵥ A⁻¹ *ᵥ d = d
hw : lastWeight A d c v r * innovationVariance A d v = innovationCross A d c r
i : I
⊢ ∑ x, A i x * (∑ x_1, c x_1 * A⁻¹ x x_1 - lastWeight A d c v r * ∑ x_1, d x_1 * A⁻¹ x x_1) +
      d i * lastWeight A d c v r =
    c i
SafeLearning/CompleteModulesGaussianSequentialAlgebra.lean:68:8: error: Tactic `rewrite` failed: Did not find an occurrence of the pattern
  ∑ i, d i * (lastWeight A d c v r * (A⁻¹ *ᵥ d) i)
in the target expression
  ∑ x, of (fun x i => d i) u x * ∑ x_1, A⁻¹ x x_1 * c x_1 -
        ∑ x, of (fun x i => d i) u x * ∑ i, lastWeight A d c v r * (A⁻¹ x i * d i) +
      of (fun x x_1 => v) u default * lastWeight A d c v r =
    r

case inr
I : Type u_1
inst✝¹ : Fintype I
inst✝ : DecidableEq I
A : Matrix I I ℝ
d c : I → ℝ
v r : ℝ
hA : IsUnit A
hs : innovationVariance A d v ≠ 0
hc : A *ᵥ A⁻¹ *ᵥ c = c
hd : A *ᵥ A⁻¹ *ᵥ d = d
u : Unit
hw : lastWeight A d c v r * (v - ∑ x, d x * ∑ x_1, A⁻¹ x x_1 * d x_1) = r - ∑ x, d x * ∑ x_1, A⁻¹ x x_1 * c x_1
hm : ∑ i, d i * (lastWeight A d c v r * (A⁻¹ *ᵥ d) i) = lastWeight A d c v r * d ⬝ᵥ A⁻¹ *ᵥ d
⊢ ∑ x, of (fun x i => d i) u x * ∑ x_1, A⁻¹ x x_1 * c x_1 -
        ∑ x, of (fun x i => d i) u x * ∑ i, lastWeight A d c v r * (A⁻¹ x i * d i) +
      of (fun x x_1 => v) u default * lastWeight A d c v r =
    r

Note: The target expression is not type-correct under the `implicit` transparency level, which may have triggered the failure. This is usually caused by unfolding of semireducible definitions in prior tactic steps. Use `set_option linter.tacticCheckInstances true` to investigate the source of the issue.
Full error:
  function expected
    of (fun x i => d i) u
SafeLearning/CompleteModulesGaussianSequentialAlgebra.lean:53:59: warning: This simp argument is unused:
  mulVec_sub

Hint: Omit it from the simp argument list.
  [apply] simp only [Function.comp_def, Sum.elim_inl, Sum.elim_inr, mulVec_smul, hc, hd, Pi.add_apply, Pi.sub_apply,
    Pi.smul_apply, smul_eq_mul]

Note: This linter can be disabled with `set_option linter.unusedSimpArgs false`
SafeLearning/CompleteModulesGaussianSequentialAlgebra.lean:53:70: warning: This simp argument is unused:
  mulVec_smul

Hint: Omit it from the simp argument list.
  [apply] simp only [Function.comp_def, Sum.elim_inl, Sum.elim_inr, mulVec_sub, hc, hd, Pi.add_apply, Pi.sub_apply,
    Pi.smul_apply, smul_eq_mul]

Note: This linter can be disabled with `set_option linter.unusedSimpArgs false`
SafeLearning/CompleteModulesGaussianSequentialAlgebra.lean:53:82: warning: This simp argument is unused:
  hc

Hint: Omit it from the simp argument list.
  [apply] simp only [Function.comp_def, Sum.elim_inl, Sum.elim_inr, mulVec_sub, mulVec_smul, hd, Pi.add_apply,
    Pi.sub_apply, Pi.smul_apply, smul_eq_mul]

Note: This linter can be disabled with `set_option linter.unusedSimpArgs false`
SafeLearning/CompleteModulesGaussianSequentialAlgebra.lean:53:85: warning: This simp argument is unused:
  hd

Hint: Omit it from the simp argument list.
  [apply] simp only [Function.comp_def, Sum.elim_inl, Sum.elim_inr, mulVec_sub, mulVec_smul, hc, Pi.add_apply,
    Pi.sub_apply, Pi.smul_apply, smul_eq_mul]

Note: This linter can be disabled with `set_option linter.unusedSimpArgs false`
SafeLearning/CompleteModulesGaussianSequentialAlgebra.lean:59:6: warning: This simp argument is unused:
  Finset.sum_sub_distrib

Hint: Omit it from the simp argument list.
  [apply] simp only [Function.comp_def, Sum.elim_inl, Sum.elim_inr, Pi.add_apply, mulVec, dotProduct, Pi.sub_apply,
    Pi.smul_apply, smul_eq_mul, Fintype.sum_unique, Finset.mul_sum]

Note: This linter can be disabled with `set_option linter.unusedSimpArgs false`
