SafeLearning/CompleteModulesLandscapeSmallInformationPSD.lean:15:8: warning: automatically included section variable(s) unused in theorem `_private.SafeLearning.CompleteModulesLandscapeSmallInformationPSD.0.SafeLearning.CompleteModulesLandscapeSmallInformationPSD.one_add_sum_le_product`:
  [Fintype ι]
consider restructuring your `variable` declarations so that the variables are not in scope or explicitly omit them:
  omit [Fintype ι] in theorem ...

Note: This linter can be disabled with `set_option linter.unusedSectionVars false`
SafeLearning/CompleteModulesLandscapeSmallInformationPSD.lean:90:63: error: Ambiguous term
  mul_inv_rev
Possible interpretations:
  _root_.mul_inv_rev : ∀ (a b : ?m.113), (a * b)⁻¹ = b⁻¹ * a⁻¹
  
  Matrix.mul_inv_rev : ∀ (A B : Matrix ?m.113 ?m.113 ?m.114), (A * B)⁻¹ = B⁻¹ * A⁻¹
SafeLearning/CompleteModulesLandscapeSmallInformationPSD.lean:156:8: error: Tactic `rewrite` failed: Did not find an occurrence of the pattern
  ∑ i, ↑(⋯.eigenvalues i)
in the target expression
  ⋯.eigenvalues i ≤ ∑ x, ⋯.eigenvalues x

ι : Type u_1
inst✝¹ : Fintype ι
inst✝ : DecidableEq ι
A : Matrix ι ι ℝ
hA : A.PosSemidef
lambda gamma : ℝ
hlambda : 0 < lambda
hgamma : 0 < gamma
hgamma_half : gamma ≤ 1 / 2
hsmall : Real.log (1 + lambda⁻¹ • A).det ≤ 2 * gamma
S : ι → ℝ
ht : (lambda⁻¹ • A).trace ≤ 4 * gamma
i : ι
hs : ⋯.eigenvalues i ≤ ∑ x, ⋯.eigenvalues x
⊢ ⋯.eigenvalues i ≤ 4 * gamma * lambda
