SafeLearning/CompleteModulesSafeOptConfidenceIntersections.lean:13:3: error(lean.synthInstanceFailed): failed to synthesize instance of type class
  Decidable (x ∈ seed)

Hint: Type class instance resolution failures can be inspected with the `set_option trace.Meta.synthInstance true` command.
SafeLearning/CompleteModulesSafeOptConfidenceIntersections.lean:24:4: error: unsolved goals
case neg
X : Type u_1
f : X → ℝ
seed : Set X
threshold : ℝ
raw : ℕ → X → Set ℝ
hraw : ∀ (i : ℕ) (x : X), f x ∈ raw (i + 1) x
hseed : ∀ x ∈ seed, threshold ≤ f x
n : ℕ
x : X
hx : x ∉ seed
⊢ f x ∈ sorry ()
SafeLearning/CompleteModulesSafeOptConfidenceIntersections.lean:24:12: warning: This simp argument is unused:
  hx

Hint: Omit it from the simp argument list.
  [apply] simp

Note: This linter can be disabled with `set_option linter.unusedSimpArgs false`
SafeLearning/CompleteModulesSafeOptConfidenceIntersections.lean:32:44: warning: `Set.mem_setOf_eq` has been deprecated: Use `Set.mem_ofPred_eq` instead
SafeLearning/CompleteModulesSafeOptConfidenceIntersections.lean:32:13: warning: declaration uses `sorry`
SafeLearning/CompleteModulesSafeOptConfidenceIntersections.lean:27:8: warning: declaration uses `sorry`
