SafeLearning/CompleteModulesGaussianMatrixLaws.lean:19:36: error: Type mismatch
  HasLaw.hasGaussianLaw (MeasurePreserving.hasLaw (measurePreserving_eval ?m.55 i))
has type
  @HasGaussianLaw ((x : I) → ?m.52 x) (?m.52 i) MeasurableSpace.pi ?m.68 ?m.69 ?m.70 (?m.54 i) (Function.eval i)
    (Measure.pi ?m.55)
but is expected to have type
  @HasGaussianLaw (I → ℝ) ℝ MeasurableSpace.pi PseudoMetricSpace.toUniformSpace.toTopologicalSpace
    Real.normedAddCommGroup.toAddCommMonoid RCLike.toInnerProductSpaceReal.toModule Real.measurableSpace
    (fun ω => id ω i) (Measure.pi fun i => gaussianReal (m i) (v i))
SafeLearning/CompleteModulesGaussianMatrixLaws.lean:21:0: warning: automatically included section variable(s) unused in theorem `SafeLearning.CompleteModulesGaussianMatrixLaws.actual_finite_matrix_transform_preserves_joint_gaussianity`:
  [DecidableEq I]
consider restructuring your `variable` declarations so that the variables are not in scope or explicitly omit them:
  omit [DecidableEq I] in theorem ...

Note: This linter can be disabled with `set_option linter.unusedSectionVars false`
SafeLearning/CompleteModulesGaussianMatrixLaws.lean:27:0: warning: automatically included section variable(s) unused in theorem `SafeLearning.CompleteModulesGaussianMatrixLaws.actual_finite_matrix_transform_has_the_true_transformed_coordinate_means`:
  [DecidableEq I]
consider restructuring your `variable` declarations so that the variables are not in scope or explicitly omit them:
  omit [DecidableEq I] in theorem ...

Note: This linter can be disabled with `set_option linter.unusedSectionVars false`
SafeLearning/CompleteModulesGaussianMatrixLaws.lean:36:0: warning: automatically included section variable(s) unused in theorem `SafeLearning.CompleteModulesGaussianMatrixLaws.actual_finite_matrix_transform_has_the_true_covariance_matrix`:
  [DecidableEq I]
consider restructuring your `variable` declarations so that the variables are not in scope or explicitly omit them:
  omit [DecidableEq I] in theorem ...

Note: This linter can be disabled with `set_option linter.unusedSectionVars false`
SafeLearning/CompleteModulesGaussianMatrixLaws.lean:87:10: error: Tactic `rewrite` failed: Did not find an occurrence of the pattern
  cov[fun ω => id (ω i), fun ω => id (ω j); Measure.pi fun i => gaussianReal (m i) (v i)]
in the target expression
  cov[fun z => z i, fun z => z j; Measure.pi fun k => gaussianReal (m k) (v k)] = if i = j then ↑(v i) else 0

case neg
I : Type u_1
inst✝¹ : Fintype I
inst✝ : DecidableEq I
m : I → ℝ
v : I → ℝ≥0
hg : HasGaussianLaw id (Measure.pi fun i => gaussianReal (m i) (v i))
hl : ∀ (i : I), HasLaw (Function.eval i) (gaussianReal (m i) (v i)) (Measure.pi fun j => gaussianReal (m j) (v j))
i j : I
hij : ¬i = j
hi : iIndepFun (fun i ω => id (ω i)) (Measure.pi fun i => gaussianReal (m i) (v i))
⊢ cov[fun z => z i, fun z => z j; Measure.pi fun k => gaussianReal (m k) (v k)] = if i = j then ↑(v i) else 0
SafeLearning/CompleteModulesGaussianMatrixLaws.lean:103:8: error: Tactic `rewrite` failed: Did not find an occurrence of the pattern
  ∫ (o : I → ℝ), (Q *ᵥ id o) i ∂P
in the target expression
  ∫ (o : I → ℝ), (Q *ᵥ o) i ∂P = 0

case hm
I : Type u_1
inst✝¹ : Fintype I
inst✝ : DecidableEq I
Q : Matrix I I ℝ
hQ : Q * Qᵀ = 1
lambda : ℝ≥0
P : Measure (I → ℝ) := Measure.pi fun x => gaussianReal 0 lambda
hg : HasGaussianLaw id (Measure.pi fun i => gaussianReal 0 lambda)
hs :
  (∀ (i : I), (∫ (z : I → ℝ), z i ∂Measure.pi fun j => gaussianReal 0 lambda) = 0) ∧
    ∀ (i j : I),
      cov[fun z => z i, fun z => z j; Measure.pi fun k => gaussianReal 0 lambda] = if i = j then ↑lambda else 0
i : I
⊢ ∫ (o : I → ℝ), (Q *ᵥ o) i ∂P = 0
SafeLearning/CompleteModulesGaussianMatrixLaws.lean:106:33: error: Function expected at
  id z
but this term has type
  ?m.101

Note: Expected a function because this term is being applied to the argument
  k
SafeLearning/CompleteModulesGaussianMatrixLaws.lean:106:49: error: Function expected at
  id z
but this term has type
  ?m.101

Note: Expected a function because this term is being applied to the argument
  l
