SafeLearning/CompleteModulesGPConfidenceComparisonConsequences.lean:27:29: error: `fun_prop` was unable to prove `Continuous fun cross => 1 - cross ^ 2 / (1 + ?m.169)`

Issues:
  Failed to prove necessary assumption `∀ (x : ℝ × ℝ), x.2 ≠ 0` when applying theorem `Continuous.div₀`.
  Failed to infer `(?m.169 : ℝ)` when applying theorem `continuous_const`.
  Failed to infer `(?m.117 : ℝ)` when applying theorem `continuous_const`.
SafeLearning/CompleteModulesGPConfidenceComparisonConsequences.lean:27:29: error: `fun_prop` was unable to prove `Continuous fun cross => 1 - cross ^ 2 / (1 + ?m.771)`

Issues:
  Failed to prove necessary assumption `∀ (x : ℝ × ℝ), x.2 ≠ 0` when applying theorem `Continuous.div₀`.
  Failed to infer `(?m.771 : ℝ)` when applying theorem `continuous_const`.
  Failed to infer `(?m.719 : ℝ)` when applying theorem `continuous_const`.
SafeLearning/CompleteModulesGPConfidenceComparisonConsequences.lean:25:78: error: unsolved goals
case e'_3
⊢ (fun cross => 1 - cross ^ 2 / (101 / 100)) = fun cross => 1 - cross ^ 2 / (1 + sorry cross)

case e'_3
⊢ (fun cross => 1 - cross ^ 2 / (101 / 50)) = fun cross => 1 - cross ^ 2 / (1 + sorry cross)
SafeLearning/CompleteModulesGPConfidenceComparisonConsequences.lean:41:2: error: Type mismatch: After simplification, term
  h
 has type
  @Tendsto ℝ ℝ
    ((fun x => sourceSrinivasMultiplier * √(queryVariance x 100⁻¹)) / fun x =>
      sourceChowdhuryMultiplier * √(queryVariance x (51 / 50)))
    (𝓝 0) (𝓝 (sourceSrinivasMultiplier / sourceChowdhuryMultiplier))
but is expected to have type
  @Tendsto ℝ ℝ
    (fun cross =>
      sourceSrinivasMultiplier * √(queryVariance cross 100⁻¹) /
        (sourceChowdhuryMultiplier * √(queryVariance cross (51 / 50))))
    (𝓝 0) (𝓝 (sourceSrinivasMultiplier / sourceChowdhuryMultiplier))
