SafeLearning/CompleteModulesLandscapeGaussianWeightedMixture.lean:89:4: warning: Unused tactic linter: `change p.2 * partialSum _ n p.1 - _ ≤ _` does nothing

Note: This linter can be disabled with `set_option linter.unusedTactic false`
SafeLearning/CompleteModulesLandscapeGaussianWeightedMixture.lean:147:30: error: linarith failed to find a contradiction
case mp
a : ℝ≥0
variance sum delta : ℝ
hv : 0 ≤ variance
hd : 0 < delta
hD : 0 < 1 + ↑a * variance
hs : 0 < √(1 + ↑a * variance)
h : ↑a * sum ^ 2 / (2 * (1 + ↑a * variance)) < Real.log (1 + ↑a * variance) / 2 + Real.log (1 / delta)
a✝ : Real.log (1 + ↑a * variance) + 2 * Real.log (1 / delta) ≤ ↑a * sum ^ 2 / (1 + ↑a * variance)
⊢ False
failed
SafeLearning/CompleteModulesLandscapeGaussianWeightedMixture.lean:147:30: error: linarith failed to find a contradiction
case mpr
a : ℝ≥0
variance sum delta : ℝ
hv : 0 ≤ variance
hd : 0 < delta
hD : 0 < 1 + ↑a * variance
hs : 0 < √(1 + ↑a * variance)
h : ↑a * sum ^ 2 / (1 + ↑a * variance) < Real.log (1 + ↑a * variance) + 2 * Real.log (1 / delta)
a✝ : Real.log (1 + ↑a * variance) / 2 + Real.log (1 / delta) ≤ ↑a * sum ^ 2 / (2 * (1 + ↑a * variance))
⊢ False
failed
