SafeLearning/CompleteModulesSafeOptPosteriorError.lean:32:2: error: Type mismatch: After simplification, term
  Eq.symm h
 has type
  (featureCovariance lambda Phi)⁻¹ * Phiᵀ =
    HMul.hMul.{u_2, max u_2 u_1, max u_2 u_1} (featureCovariance lambda Phi)⁻¹
      (featureCovariance lambda Phi * (Phiᵀ * (noisyKernel lambda Phi)⁻¹))
but is expected to have type
  (featureCovariance lambda Phi)⁻¹ * Phiᵀ = HMul.hMul.{max u_1 u_2, u_1, max u_1 u_2} Phiᵀ (noisyKernel lambda Phi)⁻¹
SafeLearning/CompleteModulesSafeOptPosteriorError.lean:53:8: error: Tactic `rewrite` failed: Did not find an occurrence of the pattern
  (?M * ?N) *ᵥ ?v
in the target expression
  Phi *ᵥ phi ⬝ᵥ (noisyKernel lambda Phi)⁻¹ *ᵥ (Phi *ᵥ theta + noise) =
    phi ⬝ᵥ (featureCovariance lambda Phi)⁻¹ *ᵥ Phiᵀ *ᵥ (Phi *ᵥ theta + noise)

sample : Type u_1
feature : Type u_2
inst✝³ : Fintype sample
inst✝² : Fintype feature
inst✝¹ : DecidableEq sample
inst✝ : DecidableEq feature
lambda : ℝ
hlambda : 0 < lambda
Phi : Matrix sample feature ℝ
phi theta : feature → ℝ
noise : sample → ℝ
hi :
  (featureCovariance lambda Phi).PosDef ∧
    IsUnit (featureCovariance lambda Phi).det ∧ (noisyKernel lambda Phi).PosDef ∧ IsUnit (noisyKernel lambda Phi).det
hprod : (featureCovariance lambda Phi)⁻¹ * featureGram Phi = 1 - lambda • (featureCovariance lambda Phi)⁻¹
⊢ Phi *ᵥ phi ⬝ᵥ (noisyKernel lambda Phi)⁻¹ *ᵥ (Phi *ᵥ theta + noise) =
    phi ⬝ᵥ (featureCovariance lambda Phi)⁻¹ *ᵥ Phiᵀ *ᵥ (Phi *ᵥ theta + noise)
SafeLearning/CompleteModulesSafeOptPosteriorError.lean:56:4: error: Tactic `rewrite` failed: Did not find an occurrence of the pattern
  (?M * ?N) *ᵥ ?v
in the target expression
  phi ⬝ᵥ theta -
      (phi ⬝ᵥ (featureCovariance lambda Phi)⁻¹ *ᵥ Phiᵀ *ᵥ Phi *ᵥ theta +
        phi ⬝ᵥ (featureCovariance lambda Phi)⁻¹ *ᵥ Phiᵀ *ᵥ noise) =
    lambda * phi ⬝ᵥ (featureCovariance lambda Phi)⁻¹ *ᵥ theta - phi ⬝ᵥ (featureCovariance lambda Phi)⁻¹ *ᵥ Phiᵀ *ᵥ noise

sample : Type u_1
feature : Type u_2
inst✝³ : Fintype sample
inst✝² : Fintype feature
inst✝¹ : DecidableEq sample
inst✝ : DecidableEq feature
lambda : ℝ
hlambda : 0 < lambda
Phi : Matrix sample feature ℝ
phi theta : feature → ℝ
noise : sample → ℝ
hi :
  (featureCovariance lambda Phi).PosDef ∧
    IsUnit (featureCovariance lambda Phi).det ∧ (noisyKernel lambda Phi).PosDef ∧ IsUnit (noisyKernel lambda Phi).det
hprod : (featureCovariance lambda Phi)⁻¹ * featureGram Phi = 1 - lambda • (featureCovariance lambda Phi)⁻¹
hm :
  actualFeaturePosteriorMean lambda Phi phi (Phi *ᵥ theta + noise) =
    phi ⬝ᵥ (featureCovariance lambda Phi)⁻¹ *ᵥ Phiᵀ *ᵥ (Phi *ᵥ theta + noise)
⊢ phi ⬝ᵥ theta -
      (phi ⬝ᵥ (featureCovariance lambda Phi)⁻¹ *ᵥ Phiᵀ *ᵥ Phi *ᵥ theta +
        phi ⬝ᵥ (featureCovariance lambda Phi)⁻¹ *ᵥ Phiᵀ *ᵥ noise) =
    lambda * phi ⬝ᵥ (featureCovariance lambda Phi)⁻¹ *ᵥ theta - phi ⬝ᵥ (featureCovariance lambda Phi)⁻¹ *ᵥ Phiᵀ *ᵥ noise
SafeLearning/CompleteModulesSafeOptPosteriorError.lean:71:6: error: Tactic `rewrite` failed: Did not find an occurrence of the pattern
  (?M * ?N) *ᵥ ?v
in the target expression
  Phiᵀ *ᵥ noise ⬝ᵥ (featureCovariance lambda Phi)⁻¹ *ᵥ Phiᵀ *ᵥ noise =
    noise ⬝ᵥ kernelGram Phi *ᵥ (noisyKernel lambda Phi)⁻¹ *ᵥ noise

sample : Type u_1
feature : Type u_2
inst✝³ : Fintype sample
inst✝² : Fintype feature
inst✝¹ : DecidableEq sample
inst✝ : DecidableEq feature
lambda : ℝ
hlambda : 0 < lambda
Phi : Matrix sample feature ℝ
noise : sample → ℝ
⊢ Phiᵀ *ᵥ noise ⬝ᵥ (featureCovariance lambda Phi)⁻¹ *ᵥ Phiᵀ *ᵥ noise =
    noise ⬝ᵥ kernelGram Phi *ᵥ (noisyKernel lambda Phi)⁻¹ *ᵥ noise
SafeLearning/CompleteModulesSafeOptPosteriorError.lean:90:4: error: Type mismatch: After simplification, term
  hcs
 has type
  x ⬝ᵥ A *ᵥ y * x ⬝ᵥ A *ᵥ y ≤ x ⬝ᵥ A *ᵥ x * y ⬝ᵥ A *ᵥ y
but is expected to have type
  |x ⬝ᵥ A *ᵥ y| * |x ⬝ᵥ A *ᵥ y| ≤ √(x ⬝ᵥ A *ᵥ x) * √(y ⬝ᵥ A *ᵥ y) * (√(x ⬝ᵥ A *ᵥ x) * √(y ⬝ᵥ A *ᵥ y))
SafeLearning/CompleteModulesSafeOptPosteriorError.lean:128:6: error: Type mismatch: After simplification, term
  hqt
 has type
  lambda * theta ⬝ᵥ A *ᵥ theta ≤ theta ⬝ᵥ theta
but is expected to have type
  lambda * theta ⬝ᵥ A *ᵥ theta ≤ √(theta ⬝ᵥ theta) ^ 2
SafeLearning/CompleteModulesSafeOptPosteriorError.lean:132:6: error: linarith failed to find a contradiction
case h1
sample : Type u_1
feature : Type u_2
inst✝³ : Fintype sample
inst✝² : Fintype feature
inst✝¹ : DecidableEq sample
inst✝ : DecidableEq feature
lambda : ℝ
hlambda : 0 < lambda
Phi : Matrix sample feature ℝ
phi theta : feature → ℝ
noise : sample → ℝ
A : Matrix feature feature ℝ := (featureCovariance lambda Phi)⁻¹
v : ℝ := posteriorVariance lambda Phi phi
hi :
  (featureCovariance lambda Phi).PosDef ∧
    IsUnit (featureCovariance lambda Phi).det ∧ (noisyKernel lambda Phi).PosDef ∧ IsUnit (noisyKernel lambda Phi).det
hp : posteriorVariance lambda Phi phi ∈ Set.Icc 0 (phi ⬝ᵥ phi)
ht : posteriorVariance lambda Phi theta ∈ Set.Icc 0 (theta ⬝ᵥ theta)
hq : phi ⬝ᵥ A *ᵥ phi = v / lambda
hqt : lambda * theta ⬝ᵥ A *ᵥ theta ≤ theta ⬝ᵥ theta
htheta : 0 ≤ theta ⬝ᵥ A *ᵥ theta
hroot : √(phi ⬝ᵥ A *ᵥ phi) = √v / √lambda
hll : √lambda ^ 2 = lambda
hthetaRoot : √(theta ⬝ᵥ A *ᵥ theta) ^ 2 = theta ⬝ᵥ A *ᵥ theta
hnorm : 0 ≤ theta ⬝ᵥ theta
hn : √(theta ⬝ᵥ theta) ^ 2 = theta ⬝ᵥ theta
hh : √lambda * √(theta ⬝ᵥ A *ᵥ theta) ≤ √(theta ⬝ᵥ theta)
a✝ : lambda * √(theta ⬝ᵥ A *ᵥ theta) < √(theta ⬝ᵥ A *ᵥ theta) * √lambda ^ 2
⊢ False
failed
