SafeLearning/CompleteExponentialBarrierConsequences.lean:18:57: warning: This simp argument is unused:
  Matrix.mul_apply

Hint: Omit it from the simp argument list.
  [apply] simp [companion, inputMatrix, gainRow, closedMatrix, Fin.sum_univ_succ]

Note: This linter can be disabled with `set_option linter.unusedSimpArgs false`
SafeLearning/CompleteExponentialBarrierConsequences.lean:18:75: warning: This simp argument is unused:
  Fin.sum_univ_succ

Hint: Omit it from the simp argument list.
  [apply] simp [companion, inputMatrix, gainRow, closedMatrix, Matrix.mul_apply]

Note: This linter can be disabled with `set_option linter.unusedSimpArgs false`
SafeLearning/CompleteExponentialBarrierConsequences.lean:29:53: warning: This simp argument is unused:
  mulVec

Hint: Omit it from the simp argument list.
  [apply] simp [companion, eta, inputMatrix, dotProduct, Fin.sum_univ_succ]

Note: This linter can be disabled with `set_option linter.unusedSimpArgs false`
SafeLearning/CompleteExponentialBarrierConsequences.lean:29:61: warning: This simp argument is unused:
  dotProduct

Hint: Omit it from the simp argument list.
  [apply] simp [companion, eta, inputMatrix, mulVec, Fin.sum_univ_succ]

Note: This linter can be disabled with `set_option linter.unusedSimpArgs false`
SafeLearning/CompleteExponentialBarrierConsequences.lean:29:73: warning: This simp argument is unused:
  Fin.sum_univ_succ

Hint: Omit it from the simp argument list.
  [apply] simp [companion, eta, inputMatrix, mulVec, dotProduct]

Note: This linter can be disabled with `set_option linter.unusedSimpArgs false`
SafeLearning/CompleteExponentialBarrierConsequences.lean:36:22: warning: `if_false` has been deprecated: Use `ite_false` instead
