SafeLearning/CompleteModulesGaussianChannelInformation.lean:35:8: error(lean.unknownIdentifier): Unknown constant `MeasureTheory.Measure.isProbabilityMeasure_map`
SafeLearning/CompleteModulesGaussianChannelInformation.lean:53:4: warning: try 'simp' instead of 'simpa'

Note: This linter can be disabled with `set_option linter.unnecessarySimpa false`
SafeLearning/CompleteModulesGaussianChannelInformation.lean:104:6: error: Type mismatch: After simplification, term
  h2
 has type
  Real.log ((∂gaussianReal x lambda/∂gaussianReal m q) y).toReal =
    Real.log (gaussianPDFReal x lambda y) - Real.log (gaussianPDFReal m q y)
but is expected to have type
  Real.log
      ({ toFun := fun y => gaussianReal y lambda, measurable' := ⋯ }.rnDeriv (Kernel.const ℝ (gaussianReal m q)) x
          y).toReal =
    Real.log (gaussianPDFReal x lambda y) - Real.log (gaussianPDFReal m q y)
SafeLearning/CompleteModulesGaussianChannelInformation.lean:164:56: error: Tactic `rewrite` failed: Did not find an occurrence of the pattern
  ?a + (?b - ?a)
in the target expression
  ∫ (a : ℝ × ℝ), llr (actualJoint nu lambda) (nu.prod (gaussianReal m q)) a ∂actualJoint nu lambda + 1 - 1 =
    gaussianDifferentialEntropy m q - gaussianDifferentialEntropy 0 lambda

nu : Measure ℝ
inst✝ : IsProbabilityMeasure nu
lambda q : ℝ≥0
hlambda : lambda ≠ 0
hq : q ≠ 0
m : ℝ
houtput : Measure.map Prod.snd (actualJoint nu lambda) = gaussianReal m q
hac : actualJoint nu lambda ≪ nu.prod (gaussianReal m q)
hllr :
  llr (actualJoint nu lambda) (nu.prod (gaussianReal m q)) =ᵐ[actualJoint nu lambda] fun p =>
    Real.log (gaussianPDFReal p.1 lambda p.2) - Real.log (gaussianPDFReal m q p.2)
hnoise :
  Integrable (fun p => Real.log (gaussianPDFReal p.1 lambda p.2)) (actualJoint nu lambda) ∧
    ∫ (p : ℝ × ℝ), Real.log (gaussianPDFReal p.1 lambda p.2) ∂actualJoint nu lambda =
      -gaussianDifferentialEntropy 0 lambda
hout :
  Integrable (fun p => Real.log (gaussianPDFReal m q p.2)) (actualJoint nu lambda) ∧
    ∫ (p : ℝ × ℝ), Real.log (gaussianPDFReal m q p.2) ∂actualJoint nu lambda = -gaussianDifferentialEntropy m q
hint : Integrable (llr (actualJoint nu lambda) (nu.prod (gaussianReal m q))) (actualJoint nu lambda)
⊢ ∫ (a : ℝ × ℝ), llr (actualJoint nu lambda) (nu.prod (gaussianReal m q)) a ∂actualJoint nu lambda + 1 - 1 =
    gaussianDifferentialEntropy m q - gaussianDifferentialEntropy 0 lambda
SafeLearning/CompleteModulesGaussianChannelInformation.lean:186:6: error: Tactic `rewrite` failed: Did not find an occurrence of the pattern
  Real.log ↑(v + lambda) - Real.log ↑lambda
in the target expression
  1 / 2 * (Real.log (2 * Real.pi * Real.exp 1) + Real.log ↑(v + lambda)) -
      1 / 2 * (Real.log (2 * Real.pi * Real.exp 1) + Real.log ↑lambda) =
    1 / 2 * Real.log (1 + ↑v / ↑lambda)

m : ℝ
v lambda : ℝ≥0
hlambda : lambda ≠ 0
hl : 0 < ↑lambda
hq : v + lambda ≠ 0
h :
  klDiv (actualJoint (gaussianReal m v) lambda) ((gaussianReal m v).prod (gaussianReal m (v + lambda))) ≠ ∞ ∧
    (klDiv (actualJoint (gaussianReal m v) lambda) ((gaussianReal m v).prod (gaussianReal m (v + lambda)))).toReal =
      gaussianDifferentialEntropy m (v + lambda) - gaussianDifferentialEntropy 0 lambda
hc : 0 < 2 * Real.pi * Real.exp 1
hq' : 0 < ↑(v + lambda)
⊢ 1 / 2 * (Real.log (2 * Real.pi * Real.exp 1) + Real.log ↑(v + lambda)) -
      1 / 2 * (Real.log (2 * Real.pi * Real.exp 1) + Real.log ↑lambda) =
    1 / 2 * Real.log (1 + ↑v / ↑lambda)
