SafeLearning/CompleteModulesGPConfidenceComparisonConsequences.lean:46:4: error: Tactic `apply` failed: could not unify the conclusion of `@funext`
  ?f = ?g
with the goal
  𝓝 sourceMultiplierRatio = 𝓝 (sourceSrinivasMultiplier * √1 / (sourceChowdhuryMultiplier * √1))

Note: The full type of `@funext` is
  ∀ {α : Sort ?u.53} {β : α → Sort ?u.52} {f g : (x : α) → β x}, (∀ (x : α), f x = g x) → f = g

case e'_5
hv :
  Tendsto (fun cross => queryVariance cross (1 / 100)) (𝓝 0) (𝓝 1) ∧
    Tendsto (fun cross => queryVariance cross (51 / 50)) (𝓝 0) (𝓝 1)
hc : 0 < sourceChowdhuryMultiplier
hs :
  Tendsto (fun x => sourceSrinivasMultiplier * √(queryVariance x (1 / 100))) (𝓝 0) (𝓝 (sourceSrinivasMultiplier * √1))
hl :
  Tendsto (fun x => sourceChowdhuryMultiplier * √(queryVariance x (51 / 50))) (𝓝 0) (𝓝 (sourceChowdhuryMultiplier * √1))
h :
  Tendsto
    ((fun x => sourceSrinivasMultiplier * √(queryVariance x (1 / 100))) / fun x =>
      sourceChowdhuryMultiplier * √(queryVariance x (51 / 50)))
    (𝓝 0) (𝓝 (sourceSrinivasMultiplier * √1 / (sourceChowdhuryMultiplier * √1)))
⊢ 𝓝 sourceMultiplierRatio = 𝓝 (sourceSrinivasMultiplier * √1 / (sourceChowdhuryMultiplier * √1))
SafeLearning/CompleteModulesGPConfidenceComparisonConsequences.lean:48:2: error: No goals to be solved
