SafeLearning/CompleteModulesGPLinearInformationDivisibleDesign.lean:13:0: warning: automatically included section variable(s) unused in theorem `SafeLearning.CompleteModulesGPLinearInformationDivisibleDesign.actual_relabeling_the_samples_preserves_the_true_feature_gram`:
  [Fintype D]
  [DecidableEq D]
  [DecidableEq T]
consider restructuring your `variable` declarations so that the variables are not in scope or explicitly omit them:
  omit [Fintype D] [DecidableEq D] [DecidableEq T] in theorem ...

Note: This linter can be disabled with `set_option linter.unusedSectionVars false`
SafeLearning/CompleteModulesGPLinearInformationDivisibleDesign.lean:38:6: error: Tactic `rewrite` failed: Did not find an occurrence of the pattern
  (cycleDesign ?m)ᵀ * cycleDesign ?m
in the target expression
  (cycleDesign m)ᵀ * cycleDesign m = (↑(Fintype.card T) / ↑(Fintype.card D)) • 1

case refine_2
D : Type u_1
T : Type u_2
inst✝⁴ : Fintype D
inst✝³ : DecidableEq D
inst✝² : Fintype T
inst✝¹ : DecidableEq T
inst✝ : Nonempty D
m : ℕ
hm : Fintype.card T = Fintype.card D * m
hc : Fintype.card T = Fintype.card (Fin m × D)
e : T ≃ Fin m × D := Fintype.equivOfCardEq hc
X : Matrix T D ℝ := (cycleDesign m).submatrix (⇑e) id
hn : ↑(Fintype.card D) ≠ 0
ha : ↑(Fintype.card T) / ↑(Fintype.card D) = ↑m
⊢ (cycleDesign m)ᵀ * cycleDesign m = (↑(Fintype.card T) / ↑(Fintype.card D)) • 1
