SafeLearning/CompleteModulesGPLinearInformationBounds.lean:19:0: warning: automatically included section variable(s) unused in theorem `SafeLearning.CompleteModulesGPLinearInformationBounds.actual_design_gram_is_positive_semidefinite`:
  [DecidableEq D]
  [DecidableEq T]
consider restructuring your `variable` declarations so that the variables are not in scope or explicitly omit them:
  omit [DecidableEq D] [DecidableEq T] in theorem ...

Note: This linter can be disabled with `set_option linter.unusedSectionVars false`
SafeLearning/CompleteModulesGPLinearInformationBounds.lean:25:82: error: unsolved goals
D : Type u_1
T : Type u_2
inst✝³ : Fintype D
inst✝² : DecidableEq D
inst✝¹ : Fintype T
inst✝ : DecidableEq T
X : Matrix T D ℝ
⊢ ∑ y, ∑ x, X y x * X y x = ∑ x, ∑ x_1, |X x x_1| * |X x x_1|
SafeLearning/CompleteModulesGPLinearInformationBounds.lean:27:13: warning: This simp argument is unused:
  WithLp.ofLp_toLp

Hint: Omit it from the simp argument list.
  [apply] simp only [Real.norm_eq_abs, sq_abs, trace, mul_apply, diag, transpose_apply, pow_two]

Note: This linter can be disabled with `set_option linter.unusedSimpArgs false`
SafeLearning/CompleteModulesGPLinearInformationBounds.lean:27:47: warning: This simp argument is unused:
  sq_abs

Hint: Omit it from the simp argument list.
  [apply] simp only [WithLp.ofLp_toLp, Real.norm_eq_abs, trace, mul_apply, diag, transpose_apply, pow_two]

Note: This linter can be disabled with `set_option linter.unusedSimpArgs false`
SafeLearning/CompleteModulesGPLinearInformationBounds.lean:61:24: error(lean.unknownIdentifier): Unknown identifier `i`
SafeLearning/CompleteModulesGPLinearInformationBounds.lean:61:70: error(lean.unknownIdentifier): Unknown identifier `i`
SafeLearning/CompleteModulesGPLinearInformationBounds.lean:54:20: warning: This simp argument is unused:
  Matrix.one_apply

Hint: Omit it from the simp argument list.
  [apply] simp [diagonal_apply, smul_eq_mul, div_eq_mul_inv, mul_comm]

Note: This linter can be disabled with `set_option linter.unusedSimpArgs false`
SafeLearning/CompleteModulesGPLinearInformationBounds.lean:54:37: warning: This simp argument is unused:
  diagonal_apply

Hint: Omit it from the simp argument list.
  [apply] simp [Matrix.one_apply, smul_eq_mul, div_eq_mul_inv, mul_comm]

Note: This linter can be disabled with `set_option linter.unusedSimpArgs false`
SafeLearning/CompleteModulesGPLinearInformationBounds.lean:55:12: warning: This simp argument is unused:
  Matrix.one_apply

Hint: Omit it from the simp argument list.
  [apply] simp [diagonal_apply, hij]

Note: This linter can be disabled with `set_option linter.unusedSimpArgs false`
SafeLearning/CompleteModulesGPLinearInformationBounds.lean:55:29: warning: This simp argument is unused:
  diagonal_apply

Hint: Omit it from the simp argument list.
  [apply] simp [Matrix.one_apply, hij]

Note: This linter can be disabled with `set_option linter.unusedSimpArgs false`
SafeLearning/CompleteModulesGPLinearInformationBounds.lean:79:0: warning: automatically included section variable(s) unused in theorem `SafeLearning.CompleteModulesGPLinearInformationBounds.actual_log_jensen_bound_for_every_nonnegative_spectrum`:
  [DecidableEq D]
consider restructuring your `variable` declarations so that the variables are not in scope or explicitly omit them:
  omit [DecidableEq D] in theorem ...

Note: This linter can be disabled with `set_option linter.unusedSectionVars false`
SafeLearning/CompleteModulesGPLinearInformationBounds.lean:117:4: error: Application type mismatch: The argument
  add_le_add_left ((div_le_div_iff_of_pos_right hd).mpr ht) 1
has type
  (Xᵀ * X).trace / (lambda * ↑(Fintype.card D)) + 1 ≤ ↑(Fintype.card T) / (lambda * ↑(Fintype.card D)) + 1
but is expected to have type
  1 + (Xᵀ * X).trace / (lambda * ↑(Fintype.card D)) ≤ ?m.146
in the application
  Real.log_le_log
    (have this :=
      have ht0 := PosSemidef.trace_nonneg hG;
      add_pos_of_pos_of_nonneg
        (Mathlib.Meta.Positivity.pos_of_isNat (Mathlib.Meta.NormNum.isNat_ofNat ℝ Nat.cast_one) (Eq.refl (Nat.ble 1 1)))
        (Mathlib.Meta.Positivity.div_nonneg_of_nonneg_of_pos ht0
          (mul_pos hlambda (Nat.cast_pos'.mpr Fintype.card_pos)));
    this)
    (add_le_add_left ((div_le_div_iff_of_pos_right hd).mpr ht) 1)
