SafeLearning/CompleteModulesLandscapeGaussianWeightedMixture.lean:30:2: warning: Try this: 
  letI̵

The goal is a proposition, so `let` is preferred over `letI`.
The difference between `let` and `letI` is that `letI` inlines the value.
But this is not relevant for proofs because of proof irrelevance.

Note: This linter can be disabled with `set_option linter.style.haveILetI false`
SafeLearning/CompleteModulesLandscapeGaussianWeightedMixture.lean:32:4: error: Application type mismatch: The argument
  Measurable.div_const (Measurable.mul (Measurable.mul_const (Measurable.pow_const measurable_snd 2) (↑R ^ 2)) ?m.194)
has type
  ∀ (c : ℝ), Measurable fun x => ((fun x => x.2 ^ 2 * ↑R ^ 2) * ?m.192) x / c
but is expected to have type
  Measurable ?m.156
in the application
  Measurable.sub (Measurable.mul measurable_snd ?m.149)
    (Measurable.div_const
      (Measurable.mul (Measurable.mul_const (Measurable.pow_const measurable_snd 2) (↑R ^ 2)) ?m.194))
SafeLearning/CompleteModulesLandscapeGaussianWeightedMixture.lean:33:83: error: numerals are data in Lean, but the expected type is a proposition
  MeasurableSet ?m.202 : Prop
SafeLearning/CompleteModulesLandscapeGaussianWeightedMixture.lean:31:31: error: synthesized type class instance is not definitionally equal to expression inferred by typing rules, synthesized
  this
inferred
  mΩ
SafeLearning/CompleteModulesLandscapeGaussianWeightedMixture.lean:33:8: error: synthesized type class instance is not definitionally equal to expression inferred by typing rules, synthesized
  this
inferred
  mΩ
SafeLearning/CompleteModulesLandscapeGaussianWeightedMixture.lean:53:6: error: Application type mismatch: The argument
  Measurable.div_const
    (Measurable.mul (Measurable.mul_const (Measurable.pow_const measurable_snd 2) (↑R ^ 2))
      (Measurable.comp hv measurable_fst))
has type
  ∀ (c : ℝ),
    Measurable fun x => ((fun x => x.2 ^ 2 * ↑R ^ 2) * partialSum (fun i omega => q i omega ^ 2) n ∘ Prod.fst) x / c
but is expected to have type
  Measurable ?m.253
in the application
  Measurable.sub (Measurable.mul measurable_snd (Measurable.comp hs measurable_fst))
    (Measurable.div_const
      (Measurable.mul (Measurable.mul_const (Measurable.pow_const measurable_snd 2) (↑R ^ 2))
        (Measurable.comp hv measurable_fst)))
SafeLearning/CompleteModulesLandscapeGaussianWeightedMixture.lean:54:44: error: numerals are data in Lean, but the expected type is a proposition
  MeasurableSet ?m.310 : Prop
SafeLearning/CompleteModulesLandscapeGaussianWeightedMixture.lean:71:23: error: Tactic `rewrite` failed: Did not find an occurrence of the pattern
  |Real.exp ?m.593|
in the target expression
  |quadraticProcess q Y R p.2 n p.1| ≤ Real.exp (C * p.2) + Real.exp (-C * p.2)

Ω : Type u_1
mΩ : MeasurableSpace Ω
μ : Measure Ω
inst✝ : IsProbabilityMeasure μ
F : Filtration ℕ mΩ
q Y : ℕ → Ω → ℝ
hq : ∀ (i : ℕ), StronglyMeasurable (q i)
hY : ∀ (i : ℕ), StronglyMeasurable (Y i)
K R a : ℝ≥0
hqbound : ∀ (i : ℕ), ∀ᵐ (omega : Ω) ∂μ, |q i omega| ≤ ↑K
hYbound : ∀ (i : ℕ), ∀ᵐ (omega : Ω) ∂μ, Y i omega ∈ Icc (-↑R) ↑R
n : ℕ
hprod : ∀ (i : ℕ), StronglyMeasurable (q i * Y i)
hquad : ∀ (i : ℕ), StronglyMeasurable fun omega => q i omega ^ 2
hs : Measurable (partialSum (fun i => q i * Y i) n)
hv : Measurable (partialSum (fun i omega => q i omega ^ 2) n)
hm : Measurable fun p => quadraticProcess q Y R p.2 n p.1
C : ℝ := ↑n * ↑K * ↑R
hb : ∀ᵐ (omega : Ω) ∂μ, |partialSum (fun i => q i * Y i) n omega| ≤ C
hi : Integrable (fun theta => Real.exp (C * theta) + Real.exp (-C * theta)) (gaussianReal 0 a)
p : Ω × ℝ
hp : |partialSum (fun i => q i * Y i) n p.1| ≤ C
⊢ |quadraticProcess q Y R p.2 n p.1| ≤ Real.exp (C * p.2) + Real.exp (-C * p.2)
SafeLearning/CompleteModulesLandscapeGaussianWeightedMixture.lean:141:4: error: Tactic `rewrite` failed: Did not find an occurrence of the pattern
  Real.log (?m.124 * √(1 + ↑a * variance))
in the target expression
  ↑a * sum ^ 2 / (2 * (1 + ↑a * variance)) < Real.log (√(1 + ↑a * variance) * (1 / delta)) ↔
    ↑a * sum ^ 2 / (1 + ↑a * variance) < Real.log (1 + ↑a * variance) + 2 * Real.log (1 / delta)

a : ℝ≥0
variance sum delta : ℝ
hv : 0 ≤ variance
hd : 0 < delta
hD : 0 < 1 + ↑a * variance
hs : 0 < √(1 + ↑a * variance)
⊢ ↑a * sum ^ 2 / (2 * (1 + ↑a * variance)) < Real.log (√(1 + ↑a * variance) * (1 / delta)) ↔
    ↑a * sum ^ 2 / (1 + ↑a * variance) < Real.log (1 + ↑a * variance) + 2 * Real.log (1 / delta)
