SafeLearning/CompleteModulesGaussianSequentialAlgebra.lean:27:2: warning: Try this: 
  letI̵

The goal is a proposition, so `let` is preferred over `letI`.
The difference between `let` and `letI` is that `letI` inlines the value.
But this is not relevant for proofs because of proof irrelevance.

Note: This linter can be disabled with `set_option linter.style.haveILetI false`
SafeLearning/CompleteModulesGaussianSequentialAlgebra.lean:29:34: error(lean.synthInstanceFailed): failed to synthesize instance of type class
  HMul (?m.45 → I → ℝ) (Matrix I I ℝ) ?m.59

Hint: Type class instance resolution failures can be inspected with the `set_option trace.Meta.synthInstance true` command.
SafeLearning/CompleteModulesGaussianSequentialAlgebra.lean:29:2: error: stuck at solving universe constraint
  ?u.44 + 1 =?= max (u_1 + 1) ?u.45
while trying to unify
  ?m.45 → I → ℝ : Sort (max (u_1 + 1) ?u.45)
with
  ?m.45 → I → ℝ : Sort (max (u_1 + 1) ?u.45)
SafeLearning/CompleteModulesGaussianSequentialAlgebra.lean:25:65: error: stuck at solving universe constraint
  ?u.44 + 1 =?= max (u_1 + 1) ?u.45
while trying to unify
  ?m.45 → I → ℝ : Sort (max (u_1 + 1) ?u.45)
with
  ?m.45 → I → ℝ : Sort (max (u_1 + 1) ?u.45)
SafeLearning/CompleteModulesGaussianSequentialAlgebra.lean:48:34: error: Tactic `rewrite` failed: Did not find an occurrence of the pattern
  fromBlocks ?A ?B ?C ?D *ᵥ ?x
in the target expression
  (fromBlocks A (fun i x => d i) (fun x i => d i) fun x x_1 => v) *ᵥ
      (A⁻¹ *ᵥ c - lastWeight A d c v r • A⁻¹ *ᵥ d ⊕ᵥ fun x => lastWeight A d c v r) =
    c ⊕ᵥ fun x => r

I : Type u_1
inst✝¹ : Fintype I
inst✝ : DecidableEq I
A : Matrix I I ℝ
d c : I → ℝ
v r : ℝ
hA : IsUnit A
hs : innovationVariance A d v ≠ 0
hc : A *ᵥ A⁻¹ *ᵥ c = c
hd : A *ᵥ A⁻¹ *ᵥ d = d
hw : lastWeight A d c v r * innovationVariance A d v = innovationCross A d c r
⊢ (fromBlocks A (fun i x => d i) (fun x i => d i) fun x x_1 => v) *ᵥ
      (A⁻¹ *ᵥ c - lastWeight A d c v r • A⁻¹ *ᵥ d ⊕ᵥ fun x => lastWeight A d c v r) =
    c ⊕ᵥ fun x => r

Note: The target expression is not type-correct under the `implicit` transparency level, which may have triggered the failure. This is usually caused by unfolding of semireducible definitions in prior tactic steps. Use `set_option linter.tacticCheckInstances true` to investigate the source of the issue.
Full error:
  Application type mismatch: The argument
    fun i x => d i
  has type
    I → Unit → ℝ
  but is expected to have type
    Matrix I Unit ℝ
  in the application
    fromBlocks A fun i x => d i
SafeLearning/CompleteModulesGaussianSequentialAlgebra.lean:104:6: error: Tactic `rewrite` failed: Did not find an occurrence of the pattern
  c ⬝ᵥ A⁻¹ *ᵥ d
in the target expression
  b - (c ⬝ᵥ A⁻¹ *ᵥ c + lastWeight A d c v r * (r - d ⬝ᵥ A⁻¹ *ᵥ c)) =
    b - c ⬝ᵥ A⁻¹ *ᵥ c - innovationCross A d c r ^ 2 / innovationVariance A d v

I : Type u_1
inst✝¹ : Fintype I
inst✝ : DecidableEq I
A : Matrix I I ℝ
d c : I → ℝ
v r b : ℝ
hA : IsUnit A
hs : innovationVariance A d v ≠ 0
hSymm : Aᵀ = A
⊢ b - (c ⬝ᵥ A⁻¹ *ᵥ c + lastWeight A d c v r * (r - d ⬝ᵥ A⁻¹ *ᵥ c)) =
    b - c ⬝ᵥ A⁻¹ *ᵥ c - innovationCross A d c r ^ 2 / innovationVariance A d v
