SafeLearning/CompleteModulesLandscapeGaussianGPRegularization.lean:55:2: warning: Try this: 
  letI̵

The goal is a proposition, so `let` is preferred over `letI`.
The difference between `let` and `letI` is that `letI` inlines the value.
But this is not relevant for proofs because of proof irrelevance.

Note: This linter can be disabled with `set_option linter.style.haveILetI false`
Try this:
  [apply] ring_nf
  
  The `ring` tactic failed to close the goal. Use `ring_nf` to obtain a normal form.
    
  Note that `ring` works primarily in *commutative* rings. If you have a noncommutative ring, abelian group or module, consider using `noncomm_ring`, `abel` or `module` instead.
SafeLearning/CompleteModulesLandscapeGaussianGPRegularization.lean:124:78: error: unsolved goals
sample : Type u_1
feature : Type u_2
inst✝³ : Fintype sample
inst✝² : Fintype feature
inst✝¹ : DecidableEq sample
inst✝ : DecidableEq feature
Phi : Matrix sample feature ℝ
noise : sample → ℝ
R lambda : ℝ
hR : 0 < R
hlambda : 0 < lambda
hq :
  ↑(actualGPIsotropicPriorVariance R lambda hR hlambda) *
      Phiᵀ *ᵥ noise ⬝ᵥ
        (1 + ↑(actualGPIsotropicPriorVariance R lambda hR hlambda) • R ^ 2 • featureGram Phi)⁻¹ *ᵥ Phiᵀ *ᵥ noise =
    1 / R ^ 2 * noise ⬝ᵥ kernelGram Phi *ᵥ (noisyKernel lambda Phi)⁻¹ *ᵥ noise
⊢ ↑(actualGPIsotropicPriorVariance R lambda hR hlambda) *
        Phiᵀ *ᵥ noise ⬝ᵥ
          (1 + ↑(actualGPIsotropicPriorVariance R lambda hR hlambda) • R ^ 2 • featureGram Phi)⁻¹ *ᵥ Phiᵀ *ᵥ noise *
      (1 / 2) =
    ↑(actualGPIsotropicPriorVariance R lambda hR hlambda) ^ 2 * (1 / 2)
SafeLearning/CompleteModulesLandscapeGaussianGPRegularization.lean:125:20: error: Tactic `rewrite` failed: Did not find an occurrence of the pattern
  ↑(actualGPIsotropicPriorVariance R lambda hR hlambda) *
    Phiᵀ *ᵥ noise ⬝ᵥ
      (1 + ↑(actualGPIsotropicPriorVariance R lambda hR hlambda) • R ^ 2 • featureGram Phi)⁻¹ *ᵥ Phiᵀ *ᵥ noise
in the target expression
  ↑(actualGPIsotropicPriorVariance R lambda hR hlambda) * ↑(actualGPIsotropicPriorVariance R lambda hR hlambda) / 2 =
    noise ⬝ᵥ kernelGram Phi *ᵥ (noisyKernel lambda Phi)⁻¹ *ᵥ noise / (2 * R ^ 2)

sample : Type u_1
feature : Type u_2
inst✝³ : Fintype sample
inst✝² : Fintype feature
inst✝¹ : DecidableEq sample
inst✝ : DecidableEq feature
Phi : Matrix sample feature ℝ
noise : sample → ℝ
R lambda : ℝ
hR : 0 < R
hlambda : 0 < lambda
hq :
  ↑(actualGPIsotropicPriorVariance R lambda hR hlambda) *
      Phiᵀ *ᵥ noise ⬝ᵥ
        (1 + ↑(actualGPIsotropicPriorVariance R lambda hR hlambda) • R ^ 2 • featureGram Phi)⁻¹ *ᵥ Phiᵀ *ᵥ noise =
    1 / R ^ 2 * noise ⬝ᵥ kernelGram Phi *ᵥ (noisyKernel lambda Phi)⁻¹ *ᵥ noise
⊢ ↑(actualGPIsotropicPriorVariance R lambda hR hlambda) * ↑(actualGPIsotropicPriorVariance R lambda hR hlambda) / 2 =
    noise ⬝ᵥ kernelGram Phi *ᵥ (noisyKernel lambda Phi)⁻¹ *ᵥ noise / (2 * R ^ 2)
