SafeLearning/CompleteModulesRealHarmonicOddFrames.lean:19:0: warning: automatically included section variable(s) unused in theorem `SafeLearning.CompleteModulesRealHarmonicOddFrames.actual_odd_harmonic_inputs_have_unit_euclidean_norm`:
  [DecidableEq K]
consider restructuring your `variable` declarations so that the variables are not in scope or explicitly omit them:
  omit [DecidableEq K] in theorem ...

Note: This linter can be disabled with `set_option linter.unusedSectionVars false`
SafeLearning/CompleteModulesRealHarmonicOddFrames.lean:33:6: warning: This simp argument is unused:
  Fin.zero_eta

Hint: Omit it from the simp argument list.
  [apply] simp only [Fin.sum_univ_two, oddFrame, Matrix.of_apply, Sum.elim_inl, Sum.elim_inr, Finset.sum_const,
    Finset.card_univ, Fintype.card_unit, one_smul, realComponent, Fin.isValue, ite_true, Fin.mk_one, one_ne_zero,
    ite_false]

Note: This linter can be disabled with `set_option linter.unusedSimpArgs false`
SafeLearning/CompleteModulesRealHarmonicOddFrames.lean:33:40: warning: This simp argument is unused:
  Fin.mk_one

Hint: Omit it from the simp argument list.
  [apply] simp only [Fin.sum_univ_two, oddFrame, Matrix.of_apply, Sum.elim_inl, Sum.elim_inr, Finset.sum_const,
    Finset.card_univ, Fintype.card_unit, one_smul, realComponent, Fin.zero_eta, Fin.isValue, ite_true, one_ne_zero,
    ite_false]

Note: This linter can be disabled with `set_option linter.unusedSimpArgs false`
SafeLearning/CompleteModulesRealHarmonicOddFrames.lean:45:23: warning: this tactic is never executed

Note: This linter can be disabled with `set_option linter.unreachableTactic false`
SafeLearning/CompleteModulesRealHarmonicOddFrames.lean:45:23: warning: Unused tactic linter: `ring` does nothing

Note: This linter can be disabled with `set_option linter.unusedTactic false`
SafeLearning/CompleteModulesRealHarmonicOddFrames.lean:99:21: warning: this tactic is never executed

Note: This linter can be disabled with `set_option linter.unreachableTactic false`
SafeLearning/CompleteModulesRealHarmonicOddFrames.lean:99:21: warning: Unused tactic linter: `ring` does nothing

Note: This linter can be disabled with `set_option linter.unusedTactic false`
