SafeLearning/CompleteModulesDesignFiniteGramian.lean:36:55: error: unsolved goals
case «0».«0»
h0 : sourceGramianTerm 0 = diagonal ![0, 1]
⊢ vecHead (vecTail fun x y => ![0, 1] x * ![0, 1] y) 1 = 1
SafeLearning/CompleteModulesDesignFiniteGramian.lean:43:61: error: Type mismatch: After simplification, term
  hk
 has type
  1 < k
but is expected to have type
  2 ≤ k
SafeLearning/CompleteModulesDesignFiniteGramian.lean:44:9: error: Tactic `rewrite` failed: Did not find an occurrence of the pattern
  ∑ i, ?f i
in the target expression
  ∑ k ∈ Finset.range 2, sourceGramianTerm k = 1

h0 : sourceGramianTerm 0 = diagonal ![0, 1]
h1 : sourceGramianTerm 1 = diagonal ![1, 0]
hs : sourceGramian = ∑ k ∈ Finset.range 2, sourceGramianTerm k
⊢ ∑ k ∈ Finset.range 2, sourceGramianTerm k = 1
SafeLearning/CompleteModulesDesignFiniteGramian.lean:50:73: error: unsolved goals
case «0».«0»
hg : sourceGramian = 1
⊢ 1 = (![0, 1] ᵥ* !![0, 1; 0, 0]ᵀ) 0

case «0».«1»
hg : sourceGramian = 1
⊢ 0 = (![0, 1] ᵥ* !![0, 1; 0, 0]ᵀ) 1

case «1».«0»
hg : sourceGramian = 1
⊢ 0 = (![0, 0] ᵥ* !![0, 1; 0, 0]ᵀ) 0

case «1».«1»
hg : sourceGramian = 1
⊢ (![0, 0] ᵥ* !![0, 1; 0, 0]ᵀ) 1 = 0
SafeLearning/CompleteModulesDesignFiniteGramian.lean:60:8: error(lean.unknownIdentifier): Unknown constant `Matrix.isUnit_iff_isUnit_det.mpr`
SafeLearning/CompleteModulesDesignFiniteGramian.lean:61:2: error: No goals to be solved
