SafeLearning/CompleteModulesLoSBOUnsafeConsequences.lean:25:20: error: No goals to be solved
SafeLearning/CompleteModulesLoSBOUnsafeConsequences.lean:34:2: warning: Try this: 
  letI̵

The goal is a proposition, so `let` is preferred over `letI`.
The difference between `let` and `letI` is that `letI` inlines the value.
But this is not relevant for proofs because of proof irrelevance.

Note: This linter can be disabled with `set_option linter.style.haveILetI false`
SafeLearning/CompleteModulesLoSBOUnsafeConsequences.lean:53:29: warning: This simp argument is unused:
  real_inner_comm

Hint: Omit it from the simp argument list.
  [apply] simp [CompleteModulesMatrixGP.ridgeMatrix, actualGPMatrix, featureGram, Matrix.gram_apply, feature, A,
    actualKernel]

Note: This linter can be disabled with `set_option linter.unusedSimpArgs false`
SafeLearning/CompleteModulesLoSBOUnsafeConsequences.lean:71:58: warning: This simp argument is unused:
  real_inner_self_eq_norm_sq

Hint: Omit it from the simp argument list.
  [apply] simp [posteriorVariance, actualGPVariance, actualKernel, dotProduct, actualGPCross, query, weight, A, feature,
    mul_comm]

Note: This linter can be disabled with `set_option linter.unusedSimpArgs false`
SafeLearning/CompleteModulesLoSBOUnsafeConsequences.lean:94:8: error: linarith failed to find a contradiction
case succ.inr
safeSets : ℕ → Set (Fin 3)
lower : ℕ → Fin 3 → ℝ
hseed : safeSets 0 = actualSeed
hvalid : ∀ (n : ℕ) (i : Fin 3), lower n i ≤ actualValue i
hstep :
  ∀ (n : ℕ), ∀ i ∈ safeSets (n + 1), i ∈ safeSets n ∨ ∃ a ∈ safeSets n, -3 ≤ lower (n + 1) a - 2 * actualDistance a i
n : ℕ
ih : ∀ i ∈ safeSets n, -3 ≤ actualValue i
i : Fin 3
hi : i ∈ safeSets (n + 1)
a : Fin 3
ha : a ∈ safeSets n
hcertificate : -3 ≤ lower (n + 1) a - 2 * actualDistance a i
hl : lower (n + 1) a ≤ actualValue a
hf : |actualValue a - actualValue i| ≤ 2 * actualDistance a i
habs : -(2 * actualDistance a i) ≤ actualValue a - actualValue i
a✝ : actualValue i < -3
⊢ False
failed
