SafeLearning/CompleteModulesGoSafeToyObjective.lean:79:20: error: Tactic `rewrite` failed: Did not find an occurrence of the pattern
  |?a| ^ 2
in the target expression
  (1 / 8) ^ 2 ≤ |p.1 - 3 / 4| * |p.1 - 3 / 4|

p : ℝ × ℝ
hp : p ∈ actualParameterBox
hscore : 53 / 50 ≤ actualObjective p
hp1 : p.1 ∈ Icc 0 1
hp2 : p.2 ∈ Icc 0 1
hfirst :
  0 < Real.exp (-((p.1 - 3 / 4) ^ 2 + (p.2 - 3 / 5) ^ 2) / (2 * (13 / 100) ^ 2)) ∧
    Real.exp (-((p.1 - 3 / 4) ^ 2 + (p.2 - 3 / 5) ^ 2) / (2 * (13 / 100) ^ 2)) ≤ 1
hsecond :
  0 < Real.exp (-((p.1 - 1 / 4) ^ 2 + (p.2 - 2 / 5) ^ 2) / (2 * (13 / 100) ^ 2)) ∧
    Real.exp (-((p.1 - 1 / 4) ^ 2 + (p.2 - 2 / 5) ^ 2) / (2 * (13 / 100) ^ 2)) ≤ 1
hx : 1 / 2 < p.1
hsecondBound : Real.exp (-((p.1 - 1 / 4) ^ 2 + (p.2 - 2 / 5) ^ 2) / (2 * (13 / 100) ^ 2)) ≤ 338 / 963
h : ¬|p.1 - 3 / 4| < 1 / 8
hab : 1 / 8 ≤ |p.1 - 3 / 4|
hm : (1 / 8) ^ 2 ≤ |p.1 - 3 / 4| * |p.1 - 3 / 4|
⊢ 1 / 64 ≤ (p.1 - 3 / 4) ^ 2
