SafeLearning/CompleteModulesLoSBOIndexedSafety.lean:76:4: error: linarith failed to find a contradiction
case hregularity
X : Type u_1
inst✝ : PseudoMetricSpace X
f : X → ℝ
seed : Set X
query : ℕ → X
observation noise : ℕ → ℝ
upperNoise : X → ℕ → ℝ
L threshold : ℝ
hseed : ∀ x ∈ seed, threshold ≤ f x
hobs : ∀ t ≥ 1, observation t = f (query t) + noise t
hnoise : ∀ t ≥ 1, noise t ≤ upperNoise (query t) t
hf : ∀ (a x : X), |f a - f x| ≤ L * dist a x
hquery : ∀ t ≥ 1, query t ∈ actualSourceRounds seed query observation upperNoise (fun a x => L * dist a x) threshold t
a x : X
h : -(L * dist a x) ≤ f a - f x
a✝ : f x < f a - L * dist a x
⊢ False
failed
SafeLearning/CompleteModulesLoSBOIndexedSafety.lean:84:19: error: unknown tactic
SafeLearning/CompleteModulesLoSBOIndexedSafety.lean:83:44: error: unsolved goals
case left
actual noise upperError lowerError threshold cost : ℝ
hn : noise ≤ 0
hl : -lowerError ≤ noise
⊢ threshold ≤ actual + noise - upperError - cost → threshold ≤ actual - upperError - cost

case right
actual noise upperError lowerError threshold cost : ℝ
hn : noise ≤ 0
hl : -lowerError ≤ noise
⊢ actual ≤ actual + noise + lowerError
