SafeLearning/CompleteModulesLoSBOUnsafeThreePoint.lean:14:2: error: Type mismatch
  !₂[![1, 0, 0], ![0, 1, 0], ![0, 2, 1]].ofLp i
has type
  (fun a => Fin 3 → ℝ) i
but is expected to have type
  ActualCoefficients
SafeLearning/CompleteModulesLoSBOUnsafeThreePoint.lean:26:69: error(lean.unknownIdentifier): Unknown constant `Fintype.sum_fin_eq_sum_range`
SafeLearning/CompleteModulesLoSBOUnsafeThreePoint.lean:26:69: error(lean.unknownIdentifier): Unknown constant `Fintype.sum_fin_eq_sum_range`
SafeLearning/CompleteModulesLoSBOUnsafeThreePoint.lean:26:69: error(lean.unknownIdentifier): Unknown constant `Fintype.sum_fin_eq_sum_range`
SafeLearning/CompleteModulesLoSBOUnsafeThreePoint.lean:26:69: error(lean.unknownIdentifier): Unknown constant `Fintype.sum_fin_eq_sum_range`
SafeLearning/CompleteModulesLoSBOUnsafeThreePoint.lean:26:69: error(lean.unknownIdentifier): Unknown constant `Fintype.sum_fin_eq_sum_range`
SafeLearning/CompleteModulesLoSBOUnsafeThreePoint.lean:26:69: error(lean.unknownIdentifier): Unknown constant `Fintype.sum_fin_eq_sum_range`
SafeLearning/CompleteModulesLoSBOUnsafeThreePoint.lean:26:69: error(lean.unknownIdentifier): Unknown constant `Fintype.sum_fin_eq_sum_range`
SafeLearning/CompleteModulesLoSBOUnsafeThreePoint.lean:26:69: error(lean.unknownIdentifier): Unknown constant `Fintype.sum_fin_eq_sum_range`
SafeLearning/CompleteModulesLoSBOUnsafeThreePoint.lean:26:69: error(lean.unknownIdentifier): Unknown constant `Fintype.sum_fin_eq_sum_range`
SafeLearning/CompleteModulesLoSBOUnsafeThreePoint.lean:23:41: error: unsolved goals
case «0».«0»
⊢ ‖sorry ()‖ = 1 ∨ ‖sorry ()‖ = -1

case «0».«1»
⊢ sorry () = 0

case «0».«2»
⊢ sorry () = 0

case «1».«0»
⊢ sorry () = 0

case «1».«1»
⊢ ‖sorry ()‖ = 1 ∨ ‖sorry ()‖ = -1

case «1».«2»
⊢ ‖sorry ()‖ ^ 2 = 2

case «2».«0»
⊢ sorry () = 0

case «2».«1»
⊢ ‖sorry ()‖ ^ 2 = 2

case «2».«2»
⊢ ‖sorry ()‖ ^ 2 = 5
SafeLearning/CompleteModulesLoSBOUnsafeThreePoint.lean:26:27: warning: declaration uses `sorry`
SafeLearning/CompleteModulesLoSBOUnsafeThreePoint.lean:52:20: error: Type mismatch: After simplification, term
  have this := hz0;
  this
 has type
  x 0 = 0
but is expected to have type
  x 1 = 0
SafeLearning/CompleteModulesLoSBOUnsafeThreePoint.lean:52:20: error: Type mismatch: After simplification, term
  have this := hz0;
  this
 has type
  x 0 = 0
but is expected to have type
  x 2 = 0
SafeLearning/CompleteModulesLoSBOUnsafeThreePoint.lean:59:52: error: unsolved goals
case «0»
⊢ (sorry ()).ofLp 1 = 0

case «1»
⊢ (sorry ()).ofLp 1 = 1

case «2»
⊢ (sorry ()).ofLp 1 * 2 = 4
SafeLearning/CompleteModulesLoSBOUnsafeThreePoint.lean:61:60: warning: declaration uses `sorry`
SafeLearning/CompleteModulesLoSBOUnsafeThreePoint.lean:84:6: error: linarith failed to find a contradiction
case «2».h1
a b : ActualCoefficients
he :
  (ContinuousLinearMap.pi fun i => (innerSL ℝ) (actualFeature i)) a =
    (ContinuousLinearMap.pi fun i => (innerSL ℝ) (actualFeature i)) b
h : ∀ (i : Fin 3), inner ℝ (actualFeature i) a = inner ℝ (actualFeature i) b
h0 h1 h2 :
  a.ofLp 0 * (sorry ()).ofLp 0 + (a.ofLp 1 * (sorry ()).ofLp 1 + a.ofLp 2 * (sorry ()).ofLp 2) =
    b.ofLp 0 * (sorry ()).ofLp 0 + (b.ofLp 1 * (sorry ()).ofLp 1 + b.ofLp 2 * (sorry ()).ofLp 2)
a✝ : a.ofLp ((fun i => i) ⟨2, ⋯⟩) < b.ofLp ((fun i => i) ⟨2, ⋯⟩)
⊢ False
failed
SafeLearning/CompleteModulesLoSBOUnsafeThreePoint.lean:79:10: warning: declaration uses `sorry`
SafeLearning/CompleteModulesLoSBOUnsafeThreePoint.lean:91:2: warning: Try this: 
  letI̵

The goal is a proposition, so `let` is preferred over `letI`.
The difference between `let` and `letI` is that `letI` inlines the value.
But this is not relevant for proofs because of proof irrelevance.

Note: This linter can be disabled with `set_option linter.style.haveILetI false`
SafeLearning/CompleteModulesLoSBOUnsafeThreePoint.lean:95:8: error: Tactic `rewrite` failed: Did not find an occurrence of the pattern
  inner ?m.108 ?f ((RKHS.kerFun ?m.114 ?x) ?v)
in the target expression
  inner ℝ ((RKHS.kerFun ActualCoefficients i) 1) a = inner ℝ (actualFeature i) a

this : RKHS ℝ ActualCoefficients (Fin 3) ℝ := actualRKHS
i : Fin 3
a : ActualCoefficients
⊢ inner ℝ ((RKHS.kerFun ActualCoefficients i) 1) a = inner ℝ (actualFeature i) a
SafeLearning/CompleteModulesLoSBOUnsafeThreePoint.lean:102:4: error: Type mismatch: After simplification, term
  h
 has type
  @Eq ℝ ((RKHS.kernel ActualCoefficients i j) 1) (inner ℝ (actualFeature j) (actualFeature i))
but is expected to have type
  @Eq ℝ ((RKHS.kernel ActualCoefficients i j) 1) (inner ℝ (actualFeature i) (actualFeature j))
SafeLearning/CompleteModulesLoSBOUnsafeThreePoint.lean:107:2: error: unsolved goals
case refine_4.«0»
this : RKHS ℝ ActualCoefficients (Fin 3) ℝ := actualRKHS
hker : ∀ (i : Fin 3), (RKHS.kerFun ActualCoefficients i) 1 = actualFeature i
⊢ (sorry ()).ofLp 0 = 0

case refine_4.«1»
this : RKHS ℝ ActualCoefficients (Fin 3) ℝ := actualRKHS
hker : ∀ (i : Fin 3), (RKHS.kerFun ActualCoefficients i) 1 = actualFeature i
⊢ (sorry ()).ofLp 1 = 1

case refine_4.«2»
this : RKHS ℝ ActualCoefficients (Fin 3) ℝ := actualRKHS
hker : ∀ (i : Fin 3), (RKHS.kerFun ActualCoefficients i) 1 = actualFeature i
⊢ (sorry ()).ofLp 2 = 0
SafeLearning/CompleteModulesLoSBOUnsafeThreePoint.lean:115:2: error(lean.synthInstanceFailed): failed to synthesize instance of type class
  Decidable (i ∈ actualSeed)

Hint: Type class instance resolution failures can be inspected with the `set_option trace.Meta.synthInstance true` command.
SafeLearning/CompleteModulesLoSBOUnsafeThreePoint.lean:146:73: error: unsolved goals
case «0»
hp : actualMean = 0 ∧ actualVariance = ![0, 1, 5]
⊢ sorry () = 0

case «1»
hp : actualMean = 0 ∧ actualVariance = ![0, 1, 5]
⊢ sorry () = -(1 / 2)

case «2»
hp : actualMean = 0 ∧ actualVariance = ![0, 1, 5]
⊢ sorry () = -√5 / 2
SafeLearning/CompleteModulesLoSBOUnsafeThreePoint.lean:149:71: error: unsolved goals
case «2»
hp : actualMean = 0 ∧ actualVariance = ![0, 1, 5]
hlo : actualLower (1 / 2) = ![0, -1 / 2, -√5 / 2]
⊢ 1 / 2 * √5 = √5 / 2
SafeLearning/CompleteModulesLoSBOUnsafeThreePoint.lean:148:30: warning: declaration uses `sorry`
Try this:
  [apply] ring_nf
  
  The `ring` tactic failed to close the goal. Use `ring_nf` to obtain a normal form.
    
  Note that `ring` works primarily in *commutative* rings. If you have a noncommutative ring, abelian group or module, consider using `noncomm_ring`, `abel` or `module` instead.
Try this:
  [apply] ring_nf
  
  The `ring` tactic failed to close the goal. Use `ring_nf` to obtain a normal form.
    
  Note that `ring` works primarily in *commutative* rings. If you have a noncommutative ring, abelian group or module, consider using `noncomm_ring`, `abel` or `module` instead.
Try this:
  [apply] ring_nf
  
  The `ring` tactic failed to close the goal. Use `ring_nf` to obtain a normal form.
    
  Note that `ring` works primarily in *commutative* rings. If you have a noncommutative ring, abelian group or module, consider using `noncomm_ring`, `abel` or `module` instead.
SafeLearning/CompleteModulesLoSBOUnsafeThreePoint.lean:168:66: error: unsolved goals
case «0»
h :
  actualLower (1 / 2) = ![0, -1 / 2, -√5 / 2] ∧
    actualUpper (1 / 2) = ![0, 1 / 2, √5 / 2] ∧
      actualSafeAfterOne (1 / 2) = univ ∧ actualValue 2 < -3 ∧ actualLower (1 / 2) 1 - 2 * actualDistance 1 2 = -5 / 2
hs : 1 < √5
⊢ actualUpper (1 / 2) 0 - actualLower (1 / 2) 0 = 0

case «1»
h :
  actualLower (1 / 2) = ![0, -1 / 2, -√5 / 2] ∧
    actualUpper (1 / 2) = ![0, 1 / 2, √5 / 2] ∧
      actualSafeAfterOne (1 / 2) = univ ∧ actualValue 2 < -3 ∧ actualLower (1 / 2) 1 - 2 * actualDistance 1 2 = -5 / 2
hs : 1 < √5
⊢ actualUpper (1 / 2) 1 - actualLower (1 / 2) 1 = 1

case «2»
h :
  actualLower (1 / 2) = ![0, -1 / 2, -√5 / 2] ∧
    actualUpper (1 / 2) = ![0, 1 / 2, √5 / 2] ∧
      actualSafeAfterOne (1 / 2) = univ ∧ actualValue 2 < -3 ∧ actualLower (1 / 2) 1 - 2 * actualDistance 1 2 = -5 / 2
hs : 1 < √5
⊢ actualUpper (1 / 2) 2 - actualLower (1 / 2) 2 = √5
SafeLearning/CompleteModulesLoSBOUnsafeThreePoint.lean:172:2: error: unsolved goals
case refine_1
h :
  actualLower (1 / 2) = ![0, -1 / 2, -√5 / 2] ∧
    actualUpper (1 / 2) = ![0, 1 / 2, √5 / 2] ∧
      actualSafeAfterOne (1 / 2) = univ ∧ actualValue 2 < -3 ∧ actualLower (1 / 2) 1 - 2 * actualDistance 1 2 = -5 / 2
hs : 1 < √5
hw : actualWidth (1 / 2) = ![0, 1, √5]
i : Fin 3
⊢ i ∈ actualSafeAfterOne 2⁻¹ → ∀ x ∉ actualSafeAfterOne 2⁻¹, actualUpper 2⁻¹ i + 3 < 2 * actualDistance i x
SafeLearning/CompleteModulesLoSBOUnsafeThreePoint.lean:175:48: warning: `Set.mem_setOf_eq` has been deprecated: Use `Set.mem_ofPred_eq` instead
SafeLearning/CompleteModulesLoSBOUnsafeThreePoint.lean:181:20: error: No goals to be solved
SafeLearning/CompleteModulesLoSBOUnsafeThreePoint.lean:170:38: warning: This simp argument is unused:
  h.1

Hint: Omit it from the simp argument list.
  [apply] simp [actualWidth, h.2.1]

Note: This linter can be disabled with `set_option linter.unusedSimpArgs false`
SafeLearning/CompleteModulesLoSBOUnsafeThreePoint.lean:170:42: warning: This simp argument is unused:
  h.2.1

Hint: Omit it from the simp argument list.
  [apply] simp [actualWidth, h.1]

Note: This linter can be disabled with `set_option linter.unusedSimpArgs false`
SafeLearning/CompleteModulesLoSBOUnsafeThreePoint.lean:173:34: warning: This simp argument is unused:
  h.2.2.1

Hint: Omit it from the simp argument list.
  [apply] simp [actualExpandersAfterOne]

Note: This linter can be disabled with `set_option linter.unusedSimpArgs false`
SafeLearning/CompleteModulesLoSBOUnsafeThreePoint.lean:187:12: warning: declaration uses `sorry`
SafeLearning/CompleteModulesLoSBOUnsafeThreePoint.lean:183:8: warning: declaration uses `sorry`
SafeLearning/CompleteModulesLoSBOUnsafeThreePoint.lean:184:17: warning: Variable name `hbound` is not explicitly referenced.

Hint: The binding can be removed (if unused) or named `_` (if used implicitly). Alternatively, prefix the name with `_` to silence this warning:
  [apply] _hbound

Note: This linter can be disabled with `set_option linter.unusedVariables false`
SafeLearning/CompleteModulesLoSBOUnsafeThreePoint.lean:189:24: warning: this tactic is never executed

Note: This linter can be disabled with `set_option linter.unreachableTactic false`
SafeLearning/CompleteModulesLoSBOUnsafeThreePoint.lean:190:23: warning: this tactic is never executed

Note: This linter can be disabled with `set_option linter.unreachableTactic false`
SafeLearning/CompleteModulesLoSBOUnsafeThreePoint.lean:189:4: warning: Unused tactic linter: `rw [max_eq_right h]` does nothing

Note: This linter can be disabled with `set_option linter.unusedTactic false`
SafeLearning/CompleteModulesLoSBOUnsafeThreePoint.lean:189:24: warning: Unused tactic linter: `linarith` does nothing

Note: This linter can be disabled with `set_option linter.unusedTactic false`
SafeLearning/CompleteModulesLoSBOUnsafeThreePoint.lean:190:4: warning: Unused tactic linter: `rw [max_eq_left h]` does nothing

Note: This linter can be disabled with `set_option linter.unusedTactic false`
SafeLearning/CompleteModulesLoSBOUnsafeThreePoint.lean:190:23: warning: Unused tactic linter: `norm_num` does nothing

Note: This linter can be disabled with `set_option linter.unusedTactic false`
SafeLearning/CompleteModulesLoSBOUnsafeThreePoint.lean:203:2: error: linarith failed to find a contradiction
bound : ℝ
hlower : 1 < bound
hupper : bound < 2
hp : actualMean = 0 ∧ actualVariance = ![0, 1, 5]
x : ℝ
hlo : sorry () ≤ -2
hhi : x ≤ actualUpper bound 1
hx1 : -2 ≤ x
hx2 : x ≤ -2
hx : x = -2
hb : -3 ≤ -bound
⊢ False
failed
SafeLearning/CompleteModulesLoSBOUnsafeThreePoint.lean:202:12: warning: declaration uses `sorry`
