⚠ [8925/8927] Replayed SafeLearning.CompleteAppliedGaussianCDF
warning: SafeLearning/CompleteAppliedGaussianCDF.lean:22:2: Try this: 
  haveI̵

The goal is a proposition, so `have` is preferred over `haveI`.
The difference between `have` and `haveI` is that `haveI` inlines the value.
But this is not relevant for proofs because of proof irrelevance.

Note: This linter can be disabled with `set_option linter.style.haveILetI false`
⚠ [8926/8927] Replayed SafeLearning.CompleteModulesLandscapeFiniteCounts
warning: SafeLearning/CompleteModulesLandscapeFiniteCounts.lean:15:0: automatically included section variable(s) unused in theorem `SafeLearning.CompleteModulesLandscapeFiniteCounts.actual_step_cost_is_the_zero_one_source_indicator`:
  [MeasurableSpace Ω]
consider restructuring your `variable` declarations so that the variables are not in scope or explicitly omit them:
  omit [MeasurableSpace Ω] in theorem ...

Note: This linter can be disabled with `set_option linter.unusedSectionVars false`
warning: SafeLearning/CompleteModulesLandscapeFiniteCounts.lean:49:10: `MeasureTheory.integrable_finset_sum` has been deprecated: Use `MeasureTheory.integrable_finsetSum` instead
warning: SafeLearning/CompleteModulesLandscapeFiniteCounts.lean:82:0: automatically included section variable(s) unused in theorem `SafeLearning.CompleteModulesLandscapeFiniteCounts.actual_one_step_and_every_step_trajectories_attain_both_bounds`:
  [MeasurableSpace Ω]
consider restructuring your `variable` declarations so that the variables are not in scope or explicitly omit them:
  omit [MeasurableSpace Ω] in theorem ...

Note: This linter can be disabled with `set_option linter.unusedSectionVars false`
⚠ [8927/8927] Built SafeLearning.CompleteModulesLandscapeGaussianTailCounts (4.5s)
warning: SafeLearning/CompleteModulesLandscapeGaussianTailCounts.lean:30:15: `Set.mem_setOf_eq` has been deprecated: Use `Set.mem_ofPred_eq` instead
Build completed successfully (8927 jobs).
