SafeLearning/CompleteModulesGoSafeToyGridGeometry.lean:75:2: error: omega could not prove the goal:
a possible counterexample may satisfy the constraints
  3 ≤ a ≤ 9
where
 a := ↑↑p.1
SafeLearning/CompleteModulesGoSafeToyGridGeometry.lean:71:62: warning: This simp argument is unused:
  Finset.mem_product

Hint: Omit it from the simp argument list.
  [apply] simp only [actualFirstIslandParameters, actualGridParameters, Finset.mem_filter, Finset.mem_univ, true_and,
    and_true]

Note: This linter can be disabled with `set_option linter.unusedSimpArgs false`
SafeLearning/CompleteModulesGoSafeToyGridGeometry.lean:72:47: warning: This simp argument is unused:
  and_true

Hint: Omit it from the simp argument list.
  [apply] simp only [actualFirstIslandParameters, actualGridParameters, Finset.mem_product, Finset.mem_filter,
    Finset.mem_univ, true_and]

Note: This linter can be disabled with `set_option linter.unusedSimpArgs false`
SafeLearning/CompleteModulesGoSafeToyGridGeometry.lean:87:2: error: omega could not prove the goal:
a possible counterexample may satisfy the constraints
  15 ≤ a ≤ 21
where
 a := ↑↑p.1
SafeLearning/CompleteModulesGoSafeToyGridGeometry.lean:83:63: warning: This simp argument is unused:
  Finset.mem_product

Hint: Omit it from the simp argument list.
  [apply] simp only [actualSecondIslandParameters, actualGridParameters, Finset.mem_filter, Finset.mem_univ, true_and,
    and_true]

Note: This linter can be disabled with `set_option linter.unusedSimpArgs false`
SafeLearning/CompleteModulesGoSafeToyGridGeometry.lean:84:47: warning: This simp argument is unused:
  and_true

Hint: Omit it from the simp argument list.
  [apply] simp only [actualSecondIslandParameters, actualGridParameters, Finset.mem_product, Finset.mem_filter,
    Finset.mem_univ, true_and]

Note: This linter can be disabled with `set_option linter.unusedSimpArgs false`
SafeLearning/CompleteModulesGoSafeToyGridGeometry.lean:107:4: error: omega could not prove the goal:
a possible counterexample may satisfy the constraints
  0 ≤ a ≤ 12
where
 a := ↑↑p.1
