SafeLearning/CompleteModulesLoSBOUnsafeThreePoint.lean:23:41: error: unsolved goals
case «0».«0»
⊢ ‖!₂[1, 0, 0]‖ = 1 ∨ ‖!₂[1, 0, 0]‖ = -1

case «1».«1»
⊢ ‖!₂[0, 1, 0]‖ = 1 ∨ ‖!₂[0, 1, 0]‖ = -1

case «2».«2»
⊢ ‖!₂[0, 2, 1]‖ ^ 2 = 5
SafeLearning/CompleteModulesLoSBOUnsafeThreePoint.lean:86:6: error: linarith failed to find a contradiction
case «2».h1
a b : ActualCoefficients
he :
  (ContinuousLinearMap.pi fun i => (innerSL ℝ) (actualFeature i)) a =
    (ContinuousLinearMap.pi fun i => (innerSL ℝ) (actualFeature i)) b
h : ∀ (i : Fin 3), inner ℝ (actualFeature i) a = inner ℝ (actualFeature i) b
h0 : a.ofLp 0 = b.ofLp 0
h1 : a.ofLp 1 = b.ofLp 1
h2 : a.ofLp 1 * 2 + a.ofLp 2 = b.ofLp 1 * 2 + b.ofLp 2
a✝ : a.ofLp ((fun i => i) ⟨2, ⋯⟩) < b.ofLp ((fun i => i) ⟨2, ⋯⟩)
⊢ False
failed
SafeLearning/CompleteModulesLoSBOUnsafeThreePoint.lean:93:2: warning: Try this: 
  letI̵

The goal is a proposition, so `let` is preferred over `letI`.
The difference between `let` and `letI` is that `letI` inlines the value.
But this is not relevant for proofs because of proof irrelevance.

Note: This linter can be disabled with `set_option linter.style.haveILetI false`
SafeLearning/CompleteModulesLoSBOUnsafeThreePoint.lean:97:8: error: Tactic `rewrite` failed: Did not find an occurrence of the pattern
  inner ℝ a ((RKHS.kerFun ActualCoefficients i) 1)
in the target expression
  inner ℝ ((RKHS.kerFun ActualCoefficients i) 1) a = inner ℝ (actualFeature i) a

this : RKHS ℝ ActualCoefficients (Fin 3) ℝ := actualRKHS
i : Fin 3
a : ActualCoefficients
⊢ inner ℝ ((RKHS.kerFun ActualCoefficients i) 1) a = inner ℝ (actualFeature i) a
SafeLearning/CompleteModulesLoSBOUnsafeThreePoint.lean:152:64: warning: Used `tac1 <;> tac2` where `(tac1; tac2)` would suffice

Note: This linter can be disabled with `set_option linter.unnecessarySeqFocus false`
SafeLearning/CompleteModulesLoSBOUnsafeThreePoint.lean:155:53: warning: Used `tac1 <;> tac2` where `(tac1; tac2)` would suffice

Note: This linter can be disabled with `set_option linter.unnecessarySeqFocus false`
SafeLearning/CompleteModulesLoSBOUnsafeThreePoint.lean:183:48: warning: `Set.mem_setOf_eq` has been deprecated: Use `Set.mem_ofPred_eq` instead
SafeLearning/CompleteModulesLoSBOUnsafeThreePoint.lean:189:20: error: No goals to be solved
