SafeLearning/CompleteModulesGaussianMatrixLaws.lean:14:0: warning: automatically included section variable(s) unused in theorem `SafeLearning.CompleteModulesGaussianMatrixLaws.actual_every_finite_product_of_scalar_gaussians_is_jointly_gaussian`:
  [DecidableEq I]
consider restructuring your `variable` declarations so that the variables are not in scope or explicitly omit them:
  omit [DecidableEq I] in theorem ...

Note: This linter can be disabled with `set_option linter.unusedSectionVars false`
SafeLearning/CompleteModulesGaussianMatrixLaws.lean:24:0: warning: automatically included section variable(s) unused in theorem `SafeLearning.CompleteModulesGaussianMatrixLaws.actual_finite_matrix_transform_preserves_joint_gaussianity`:
  [DecidableEq I]
consider restructuring your `variable` declarations so that the variables are not in scope or explicitly omit them:
  omit [DecidableEq I] in theorem ...

Note: This linter can be disabled with `set_option linter.unusedSectionVars false`
SafeLearning/CompleteModulesGaussianMatrixLaws.lean:30:0: warning: automatically included section variable(s) unused in theorem `SafeLearning.CompleteModulesGaussianMatrixLaws.actual_finite_matrix_transform_has_the_true_transformed_coordinate_means`:
  [DecidableEq I]
consider restructuring your `variable` declarations so that the variables are not in scope or explicitly omit them:
  omit [DecidableEq I] in theorem ...

Note: This linter can be disabled with `set_option linter.unusedSectionVars false`
SafeLearning/CompleteModulesGaussianMatrixLaws.lean:39:0: warning: automatically included section variable(s) unused in theorem `SafeLearning.CompleteModulesGaussianMatrixLaws.actual_finite_matrix_transform_has_the_true_covariance_matrix`:
  [DecidableEq I]
consider restructuring your `variable` declarations so that the variables are not in scope or explicitly omit them:
  omit [DecidableEq I] in theorem ...

Note: This linter can be disabled with `set_option linter.unusedSectionVars false`
SafeLearning/CompleteModulesGaussianMatrixLaws.lean:90:24: warning: `if_neg` has been deprecated: Use `ite_eq_right` instead
SafeLearning/CompleteModulesGaussianMatrixLaws.lean:112:6: error: Type mismatch: After simplification, term
  hs.right k l
 has type
  @Eq ℝ cov[fun z => z k, fun z => z l; Measure.pi fun k => gaussianReal 0 lambda] (if k = l then ↑lambda else 0)
but is expected to have type
  @Eq ℝ cov[fun z => id z k, fun z => id z l; P] (if k = l then ↑lambda else 0)
