SafeLearning/CompleteModulesSafeOptInitializedRun.lean:43:41: warning: `if_pos` has been deprecated: Use `ite_eq_left` instead
SafeLearning/CompleteModulesSafeOptInitializedRun.lean:48:55: warning: This simp argument is unused:
  Nat.lt_one_iff

Hint: Omit it from the simp argument list.
  [apply] simp [actualConfidence, actualInitializedLower, hx]

Note: This linter can be disabled with `set_option linter.unusedSimpArgs false`
SafeLearning/CompleteModulesSafeOptInitializedRun.lean:106:72: warning: `if_pos` has been deprecated: Use `ite_eq_left` instead
SafeLearning/CompleteModulesSafeOptInitializedRun.lean:122:20: error: typeclass instance problem is stuck
  PseudoMetricSpace ?m.51

Note: Lean will not try to resolve this typeclass instance problem because the type argument to `PseudoMetricSpace` is a metavariable. This argument must be fully determined before Lean will try to resolve the typeclass.

Hint: Adding type annotations and supplying implicit arguments to functions can give Lean more information for typeclass resolution. For example, if you have a variable `x` that you intend to be a `Nat`, but Lean reports it as having an unresolved type like `?m`, replacing `x` with `(x : Nat)` can get typeclass resolution un-stuck.
SafeLearning/CompleteModulesSafeOptInitializedRun.lean:121:4: error: Alternative `succ` has not been provided
SafeLearning/CompleteModulesSafeOptInitializedRun.lean:117:61: error: unsolved goals
X : Type u_1
inst✝ : PseudoMetricSpace X
seed : Set X
lower : ℕ → X → ℝ
constant : NNReal
threshold : ℝ
hfloor : ∀ x ∈ seed, threshold ≤ lower 1 x
hlower : ∀ (i j : ℕ), i ≤ j → ∀ (x : X), lower i x ≤ lower j x
hstep : ∀ (n : ℕ), actualRounds seed lower constant threshold n ⊆ actualRounds seed lower constant threshold (n + 1)
⊢ Monotone (actualRounds seed lower constant threshold)
SafeLearning/CompleteModulesSafeOptInitializedRun.lean:123:8: error: unexpected identifier; expected command
SafeLearning/CompleteModulesSafeOptInitializedRun.lean:214:4: error: Type mismatch
  hseed_round hx
has type
  x ∈ actualRounds seed (actualInitializedSourceLower seed threshold rawLower) constant threshold 1
but is expected to have type
  x ∈ ↑⋯.toFinset
SafeLearning/CompleteModulesSafeOptInitializedRun.lean:213:43: warning: This simp argument is unused:
  Set.Finite.mem_toFinset

Hint: Omit it from the simp argument list.
  [apply] simp only [actualInitializedSafeFinset]

Note: This linter can be disabled with `set_option linter.unusedSimpArgs false`
