SafeLearning/CompleteModulesLoSBOUnsafeThreePoint.lean:94:2: warning: Try this: 
  letI̵

The goal is a proposition, so `let` is preferred over `letI`.
The difference between `let` and `letI` is that `letI` inlines the value.
But this is not relevant for proofs because of proof irrelevance.

Note: This linter can be disabled with `set_option linter.style.haveILetI false`
SafeLearning/CompleteModulesLoSBOUnsafeThreePoint.lean:106:8: error: Type mismatch
  h
has type
  inner ℝ a ((RKHS.kerFun ActualCoefficients i) 1) = 1 * (RKHS.coeCLM ℝ) a i
but is expected to have type
  inner ℝ a ((RKHS.kerFun ActualCoefficients i) 1) = inner ℝ (actualFeature i) a
SafeLearning/CompleteModulesLoSBOUnsafeThreePoint.lean:105:51: warning: This simp argument is unused:
  mul_one

Hint: Omit it from the simp argument list.
  [apply] simp only [RCLike.inner_apply, conj_trivial] at h

Note: This linter can be disabled with `set_option linter.unusedSimpArgs false`
SafeLearning/CompleteModulesLoSBOUnsafeThreePoint.lean:158:64: warning: Used `tac1 <;> tac2` where `(tac1; tac2)` would suffice

Note: This linter can be disabled with `set_option linter.unnecessarySeqFocus false`
SafeLearning/CompleteModulesLoSBOUnsafeThreePoint.lean:161:53: warning: Used `tac1 <;> tac2` where `(tac1; tac2)` would suffice

Note: This linter can be disabled with `set_option linter.unnecessarySeqFocus false`
SafeLearning/CompleteModulesLoSBOUnsafeThreePoint.lean:189:48: warning: `Set.mem_setOf_eq` has been deprecated: Use `Set.mem_ofPred_eq` instead
