SafeLearning/CompleteModulesLoSBOGaussianNoise.lean:20:4: error: Type mismatch: After simplification, term
  hvol
 has type
  ∞ = 0
but is expected to have type
  False
SafeLearning/CompleteModulesLoSBOGaussianNoise.lean:50:15: warning: `Set.mem_setOf_eq` has been deprecated: Use `Set.mem_ofPred_eq` instead
SafeLearning/CompleteModulesLoSBOGaussianNoise.lean:65:93: error(lean.unknownIdentifier): Unknown identifier `measurable_comap`
SafeLearning/CompleteModulesLoSBOGaussianNoise.lean:65:37: error: Tactic `aesop` failed, failed to prove the goal after exhaustive search.
Initial goal:
  Ω : Type u_1
  inst✝¹ : MeasurableSpace Ω
  P : Measure Ω
  inst✝ : IsProbabilityMeasure P
  noise : ℕ → Ω → ℝ
  hind : iIndepFun noise P
  variance : NNReal
  hlaw : ∀ (n : ℕ), HasLaw (noise n) (gaussianReal 0 variance) P
  bound : ℝ
  T n : ℕ
  ⊢ MeasurableSet (actualBoundEvent bound)
Remaining goals after safe rules:
  Ω : Type u_1
  inst : MeasurableSpace Ω
  P : Measure Ω
  inst_1 : IsProbabilityMeasure P
  noise : ℕ → Ω → ℝ
  hind : iIndepFun noise P
  variance : NNReal
  hlaw : ∀ (n : ℕ), HasLaw (noise n) (gaussianReal 0 variance) P
  bound : ℝ
  T n : ℕ
  ⊢ MeasurableSet (actualBoundEvent bound)
SafeLearning/CompleteModulesLoSBOGaussianNoise.lean:72:37: error: Tactic `aesop` failed, failed to prove the goal after exhaustive search.
Initial goal:
  Ω : Type u_1
  inst✝¹ : MeasurableSpace Ω
  P : Measure Ω
  inst✝ : IsProbabilityMeasure P
  noise : ℕ → Ω → ℝ
  hind : iIndepFun noise P
  variance : NNReal
  hlaw : ∀ (n : ℕ), HasLaw (noise n) (gaussianReal 0 variance) P
  bound : ℝ
  T : ℕ
  hm : ∀ (n : ℕ), MeasurableSet {ω | |noise n ω| ≤ bound}
  hi : P {ω | ∀ n < T, |noise n ω| ≤ bound} = ∏ i ∈ Finset.range T, P {ω | |noise i ω| ≤ bound}
  he : ⋂ n ∈ Finset.range T, {ω | |noise n ω| ≤ bound} = {ω | ∀ n < T, |noise n ω| ≤ bound}
  n : ℕ
  ⊢ MeasurableSet {x | ?m.150 x}
Remaining goals after safe rules:
  Ω : Type u_1
  inst : MeasurableSpace Ω
  P : Measure Ω
  inst_1 : IsProbabilityMeasure P
  noise : ℕ → Ω → ℝ
  hind : iIndepFun noise P
  variance : NNReal
  hlaw : ∀ (n : ℕ), HasLaw (noise n) (gaussianReal 0 variance) P
  bound : ℝ
  T : ℕ
  hm✝ : ∀ (n : ℕ), MeasurableSet {ω | |noise n ω| ≤ bound}
  hi✝ : P {ω | ∀ n < T, |noise n ω| ≤ bound} = ∏ i ∈ Finset.range T, P {ω | |noise i ω| ≤ bound}
  he✝ : ⋂ n ∈ Finset.range T, {ω | |noise n ω| ≤ bound} = {ω | ∀ n < T, |noise n ω| ≤ bound}
  n : ℕ
  hm : ∀ (n : ℕ), Measurable fun ω => |noise n ω| ≤ bound
  hi : P {ω | ∀ n < T, |noise n ω| ≤ bound} = ∏ i ∈ Finset.range T, P {ω | |noise i ω| ≤ bound}
  he : ⋂ n, ⋂ (_ : n < T), {ω | |noise n ω| ≤ bound} = {ω | ∀ n < T, |noise n ω| ≤ bound}
  ⊢ Measurable ?m.150
SafeLearning/CompleteModulesLoSBOGaussianNoise.lean:92:40: error: unexpected token '}'; expected term
