SafeLearning/CompleteModulesGaussianObservationModel.lean:17:0: warning: automatically included section variable(s) unused in theorem `SafeLearning.CompleteModulesGaussianObservationModel.actual_independent_centered_gaussian_noise_has_the_true_diagonal_covariance`:
  [Fintype I]
  [IsProbabilityMeasure P]
consider restructuring your `variable` declarations so that the variables are not in scope or explicitly omit them:
  omit [Fintype I] [IsProbabilityMeasure P] in theorem ...

Note: This linter can be disabled with `set_option linter.unusedSectionVars false`
SafeLearning/CompleteModulesGaussianObservationModel.lean:29:0: warning: automatically included section variable(s) unused in theorem `SafeLearning.CompleteModulesGaussianObservationModel.actual_prior_plus_independent_gaussian_noise_and_query_are_jointly_gaussian`:
  [DecidableEq I]
  [IsProbabilityMeasure P]
consider restructuring your `variable` declarations so that the variables are not in scope or explicitly omit them:
  omit [DecidableEq I] [IsProbabilityMeasure P] in theorem ...

Note: This linter can be disabled with `set_option linter.unusedSectionVars false`
SafeLearning/CompleteModulesGaussianObservationModel.lean:44:40: warning: Used `tac1 <;> tac2` where `(tac1; tac2)` would suffice

Note: This linter can be disabled with `set_option linter.unnecessarySeqFocus false`
SafeLearning/CompleteModulesGaussianObservationModel.lean:66:0: warning: automatically included section variable(s) unused in theorem `SafeLearning.CompleteModulesGaussianObservationModel.actual_source_observation_query_cross_covariance_is_the_true_prior_query_vector`:
  [DecidableEq I]
consider restructuring your `variable` declarations so that the variables are not in scope or explicitly omit them:
  omit [DecidableEq I] in theorem ...

Note: This linter can be disabled with `set_option linter.unusedSectionVars false`
SafeLearning/CompleteModulesGaussianObservationModel.lean:82:0: warning: automatically included section variable(s) unused in theorem `SafeLearning.CompleteModulesGaussianObservationModel.actual_centered_prior_and_centered_noise_give_the_true_zero_observation_mean`:
  [DecidableEq I]
  [IsProbabilityMeasure P]
consider restructuring your `variable` declarations so that the variables are not in scope or explicitly omit them:
  omit [DecidableEq I] [IsProbabilityMeasure P] in theorem ...

Note: This linter can be disabled with `set_option linter.unusedSectionVars false`
SafeLearning/CompleteModulesGaussianObservationModel.lean:91:0: warning: automatically included section variable(s) unused in theorem `SafeLearning.CompleteModulesGaussianObservationModel.actual_covariance_gram_is_positive_semidefinite_from_true_second_moments`:
  [DecidableEq I]
consider restructuring your `variable` declarations so that the variables are not in scope or explicitly omit them:
  omit [DecidableEq I] in theorem ...

Note: This linter can be disabled with `set_option linter.unusedSectionVars false`
