Try this:
  [apply] ring_nf
  
  The `ring` tactic failed to close the goal. Use `ring_nf` to obtain a normal form.
    
  Note that `ring` works primarily in *commutative* rings. If you have a noncommutative ring, abelian group or module, consider using `noncomm_ring`, `abel` or `module` instead.
SafeLearning/CompleteModulesLandscapeScalarGaussianMixture.lean:51:13: error: unsolved goals
a : ℝ≥0
ha : 0 < a
variance sum tilt : ℝ
hv : 0 ≤ variance
haR : 0 < ↑a
hd : 0 < 1 + ↑a * variance
hc : √(2 * Real.pi * ↑a) = √(1 + ↑a * variance) * √(2 * Real.pi * (↑a / (1 + ↑a * variance)))
he :
  -tilt ^ 2 / (2 * ↑a) + (tilt * sum - variance * tilt ^ 2 / 2) =
    ↑a * sum ^ 2 / (2 * (1 + ↑a * variance)) -
      (tilt - ↑a * sum / (1 + ↑a * variance)) ^ 2 / (2 * (↑a / (1 + ↑a * variance)))
⊢ (√(Real.pi * ↑a * (1 + ↑a * variance)⁻¹ * 2))⁻¹ * (√(1 + ↑a * variance))⁻¹ *
        Real.exp (↑a * sum ^ 2 * (2 + ↑a * variance * 2)⁻¹) *
      (Real.exp
          (-(↑a * (1 + ↑a * variance)⁻¹ * sum * tilt * (↑a)⁻¹ * (1 + ↑a * variance)⁻¹⁻¹) +
              ↑a ^ 2 * (1 + ↑a * variance)⁻¹ ^ 2 * sum ^ 2 * (↑a)⁻¹ * (1 + ↑a * variance)⁻¹⁻¹ * (1 / 2) +
            tilt ^ 2 * (↑a)⁻¹ * (1 + ↑a * variance)⁻¹⁻¹ * (1 / 2)))⁻¹ =
    (√(1 + ↑a * variance))⁻¹ * Real.exp (↑a * sum ^ 2 * (2 + ↑a * variance * 2)⁻¹) *
        (√(Real.pi * ↑(a / ⟨1 + ↑a * variance, ⋯⟩) * 2))⁻¹ *
      Real.exp
        (↑a * (1 + ↑a * variance)⁻¹ * sum * tilt * (↑(a / ⟨1 + ↑a * variance, ⋯⟩))⁻¹ +
            ↑a ^ 2 * (1 + ↑a * variance)⁻¹ ^ 2 * sum ^ 2 * (↑(a / ⟨1 + ↑a * variance, ⋯⟩))⁻¹ * (-1 / 2) +
          tilt ^ 2 * (↑(a / ⟨1 + ↑a * variance, ⋯⟩))⁻¹ * (-1 / 2))
SafeLearning/CompleteModulesLandscapeScalarGaussianMixture.lean:40:70: warning: This simp argument is unused:
  NNReal.coe_div

Hint: Omit it from the simp argument list.
  [apply] simp only [gaussianPDFReal, mixtureValue, mixtureMean, mixtureVariance, sub_zero]

Note: This linter can be disabled with `set_option linter.unusedSimpArgs false`
SafeLearning/CompleteModulesLandscapeScalarGaussianMixture.lean:74:76: error: failed to prove nonzeroness, but it would be possible to prove nonnegativity if desired
