SafeLearning/CompleteModulesGaussianRegressionScalar.lean:21:0: warning: automatically included section variable(s) unused in theorem `SafeLearning.CompleteModulesGaussianRegressionScalar.actual_joint_gaussian_observation_and_regression_residual_are_jointly_gaussian`:
  [IsProbabilityMeasure P]
consider restructuring your `variable` declarations so that the variables are not in scope or explicitly omit them:
  omit [IsProbabilityMeasure P] in theorem ...

Note: This linter can be disabled with `set_option linter.unusedSectionVars false`
SafeLearning/CompleteModulesGaussianRegressionScalar.lean:97:40: error: Invalid argument name `mu` for function `gaussianReal_map_add_const`

Hint: Perhaps you meant one of the following parameter names:
  • `μ`: m̵u̵μ̲
  • `y`: m̵u̵y̲
SafeLearning/CompleteModulesGaussianRegressionScalar.lean:85:65: error: unsolved goals
nu : Measure ℝ
inst✝ : IsProbabilityMeasure nu
meanResidual w : ℝ
varianceResidual : ℝ≥0
test : ℝ × ℝ → ℝ≥0∞
htest : Measurable test
hmtest : Measurable fun pair => test (pair.1, pair.2 + w * pair.1)
y : ℝ
ht : Measurable fun z => test (y, z)
⊢ ∫⁻ (z : ℝ), test (y, z + w * y) ∂gaussianReal meanResidual varianceResidual =
    ∫⁻ (b : ℝ), test (y, b) ∂(conditionalKernel meanResidual w varianceResidual) y
SafeLearning/CompleteModulesGaussianRegressionScalar.lean:111:2: warning: Try this: 
  haveI̵

The goal is a proposition, so `have` is preferred over `haveI`.
The difference between `have` and `haveI` is that `haveI` inlines the value.
But this is not relevant for proofs because of proof irrelevance.

Note: This linter can be disabled with `set_option linter.style.haveILetI false`
