SafeLearning/CompleteModulesGPGradedLiteralBridges.lean:57:2: error: 'change' tactic failed, pattern
  inner ℝ (function a • scalarSection a) (scalarSection a) = function a
is not definitionally equal to target
  (function a • scalarSection a) a = function a
SafeLearning/CompleteModulesGPGradedLiteralBridges.lean:64:56: error: elaboration function for `Mathlib.Tactic.subscriptTerm` has not been implemented
  ᵥ
SafeLearning/CompleteModulesGPGradedLiteralBridges.lean:66:56: error: elaboration function for `Mathlib.Tactic.subscriptTerm` has not been implemented
  ᵥ
SafeLearning/CompleteModulesGPGradedLiteralBridges.lean:67:32: error: unsolved goals
case left.«0»
j✝ : Fin 2
⊢ ((1 + !![1, 1 / 2; 1 / 2, 1]) * sorry ()) 0 j✝ = ((5 / 2) • ![1, 1]) 0 j✝

case left.«1»
j✝ : Fin 2
⊢ ((1 + !![1, 1 / 2; 1 / 2, 1]) * sorry ()) 1 j✝ = ((5 / 2) • ![1, 1]) 1 j✝

case right.«0»
j✝ : Fin 2
⊢ ((1 + !![1, 1 / 2; 1 / 2, 1]) * sorry ()) 0 j✝ = ((3 / 2) • ![1, -1]) 0 j✝

case right.«1»
j✝ : Fin 2
⊢ ((1 + !![1, 1 / 2; 1 / 2, 1]) * sorry ()) 1 j✝ = ((3 / 2) • ![1, -1]) 1 j✝
SafeLearning/CompleteModulesGPGradedLiteralBridges.lean:101:28: error: typeclass instance problem is stuck
  ContinuousMul ?m.58

Note: Lean will not try to resolve this typeclass instance problem because the first, second, and third type arguments to `ContinuousMul` are metavariables. These arguments must be fully determined before Lean will try to resolve the typeclass.

Hint: Adding type annotations and supplying implicit arguments to functions can give Lean more information for typeclass resolution. For example, if you have a variable `x` that you intend to be a `Nat`, but Lean reports it as having an unresolved type like `?m`, replacing `x` with `(x : Nat)` can get typeclass resolution un-stuck.
