SafeLearning/CompleteModulesRKHSScaling.lean:10:0: warning: Definition `SafeLearning.CompleteModulesRKHSScaling.scaledRKHS` of class type is semireducible. Most type class instances should be instance-reducible, so consider marking this
definition with `@[instance_reducible]`. If it is intentionally semireducible, this warning can be disabled with `set_option warn.classDefReducibility false`.
SafeLearning/CompleteModulesRKHSScaling.lean:20:0: warning: automatically included section variable(s) unused in theorem `SafeLearning.CompleteModulesRKHSScaling.actual_scaled_rkhs_evaluation_is_the_original_evaluation_times_sqrt_scale`:
  [CompleteSpace H]
consider restructuring your `variable` declarations so that the variables are not in scope or explicitly omit them:
  omit [CompleteSpace H] in theorem ...

Note: This linter can be disabled with `set_option linter.unusedSectionVars false`
SafeLearning/CompleteModulesRKHSScaling.lean:24:0: warning: automatically included section variable(s) unused in theorem `SafeLearning.CompleteModulesRKHSScaling.actual_scaled_rkhs_represents_the_identical_function_with_scaled_coefficients`:
  [CompleteSpace H]
consider restructuring your `variable` declarations so that the variables are not in scope or explicitly omit them:
  omit [CompleteSpace H] in theorem ...

Note: This linter can be disabled with `set_option linter.unusedSectionVars false`
SafeLearning/CompleteModulesRKHSScaling.lean:32:0: warning: automatically included section variable(s) unused in theorem `SafeLearning.CompleteModulesRKHSScaling.actual_same_function_has_its_true_hilbert_norm_divided_by_sqrt_scale`:
  [CompleteSpace H]
consider restructuring your `variable` declarations so that the variables are not in scope or explicitly omit them:
  omit [CompleteSpace H] in theorem ...

Note: This linter can be disabled with `set_option linter.unusedSectionVars false`
SafeLearning/CompleteModulesRKHSScaling.lean:41:78: error: unsolved goals
H : Type u_1
X : Type u_2
inst✝² : NormedAddCommGroup H
inst✝¹ : InnerProductSpace ℝ H
inst✝ : CompleteSpace H
r : RKHS ℝ H X ℝ
c : ℝ
hc : 0 < c
x : X
⊢ adjoint (proj x ∘SL RKHS.coeCLM ℝ) = √c • adjoint (proj x ∘SL RKHS.coeCLM ℝ)
SafeLearning/CompleteModulesRKHSScaling.lean:42:25: warning: This simp argument is unused:
  scaledRKHS

Hint: Omit it from the simp argument list.
  [apply] simp only [RKHS.kerFun, ContinuousLinearMap.comp_smul, map_smulₛₗ, starRingEnd_apply, star_trivial]

Note: This linter can be disabled with `set_option linter.unusedSimpArgs false`
SafeLearning/CompleteModulesRKHSScaling.lean:42:36: warning: This simp argument is unused:
  ContinuousLinearMap.comp_smul

Hint: Omit it from the simp argument list.
  [apply] simp only [RKHS.kerFun, scaledRKHS, map_smulₛₗ, starRingEnd_apply, star_trivial]

Note: This linter can be disabled with `set_option linter.unusedSimpArgs false`
SafeLearning/CompleteModulesRKHSScaling.lean:42:66: warning: This simp argument is unused:
  map_smulₛₗ

Hint: Omit it from the simp argument list.
  [apply] simp only [RKHS.kerFun, scaledRKHS, ContinuousLinearMap.comp_smul, starRingEnd_apply, star_trivial]

Note: This linter can be disabled with `set_option linter.unusedSimpArgs false`
SafeLearning/CompleteModulesRKHSScaling.lean:43:4: warning: This simp argument is unused:
  starRingEnd_apply

Hint: Omit it from the simp argument list.
  [apply] simp only [RKHS.kerFun, scaledRKHS, ContinuousLinearMap.comp_smul, map_smulₛₗ, star_trivial]

Note: This linter can be disabled with `set_option linter.unusedSimpArgs false`
SafeLearning/CompleteModulesRKHSScaling.lean:43:22: warning: This simp argument is unused:
  star_trivial

Hint: Omit it from the simp argument list.
  [apply] simp only [RKHS.kerFun, scaledRKHS, ContinuousLinearMap.comp_smul, map_smulₛₗ, starRingEnd_apply]

Note: This linter can be disabled with `set_option linter.unusedSimpArgs false`
SafeLearning/CompleteModulesRKHSScaling.lean:49:2: warning: Try this: 
  letI̵

The goal is a proposition, so `let` is preferred over `letI`.
The difference between `let` and `letI` is that `letI` inlines the value.
But this is not relevant for proofs because of proof irrelevance.

Note: This linter can be disabled with `set_option linter.style.haveILetI false`
SafeLearning/CompleteModulesRKHSScaling.lean:50:10: warning: `ext` did not consume the patterns `v`

Note: This linter can be disabled with `set_option linter.unusedRCasesPattern false`
SafeLearning/CompleteModulesRKHSScaling.lean:55:22: warning: `ContinuousLinearMap.smul_apply` has been deprecated: Use `smul_apply` instead

Note: The updated constant is in a different namespace. Dot notation may need to be changed (e.g., from `x.smul_apply` to `smul_apply x`).
