SafeLearning/CompleteModulesLoSBOExtremalConfidence.lean:42:4: error: Tactic `rfl` failed: The left-hand side
  inner ℝ (scalarSection target) (scalarSection (input i)) - inner ℝ (scalarSection target) (scalarSection (input i))
is not definitionally equal to the right-hand side
  0

H : Type u_1
X : Type u_2
I : Type u_3
inst✝⁵ : NormedAddCommGroup H
inst✝⁴ : InnerProductSpace ℝ H
inst✝³ : CompleteSpace H
inst✝² : RKHS ℝ H X ℝ
inst✝¹ : Fintype I
inst✝ : DecidableEq I
input : I → X
target : X
hgram : (actualGram input).PosDef
i : I
⊢ inner ℝ (scalarSection target) (scalarSection (input i)) - inner ℝ (scalarSection target) (scalarSection (input i)) =
    0
SafeLearning/CompleteModulesLoSBOExtremalConfidence.lean:53:2: error: Tactic `apply` failed: could not unify the conclusion of `Submodule.eq_starProjection_of_mem_of_inner_eq_zero
  (actual_inverse_interpolant_is_in_the_actual_data_span input ?m.74)`
  (actualDataSpan input).starProjection ?m.63 = actualMeanFunction input ?m.74 0
with the goal
  actualMeanFunction input (fun i => scalarKernel (input i) target) 0 =
    (actualDataSpan input).starProjection (scalarSection target)

Note: The full type of `Submodule.eq_starProjection_of_mem_of_inner_eq_zero
  (actual_inverse_interpolant_is_in_the_actual_data_span input ?m.74)` is
  (∀ w ∈ actualDataSpan input, inner ℝ (?m.63 - actualMeanFunction input ?m.74 0) w = 0) →
    (actualDataSpan input).starProjection ?m.63 = actualMeanFunction input ?m.74 0

H : Type u_1
X : Type u_2
I : Type u_3
inst✝⁵ : NormedAddCommGroup H
inst✝⁴ : InnerProductSpace ℝ H
inst✝³ : CompleteSpace H
inst✝² : RKHS ℝ H X ℝ
inst✝¹ : Fintype I
inst✝ : DecidableEq I
input : I → X
target : X
hgram : (actualGram input).PosDef
⊢ actualMeanFunction input (fun i => scalarKernel (input i) target) 0 =
    (actualDataSpan input).starProjection (scalarSection target)
SafeLearning/CompleteModulesLoSBOExtremalConfidence.lean:78:89: error: don't know how to synthesize placeholder for argument `labels`
context:
H : Type u_1
X : Type u_2
I : Type u_3
inst✝⁵ : NormedAddCommGroup H
inst✝⁴ : InnerProductSpace ℝ H
inst✝³ : CompleteSpace H
inst✝² : RKHS ℝ H X ℝ
inst✝¹ : Fintype I
inst✝ : DecidableEq I
input : I → X
target : X
hgram : (actualGram input).PosDef
⊢ I → ℝ
SafeLearning/CompleteModulesLoSBOExtremalConfidence.lean:78:26: error: don't know how to synthesize placeholder for argument `v`
context:
H : Type u_1
X : Type u_2
I : Type u_3
inst✝⁵ : NormedAddCommGroup H
inst✝⁴ : InnerProductSpace ℝ H
inst✝³ : CompleteSpace H
inst✝² : RKHS ℝ H X ℝ
inst✝¹ : Fintype I
inst✝ : DecidableEq I
input : I → X
target : X
hgram : (actualGram input).PosDef
⊢ H
SafeLearning/CompleteModulesLoSBOExtremalConfidence.lean:77:7: error: failed to infer `have` declaration type
SafeLearning/CompleteModulesLoSBOExtremalConfidence.lean:76:90: error: unsolved goals
H : Type u_1
X : Type u_2
I : Type u_3
inst✝⁵ : NormedAddCommGroup H
inst✝⁴ : InnerProductSpace ℝ H
inst✝³ : CompleteSpace H
inst✝² : RKHS ℝ H X ℝ
inst✝¹ : Fintype I
inst✝ : DecidableEq I
input : I → X
target : X
hgram : (actualGram input).PosDef
⊢ (actualResidual input target) target = ‖actualResidual input target‖ ^ 2
Try this:
  [apply] ring_nf
  
  The `ring` tactic failed to close the goal. Use `ring_nf` to obtain a normal form.
    
  Note that `ring` works primarily in *commutative* rings. If you have a noncommutative ring, abelian group or module, consider using `noncomm_ring`, `abel` or `module` instead.
SafeLearning/CompleteModulesLoSBOExtremalConfidence.lean:108:24: error: unsolved goals
H : Type u_1
X : Type u_2
I : Type u_3
inst✝⁵ : NormedAddCommGroup H
inst✝⁴ : InnerProductSpace ℝ H
inst✝³ : CompleteSpace H
inst✝² : RKHS ℝ H X ℝ
inst✝¹ : Fintype I
inst✝ : DecidableEq I
input : I → X
labels : I → ℝ
target : X
hgram : (actualGram input).PosDef
bound : ℝ
hbound : ‖actualMeanFunction input labels 0‖ ≤ bound
hpower : 0 < ‖actualResidual input target‖
s : H := actualMeanFunction input labels 0
g : H := actualResidual input target
r : ℝ := √(bound ^ 2 - ‖s‖ ^ 2)
c : ℝ := -r / ‖g‖
f : H := s + c • g
hg :
  (∀ (i : I), (actualResidual input target) (input i) = 0) ∧
    ∀ v ∈ actualDataSpan input, inner ℝ (actualResidual input target) v = 0
ho : inner ℝ s g = 0
hnon : 0 ≤ bound ^ 2 - ‖s‖ ^ 2
hr : r ^ 2 = bound ^ 2 - ‖s‖ ^ 2
⊢ -(r * ‖g‖ * ‖g‖⁻¹) = -r
SafeLearning/CompleteModulesLoSBOExtremalConfidence.lean:113:34: error: linarith failed to find a contradiction
case h1
H : Type u_1
X : Type u_2
I : Type u_3
inst✝⁵ : NormedAddCommGroup H
inst✝⁴ : InnerProductSpace ℝ H
inst✝³ : CompleteSpace H
inst✝² : RKHS ℝ H X ℝ
inst✝¹ : Fintype I
inst✝ : DecidableEq I
input : I → X
labels : I → ℝ
target : X
hgram : (actualGram input).PosDef
bound : ℝ
hbound : ‖actualMeanFunction input labels 0‖ ≤ bound
hpower : 0 < ‖actualResidual input target‖
s : H := actualMeanFunction input labels 0
g : H := actualResidual input target
r : ℝ := √(bound ^ 2 - ‖s‖ ^ 2)
c : ℝ := -r / ‖g‖
f : H := s + c • g
hg :
  (∀ (i : I), (actualResidual input target) (input i) = 0) ∧
    ∀ v ∈ actualDataSpan input, inner ℝ (actualResidual input target) v = 0
ho : inner ℝ s g = 0
hnon : 0 ≤ bound ^ 2 - ‖s‖ ^ 2
hr : r ^ 2 = bound ^ 2 - ‖s‖ ^ 2
hc : c * ‖g‖ = -r
a✝ : c ^ 2 * ‖g‖ ^ 2 < r ^ 2
⊢ False
failed
