SafeLearning/CompleteModulesLandscapeARTailTable.lean:195:2: error: unsolved goals
case left
t : ℕ
⊢ (1 - 2⁻¹) ^ t = (2 ^ t)⁻¹
SafeLearning/CompleteModulesLandscapeARTailTable.lean:212:2: error: Tactic `decide` failed for proposition
  ∀ (t : Fin 39),
    0 < numeratorQ (↑t + 2) ∧
      0 < varianceQ (↑t + 2) ∧
        0 < radiusLower t ∧
          radiusUpper t < 4 ∧
            radiusLower t ^ 2 * varianceQ (↑t + 2) < numeratorQ (↑t + 2) ^ 2 ∧
              numeratorQ (↑t + 2) ^ 2 < radiusUpper t ^ 2 * varianceQ (↑t + 2) ∧
                0 ≤ polyQ (radiusLower t) - 1 / 2500000000000000 ∧
                  0 ≤ polyQ (radiusUpper t) - 1 / 2500000000000000 ∧
                    probLower t < 1 / 2 - 3989424 / 10000000 * (polyQ (radiusUpper t) + 1 / 2500000000000000) ∧
                      1 / 2 - 3989422 / 10000000 * (polyQ (radiusLower t) - 1 / 2500000000000000) < probUpper t
because its `Decidable` instance
  Nat.decidableForallFin fun t =>
    0 < numeratorQ (↑t + 2) ∧
      0 < varianceQ (↑t + 2) ∧
        0 < radiusLower t ∧
          radiusUpper t < 4 ∧
            radiusLower t ^ 2 * varianceQ (↑t + 2) < numeratorQ (↑t + 2) ^ 2 ∧
              numeratorQ (↑t + 2) ^ 2 < radiusUpper t ^ 2 * varianceQ (↑t + 2) ∧
                0 ≤ polyQ (radiusLower t) - 1 / 2500000000000000 ∧
                  0 ≤ polyQ (radiusUpper t) - 1 / 2500000000000000 ∧
                    probLower t < 1 / 2 - 3989424 / 10000000 * (polyQ (radiusUpper t) + 1 / 2500000000000000) ∧
                      1 / 2 - 3989422 / 10000000 * (polyQ (radiusLower t) - 1 / 2500000000000000) < probUpper t
did not reduce to `isTrue` or `isFalse`.

After unfolding the instances `decEq`, `decidable_of_decidable_of_iff`, `decidable_of_iff`, `instDecidableAnd`, `instDecidableEqBool`, `instDecidableEqNat`, `Bool.decEq`, `Int.decEq`, `Int.decLt`, `Int.decNonneg`, `Int.instDecidableEq`, `Nat.decEq`, `Nat.decidableBallLT`, `Nat.decidableForallFin`, and `Rat.instDecidableLt`, reduction got stuck at the `Decidable` instance
  match Rat.blt 0 (numeratorQ (↑⟨0, ⋯⟩ + 2)), true with
  | false, false => isTrue ⋯
  | false, true => isFalse ⋯
  | true, false => isFalse ⋯
  | true, true => isTrue ⋯
SafeLearning/CompleteModulesLandscapeARTailTable.lean:225:8: error: linarith failed to find a contradiction
t : Fin 39
hn : 0 < numeratorQ (↑t + 2)
hv : 0 < varianceQ (↑t + 2)
hl : 0 < radiusLower t
hu : radiusUpper t < 4
hlsq : radiusLower t ^ 2 * varianceQ (↑t + 2) < numeratorQ (↑t + 2) ^ 2
husq : numeratorQ (↑t + 2) ^ 2 < radiusUpper t ^ 2 * varianceQ (↑t + 2)
hpl : 0 ≤ polyQ (radiusLower t) - 1 / 2500000000000000
hpu : 0 ≤ polyQ (radiusUpper t) - 1 / 2500000000000000
hplow : probLower t < 1 / 2 - 3989424 / 10000000 * (polyQ (radiusUpper t) + 1 / 2500000000000000)
hpup : 1 / 2 - 3989422 / 10000000 * (polyQ (radiusLower t) - 1 / 2500000000000000) < probUpper t
a✝ : radiusUpper t ≤ radiusLower t
⊢ False
failed
SafeLearning/CompleteModulesLandscapeARTailTable.lean:233:42: error: linarith failed to find a contradiction
t : Fin 39
hn : 0 < numeratorQ (↑t + 2)
hv : 0 < varianceQ (↑t + 2)
hl : 0 < radiusLower t
hu : radiusUpper t < 4
hlsq : radiusLower t ^ 2 * varianceQ (↑t + 2) < numeratorQ (↑t + 2) ^ 2
husq : numeratorQ (↑t + 2) ^ 2 < radiusUpper t ^ 2 * varianceQ (↑t + 2)
hpl : 0 ≤ polyQ (radiusLower t) - 1 / 2500000000000000
hpu : 0 ≤ polyQ (radiusUpper t) - 1 / 2500000000000000
hplow : probLower t < 1 / 2 - 3989424 / 10000000 * (polyQ (radiusUpper t) + 1 / 2500000000000000)
hpup : 1 / 2 - 3989422 / 10000000 * (polyQ (radiusLower t) - 1 / 2500000000000000) < probUpper t
hrad :
  ↑(radiusLower t) < ↑(numeratorQ (↑t + 2)) / √↑(varianceQ (↑t + 2)) ∧
    ↑(numeratorQ (↑t + 2)) / √↑(varianceQ (↑t + 2)) < ↑(radiusUpper t)
a✝ : radiusUpper t ≤ 0
⊢ False
failed
SafeLearning/CompleteModulesLandscapeARTailTable.lean:237:6: error: mod_cast has type
  (0 : ℚ) ≤ polyQ (radiusUpper t) - 1 / 2500000000000000
but is expected to have type
  (0 : ℝ) ≤ ↑(polyQ (radiusUpper t)) - 1 / 2500000000000000
SafeLearning/CompleteModulesLandscapeARTailTable.lean:239:6: error: mod_cast has type
  probLower t < 1 / 2 - 3989424 / 10000000 * (polyQ (radiusUpper t) + 1 / 2500000000000000)
but is expected to have type
  ↑(probLower t) < 1 / 2 - 3989424 / 10000000 * (↑(polyQ (radiusUpper t)) + 1 / 2500000000000000)
SafeLearning/CompleteModulesLandscapeARTailTable.lean:242:6: error: mod_cast has type
  (1 : ℚ) / 2 - 3989422 / 10000000 * (polyQ (radiusUpper t) - 1 / 2500000000000000) < 1
but is expected to have type
  (1 : ℝ) / 2 - 3989422 / 10000000 * (↑(polyQ (radiusUpper t)) - 1 / 2500000000000000) < 1
SafeLearning/CompleteModulesLandscapeARTailTable.lean:247:54: error: linarith failed to find a contradiction
t : Fin 39
hn : 0 < numeratorQ (↑t + 2)
hv : 0 < varianceQ (↑t + 2)
hl : 0 < radiusLower t
hu : radiusUpper t < 4
hlsq : radiusLower t ^ 2 * varianceQ (↑t + 2) < numeratorQ (↑t + 2) ^ 2
husq : numeratorQ (↑t + 2) ^ 2 < radiusUpper t ^ 2 * varianceQ (↑t + 2)
hpl : 0 ≤ polyQ (radiusLower t) - 1 / 2500000000000000
hpu : 0 ≤ polyQ (radiusUpper t) - 1 / 2500000000000000
hplow : probLower t < 1 / 2 - 3989424 / 10000000 * (polyQ (radiusUpper t) + 1 / 2500000000000000)
hpup : 1 / 2 - 3989422 / 10000000 * (polyQ (radiusLower t) - 1 / 2500000000000000) < probUpper t
hrad :
  ↑(radiusLower t) < ↑(numeratorQ (↑t + 2)) / √↑(varianceQ (↑t + 2)) ∧
    ↑(numeratorQ (↑t + 2)) / √↑(varianceQ (↑t + 2)) < ↑(radiusUpper t)
hpL : ↑(probLower t) < 1 - standardCDF ↑(radiusUpper t)
a✝ : radiusUpper t ≤ radiusLower t
⊢ False
failed
SafeLearning/CompleteModulesLandscapeARTailTable.lean:250:6: error: mod_cast has type
  (0 : ℚ) ≤ polyQ (radiusLower t) - 1 / 2500000000000000
but is expected to have type
  (0 : ℝ) ≤ ↑(polyQ (radiusLower t)) - 1 / 2500000000000000
SafeLearning/CompleteModulesLandscapeARTailTable.lean:257:6: error: mod_cast has type
  @Int.cast ℚ Rat.instDivisionRing.toAddGroupWithOne.toIntCast (Int.negSucc 0) <
    1 / 2 - 3989424 / 10000000 * (polyQ (radiusLower t) + 1 / 2500000000000000)
but is expected to have type
  @Int.cast ℝ Real.instRing.toAddGroupWithOne.toIntCast (Int.negSucc 0) <
    1 / 2 - 3989424 / 10000000 * (↑(polyQ (radiusLower t)) + 1 / 2500000000000000)
SafeLearning/CompleteModulesLandscapeARTailTable.lean:259:6: error: mod_cast has type
  (1 : ℚ) / 2 - 3989422 / 10000000 * (polyQ (radiusLower t) - 1 / 2500000000000000) < probUpper t
but is expected to have type
  (1 : ℝ) / 2 - 3989422 / 10000000 * (↑(polyQ (radiusLower t)) - 1 / 2500000000000000) < ↑(probUpper t)
