SafeLearning/CompleteModulesGPConfidenceComparison.lean:34:18: error: linarith failed to find a contradiction
case left
he : Real.log 2000 = Real.log 20 + 2 * (Real.log 2 + Real.log 5)
a✝ : Real.log 20 + 2 * (Real.log 2 + Real.log 5) ≤ 7600902457 / 1000000000
⊢ False
failed
SafeLearning/CompleteModulesGPConfidenceComparison.lean:63:15: error(lean.synthInstanceFailed): failed to synthesize instance of type class
  OfNat (Graph ?m.197 ?m.198) 0
numerals are polymorphic in Lean, but the numeral `0` cannot be used in a context where the expected type is
  Graph ?m.197 ?m.198
due to the absence of the instance above

Hint: Type class instance resolution failures can be inspected with the `set_option trace.Meta.synthInstance true` command.
SafeLearning/CompleteModulesGPConfidenceComparison.lean:63:18: error(lean.unknownIdentifier): Unknown identifier `ourceSrinivasBeta`
SafeLearning/CompleteModulesGPConfidenceComparison.lean:56:47: error: unsolved goals
hl : 7600902457 / 1000000000 < Real.log 2000 ∧ Real.log 2000 < 760090247 / 100000000
hn : 0 ≤ Real.log 2000
hlo : (76009 / 10000) ^ 3 ≤ Real.log 2000 ^ 3
hhi : Real.log 2000 ^ 3 ≤ (760091 / 100000) ^ 3
⊢ 1147 < sourceSrinivasMultiplier ∧ sourceSrinivasMultiplier < 1148 ∧ |sourceSrinivasMultiplier - 1150| < 5
SafeLearning/CompleteModulesGPConfidenceComparison.lean:112:48: error(lean.synthInstanceFailed): failed to synthesize instance of type class
  OfNat (Graph ?m.1 ?m.2) 0
numerals are polymorphic in Lean, but the numeral `0` cannot be used in a context where the expected type is
  Graph ?m.1 ?m.2
due to the absence of the instance above

Hint: Type class instance resolution failures can be inspected with the `set_option trace.Meta.synthInstance true` command.
SafeLearning/CompleteModulesGPConfidenceComparison.lean:112:51: error(lean.unknownIdentifier): Unknown identifier `mallVariance`

Note: It is not possible to treat `mallVariance` as an implicitly bound variable here because the `autoImplicit` option is set to `false`.
SafeLearning/CompleteModulesGPConfidenceComparison.lean:114:4: error: Type mismatch
  sourceSrinivasMultiplier * √smallVariance / (sourceChowdhuryMultiplier * √largeVariance)
has type
  ℝ
but is expected to have type
  Graph ?m.11 ?m.12
SafeLearning/CompleteModulesGPConfidenceComparison.lean:115:59: error(lean.unknownIdentifier): Unknown identifier `ourceMultiplierRatio`

Note: It is not possible to treat `ourceMultiplierRatio` as an implicitly bound variable here because the `autoImplicit` option is set to `false`.
