⚠ [8924/8927] Replayed SafeLearning.CompleteFoundationsPenaltyModels
warning: SafeLearning/CompleteFoundationsPenaltyModels.lean:89:2: Used `tac1 <;> tac2` where `(tac1; tac2)` would suffice

Note: This linter can be disabled with `set_option linter.unnecessarySeqFocus false`
warning: SafeLearning/CompleteFoundationsPenaltyModels.lean:124:35: Used `tac1 <;> tac2` where `(tac1; tac2)` would suffice

Note: This linter can be disabled with `set_option linter.unnecessarySeqFocus false`
warning: SafeLearning/CompleteFoundationsPenaltyModels.lean:143:2: Used `tac1 <;> tac2` where `(tac1; tac2)` would suffice

Note: This linter can be disabled with `set_option linter.unnecessarySeqFocus false`
⚠ [8925/8927] Replayed SafeLearning.CompleteFoundationsExactPenaltyModels
warning: SafeLearning/CompleteFoundationsExactPenaltyModels.lean:41:5: Variable name `hrho` is not explicitly referenced.

Hint: The binding can be removed (if unused) or named `_` (if used implicitly). Alternatively, prefix the name with `_` to silence this warning:
  [apply] _hrho

Note: This linter can be disabled with `set_option linter.unusedVariables false`
warning: SafeLearning/CompleteFoundationsExactPenaltyModels.lean:93:93: Used `tac1 <;> tac2` where `(tac1; tac2)` would suffice

Note: This linter can be disabled with `set_option linter.unnecessarySeqFocus false`
warning: SafeLearning/CompleteFoundationsExactPenaltyModels.lean:99:66: Used `tac1 <;> tac2` where `(tac1; tac2)` would suffice

Note: This linter can be disabled with `set_option linter.unnecessarySeqFocus false`
⚠ [8926/8927] Replayed SafeLearning.CompletePolicyBarrierCentralPath
warning: SafeLearning/CompletePolicyBarrierCentralPath.lean:80:4: Used `tac1 <;> tac2` where `(tac1; tac2)` would suffice

Note: This linter can be disabled with `set_option linter.unnecessarySeqFocus false`
✔ [8927/8927] Built SafeLearning.CompletePolicyBarrierRates (6.1s)
Build completed successfully (8927 jobs).
