SafeLearning/CompleteModulesLoSBOGridAcquisition.lean:83:16: error(lean.synthInstanceFailed): failed to synthesize instance of type class
  OfNat (Type ?u.67) 3
numerals are polymorphic in Lean, but the numeral `3` cannot be used in a context where the expected type is
  Type ?u.67
due to the absence of the instance above

Hint: Type class instance resolution failures can be inspected with the `set_option trace.Meta.synthInstance true` command.
SafeLearning/CompleteModulesLoSBOGridAcquisition.lean:83:19: error(lean.invalidDottedIdent): Invalid dotted identifier notation: Not supported on type universe
  Prop
SafeLearning/CompleteModulesLoSBOGridAcquisition.lean:85:8: error: No goals to be solved
SafeLearning/CompleteModulesLoSBOGridAcquisition.lean:82:56: error: unsolved goals
case «0»
expanders : Set (Fin 11)
hexpanders : expanders ⊆ sourceMultiFirst
he : expanders ∪ actualExamplePotentialMaximizers = sourceMultiFirst
hh : InitialSeg (fun x1 x2 => sorry) fun x1 x2 => sorry
hi : 0 ∈ sourceMultiFirst
⊢ False

case «1»
expanders : Set (Fin 11)
hexpanders : expanders ⊆ sourceMultiFirst
he : expanders ∪ actualExamplePotentialMaximizers = sourceMultiFirst
hh : InitialSeg (fun x1 x2 => sorry) fun x1 x2 => sorry
hi : 1 ∈ sourceMultiFirst
⊢ False

case «2»
expanders : Set (Fin 11)
hexpanders : expanders ⊆ sourceMultiFirst
he : expanders ∪ actualExamplePotentialMaximizers = sourceMultiFirst
hh : InitialSeg (fun x1 x2 => sorry) fun x1 x2 => sorry
hi : 2 ∈ sourceMultiFirst
⊢ False

case «8»
expanders : Set (Fin 11)
hexpanders : expanders ⊆ sourceMultiFirst
he : expanders ∪ actualExamplePotentialMaximizers = sourceMultiFirst
hh : InitialSeg (fun x1 x2 => sorry) fun x1 x2 => sorry
hi : 8 ∈ sourceMultiFirst
⊢ False

case «9»
expanders : Set (Fin 11)
hexpanders : expanders ⊆ sourceMultiFirst
he : expanders ∪ actualExamplePotentialMaximizers = sourceMultiFirst
hh : InitialSeg (fun x1 x2 => sorry) fun x1 x2 => sorry
hi : 9 ∈ sourceMultiFirst
⊢ False

case «10»
expanders : Set (Fin 11)
hexpanders : expanders ⊆ sourceMultiFirst
he : expanders ∪ actualExamplePotentialMaximizers = sourceMultiFirst
hh : InitialSeg (fun x1 x2 => sorry) fun x1 x2 => sorry
hi : 10 ∈ sourceMultiFirst
⊢ False
