SafeLearning/CompleteModulesSafeOptRKHSPosteriorError.lean:20:0: warning: automatically included section variable(s) unused in theorem `SafeLearning.CompleteModulesSafeOptRKHSPosteriorError.actual_finite_domain_rkhs_is_finite_dimensional`:
  [CompleteSpace H]
consider restructuring your `variable` declarations so that the variables are not in scope or explicitly omit them:
  omit [CompleteSpace H] in theorem ...

Note: This linter can be disabled with `set_option linter.unusedSectionVars false`
SafeLearning/CompleteModulesSafeOptRKHSPosteriorError.lean:33:2: warning: Try this: 
  letI̵

The goal is a proposition, so `let` is preferred over `letI`.
The difference between `let` and `letI` is that `letI` inlines the value.
But this is not relevant for proofs because of proof irrelevance.

Note: This linter can be disabled with `set_option linter.style.haveILetI false`
SafeLearning/CompleteModulesSafeOptRKHSPosteriorError.lean:39:2: error: unsolved goals
case refine_1
H : Type u_1
X : Type u_2
inst✝⁴ : NormedAddCommGroup H
inst✝³ : InnerProductSpace ℝ H
inst✝² : CompleteSpace H
inst✝¹ : RKHS ℝ H X ℝ
inst✝ : Fintype X
f : H
this : FiniteDimensional ℝ H := actual_finite_domain_rkhs_is_finite_dimensional X
b : OrthonormalBasis (Fin (Module.finrank ℝ H)) ℝ H := stdOrthonormalBasis ℝ H
features : X → Fin (Module.finrank ℝ H) → ℝ := fun x j => inner ℝ (scalarSection x) (b j)
theta : Fin (Module.finrank ℝ H) → ℝ := fun j => inner ℝ (b j) f
x y : X
j : Fin (Module.finrank ℝ H)
hj : j ∈ Finset.univ
⊢ inner ℝ (b j) (scalarSection x) * inner ℝ (b j) (scalarSection y) =
    inner ℝ (b j) (scalarSection x) * inner ℝ (scalarSection y) (b j)
SafeLearning/CompleteModulesSafeOptRKHSPosteriorError.lean:47:37: error: Tactic `rewrite` failed: Did not find an occurrence of the pattern
  inner ℝ ?y f
in the target expression
  inner ℝ f (scalarSection x) = features x ⬝ᵥ theta

case refine_2
H : Type u_1
X : Type u_2
inst✝⁴ : NormedAddCommGroup H
inst✝³ : InnerProductSpace ℝ H
inst✝² : CompleteSpace H
inst✝¹ : RKHS ℝ H X ℝ
inst✝ : Fintype X
f : H
this : FiniteDimensional ℝ H := actual_finite_domain_rkhs_is_finite_dimensional X
b : OrthonormalBasis (Fin (Module.finrank ℝ H)) ℝ H := stdOrthonormalBasis ℝ H
features : X → Fin (Module.finrank ℝ H) → ℝ := fun x j => inner ℝ (scalarSection x) (b j)
theta : Fin (Module.finrank ℝ H) → ℝ := fun j => inner ℝ (b j) f
x : X
⊢ inner ℝ f (scalarSection x) = features x ⬝ᵥ theta
