SafeLearning/CompleteModulesLandscapeRegularBoundaryLocal.lean:38:70: error(lean.unknownIdentifier): Unknown identifier `norm_add`
SafeLearning/CompleteModulesLandscapeRegularBoundaryLocal.lean:42:10: error: Type mismatch
  LT.lt.le hε.right
has type
  ε ≤ 1
but is expected to have type
  ε * ‖v‖ ≤ ‖v‖
SafeLearning/CompleteModulesLandscapeRegularBoundaryLocal.lean:143:20: error: unsolved goals
E : Type u_1
inst✝² : NormedAddCommGroup E
inst✝¹ : NormedSpace ℝ E
inst✝ : CompleteSpace E
F : E → E
h : E → ℝ
D : Set E
hD : IsOpen[PseudoMetricSpace.toUniformSpace.toTopologicalSpace] D
hf : LocallyLipschitzOn D F
hh : ContDiffOn ℝ 1 h D
x : ℝ → E
T : ℝ
hT : 0 < T
hx : ContinuousOn x (Icc 0 T)
hxD : MapsTo x (Icc 0 T) D
hODE : ∀ t ∈ Ico 0 T, HasDerivWithinAt x (F (x t)) (Ici t) t
hzero : h (x 0) = 0
hregular : fderiv ℝ h (x 0) ≠ 0
hinward : ∀ z ∈ D, h z = 0 → 0 ≤ (fderiv ℝ h z) (F z)
h0 : 0 ∈ Icc 0 T
v : E
r : ℝ
hr : r > 0
hrD : ball (x 0) r ⊆ D
hdir : ∀ z ∈ ball (x 0) r, 0 < (fderiv ℝ h z) v
hstrict : ∀ ε > 0, ∀ z ∈ ball (x 0) r, h z = 0 → 0 < (fderiv ℝ h z) (F z + ε • v)
K : ℝ≥0
s : Set E
hs : s ∈ 𝓝[D] x 0
hL : LipschitzOnWith K F s
hs' : s ∈ 𝓝 (x 0)
a : ℝ
ha : a > 0
has : ball (x 0) a ⊆ s ∩ ball (x 0) r
hball : closedBall (x 0) (a / 2) ⊆ s ∩ ball (x 0) r
R : ℝ≥0 := ⟨a / 2, ⋯⟩
L : ℝ≥0 := ⟨↑K * a + ‖F (x 0)‖, ⋯⟩
hbound : ∀ z ∈ closedBall (x 0) ↑R, ‖F z‖ ≤ ↑L
hLip : LipschitzOnWith K F (closedBall (x 0) ↑R)
η : ℝ
hη : η > 0
hW :
  ∀ ε ∈ Ioo 0 1,
    ∃ W,
      W 0 = x 0 ∧
        (∀ (t : ℝ), W t ∈ closedBall (x 0) ↑R) ∧
          ContinuousOn W (Icc 0 η) ∧ ∀ t ∈ Ico 0 η, HasDerivAt W (F (W t) + ε • v) t
δ : ℝ
hδ : δ > 0
hclose : ∀ ⦃x_1 : ℝ⦄, x_1 ∈ Icc 0 T → dist x_1 0 < δ → dist (x x_1) (x 0) < a / 2
γ : ℝ := min η (min δ T) / 2
hγ : 0 < γ
hγη : γ < η
hγδ : γ < δ
hγT : γ < T
htime : Icc 0 γ ⊆ Icc 0 T
htimeη : Icc 0 γ ⊆ Icc 0 η
hxball : ∀ t ∈ Icc 0 γ, x t ∈ closedBall (x 0) ↑R
ε : ℝ
hε : ε ∈ Ioo 0 1
t : ℝ
ht : t ∈ Icc 0 γ
W : ℝ → E
hinit : W 0 = x 0
hWC : ∀ (t : ℝ), W t ∈ closedBall (x 0) ↑R
hWcont : ContinuousOn W (Icc 0 η)
hWderiv : ∀ t ∈ Ico 0 η, HasDerivAt W (F (W t) + ε • v) t
hsafe : ∀ u ∈ Icc 0 γ, 0 ≤ h (W u)
x✝¹ : ℝ
x✝ : x✝¹ ∈ Ico 0 γ
⊢ 0 ≤ ?m.1028
SafeLearning/CompleteModulesLandscapeRegularBoundaryLocal.lean:146:20: error: unsolved goals
E : Type u_1
inst✝² : NormedAddCommGroup E
inst✝¹ : NormedSpace ℝ E
inst✝ : CompleteSpace E
F : E → E
h : E → ℝ
D : Set E
hD : IsOpen[PseudoMetricSpace.toUniformSpace.toTopologicalSpace] D
hf : LocallyLipschitzOn D F
hh : ContDiffOn ℝ 1 h D
x : ℝ → E
T : ℝ
hT : 0 < T
hx : ContinuousOn x (Icc 0 T)
hxD : MapsTo x (Icc 0 T) D
hODE : ∀ t ∈ Ico 0 T, HasDerivWithinAt x (F (x t)) (Ici t) t
hzero : h (x 0) = 0
hregular : fderiv ℝ h (x 0) ≠ 0
hinward : ∀ z ∈ D, h z = 0 → 0 ≤ (fderiv ℝ h z) (F z)
h0 : 0 ∈ Icc 0 T
v : E
r : ℝ
hr : r > 0
hrD : ball (x 0) r ⊆ D
hdir : ∀ z ∈ ball (x 0) r, 0 < (fderiv ℝ h z) v
hstrict : ∀ ε > 0, ∀ z ∈ ball (x 0) r, h z = 0 → 0 < (fderiv ℝ h z) (F z + ε • v)
K : ℝ≥0
s : Set E
hs : s ∈ 𝓝[D] x 0
hL : LipschitzOnWith K F s
hs' : s ∈ 𝓝 (x 0)
a : ℝ
ha : a > 0
has : ball (x 0) a ⊆ s ∩ ball (x 0) r
hball : closedBall (x 0) (a / 2) ⊆ s ∩ ball (x 0) r
R : ℝ≥0 := ⟨a / 2, ⋯⟩
L : ℝ≥0 := ⟨↑K * a + ‖F (x 0)‖, ⋯⟩
hbound : ∀ z ∈ closedBall (x 0) ↑R, ‖F z‖ ≤ ↑L
hLip : LipschitzOnWith K F (closedBall (x 0) ↑R)
η : ℝ
hη : η > 0
hW :
  ∀ ε ∈ Ioo 0 1,
    ∃ W,
      W 0 = x 0 ∧
        (∀ (t : ℝ), W t ∈ closedBall (x 0) ↑R) ∧
          ContinuousOn W (Icc 0 η) ∧ ∀ t ∈ Ico 0 η, HasDerivAt W (F (W t) + ε • v) t
δ : ℝ
hδ : δ > 0
hclose : ∀ ⦃x_1 : ℝ⦄, x_1 ∈ Icc 0 T → dist x_1 0 < δ → dist (x x_1) (x 0) < a / 2
γ : ℝ := min η (min δ T) / 2
hγ : 0 < γ
hγη : γ < η
hγδ : γ < δ
hγT : γ < T
htime : Icc 0 γ ⊆ Icc 0 T
htimeη : Icc 0 γ ⊆ Icc 0 η
hxball : ∀ t ∈ Icc 0 γ, x t ∈ closedBall (x 0) ↑R
ε : ℝ
hε : ε ∈ Ioo 0 1
t : ℝ
ht : t ∈ Icc 0 γ
W : ℝ → E
hinit : W 0 = x 0
hWC : ∀ (t : ℝ), W t ∈ closedBall (x 0) ↑R
hWcont : ContinuousOn W (Icc 0 η)
hWderiv : ∀ t ∈ Ico 0 η, HasDerivAt W (F (W t) + ε • v) t
hsafe : ∀ u ∈ Icc 0 γ, 0 ≤ h (W u)
u : ℝ
x✝ : u ∈ Ico 0 γ
⊢ ‖F (W u) + ε • v - F (W u)‖ ≤ ?m.1029
SafeLearning/CompleteModulesLandscapeRegularBoundaryLocal.lean:148:28: error: unsolved goals
E : Type u_1
inst✝² : NormedAddCommGroup E
inst✝¹ : NormedSpace ℝ E
inst✝ : CompleteSpace E
F : E → E
h : E → ℝ
D : Set E
hD : IsOpen[PseudoMetricSpace.toUniformSpace.toTopologicalSpace] D
hf : LocallyLipschitzOn D F
hh : ContDiffOn ℝ 1 h D
x : ℝ → E
T : ℝ
hT : 0 < T
hx : ContinuousOn x (Icc 0 T)
hxD : MapsTo x (Icc 0 T) D
hODE : ∀ t ∈ Ico 0 T, HasDerivWithinAt x (F (x t)) (Ici t) t
hzero : h (x 0) = 0
hregular : fderiv ℝ h (x 0) ≠ 0
hinward : ∀ z ∈ D, h z = 0 → 0 ≤ (fderiv ℝ h z) (F z)
h0 : 0 ∈ Icc 0 T
v : E
r : ℝ
hr : r > 0
hrD : ball (x 0) r ⊆ D
hdir : ∀ z ∈ ball (x 0) r, 0 < (fderiv ℝ h z) v
hstrict : ∀ ε > 0, ∀ z ∈ ball (x 0) r, h z = 0 → 0 < (fderiv ℝ h z) (F z + ε • v)
K : ℝ≥0
s : Set E
hs : s ∈ 𝓝[D] x 0
hL : LipschitzOnWith K F s
hs' : s ∈ 𝓝 (x 0)
a : ℝ
ha : a > 0
has : ball (x 0) a ⊆ s ∩ ball (x 0) r
hball : closedBall (x 0) (a / 2) ⊆ s ∩ ball (x 0) r
R : ℝ≥0 := ⟨a / 2, ⋯⟩
L : ℝ≥0 := ⟨↑K * a + ‖F (x 0)‖, ⋯⟩
hbound : ∀ z ∈ closedBall (x 0) ↑R, ‖F z‖ ≤ ↑L
hLip : LipschitzOnWith K F (closedBall (x 0) ↑R)
η : ℝ
hη : η > 0
hW :
  ∀ ε ∈ Ioo 0 1,
    ∃ W,
      W 0 = x 0 ∧
        (∀ (t : ℝ), W t ∈ closedBall (x 0) ↑R) ∧
          ContinuousOn W (Icc 0 η) ∧ ∀ t ∈ Ico 0 η, HasDerivAt W (F (W t) + ε • v) t
δ : ℝ
hδ : δ > 0
hclose : ∀ ⦃x_1 : ℝ⦄, x_1 ∈ Icc 0 T → dist x_1 0 < δ → dist (x x_1) (x 0) < a / 2
γ : ℝ := min η (min δ T) / 2
hγ : 0 < γ
hγη : γ < η
hγδ : γ < δ
hγT : γ < T
htime : Icc 0 γ ⊆ Icc 0 T
htimeη : Icc 0 γ ⊆ Icc 0 η
hxball : ∀ t ∈ Icc 0 γ, x t ∈ closedBall (x 0) ↑R
ε : ℝ
hε : ε ∈ Ioo 0 1
t : ℝ
ht : t ∈ Icc 0 γ
W : ℝ → E
hinit : W 0 = x 0
hWC : ∀ (t : ℝ), W t ∈ closedBall (x 0) ↑R
hWcont : ContinuousOn W (Icc 0 η)
hWderiv : ∀ t ∈ Ico 0 η, HasDerivAt W (F (W t) + ε • v) t
hsafe : ∀ u ∈ Icc 0 γ, 0 ≤ h (W u)
⊢ 0 ≤ ?m.1030
SafeLearning/CompleteModulesLandscapeRegularBoundaryLocal.lean:157:75: error: unsolved goals
E : Type u_1
inst✝² : NormedAddCommGroup E
inst✝¹ : NormedSpace ℝ E
inst✝ : CompleteSpace E
F : E → E
h : E → ℝ
D : Set E
hD : IsOpen[PseudoMetricSpace.toUniformSpace.toTopologicalSpace] D
hf : LocallyLipschitzOn D F
hh : ContDiffOn ℝ 1 h D
x : ℝ → E
T : ℝ
hT : 0 < T
hx : ContinuousOn x (Icc 0 T)
hxD : MapsTo x (Icc 0 T) D
hODE : ∀ t ∈ Ico 0 T, HasDerivWithinAt x (F (x t)) (Ici t) t
hzero : h (x 0) = 0
hregular : fderiv ℝ h (x 0) ≠ 0
hinward : ∀ z ∈ D, h z = 0 → 0 ≤ (fderiv ℝ h z) (F z)
h0 : 0 ∈ Icc 0 T
v : E
r : ℝ
hr : r > 0
hrD : ball (x 0) r ⊆ D
hdir : ∀ z ∈ ball (x 0) r, 0 < (fderiv ℝ h z) v
hstrict : ∀ ε > 0, ∀ z ∈ ball (x 0) r, h z = 0 → 0 < (fderiv ℝ h z) (F z + ε • v)
K : ℝ≥0
s : Set E
hs : s ∈ 𝓝[D] x 0
hL : LipschitzOnWith K F s
hs' : s ∈ 𝓝 (x 0)
a : ℝ
ha : a > 0
has : ball (x 0) a ⊆ s ∩ ball (x 0) r
hball : closedBall (x 0) (a / 2) ⊆ s ∩ ball (x 0) r
R : ℝ≥0 := ⟨a / 2, ⋯⟩
L : ℝ≥0 := ⟨↑K * a + ‖F (x 0)‖, ⋯⟩
hbound : ∀ z ∈ closedBall (x 0) ↑R, ‖F z‖ ≤ ↑L
hLip : LipschitzOnWith K F (closedBall (x 0) ↑R)
η : ℝ
hη : η > 0
hW :
  ∀ ε ∈ Ioo 0 1,
    ∃ W,
      W 0 = x 0 ∧
        (∀ (t : ℝ), W t ∈ closedBall (x 0) ↑R) ∧
          ContinuousOn W (Icc 0 η) ∧ ∀ t ∈ Ico 0 η, HasDerivAt W (F (W t) + ε • v) t
δ : ℝ
hδ : δ > 0
hclose : ∀ ⦃x_1 : ℝ⦄, x_1 ∈ Icc 0 T → dist x_1 0 < δ → dist (x x_1) (x 0) < a / 2
γ : ℝ := min η (min δ T) / 2
hγ : 0 < γ
hγη : γ < η
hγδ : γ < δ
hγT : γ < T
htime : Icc 0 γ ⊆ Icc 0 T
htimeη : Icc 0 γ ⊆ Icc 0 η
hxball : ∀ t ∈ Icc 0 γ, x t ∈ closedBall (x 0) ↑R
happrox : ∀ ε ∈ Ioo 0 1, ∀ t ∈ Icc 0 γ, ∃ z, 0 ≤ h z ∧ dist (x t) z ≤ gronwallBound 0 (↑K) (ε * ‖v‖) t
t : ℝ
ht : t ∈ Icc 0 γ
hn : ¬0 ≤ h (x t)
hneg : h (x t) < 0
hhxt : ContinuousAt h (x t)
ρ : ℝ
hρ : ρ > 0
hρball : ball (x t) ρ ⊆ h ⁻¹' Iio 0
⊢ (fun ε => gronwallBound 0 (↑K) (ε * ‖v‖) t) = (fun ε => gronwallBound 0 (↑K) ε t) ∘ fun x => id x * ‖v‖
SafeLearning/CompleteModulesLandscapeRegularBoundaryLocal.lean:160:4: error: Tactic `apply` failed: could not unify the conclusion of `ContinuousAt.preimage_mem_nhds
  (Continuous.continuousAt hBcont)`
  (fun ε => gronwallBound 0 (↑K) (ε * ‖v‖) t) ⁻¹' ?m.1327 ∈ 𝓝 ?m.1326
with the goal
  {ε | gronwallBound 0 (↑K) (ε * ‖v‖) t < ρ} ∈ 𝓝 0

Note: The full type of `ContinuousAt.preimage_mem_nhds (Continuous.continuousAt hBcont)` is
  ?m.1327 ∈ 𝓝 (gronwallBound 0 (↑K) (?m.1326 * ‖v‖) t) →
    (fun ε => gronwallBound 0 (↑K) (ε * ‖v‖) t) ⁻¹' ?m.1327 ∈ 𝓝 ?m.1326

E : Type u_1
inst✝² : NormedAddCommGroup E
inst✝¹ : NormedSpace ℝ E
inst✝ : CompleteSpace E
F : E → E
h : E → ℝ
D : Set E
hD : IsOpen[PseudoMetricSpace.toUniformSpace.toTopologicalSpace] D
hf : LocallyLipschitzOn D F
hh : ContDiffOn ℝ 1 h D
x : ℝ → E
T : ℝ
hT : 0 < T
hx : ContinuousOn x (Icc 0 T)
hxD : MapsTo x (Icc 0 T) D
hODE : ∀ t ∈ Ico 0 T, HasDerivWithinAt x (F (x t)) (Ici t) t
hzero : h (x 0) = 0
hregular : fderiv ℝ h (x 0) ≠ 0
hinward : ∀ z ∈ D, h z = 0 → 0 ≤ (fderiv ℝ h z) (F z)
h0 : 0 ∈ Icc 0 T
v : E
r : ℝ
hr : r > 0
hrD : ball (x 0) r ⊆ D
hdir : ∀ z ∈ ball (x 0) r, 0 < (fderiv ℝ h z) v
hstrict : ∀ ε > 0, ∀ z ∈ ball (x 0) r, h z = 0 → 0 < (fderiv ℝ h z) (F z + ε • v)
K : ℝ≥0
s : Set E
hs : s ∈ 𝓝[D] x 0
hL : LipschitzOnWith K F s
hs' : s ∈ 𝓝 (x 0)
a : ℝ
ha : a > 0
has : ball (x 0) a ⊆ s ∩ ball (x 0) r
hball : closedBall (x 0) (a / 2) ⊆ s ∩ ball (x 0) r
R : ℝ≥0 := ⟨a / 2, ⋯⟩
L : ℝ≥0 := ⟨↑K * a + ‖F (x 0)‖, ⋯⟩
hbound : ∀ z ∈ closedBall (x 0) ↑R, ‖F z‖ ≤ ↑L
hLip : LipschitzOnWith K F (closedBall (x 0) ↑R)
η : ℝ
hη : η > 0
hW :
  ∀ ε ∈ Ioo 0 1,
    ∃ W,
      W 0 = x 0 ∧
        (∀ (t : ℝ), W t ∈ closedBall (x 0) ↑R) ∧
          ContinuousOn W (Icc 0 η) ∧ ∀ t ∈ Ico 0 η, HasDerivAt W (F (W t) + ε • v) t
δ : ℝ
hδ : δ > 0
hclose : ∀ ⦃x_1 : ℝ⦄, x_1 ∈ Icc 0 T → dist x_1 0 < δ → dist (x x_1) (x 0) < a / 2
γ : ℝ := min η (min δ T) / 2
hγ : 0 < γ
hγη : γ < η
hγδ : γ < δ
hγT : γ < T
htime : Icc 0 γ ⊆ Icc 0 T
htimeη : Icc 0 γ ⊆ Icc 0 η
hxball : ∀ t ∈ Icc 0 γ, x t ∈ closedBall (x 0) ↑R
happrox : ∀ ε ∈ Ioo 0 1, ∀ t ∈ Icc 0 γ, ∃ z, 0 ≤ h z ∧ dist (x t) z ≤ gronwallBound 0 (↑K) (ε * ‖v‖) t
t : ℝ
ht : t ∈ Icc 0 γ
hn : ¬0 ≤ h (x t)
hneg : h (x t) < 0
hhxt : ContinuousAt h (x t)
ρ : ℝ
hρ : ρ > 0
hρball : ball (x t) ρ ⊆ h ⁻¹' Iio 0
hBcont : Continuous fun ε => gronwallBound 0 (↑K) (ε * ‖v‖) t
⊢ {ε | gronwallBound 0 (↑K) (ε * ‖v‖) t < ρ} ∈ 𝓝 0
SafeLearning/CompleteModulesLandscapeRegularBoundaryLocal.lean:147:34: warning: This simp argument is unused:
  add_sub_cancel_right

Hint: Omit it from the simp argument list.
  [apply] simp only [dist_eq_norm, norm_smul, Real.norm_eq_abs, abs_of_pos hε.1, le_refl]

Note: This linter can be disabled with `set_option linter.unusedSimpArgs false`
SafeLearning/CompleteModulesLandscapeRegularBoundaryLocal.lean:147:55: warning: This simp argument is unused:
  norm_smul

Hint: Omit it from the simp argument list.
  [apply] simp only [dist_eq_norm, add_sub_cancel_right, Real.norm_eq_abs, abs_of_pos hε.1, le_refl]

Note: This linter can be disabled with `set_option linter.unusedSimpArgs false`
SafeLearning/CompleteModulesLandscapeRegularBoundaryLocal.lean:147:65: warning: This simp argument is unused:
  Real.norm_eq_abs

Hint: Omit it from the simp argument list.
  [apply] simp only [dist_eq_norm, add_sub_cancel_right, norm_smul, abs_of_pos hε.1, le_refl]

Note: This linter can be disabled with `set_option linter.unusedSimpArgs false`
SafeLearning/CompleteModulesLandscapeRegularBoundaryLocal.lean:147:82: warning: This simp argument is unused:
  abs_of_pos hε.1

Hint: Omit it from the simp argument list.
  [apply] simp only [dist_eq_norm, add_sub_cancel_right, norm_smul, Real.norm_eq_abs, le_refl]

Note: This linter can be disabled with `set_option linter.unusedSimpArgs false`
SafeLearning/CompleteModulesLandscapeRegularBoundaryLocal.lean:147:98: warning: This simp argument is unused:
  le_refl

Hint: Omit it from the simp argument list.
  [apply] simp only [dist_eq_norm, add_sub_cancel_right, norm_smul, Real.norm_eq_abs, abs_of_pos hε.1]

Note: This linter can be disabled with `set_option linter.unusedSimpArgs false`
SafeLearning/CompleteModulesLandscapeRegularBoundaryLocal.lean:148:58: warning: This simp argument is unused:
  le_refl

Hint: Omit it from the simp argument list.
  [apply] simp only [hinit, dist_self]

Note: This linter can be disabled with `set_option linter.unusedSimpArgs false`
