SafeLearning/CompleteModulesLandscapeLyapunovStability.lean:30:6: error: linarith failed to find a contradiction
E : Type u_1
inst✝ : NormedAddCommGroup E
V : E → ℝ
c epsilon : ℝ
hc : 0 < c
hepsilon : 0 < epsilon
hV : Continuous[PseudoMetricSpace.toUniformSpace.toTopologicalSpace, _] V
hpositive : ∀ (x : E), x ≠ 0 → 0 < V x
hcompact : IsCompact {x | V x ≤ c}
D : Set E := {x | V x ≤ c} ∩ {x | epsilon ≤ ‖x‖}
hD : IsCompact D
hne : D.Nonempty
p : E
hp : p ∈ D
hminimum : IsMinOn V D p
hzero : p = 0
hnorm : 0 ∈ {x | epsilon ≤ ‖x‖}
⊢ False
failed
SafeLearning/CompleteModulesLandscapeLyapunovStability.lean:38:4: error: linarith failed to find a contradiction
case pos
E : Type u_1
inst✝ : NormedAddCommGroup E
V : E → ℝ
c epsilon : ℝ
hc : 0 < c
hepsilon : 0 < epsilon
hV : Continuous[PseudoMetricSpace.toUniformSpace.toTopologicalSpace, _] V
hpositive : ∀ (x : E), x ≠ 0 → 0 < V x
hcompact : IsCompact {x | V x ≤ c}
D : Set E := {x | V x ≤ c} ∩ {x | epsilon ≤ ‖x‖}
hD : IsCompact D
hne : D.Nonempty
p : E
hp : p ∈ D
hminimum : IsMinOn V D p
hp0 : p ≠ 0
hpv : 0 < V p
x : E
hx : V x ≤ c
hsmall : V x < min c (V p)
hout : ¬‖x‖ < epsilon
hxD : x ∈ D
hm : x ∈ {x | (fun x => V p ≤ V x) x}
ha : min c (V p) ≤ V p
⊢ False
failed
SafeLearning/CompleteModulesLandscapeLyapunovStability.lean:29:24: warning: This simp argument is unused:
  norm_zero

Hint: Omit it from the simp argument list.
  [apply] simp only [hzero] at hnorm

Note: This linter can be disabled with `set_option linter.unusedSimpArgs false`
SafeLearning/CompleteModulesLandscapeLyapunovStability.lean:60:26: error: Type mismatch: After simplification, term
  hx
 has type
  ‖x‖ < delta
but is expected to have type
  dist ?m.123 ?m.88 < delta
SafeLearning/CompleteModulesLandscapeLyapunovStability.lean:119:15: warning: `Set.mem_setOf_eq` has been deprecated: Use `Set.mem_ofPred_eq` instead
