SafeLearning/CompleteModulesSafeOptGaussianGapRKHS.lean:41:20: error(lean.unknownIdentifier): Unknown identifier `Metric.eventually_nhds_ball`
Try this:
  [apply] ring_nf
  
  The `ring` tactic failed to close the goal. Use `ring_nf` to obtain a normal form.
    
  Note that `ring` works primarily in *commutative* rings. If you have a noncommutative ring, abelian group or module, consider using `noncomm_ring`, `abel` or `module` instead.
SafeLearning/CompleteModulesSafeOptGaussianGapRKHS.lean:76:9: error: Function expected at
  div_eq_zero_iff
but this term has type
  ?m.690 / ?m.691 = 0 ↔ ?m.690 = 0 ∨ ?m.691 = 0

Note: Expected a function because this term is being applied to the argument
  hs
SafeLearning/CompleteModulesSafeOptGaussianGapRKHS.lean:103:2: warning: Try this: 
  letI̵

The goal is a proposition, so `let` is preferred over `letI`.
The difference between `let` and `letI` is that `letI` inlines the value.
But this is not relevant for proofs because of proof irrelevance.

Note: This linter can be disabled with `set_option linter.style.haveILetI false`
SafeLearning/CompleteModulesSafeOptGaussianGapRKHS.lean:110:6: error(lean.unknownIdentifier): Unknown identifier `innerSL_apply`
SafeLearning/CompleteModulesSafeOptGaussianGapRKHS.lean:108:4: error: Type mismatch: After simplification, term
  h
 has type
  inner ℝ ((RKHS.kerFun (↥ActualCoefficientSpace) x) 1) c = c x * 1
but is expected to have type
  inner ℝ ((RKHS.kerFun (↥ActualCoefficientSpace) x) 1) c = inner ℝ (actualFeatureVector x) c
SafeLearning/CompleteModulesSafeOptGaussianGapRKHS.lean:114:2: error: Type mismatch: After simplification, term
  h
 has type
  (RKHS.kernel (↥ActualCoefficientSpace) x y) 1 = Real.exp (-(y ^ 2 - 2 * y * x + x ^ 2) / 2)
but is expected to have type
  (RKHS.kernel (↥ActualCoefficientSpace) x y) 1 = Real.exp (-(x ^ 2 - 2 * x * y + y ^ 2) / 2)
SafeLearning/CompleteModulesSafeOptGaussianGapRKHS.lean:120:4: error: Application type mismatch: The argument
  HilbertBasis.orthonormal actualGaussianHilbertBasis
has type
  Orthonormal ℝ ⇑actualGaussianHilbertBasis
of sort `Prop` but is expected to have type
  Prop
of sort `Type` in the application
  And ⋯
SafeLearning/CompleteModulesSafeOptGaussianGapRKHS.lean:122:2: warning: Try this: 
  letI̵

The goal is a proposition, so `let` is preferred over `letI`.
The difference between `let` and `letI` is that `letI` inlines the value.
But this is not relevant for proofs because of proof irrelevance.

Note: This linter can be disabled with `set_option linter.style.haveILetI false`
SafeLearning/CompleteModulesSafeOptGaussianGapRKHS.lean:125:2: error: 'change' tactic failed, pattern
  inner ℝ (actualFeatureVector x) (lp.single 2 n 1) = actualGaussianFeature n x
is not definitionally equal to target
  (RKHS.coeCLM ℝ) (actualGaussianHilbertBasis n) x = actualGaussianFeature n x
SafeLearning/CompleteModulesSafeOptGaussianGapRKHS.lean:135:2: warning: Try this: 
  letI̵

The goal is a proposition, so `let` is preferred over `letI`.
The difference between `let` and `letI` is that `letI` inlines the value.
But this is not relevant for proofs because of proof irrelevance.

Note: This linter can be disabled with `set_option linter.style.haveILetI false`
