⚠ [8925/8931] Replayed SafeLearning.CompleteModulesGaussianRegressionScalar
warning: SafeLearning/CompleteModulesGaussianRegressionScalar.lean:21:0: automatically included section variable(s) unused in theorem `SafeLearning.CompleteModulesGaussianRegressionScalar.actual_joint_gaussian_observation_and_regression_residual_are_jointly_gaussian`:
  [IsProbabilityMeasure P]
consider restructuring your `variable` declarations so that the variables are not in scope or explicitly omit them:
  omit [IsProbabilityMeasure P] in theorem ...

Note: This linter can be disabled with `set_option linter.unusedSectionVars false`
warning: SafeLearning/CompleteModulesGaussianRegressionScalar.lean:111:2: Try this: 
  haveI̵

The goal is a proposition, so `have` is preferred over `haveI`.
The difference between `have` and `haveI` is that `haveI` inlines the value.
But this is not relevant for proofs because of proof irrelevance.

Note: This linter can be disabled with `set_option linter.style.haveILetI false`
⚠ [8926/8931] Replayed SafeLearning.CompleteModulesGaussianChannelInformation
warning: SafeLearning/CompleteModulesGaussianChannelInformation.lean:53:4: try 'simp' instead of 'simpa'

Note: This linter can be disabled with `set_option linter.unnecessarySimpa false`
warning: SafeLearning/CompleteModulesGaussianChannelInformation.lean:104:6: Unused tactic linter: `change Real.log (k.rnDeriv e x y).toReal = _` does nothing

Note: This linter can be disabled with `set_option linter.unusedTactic false`
info: SafeLearning/CompleteModulesGaussianChannelInformation.lean:196:6: Try this:
  [apply] ring_nf
  
  The `ring` tactic failed to close the goal. Use `ring_nf` to obtain a normal form.
    
  Note that `ring` works primarily in *commutative* rings. If you have a noncommutative ring, abelian group or module, consider using `noncomm_ring`, `abel` or `module` instead.
⚠ [8928/8931] Replayed SafeLearning.CompleteModulesGaussianMatrixLaws
warning: SafeLearning/CompleteModulesGaussianMatrixLaws.lean:14:0: automatically included section variable(s) unused in theorem `SafeLearning.CompleteModulesGaussianMatrixLaws.actual_every_finite_product_of_scalar_gaussians_is_jointly_gaussian`:
  [DecidableEq I]
consider restructuring your `variable` declarations so that the variables are not in scope or explicitly omit them:
  omit [DecidableEq I] in theorem ...

Note: This linter can be disabled with `set_option linter.unusedSectionVars false`
warning: SafeLearning/CompleteModulesGaussianMatrixLaws.lean:24:0: automatically included section variable(s) unused in theorem `SafeLearning.CompleteModulesGaussianMatrixLaws.actual_finite_matrix_transform_preserves_joint_gaussianity`:
  [DecidableEq I]
consider restructuring your `variable` declarations so that the variables are not in scope or explicitly omit them:
  omit [DecidableEq I] in theorem ...

Note: This linter can be disabled with `set_option linter.unusedSectionVars false`
warning: SafeLearning/CompleteModulesGaussianMatrixLaws.lean:30:0: automatically included section variable(s) unused in theorem `SafeLearning.CompleteModulesGaussianMatrixLaws.actual_finite_matrix_transform_has_the_true_transformed_coordinate_means`:
  [DecidableEq I]
consider restructuring your `variable` declarations so that the variables are not in scope or explicitly omit them:
  omit [DecidableEq I] in theorem ...

Note: This linter can be disabled with `set_option linter.unusedSectionVars false`
warning: SafeLearning/CompleteModulesGaussianMatrixLaws.lean:39:0: automatically included section variable(s) unused in theorem `SafeLearning.CompleteModulesGaussianMatrixLaws.actual_finite_matrix_transform_has_the_true_covariance_matrix`:
  [DecidableEq I]
consider restructuring your `variable` declarations so that the variables are not in scope or explicitly omit them:
  omit [DecidableEq I] in theorem ...

Note: This linter can be disabled with `set_option linter.unusedSectionVars false`
warning: SafeLearning/CompleteModulesGaussianMatrixLaws.lean:90:24: `if_neg` has been deprecated: Use `ite_eq_right` instead
⚠ [8929/8931] Replayed SafeLearning.CompleteModulesGPLinearInformationBounds
warning: SafeLearning/CompleteModulesGPLinearInformationBounds.lean:19:0: automatically included section variable(s) unused in theorem `SafeLearning.CompleteModulesGPLinearInformationBounds.actual_design_gram_is_positive_semidefinite`:
  [DecidableEq D]
  [DecidableEq T]
consider restructuring your `variable` declarations so that the variables are not in scope or explicitly omit them:
  omit [DecidableEq D] [DecidableEq T] in theorem ...

Note: This linter can be disabled with `set_option linter.unusedSectionVars false`
warning: SafeLearning/CompleteModulesGPLinearInformationBounds.lean:23:0: automatically included section variable(s) unused in theorem `SafeLearning.CompleteModulesGPLinearInformationBounds.actual_design_gram_trace_is_the_sum_of_actual_euclidean_squared_input_norms`:
  [DecidableEq D]
  [DecidableEq T]
consider restructuring your `variable` declarations so that the variables are not in scope or explicitly omit them:
  omit [DecidableEq D] [DecidableEq T] in theorem ...

Note: This linter can be disabled with `set_option linter.unusedSectionVars false`
warning: SafeLearning/CompleteModulesGPLinearInformationBounds.lean:56:20: This simp argument is unused:
  Matrix.one_apply

Hint: Omit it from the simp argument list.
  [apply] simp [diagonal_apply, smul_eq_mul, div_eq_mul_inv, mul_comm]

Note: This linter can be disabled with `set_option linter.unusedSimpArgs false`
warning: SafeLearning/CompleteModulesGPLinearInformationBounds.lean:56:37: This simp argument is unused:
  diagonal_apply

Hint: Omit it from the simp argument list.
  [apply] simp [Matrix.one_apply, smul_eq_mul, div_eq_mul_inv, mul_comm]

Note: This linter can be disabled with `set_option linter.unusedSimpArgs false`
warning: SafeLearning/CompleteModulesGPLinearInformationBounds.lean:57:12: This simp argument is unused:
  Matrix.one_apply

Hint: Omit it from the simp argument list.
  [apply] simp [diagonal_apply, hij]

Note: This linter can be disabled with `set_option linter.unusedSimpArgs false`
warning: SafeLearning/CompleteModulesGPLinearInformationBounds.lean:57:29: This simp argument is unused:
  diagonal_apply

Hint: Omit it from the simp argument list.
  [apply] simp [Matrix.one_apply, hij]

Note: This linter can be disabled with `set_option linter.unusedSimpArgs false`
warning: SafeLearning/CompleteModulesGPLinearInformationBounds.lean:81:0: automatically included section variable(s) unused in theorem `SafeLearning.CompleteModulesGPLinearInformationBounds.actual_log_jensen_bound_for_every_nonnegative_spectrum`:
  [DecidableEq D]
consider restructuring your `variable` declarations so that the variables are not in scope or explicitly omit them:
  omit [DecidableEq D] in theorem ...

Note: This linter can be disabled with `set_option linter.unusedSectionVars false`
⚠ [8930/8931] Replayed SafeLearning.CompleteModulesGaussianSpectralSignal
warning: SafeLearning/CompleteModulesGaussianSpectralSignal.lean:51:2: Try this: 
  haveI̵

The goal is a proposition, so `have` is preferred over `haveI`.
The difference between `have` and `haveI` is that `haveI` inlines the value.
But this is not relevant for proofs because of proof irrelevance.

Note: This linter can be disabled with `set_option linter.style.haveILetI false`
⚠ [8931/8931] Built SafeLearning.CompleteModulesGaussianPSDInformation (4.8s)
warning: SafeLearning/CompleteModulesGaussianPSDInformation.lean:45:0: automatically included section variable(s) unused in theorem `SafeLearning.CompleteModulesGaussianPSDInformation.actual_vector_channel_joint_has_the_true_input_marginal`:
  [DecidableEq I]
consider restructuring your `variable` declarations so that the variables are not in scope or explicitly omit them:
  omit [DecidableEq I] in theorem ...

Note: This linter can be disabled with `set_option linter.unusedSectionVars false`
warning: SafeLearning/CompleteModulesGaussianPSDInformation.lean:132:0: automatically included section variable(s) unused in theorem `SafeLearning.CompleteModulesGaussianPSDInformation.actual_independent_gaussian_input_and_isotropic_noise_derive_the_true_channel_joint`:
  [DecidableEq I]
consider restructuring your `variable` declarations so that the variables are not in scope or explicitly omit them:
  omit [DecidableEq I] in theorem ...

Note: This linter can be disabled with `set_option linter.unusedSectionVars false`
Build completed successfully (8931 jobs).
