SafeLearning/CompleteModulesGPCorrelatedPrior.lean:31:22: error(lean.synthInstanceFailed): failed to synthesize instance of type class
  HAdd { r // 0 ≤ r } ℝ≥0 ?m.64

Hint: Type class instance resolution failures can be inspected with the `set_option trace.Meta.synthInstance true` command.
SafeLearning/CompleteModulesGPCorrelatedPrior.lean:46:2: error: unsolved goals
case e_v
u v : ℝ
ha : HasLaw (fun ω => (u + v / 2) * ω.1) (gaussianReal ((u + v / 2) * 0) (NNReal.mk ((u + v / 2) ^ 2) ⋯ * 1)) baseLaw
hz : HasLaw (fun ω => v * ω.2) (gaussianReal (v * 0) (NNReal.mk (v ^ 2) ⋯ * (3 / 4))) baseLaw
hi : (fun az => (u + v / 2) * az.1) ⟂ᵢ[baseLaw] fun az => v * az.2
hs :
  Measure.map ((fun az => (u + v / 2) * az.1) + fun az => v * az.2) baseLaw =
    gaussianReal ((u + v / 2) * 0 + v * 0) (NNReal.mk ((u + v / 2) ^ 2) ⋯ * 1 + NNReal.mk (v ^ 2) ⋯ * (3 / 4))
hf :
  (fun az => u * (sourceLatentPair az).1 + v * (sourceLatentPair az).2) =
    (fun az => (u + v / 2) * az.1) + fun az => v * az.2
⊢ NNReal.mk ((u + v / 2) ^ 2) ⋯ + NNReal.mk (v ^ 2) ⋯ * (3 / 4) = sorry ()
SafeLearning/CompleteModulesGPCorrelatedPrior.lean:49:37: error: Invalid `⟨...⟩` notation: The expected type `Quot ⇑CauSeq.equiv` is not an inductive type

Note: This notation can only be used when the expected type is an inductive type with a single constructor
Try this:
  [apply] ring_nf
  
  The `ring` tactic failed to close the goal. Use `ring_nf` to obtain a normal form.
    
  Note that `ring` works primarily in *commutative* rings. If you have a noncommutative ring, abelian group or module, consider using `noncomm_ring`, `abel` or `module` instead.
SafeLearning/CompleteModulesGPCorrelatedPrior.lean:50:21: error: unsolved goals
u v : ℝ
⊢ u * v + u ^ 2 + v ^ 2 * (1 / 4) + { cauchy := sorry () } * (3 / 4) = u * v + u ^ 2 + v ^ 2
SafeLearning/CompleteModulesGPCorrelatedPrior.lean:54:8: warning: declaration uses `sorry`
SafeLearning/CompleteModulesGPCorrelatedPrior.lean:60:4: warning: Unused tactic linter: `exact h` does nothing

Note: This linter can be disabled with `set_option linter.unusedTactic false`
SafeLearning/CompleteModulesGPCorrelatedPrior.lean:63:4: warning: Unused tactic linter: `exact h` does nothing

Note: This linter can be disabled with `set_option linter.unusedTactic false`
SafeLearning/CompleteModulesGPCorrelatedPrior.lean:81:2: error: linarith failed to find a contradiction
case h1
ha : HasLaw Prod.fst (gaussianReal 0 1) sourcePriorLaw
hb : HasLaw Prod.snd (gaussianReal 0 1) sourcePriorLaw
hsum : HasLaw (Prod.fst + Prod.snd) (gaussianReal 0 3) sourcePriorLaw
hlpa : MemLp Prod.fst 2 sourcePriorLaw
hlpb : MemLp Prod.snd 2 sourcePriorLaw
hvar : 3 = ↑1 + 2 * cov[Prod.fst, Prod.snd; sourcePriorLaw] + ↑1
a✝ : cov[Prod.fst, Prod.snd; sourcePriorLaw] < 1 / 2
⊢ False
failed
