SafeLearning/CompleteModulesRealHarmonicOddFrames.lean:38:8: error: Tactic `apply` failed: could not unify the conclusion of `Finset.sum_congr rfl`
  Finset.sum ?m.293 ?m.290 = Finset.sum ?m.293 ?m.291
with the goal
  Finset.univ.card • √(1 / (1 + 2 * ↑(Fintype.card K))) ^ 2 = √(1 / (1 + 2 * ↑(Fintype.card K))) ^ 2

Note: The full type of `Finset.sum_congr rfl` is
  (∀ x ∈ ?m.293, ?m.290 x = ?m.291 x) → Finset.sum ?m.293 ?m.290 = Finset.sum ?m.293 ?m.291

case e_a
n : ℕ
inst✝² : NeZero n
K : Type u_1
inst✝¹ : Fintype K
inst✝ : DecidableEq K
f : K → ZMod n
t : ZMod n
hd : 0 < 1 + 2 * ↑(Fintype.card K)
ha : √(1 / (1 + 2 * ↑(Fintype.card K))) ^ 2 = 1 / (1 + 2 * ↑(Fintype.card K))
hb : √(2 / (1 + 2 * ↑(Fintype.card K))) ^ 2 = 2 / (1 + 2 * ↑(Fintype.card K))
⊢ Finset.univ.card • √(1 / (1 + 2 * ↑(Fintype.card K))) ^ 2 = √(1 / (1 + 2 * ↑(Fintype.card K))) ^ 2
SafeLearning/CompleteModulesRealHarmonicOddFrames.lean:46:8: error: No goals to be solved
SafeLearning/CompleteModulesRealHarmonicOddFrames.lean:32:23: warning: This simp argument is unused:
  Fintype.card_unit

Hint: Omit it from the simp argument list.
  [apply] simp only [Fin.sum_univ_two, oddFrame, Matrix.of_apply, Sum.elim_inl, Sum.elim_inr, Finset.sum_const,
    one_smul, realComponent, Fin.zero_eta, Fin.isValue, ite_true, Fin.mk_one, one_ne_zero, ite_false]

Note: This linter can be disabled with `set_option linter.unusedSimpArgs false`
SafeLearning/CompleteModulesRealHarmonicOddFrames.lean:32:41: warning: This simp argument is unused:
  one_smul

Hint: Omit it from the simp argument list.
  [apply] simp only [Fin.sum_univ_two, oddFrame, Matrix.of_apply, Sum.elim_inl, Sum.elim_inr, Finset.sum_const,
    Fintype.card_unit, realComponent, Fin.zero_eta, Fin.isValue, ite_true, Fin.mk_one, one_ne_zero, ite_false]

Note: This linter can be disabled with `set_option linter.unusedSimpArgs false`
SafeLearning/CompleteModulesRealHarmonicOddFrames.lean:33:6: warning: This simp argument is unused:
  Fin.zero_eta

Hint: Omit it from the simp argument list.
  [apply] simp only [Fin.sum_univ_two, oddFrame, Matrix.of_apply, Sum.elim_inl, Sum.elim_inr, Finset.sum_const,
    Fintype.card_unit, one_smul, realComponent, Fin.isValue, ite_true, Fin.mk_one, one_ne_zero, ite_false]

Note: This linter can be disabled with `set_option linter.unusedSimpArgs false`
SafeLearning/CompleteModulesRealHarmonicOddFrames.lean:33:40: warning: This simp argument is unused:
  Fin.mk_one

Hint: Omit it from the simp argument list.
  [apply] simp only [Fin.sum_univ_two, oddFrame, Matrix.of_apply, Sum.elim_inl, Sum.elim_inr, Finset.sum_const,
    Fintype.card_unit, one_smul, realComponent, Fin.zero_eta, Fin.isValue, ite_true, one_ne_zero, ite_false]

Note: This linter can be disabled with `set_option linter.unusedSimpArgs false`
SafeLearning/CompleteModulesRealHarmonicOddFrames.lean:101:6: error: No goals to be solved
