SafeLearning/CompleteModulesLandscapeTailAtom.lean:33:10: warning: This simp argument is unused:
  PMF.toOuterMeasure_ofFintype_apply

Hint: Omit it from the simp argument list.
  [apply] simp [tsum_fintype, lossLaw, sourceCost, Fin.sum_univ_succ, Set.indicator, h0, not_le.mpr h0, h2, h10]

Note: This linter can be disabled with `set_option linter.unusedSimpArgs false`
SafeLearning/CompleteModulesLandscapeTailAtom.lean:33:45: warning: This simp argument is unused:
  tsum_fintype

Hint: Omit it from the simp argument list.
  [apply] simp [PMF.toOuterMeasure_ofFintype_apply, lossLaw, sourceCost, Fin.sum_univ_succ, Set.indicator, h0,
    not_le.mpr h0, h2, h10]

Note: This linter can be disabled with `set_option linter.unusedSimpArgs false`
SafeLearning/CompleteModulesLandscapeTailAtom.lean:37:12: warning: This simp argument is unused:
  PMF.toOuterMeasure_ofFintype_apply

Hint: Omit it from the simp argument list.
  [apply] simp [tsum_fintype, lossLaw, sourceCost, Fin.sum_univ_succ, Set.indicator, h0, le_of_not_gt h0, h2,
    not_le.mpr h2, h10]

Note: This linter can be disabled with `set_option linter.unusedSimpArgs false`
SafeLearning/CompleteModulesLandscapeTailAtom.lean:37:47: warning: This simp argument is unused:
  tsum_fintype

Hint: Omit it from the simp argument list.
  [apply] simp [PMF.toOuterMeasure_ofFintype_apply, lossLaw, sourceCost, Fin.sum_univ_succ, Set.indicator, h0,
    le_of_not_gt h0, h2, not_le.mpr h2, h10]

Note: This linter can be disabled with `set_option linter.unusedSimpArgs false`
SafeLearning/CompleteModulesLandscapeTailAtom.lean:72:15: warning: `Set.mem_setOf_eq` has been deprecated: Use `Set.mem_ofPred_eq` instead
SafeLearning/CompleteModulesLandscapeTailAtom.lean:73:65: warning: this tactic is never executed

Note: This linter can be disabled with `set_option linter.unreachableTactic false`
SafeLearning/CompleteModulesLandscapeTailAtom.lean:73:65: warning: Unused tactic linter: `norm_num at h` does nothing

Note: This linter can be disabled with `set_option linter.unusedTactic false`
