SafeLearning/CompleteModulesGPConfidenceBands.lean:23:19: error(lean.synthInstanceFailed): failed to synthesize instance of type class
  OfNat (Matroid ?m.1) 0
numerals are polymorphic in Lean, but the numeral `0` cannot be used in a context where the expected type is
  Matroid ?m.1
due to the absence of the instance above

Hint: Type class instance resolution failures can be inspected with the `set_option trace.Meta.synthInstance true` command.
SafeLearning/CompleteModulesGPConfidenceBands.lean:23:22: error(lean.unknownIdentifier): Unknown identifier `ultiplier`

Note: It is not possible to treat `ultiplier` as an implicitly bound variable here because the `autoImplicit` option is set to `false`.
SafeLearning/CompleteModulesGPConfidenceBands.lean:24:4: error: Application type mismatch: The argument
  intervalWidth newMean multiplier newVariance
has type
  ℝ
of sort `Type` but is expected to have type
  Type ?u.13
of sort `Type (?u.13 + 1)` in the application
  @InitialSeg (intervalWidth newMean multiplier newVariance)
SafeLearning/CompleteModulesGPConfidenceBands.lean:24:50: error(lean.unknownIdentifier): Unknown identifier `ntervalWidth`

Note: It is not possible to treat `ntervalWidth` as an implicitly bound variable here because the `autoImplicit` option is set to `false`.
SafeLearning/CompleteModulesGPConfidenceBands.lean:29:50: error(lean.synthInstanceFailed): failed to synthesize instance of type class
  OfNat (Matroid ?m.1) 0
numerals are polymorphic in Lean, but the numeral `0` cannot be used in a context where the expected type is
  Matroid ?m.1
due to the absence of the instance above

Hint: Type class instance resolution failures can be inspected with the `set_option trace.Meta.synthInstance true` command.
SafeLearning/CompleteModulesGPConfidenceBands.lean:29:53: error(lean.unknownIdentifier): Unknown identifier `ultiplier`

Note: It is not possible to treat `ultiplier` as an implicitly bound variable here because the `autoImplicit` option is set to `false`.
SafeLearning/CompleteModulesGPConfidenceBands.lean:31:12: error(lean.synthInstanceFailed): failed to synthesize instance of type class
  OfNat (Matroid ?m.10) 0
numerals are polymorphic in Lean, but the numeral `0` cannot be used in a context where the expected type is
  Matroid ?m.10
due to the absence of the instance above

Hint: Type class instance resolution failures can be inspected with the `set_option trace.Meta.synthInstance true` command.
SafeLearning/CompleteModulesGPConfidenceBands.lean:31:15: error(lean.unknownIdentifier): Unknown identifier `ultiplier`
SafeLearning/CompleteModulesGPConfidenceBands.lean:44:2: error: Invalid target:
  m
has type
  ℕ
of sort `Type` but is expected to have type
  ?m.6 ≤ n
of sort `Prop`
SafeLearning/CompleteModulesGPConfidenceBands.lean:60:6: error: Application type mismatch: The argument
  intervalWidth 0 1 1
has type
  ℝ
but is expected to have type
  Prop
in the application
  band 0 1 1 ⊂ band 0 2 1 ∧ intervalWidth 0 1 1
SafeLearning/CompleteModulesGPConfidenceBands.lean:60:27: error(lean.unknownIdentifier): Unknown identifier `ntervalWidth`

Note: It is not possible to treat `ntervalWidth` as an implicitly bound variable here because the `autoImplicit` option is set to `false`.
SafeLearning/CompleteModulesGPConfidenceBands.lean:61:31: error(lean.unknownIdentifier): Unknown constant `Set.Icc_ssubset_Icc_iff`
SafeLearning/CompleteModulesGPConfidenceBands.lean:60:49: error: unsolved goals
⊢ PrincipalSeg (fun x1 x2 => sorry ()) fun x1 x2 => sorry ()
