SafeLearning/CompleteModulesGaussianPosteriorSource.lean:18:0: warning: automatically included section variable(s) unused in theorem `SafeLearning.CompleteModulesGaussianPosteriorSource.actual_symmetric_schur_quadratic_has_the_literal_completing_square_identity`:
  [DecidableEq J]
consider restructuring your `variable` declarations so that the variables are not in scope or explicitly omit them:
  omit [DecidableEq J] in theorem ...

Note: This linter can be disabled with `set_option linter.unusedSectionVars false`
SafeLearning/CompleteModulesGaussianPosteriorSource.lean:63:0: warning: automatically included section variable(s) unused in theorem `SafeLearning.CompleteModulesGaussianPosteriorSource.actual_new_gaussian_observation_of_a_gaussian_query_family_is_jointly_gaussian`:
  [DecidableEq I]
  [IsProbabilityMeasure P]
consider restructuring your `variable` declarations so that the variables are not in scope or explicitly omit them:
  omit [DecidableEq I] [IsProbabilityMeasure P] in theorem ...

Note: This linter can be disabled with `set_option linter.unusedSectionVars false`
SafeLearning/CompleteModulesGaussianPosteriorSource.lean:75:37: warning: Used `tac1 <;> tac2` where `(tac1; tac2)` would suffice

Note: This linter can be disabled with `set_option linter.unnecessarySeqFocus false`
SafeLearning/CompleteModulesGaussianPosteriorSource.lean:77:0: warning: automatically included section variable(s) unused in theorem `SafeLearning.CompleteModulesGaussianPosteriorSource.actual_new_observation_variance_equals_latent_variance_plus_noise`:
  [DecidableEq I]
  [IsProbabilityMeasure P]
consider restructuring your `variable` declarations so that the variables are not in scope or explicitly omit them:
  omit [DecidableEq I] [IsProbabilityMeasure P] in theorem ...

Note: This linter can be disabled with `set_option linter.unusedSectionVars false`
SafeLearning/CompleteModulesGaussianPosteriorSource.lean:86:0: warning: automatically included section variable(s) unused in theorem `SafeLearning.CompleteModulesGaussianPosteriorSource.actual_new_observation_query_covariance_equals_the_latent_cross_covariance`:
  [DecidableEq I]
consider restructuring your `variable` declarations so that the variables are not in scope or explicitly omit them:
  omit [DecidableEq I] in theorem ...

Note: This linter can be disabled with `set_option linter.unusedSectionVars false`
