SafeLearning/CompletePolicyPenaltyConsequences.lean:34:12: warning: Used `tac1 <;> tac2` where `(tac1; tac2)` would suffice

Note: This linter can be disabled with `set_option linter.unnecessarySeqFocus false`
SafeLearning/CompletePolicyPenaltyConsequences.lean:86:25: warning: This simp argument is unused:
  max_eq_left hx

Hint: Omit it from the simp argument list.
  [apply] simp [linearPenalty, max_eq_right (neg_nonpos.mpr hx), hx]

Note: This linter can be disabled with `set_option linter.unusedSimpArgs false`
SafeLearning/CompletePolicyPenaltyConsequences.lean:86:41: warning: This simp argument is unused:
  max_eq_right (neg_nonpos.mpr hx)

Hint: Omit it from the simp argument list.
  [apply] simp [linearPenalty, max_eq_left hx, hx]

Note: This linter can be disabled with `set_option linter.unusedSimpArgs false`
SafeLearning/CompletePolicyPenaltyConsequences.lean:89:25: warning: This simp argument is unused:
  max_eq_right hneg.le

Hint: Omit it from the simp argument list.
  [apply] simp [linearPenalty, max_eq_left hpos.le, hx, ne_of_gt hpos, hneg.le]

Note: This linter can be disabled with `set_option linter.unusedSimpArgs false`
SafeLearning/CompletePolicyPenaltyConsequences.lean:89:47: warning: This simp argument is unused:
  max_eq_left hpos.le

Hint: Omit it from the simp argument list.
  [apply] simp [linearPenalty, max_eq_right hneg.le, hx, ne_of_gt hpos, hneg.le]

Note: This linter can be disabled with `set_option linter.unusedSimpArgs false`
SafeLearning/CompletePolicyPenaltyConsequences.lean:103:25: warning: This simp argument is unused:
  max_eq_right hneg.le

Hint: Omit it from the simp argument list.
  [apply] simp [linearPenalty, hx, ne_of_gt hpos, ne_of_lt hneg, hneg.le]

Note: This linter can be disabled with `set_option linter.unusedSimpArgs false`
SafeLearning/CompletePolicyPenaltyConsequences.lean:103:47: warning: This simp argument is unused:
  hx

Hint: Omit it from the simp argument list.
  [apply] simp [linearPenalty, max_eq_right hneg.le, ne_of_gt hpos, ne_of_lt hneg, hneg.le]

Note: This linter can be disabled with `set_option linter.unusedSimpArgs false`
SafeLearning/CompletePolicyPenaltyConsequences.lean:114:4: warning: Used `tac1 <;> tac2` where `(tac1; tac2)` would suffice

Note: This linter can be disabled with `set_option linter.unnecessarySeqFocus false`
