⚠ [8924/8931] Replayed SafeLearning.CompleteModulesGoSafeBackupGeometry
warning: SafeLearning/CompleteModulesGoSafeBackupGeometry.lean:54:13: `Set.mem_setOf_eq` has been deprecated: Use `Set.mem_ofPred_eq` instead
warning: SafeLearning/CompleteModulesGoSafeBackupGeometry.lean:67:15: `Set.mem_setOf_eq` has been deprecated: Use `Set.mem_ofPred_eq` instead
⚠ [8925/8931] Replayed SafeLearning.CompleteModulesGoSafeDiscovery
warning: SafeLearning/CompleteModulesGoSafeDiscovery.lean:35:53: `if_false` has been deprecated: Use `ite_false` instead
warning: SafeLearning/CompleteModulesGoSafeDiscovery.lean:35:62: `if_true` has been deprecated: Use `ite_true` instead
warning: SafeLearning/CompleteModulesGoSafeDiscovery.lean:35:34: This simp argument is unused:
  Bool.true_eq_false

Hint: Omit it from the simp argument list.
  [apply] simp only [sourceIslandPath, if_false, if_true]

Note: This linter can be disabled with `set_option linter.unusedSimpArgs false`
warning: SafeLearning/CompleteModulesGoSafeDiscovery.lean:35:53: This simp argument is unused:
  if_false

Hint: Omit it from the simp argument list.
  [apply] simp only [sourceIslandPath, Bool.true_eq_false, if_true]

Note: This linter can be disabled with `set_option linter.unusedSimpArgs false`
⚠ [8927/8931] Replayed SafeLearning.Modules
warning: SafeLearning/Modules.lean:30:2: Used `tac1 <;> tac2` where `(tac1; tac2)` would suffice

Note: This linter can be disabled with `set_option linter.unnecessarySeqFocus false`
warning: SafeLearning/Modules.lean:35:32: Used `tac1 <;> tac2` where `(tac1; tac2)` would suffice

Note: This linter can be disabled with `set_option linter.unnecessarySeqFocus false`
warning: SafeLearning/Modules.lean:65:2: Used `tac1 <;> tac2` where `(tac1; tac2)` would suffice

Note: This linter can be disabled with `set_option linter.unnecessarySeqFocus false`
warning: SafeLearning/Modules.lean:162:2: Used `tac1 <;> tac2` where `(tac1; tac2)` would suffice

Note: This linter can be disabled with `set_option linter.unnecessarySeqFocus false`
warning: SafeLearning/Modules.lean:505:2: Used `tac1 <;> tac2` where `(tac1; tac2)` would suffice

Note: This linter can be disabled with `set_option linter.unnecessarySeqFocus false`
⚠ [8929/8931] Replayed SafeLearning.CompleteModulesTheory
warning: SafeLearning/CompleteModulesTheory.lean:157:21: Used `tac1 <;> tac2` where `(tac1; tac2)` would suffice

Note: This linter can be disabled with `set_option linter.unnecessarySeqFocus false`
⚠ [8931/8931] Built SafeLearning.CompleteModulesGoSafeFailSet (6.2s)
warning: SafeLearning/CompleteModulesGoSafeFailSet.lean:22:7: Variable name `i` is not explicitly referenced.

Hint: The binding can be removed (if unused) or named `_` (if used implicitly). Alternatively, prefix the name with `_` to silence this warning:
  [apply] _i

Note: This linter can be disabled with `set_option linter.unusedVariables false`
warning: SafeLearning/CompleteModulesGoSafeFailSet.lean:22:30: Variable name `i` is not explicitly referenced.

Hint: The binding can be removed (if unused) or named `_` (if used implicitly). Alternatively, prefix the name with `_` to silence this warning:
  [apply] _i

Note: This linter can be disabled with `set_option linter.unusedVariables false`
warning: SafeLearning/CompleteModulesGoSafeFailSet.lean:111:39: `Set.mem_setOf_eq` has been deprecated: Use `Set.mem_ofPred_eq` instead
Build completed successfully (8931 jobs).
