SafeLearning/CompleteModulesGaussianNumericData.lean:76:2: error: unsolved goals
case left.«1»
⊢ |27303721331985470672928602625517 / 50000000000000000000000000000000 -
        (75131441198019620873687691324817642898891445558693865717477 /
            40000000000000000000000000000000000000000000000000000000000 +
          (-((1 + 1 / 10000000000 * 1 1 (Fin.succ 0)) *
                (3121766276487520657721142267187 / 500000000000000000000000000000)) +
            491132095028861346235616843530911627128599059879737903833158497 /
              100000000000000000000000000000000000000000000000000000000000000))| ≤
    1 / 100000000000000000000000000000

case left.«2»
⊢ |30326532985631671180189976749559 / 50000000000000000000000000000000 -
        (18503219940938639642068798382556938763476224831757406858762459 /
            10000000000000000000000000000000000000000000000000000000000000 +
          (-(1242478560891182596040984171253707654399552927256272309249191 /
                200000000000000000000000000000000000000000000000000000000000) +
            ((1 + 1 / 10000000000 * 1 2 (Fin.succ 0).succ) *
                (174273732116367405748423841901 / 50000000000000000000000000000) +
              148312682739878686040062890348820923528586575190722928669533759 /
                100000000000000000000000000000000000000000000000000000000000000)))| ≤
    1 / 100000000000000000000000000000

case left.«3»
⊢ |66697681085847440014028909296679 / 100000000000000000000000000000000 -
        (18046373812837755425824693033578691247299185854817441217941223 /
            10000000000000000000000000000000000000000000000000000000000000 +
          (-(305995116258683720736502577687476977177850086645057656966790297 /
                50000000000000000000000000000000000000000000000000000000000000) +
            (69361815300507245891721920468706234369822214543103125955193 /
                20000000000000000000000000000000000000000000000000000000000 +
              ((1 + 1 / 10000000000 * 1 3 (Fin.succ 0).succ.succ) *
                  (6674289575253204334519574861853 / 1000000000000000000000000000000) +
                -(32250866163735139464644499846130003471694116179069752602377251 /
                    6250000000000000000000000000000000000000000000000000000000000)))))| ≤
    1 / 100000000000000000000000000000

case left.«4»
⊢ |36307451853684546242752376471179 / 50000000000000000000000000000000 -
        (17425676297484847916943721612468239197684469665874287626161071 /
            10000000000000000000000000000000000000000000000000000000000000 +
          (-(298440069919356247137784375855995115085497432055376873864082909 /
                50000000000000000000000000000000000000000000000000000000000000) +
            (17082288101268020405956310241351359603762290935278434752271431 /
                5000000000000000000000000000000000000000000000000000000000000 +
              (2656400566849026181171423320956748825310274878869823305287529 /
                  400000000000000000000000000000000000000000000000000000000000 +
                (-((1 + 1 / 10000000000 * 1 4 (Fin.succ 0).succ.succ.succ) *
                      (1078590761033924528201150854353 / 500000000000000000000000000000)) +
                  -(73697367734506781239859271275450480988634262676905416404800099 /
                      25000000000000000000000000000000000000000000000000000000000000))))))| ≤
    1 / 100000000000000000000000000000

case left.«5»
⊢ |78270453824186816771086598546541 / 100000000000000000000000000000000 -
        (3331780531926850109471144915404885197975151110426667542564909 /
            2000000000000000000000000000000000000000000000000000000000000 +
          (-(288175347942417233252921768374492168071827884987775439707816693 /
                50000000000000000000000000000000000000000000000000000000000000) +
            (16660524905290346878711393145670408727546143159286924566463107 /
                5000000000000000000000000000000000000000000000000000000000000 +
              (654212978692829824345996106811559120518448095679759938683609943 /
                  100000000000000000000000000000000000000000000000000000000000000 +
                (-(429284506868274884360420764184496832244877639437195534590029 /
                      200000000000000000000000000000000000000000000000000000000000) +
                  (-((1 + 1 / 10000000000 * 1 5 (Fin.succ 0).succ.succ.succ.succ) *
                        (9507472040295871999340197599657 / 1000000000000000000000000000000)) +
                    665998103872841378400337781851782002429747189706605834739663399 /
                      100000000000000000000000000000000000000000000000000000000000000))))))| ≤
    1 / 100000000000000000000000000000

case left.«6»
⊢ |41763510570563601065619248700939 / 50000000000000000000000000000000 -
        (7883701974273304782522981281139897480930952274318172915790371 /
            5000000000000000000000000000000000000000000000000000000000000 +
          (-(55098981391865652723063336862180842846041010254005412960803647 /
                10000000000000000000000000000000000000000000000000000000000000) +
            (16087493086242438724557615716250773154088127119609495581471339 /
                5000000000000000000000000000000000000000000000000000000000000 +
              (638060402696697330550646597802960331916101616247877948798012371 /
                  100000000000000000000000000000000000000000000000000000000000000 +
                (-(105723323300637636539845854812657986331052592272779349370627443 /
                      50000000000000000000000000000000000000000000000000000000000000) +
                  (-(3784021330267962079355683565053139137924255308280670402216901 /
                        400000000000000000000000000000000000000000000000000000000000) +
                    (-((1 + 1 / 10000000000 * 1 6 (Fin.succ 0).succ.succ.succ.succ.succ) *
                          (2210902403753310679334475489363 / 1000000000000000000000000000000)) +
                      895574750718477413559206584891269631507777886904927577195327731 /
                        100000000000000000000000000000000000000000000000000000000000000)))))))| ≤
    1 / 100000000000000000000000000000

case left.«7»
⊢ |17649938051691908057297842864581 / 20000000000000000000000000000000 -
        (14775121222111426338792825613063867266211746863149421515811349 /
            10000000000000000000000000000000000000000000000000000000000000 +
          (-(130375918886915542261872878001389251188531851963225754995788593 /
                25000000000000000000000000000000000000000000000000000000000000) +
            (3075920575891035234041942557648351333977166179654511296608481 /
                1000000000000000000000000000000000000000000000000000000000000 +
              (616114580743414918537421708739014069661045174180709359537303867 /
                  100000000000000000000000000000000000000000000000000000000000000 +
                (-(103113005147687866722785763885158539643840730140460882506459871 /
                      50000000000000000000000000000000000000000000000000000000000000) +
                  (-(931921148039908372020801886927763616641551537573655108350671867 /
                        100000000000000000000000000000000000000000000000000000000000000) +
                    (-(879950192804656941301481379764197262938088640910805066629959 /
                          400000000000000000000000000000000000000000000000000000000000) +
                      ((1 + 1 / 10000000000 * 1 7 (Fin.succ 0).succ.succ.succ.succ.succ.succ) *
                          (6288145181072292759302894624233 / 500000000000000000000000000000) +
                        -(361198814551284110685844514699442807424424286355832272881225629 /
                            100000000000000000000000000000000000000000000000000000000000000)))))))))| ≤
    1 / 100000000000000000000000000000

case left.«8»
⊢ |92311634638663578291075984957239 / 100000000000000000000000000000000 -
        (6853761236764321881180780018019108108415021181133271456429731 /
            5000000000000000000000000000000000000000000000000000000000000 +
          (-(244342063193720100848269207145650542721558857862801675676650167 /
                50000000000000000000000000000000000000000000000000000000000000) +
            (7278282853413479481108006038104372992126148209708969766245039 /
                2500000000000000000000000000000000000000000000000000000000000 +
              (117800797542272153877371866578820270287026388608893574861728593 /
                  20000000000000000000000000000000000000000000000000000000000000 +
                (-(99566476257201737584548402742457932090082471347981601022011367 /
                      50000000000000000000000000000000000000000000000000000000000000) +
                  (-(908911932912145819877567033048906170020133341556508544171416199 /
                        100000000000000000000000000000000000000000000000000000000000000) +
                    (-(216712360296971138228445258257808235833067680328050304826037753 /
                          100000000000000000000000000000000000000000000000000000000000000) +
                      (2502713170456904102733404738789905972069469154510833589380869 /
                          200000000000000000000000000000000000000000000000000000000000 +
                        ((1 + 1 / 10000000000 * 1 8 (Fin.succ 0).succ.succ.succ.succ.succ.succ.succ) *
                            (125427743095600388806346831221 / 15625000000000000000000000000) +
                          -(582775830477065234150289008391893286360193026355170797532812371 /
                              50000000000000000000000000000000000000000000000000000000000000))))))))))| ≤
    1 / 100000000000000000000000000000

case left.«9»
⊢ |95599748183309990701392762949807 / 100000000000000000000000000000000 -
        (12590527780645109850292948163575710237262467693416425528499231 /
            10000000000000000000000000000000000000000000000000000000000000 +
          (-(113343378782026735610873874287144927701948318880061178622903473 /
                25000000000000000000000000000000000000000000000000000000000000) +
            (13640484102382838082169871085186017269121919634681257774414441 /
                5000000000000000000000000000000000000000000000000000000000000 +
              (278741763227089646367942229371668160807845949401314030636379967 /
                  50000000000000000000000000000000000000000000000000000000000000 +
                (-(19037060115375998270246099639605418593602263911562413033371093 /
                      10000000000000000000000000000000000000000000000000000000000000) +
                  (-(877650285321101901471659140618371369488726776597010747586067023 /
                        100000000000000000000000000000000000000000000000000000000000000) +
                    (-(211361713056691254183790953171879712558601478082256351731402941 /
                          100000000000000000000000000000000000000000000000000000000000000) +
                      (616363156404732795516439271034157106835832505602096177001793723 /
                          50000000000000000000000000000000000000000000000000000000000000 +
                        (49920867846838473823127364882820812258170598053758705049953 /
                            6250000000000000000000000000000000000000000000000000000000 +
                          (-((1 + 1 / 10000000000 * 1 9 (Fin.succ 0).succ.succ.succ.succ.succ.succ.succ.succ) *
                                (4748955262630593452532159517531 / 200000000000000000000000000000)) +
                            607587404864273117907640519700321714375634514672326271471653 /
                              50000000000000000000000000000000000000000000000000000000000))))))))))| ≤
    1 / 100000000000000000000000000000

case left.«10»
⊢ |98019867330675530222081410422531 / 100000000000000000000000000000000 -
        (5724742597194516332402321241440652299952295387318072812861551 /
            5000000000000000000000000000000000000000000000000000000000000 +
          (-(208214571533718096468175750243206354945631144734470875669771973 /
                50000000000000000000000000000000000000000000000000000000000000) +
            (6327435138176927806000107540343121099074785695652704179071279 /
                2500000000000000000000000000000000000000000000000000000000000 +
              (522399674009107372200796782366365242125278424873212710666000473 /
                  100000000000000000000000000000000000000000000000000000000000000 +
                (-(45045736649752546064396823084774902311546541822987865243337467 /
                      25000000000000000000000000000000000000000000000000000000000000) +
                  (-(167806292539415013008594675715634617430754530931473421103048717 /
                        20000000000000000000000000000000000000000000000000000000000000) +
                    (-(204092014917018682152446087582237129243280800379670741154348757 /
                          100000000000000000000000000000000000000000000000000000000000000) +
                      (601145095850605392242951079113925363941994611590940435904873031 /
                          50000000000000000000000000000000000000000000000000000000000000 +
                        (12294410737816803848643074481684482245413571239326234552640351 /
                            1562500000000000000000000000000000000000000000000000000000000 +
                          (-(1890107899778081015382675964927894291103195087186707153780783 /
                                80000000000000000000000000000000000000000000000000000000000) +
                            (1 + 1 / 10000000000 * 1 10 (Fin.succ 0).succ.succ.succ.succ.succ.succ.succ.succ.succ) *
                              (1526582373512661615088581578121 / 125000000000000000000000000000)))))))))))| ≤
    1 / 100000000000000000000000000000
