SafeLearning/CompleteModulesSafeOptGPInformationBudget.lean:48:43: error(lean.invalidField): Invalid field `posSemidef`: The environment does not contain `And.posSemidef`, so it is not possible to project the field `posSemidef` from an expression
  CFC.sqrt_nonneg (Matrix.of kernel)
of type
  (CFC.sqrt (Matrix.of kernel) - 0).IsHermitian ∧
    ∀ (x : X →₀ ℝ), 0 ≤ x.sum fun i xi => x.sum fun j xj => star xi * (CFC.sqrt (Matrix.of kernel) - 0) i j * xj
SafeLearning/CompleteModulesSafeOptGPInformationBudget.lean:55:2: error: Type mismatch: After simplification, term
  Eq.symm h
 has type
  @Eq ℝ (Matrix.of kernel x y) (∑ j, A x j * A y j)
but is expected to have type
  @Eq ℝ (kernel x y) (∑ i, A x i * A y i)
SafeLearning/CompleteModulesSafeOptGPInformationBudget.lean:73:14: error: unexpected identifier; expected ')', ',' or ':'
SafeLearning/CompleteModulesSafeOptGPInformationBudget.lean:72:9: error: Insufficient number of fields for `⟨...⟩` constructor: Constructor `And.intro` has 2 explicit field, but only 1 was provided
SafeLearning/CompleteModulesSafeOptGPInformationBudget.lean:72:10: error: Application type mismatch: The argument
  nonneg_of_mul_nonneg_left ?m.177
has type
  0 < ?m.175 → 0 ≤ ?m.174
but is expected to have type
  0 ≤ posteriorVariance lambda Phi phi
in the application
  And.intro (nonneg_of_mul_nonneg_left ?m.177)
SafeLearning/CompleteModulesSafeOptGPInformationBudget.lean:72:41: error: Type mismatch: After simplification, term
  mul_nonneg
 has type
  0 ≤ ?m.180 → 0 ≤ ?m.181 → 0 ≤ ?m.180 * ?m.181
but is expected to have type
  0 ≤ ?m.174 * ?m.175
SafeLearning/CompleteModulesSafeOptGPInformationBudget.lean:143:2: error: linarith failed to find a contradiction
case h1
X : Type u_1
inst✝¹ : Fintype X
inst✝ : DecidableEq X
kernel : X → X → ℝ
hkernel : (Matrix.of kernel).PosSemidef
lambda : ℝ
hlambda : 0 < lambda
query : ℕ → X
T : ℕ
features : X → X → ℝ
hfeatures : ∀ (x y : X), kernel x y = features x ⬝ᵥ features y
hgram : kernelGram (temporalFeatures (fun j => features (query j)) T) = fun i j => kernel (query ↑i) (query ↑j)
h :
  Real.log (1 + lambda⁻¹ • fun i j => kernel (query ↑i) (query ↑j)).det =
    ∑ x ∈ Finset.range T, Real.log (1 + actualKernelSequentialVariance kernel lambda query x / lambda)
a✝ :
  ∑ j ∈ Finset.range T, Real.log (1 + actualKernelSequentialVariance kernel lambda query j / lambda) <
    2 * (1 / 2 * Real.log (1 + lambda⁻¹ • Matrix.of fun i j => kernel (query ↑i) (query ↑j)).det)
⊢ False
failed
