SafeLearning/CompleteModulesLandscapeRegularBoundaryInvariance.lean:41:6: error: linarith failed to find a contradiction
E : Type u_1
inst✝² : NormedAddCommGroup E
inst✝¹ : NormedSpace ℝ E
inst✝ : CompleteSpace E
F : E → E
h : E → ℝ
D : Set E
hD : IsOpen[PseudoMetricSpace.toUniformSpace.toTopologicalSpace] D
hf : LocallyLipschitzOn D F
hh : ContDiffOn ℝ 1 h D
x : ℝ → E
a b t : ℝ
hx : ContinuousOn x (Icc a b)
hxD : MapsTo x (Icc a b) D
hODE : ∀ u ∈ Ico a b, HasDerivWithinAt x (F (x u)) (Ici u) u
ht : t ∈ Ico a b
hzero : h (x t) = 0
hregular : fderiv ℝ h (x t) ≠ 0
hinward : ∀ z ∈ D, h z = 0 → 0 ≤ (fderiv ℝ h z) (F z)
hshift : MapsTo (fun u => t + u) (Icc 0 (b - t)) (Icc a b)
u : ℝ
hu : u ∈ Ico 0 (b - t)
htu : t + u ∈ Ico a b
w : ℝ
hw : w ∈ Ici u
⊢ False
failed
SafeLearning/CompleteModulesLandscapeRegularBoundaryInvariance.lean:85:17: error: linarith failed to find a contradiction
E : Type u_1
inst✝² : NormedAddCommGroup E
inst✝¹ : NormedSpace ℝ E
inst✝ : CompleteSpace E
F : E → E
h : E → ℝ
D : Set E
hD : IsOpen[PseudoMetricSpace.toUniformSpace.toTopologicalSpace] D
hf : LocallyLipschitzOn D F
hh : ContDiffOn ℝ 1 h D
x : ℝ → E
a b : ℝ
hx : ContinuousOn x (Icc a b)
hxD : MapsTo x (Icc a b) D
hODE : ∀ t ∈ Ico a b, HasDerivWithinAt x (F (x t)) (Ici t) t
hinit : 0 ≤ h (x a)
hregular : ∀ z ∈ D, h z = 0 → fderiv ℝ h z ≠ 0
hinward : ∀ z ∈ D, h z = 0 → 0 ≤ (fderiv ℝ h z) (F z)
hc : ContinuousOn (fun t => h (x t)) (Icc a b)
S : Set ℝ := {t | 0 ≤ h (x t)}
hclosed : IsClosed (S ∩ Icc a b)
t : ℝ
ht : t ∈ S ∩ Ico a b
y : ℝ
hy : y ∈ Ioi t
htI : t ∈ Icc a b
hz : h (x t) = 0
γ : ℝ
hγ : γ > 0
hγb : t + γ < b
hsafe : ∀ u ∈ Icc 0 γ, 0 ≤ h (x (t + u))
d : ℝ := min γ (y - t) / 2
hd : 0 < d
hdγ : d ≤ γ
hm : min γ (y - t) ≤ y - t
a✝ : y - t < min γ (y - t) / 2
⊢ False
failed
SafeLearning/CompleteModulesLandscapeRegularBoundaryInvariance.lean:90:37: error: failed to prove positivity/nonnegativity/nonzeroness
SafeLearning/CompleteModulesLandscapeRegularBoundaryInvariance.lean:96:17: error: linarith failed to find a contradiction
E : Type u_1
inst✝² : NormedAddCommGroup E
inst✝¹ : NormedSpace ℝ E
inst✝ : CompleteSpace E
F : E → E
h : E → ℝ
D : Set E
hD : IsOpen[PseudoMetricSpace.toUniformSpace.toTopologicalSpace] D
hf : LocallyLipschitzOn D F
hh : ContDiffOn ℝ 1 h D
x : ℝ → E
a b : ℝ
hx : ContinuousOn x (Icc a b)
hxD : MapsTo x (Icc a b) D
hODE : ∀ t ∈ Ico a b, HasDerivWithinAt x (F (x t)) (Ici t) t
hinit : 0 ≤ h (x a)
hregular : ∀ z ∈ D, h z = 0 → fderiv ℝ h z ≠ 0
hinward : ∀ z ∈ D, h z = 0 → 0 ≤ (fderiv ℝ h z) (F z)
hc : ContinuousOn (fun t => h (x t)) (Icc a b)
S : Set ℝ := {t | 0 ≤ h (x t)}
hclosed : IsClosed (S ∩ Icc a b)
t : ℝ
ht : t ∈ S ∩ Ico a b
y : ℝ
hy : y ∈ Ioi t
htI : t ∈ Icc a b
hz : ¬h (x t) = 0
hp : 0 < h (x t)
δ : ℝ
hδ : δ > 0
hclose : ∀ ⦃x_1 : ℝ⦄, x_1 ∈ Icc a b → dist x_1 t < δ → dist (h (x x_1)) (h (x t)) < h (x t)
d : ℝ := min δ (min (b - t) (y - t)) / 2
hd : 0 < d
hdδ : d < δ
hm : min δ (min (b - t) (y - t)) ≤ b - t
a✝ : b - t < min δ (min (b - t) (y - t)) / 2
⊢ False
failed
SafeLearning/CompleteModulesLandscapeRegularBoundaryInvariance.lean:99:17: error: linarith failed to find a contradiction
E : Type u_1
inst✝² : NormedAddCommGroup E
inst✝¹ : NormedSpace ℝ E
inst✝ : CompleteSpace E
F : E → E
h : E → ℝ
D : Set E
hD : IsOpen[PseudoMetricSpace.toUniformSpace.toTopologicalSpace] D
hf : LocallyLipschitzOn D F
hh : ContDiffOn ℝ 1 h D
x : ℝ → E
a b : ℝ
hx : ContinuousOn x (Icc a b)
hxD : MapsTo x (Icc a b) D
hODE : ∀ t ∈ Ico a b, HasDerivWithinAt x (F (x t)) (Ici t) t
hinit : 0 ≤ h (x a)
hregular : ∀ z ∈ D, h z = 0 → fderiv ℝ h z ≠ 0
hinward : ∀ z ∈ D, h z = 0 → 0 ≤ (fderiv ℝ h z) (F z)
hc : ContinuousOn (fun t => h (x t)) (Icc a b)
S : Set ℝ := {t | 0 ≤ h (x t)}
hclosed : IsClosed (S ∩ Icc a b)
t : ℝ
ht : t ∈ S ∩ Ico a b
y : ℝ
hy : y ∈ Ioi t
htI : t ∈ Icc a b
hz : ¬h (x t) = 0
hp : 0 < h (x t)
δ : ℝ
hδ : δ > 0
hclose : ∀ ⦃x_1 : ℝ⦄, x_1 ∈ Icc a b → dist x_1 t < δ → dist (h (x x_1)) (h (x t)) < h (x t)
d : ℝ := min δ (min (b - t) (y - t)) / 2
hd : 0 < d
hdδ : d < δ
hdb : d ≤ b - t
hm : min δ (min (b - t) (y - t)) ≤ y - t
a✝ : y - t < min δ (min (b - t) (y - t)) / 2
⊢ False
failed
SafeLearning/CompleteModulesLandscapeRegularBoundaryInvariance.lean:136:8: error: Type mismatch: After simplification, term
  hx₀
 has type
  x₀ ∈ {z | 0 ≤ h z}
but is expected to have type
  0 ≤ h x₀
