⚠ [8924/8936] Replayed SafeLearning.CompleteModulesLandscapeARGaussianAlgebra
warning: SafeLearning/CompleteModulesLandscapeARGaussianAlgebra.lean:34:79: try 'simp' instead of 'simpa'

Note: This linter can be disabled with `set_option linter.unnecessarySimpa false`
⚠ [8926/8936] Replayed SafeLearning.CompleteModulesGaussianRegressionScalar
warning: SafeLearning/CompleteModulesGaussianRegressionScalar.lean:21:0: automatically included section variable(s) unused in theorem `SafeLearning.CompleteModulesGaussianRegressionScalar.actual_joint_gaussian_observation_and_regression_residual_are_jointly_gaussian`:
  [IsProbabilityMeasure P]
consider restructuring your `variable` declarations so that the variables are not in scope or explicitly omit them:
  omit [IsProbabilityMeasure P] in theorem ...

Note: This linter can be disabled with `set_option linter.unusedSectionVars false`
warning: SafeLearning/CompleteModulesGaussianRegressionScalar.lean:111:2: Try this: 
  haveI̵

The goal is a proposition, so `have` is preferred over `haveI`.
The difference between `have` and `haveI` is that `haveI` inlines the value.
But this is not relevant for proofs because of proof irrelevance.

Note: This linter can be disabled with `set_option linter.style.haveILetI false`
⚠ [8927/8936] Replayed SafeLearning.CompleteModulesGaussianChannelInformation
warning: SafeLearning/CompleteModulesGaussianChannelInformation.lean:53:4: try 'simp' instead of 'simpa'

Note: This linter can be disabled with `set_option linter.unnecessarySimpa false`
warning: SafeLearning/CompleteModulesGaussianChannelInformation.lean:104:6: Unused tactic linter: `change Real.log (k.rnDeriv e x y).toReal = _` does nothing

Note: This linter can be disabled with `set_option linter.unusedTactic false`
info: SafeLearning/CompleteModulesGaussianChannelInformation.lean:196:6: Try this:
  [apply] ring_nf
  
  The `ring` tactic failed to close the goal. Use `ring_nf` to obtain a normal form.
    
  Note that `ring` works primarily in *commutative* rings. If you have a noncommutative ring, abelian group or module, consider using `noncomm_ring`, `abel` or `module` instead.
⚠ [8929/8936] Replayed SafeLearning.CompleteModulesGaussianMatrixLaws
warning: SafeLearning/CompleteModulesGaussianMatrixLaws.lean:14:0: automatically included section variable(s) unused in theorem `SafeLearning.CompleteModulesGaussianMatrixLaws.actual_every_finite_product_of_scalar_gaussians_is_jointly_gaussian`:
  [DecidableEq I]
consider restructuring your `variable` declarations so that the variables are not in scope or explicitly omit them:
  omit [DecidableEq I] in theorem ...

Note: This linter can be disabled with `set_option linter.unusedSectionVars false`
warning: SafeLearning/CompleteModulesGaussianMatrixLaws.lean:24:0: automatically included section variable(s) unused in theorem `SafeLearning.CompleteModulesGaussianMatrixLaws.actual_finite_matrix_transform_preserves_joint_gaussianity`:
  [DecidableEq I]
consider restructuring your `variable` declarations so that the variables are not in scope or explicitly omit them:
  omit [DecidableEq I] in theorem ...

Note: This linter can be disabled with `set_option linter.unusedSectionVars false`
warning: SafeLearning/CompleteModulesGaussianMatrixLaws.lean:30:0: automatically included section variable(s) unused in theorem `SafeLearning.CompleteModulesGaussianMatrixLaws.actual_finite_matrix_transform_has_the_true_transformed_coordinate_means`:
  [DecidableEq I]
consider restructuring your `variable` declarations so that the variables are not in scope or explicitly omit them:
  omit [DecidableEq I] in theorem ...

Note: This linter can be disabled with `set_option linter.unusedSectionVars false`
warning: SafeLearning/CompleteModulesGaussianMatrixLaws.lean:39:0: automatically included section variable(s) unused in theorem `SafeLearning.CompleteModulesGaussianMatrixLaws.actual_finite_matrix_transform_has_the_true_covariance_matrix`:
  [DecidableEq I]
consider restructuring your `variable` declarations so that the variables are not in scope or explicitly omit them:
  omit [DecidableEq I] in theorem ...

Note: This linter can be disabled with `set_option linter.unusedSectionVars false`
warning: SafeLearning/CompleteModulesGaussianMatrixLaws.lean:90:24: `if_neg` has been deprecated: Use `ite_eq_right` instead
⚠ [8930/8936] Replayed SafeLearning.CompleteModulesGaussianRectangularDesignLaws
warning: SafeLearning/CompleteModulesGaussianRectangularDesignLaws.lean:16:0: automatically included section variable(s) unused in theorem `SafeLearning.CompleteModulesGaussianRectangularDesignLaws.actual_standard_gaussian_parameter_linear_design_generates_the_true_centered_linear_kernel_signal`:
  [DecidableEq T]
consider restructuring your `variable` declarations so that the variables are not in scope or explicitly omit them:
  omit [DecidableEq T] in theorem ...

Note: This linter can be disabled with `set_option linter.unusedSectionVars false`
⚠ [8931/8936] Replayed SafeLearning.CompleteModulesLandscapeARGaussianLaw
warning: SafeLearning/CompleteModulesLandscapeARGaussianLaw.lean:50:2: Try this: 
  haveI̵

The goal is a proposition, so `have` is preferred over `haveI`.
The difference between `have` and `haveI` is that `haveI` inlines the value.
But this is not relevant for proofs because of proof irrelevance.

Note: This linter can be disabled with `set_option linter.style.haveILetI false`
warning: SafeLearning/CompleteModulesLandscapeARGaussianLaw.lean:63:2: Try this: 
  haveI̵

The goal is a proposition, so `have` is preferred over `haveI`.
The difference between `have` and `haveI` is that `haveI` inlines the value.
But this is not relevant for proofs because of proof irrelevance.

Note: This linter can be disabled with `set_option linter.style.haveILetI false`
⚠ [8933/8936] Replayed SafeLearning.CompleteAppliedGaussianCDF
warning: SafeLearning/CompleteAppliedGaussianCDF.lean:22:2: Try this: 
  haveI̵

The goal is a proposition, so `have` is preferred over `haveI`.
The difference between `have` and `haveI` is that `haveI` inlines the value.
But this is not relevant for proofs because of proof irrelevance.

Note: This linter can be disabled with `set_option linter.style.haveILetI false`
⚠ [8934/8936] Replayed SafeLearning.CompleteModulesLandscapeFiniteCounts
warning: SafeLearning/CompleteModulesLandscapeFiniteCounts.lean:15:0: automatically included section variable(s) unused in theorem `SafeLearning.CompleteModulesLandscapeFiniteCounts.actual_step_cost_is_the_zero_one_source_indicator`:
  [MeasurableSpace Ω]
consider restructuring your `variable` declarations so that the variables are not in scope or explicitly omit them:
  omit [MeasurableSpace Ω] in theorem ...

Note: This linter can be disabled with `set_option linter.unusedSectionVars false`
warning: SafeLearning/CompleteModulesLandscapeFiniteCounts.lean:49:10: `MeasureTheory.integrable_finset_sum` has been deprecated: Use `MeasureTheory.integrable_finsetSum` instead
warning: SafeLearning/CompleteModulesLandscapeFiniteCounts.lean:82:0: automatically included section variable(s) unused in theorem `SafeLearning.CompleteModulesLandscapeFiniteCounts.actual_one_step_and_every_step_trajectories_attain_both_bounds`:
  [MeasurableSpace Ω]
consider restructuring your `variable` declarations so that the variables are not in scope or explicitly omit them:
  omit [MeasurableSpace Ω] in theorem ...

Note: This linter can be disabled with `set_option linter.unusedSectionVars false`
⚠ [8935/8936] Replayed SafeLearning.CompleteModulesLandscapeGaussianTailCounts
warning: SafeLearning/CompleteModulesLandscapeGaussianTailCounts.lean:30:15: `Set.mem_setOf_eq` has been deprecated: Use `Set.mem_ofPred_eq` instead
⚠ [8936/8936] Built SafeLearning.CompleteModulesLandscapeARViolationCounts (4.4s)
warning: SafeLearning/CompleteModulesLandscapeARViolationCounts.lean:61:19: `if_neg` has been deprecated: Use `ite_eq_right` instead
warning: SafeLearning/CompleteModulesLandscapeARViolationCounts.lean:111:24: `if_pos` has been deprecated: Use `ite_eq_left` instead
warning: SafeLearning/CompleteModulesLandscapeARViolationCounts.lean:111:24: This simp argument is unused:
  if_pos rfl

Hint: Omit it from the simp argument list.
  [apply] simp only [exactTail] at h

Note: This linter can be disabled with `set_option linter.unusedSimpArgs false`
Build completed successfully (8936 jobs).
