SafeLearning/CompleteModulesGoSafeToyIslands.lean:35:6: error: Type mismatch
  StrictAntiOn.le_iff_ge Real.strictAntiOn_cos ⟨ht.left, htpi⟩ ⟨ha0, hap⟩
has type
  Real.cos theta ≤ Real.cos (Real.arccos c) ↔ Real.arccos c ≤ theta
but is expected to have type
  Real.cos theta ≤ Real.cos (Real.arccos c) ↔ Real.arccos (Real.cos (Real.arccos c)) ≤ theta
SafeLearning/CompleteModulesGoSafeToyIslands.lean:44:6: error: Type mismatch
  StrictAntiOn.le_iff_ge Real.strictAntiOn_cos hu ⟨ha0, hap⟩
has type
  Real.cos (2 * Real.pi - theta) ≤ Real.cos (Real.arccos c) ↔ Real.arccos c ≤ 2 * Real.pi - theta
but is expected to have type
  Real.cos (2 * Real.pi - theta) ≤ Real.cos (Real.arccos c) ↔
    Real.arccos (Real.cos (Real.arccos c)) ≤ 2 * Real.pi - theta
SafeLearning/CompleteModulesGoSafeToyIslands.lean:86:57: error: failed to prove positivity/nonnegativity/nonzeroness
SafeLearning/CompleteModulesGoSafeToyIslands.lean:124:53: error: Tactic `introN` failed: There are no additional binders or `let` bindings in the goal to introduce

case «3»
gain : ℝ
hg : gain ∈ Icc 3 8
hb : 1 / 12 < actualBoundary gain ∧ actualBoundary gain < 1 / 8
ha : ↑↑((fun i => i) ⟨3, ⋯⟩) / 24 ∈ Icc 0 1
⊢ actualBoundary gain ≤ 1 / 8 ∧ 1 / 8 ≤ 1 / 2 - actualBoundary gain
SafeLearning/CompleteModulesGoSafeToyIslands.lean:124:53: error: Tactic `introN` failed: There are no additional binders or `let` bindings in the goal to introduce

case «4»
gain : ℝ
hg : gain ∈ Icc 3 8
hb : 1 / 12 < actualBoundary gain ∧ actualBoundary gain < 1 / 8
ha : ↑↑((fun i => i) ⟨4, ⋯⟩) / 24 ∈ Icc 0 1
⊢ actualBoundary gain ≤ 1 / 6 ∧ 1 / 6 ≤ 1 / 2 - actualBoundary gain
SafeLearning/CompleteModulesGoSafeToyIslands.lean:124:53: error: Tactic `introN` failed: There are no additional binders or `let` bindings in the goal to introduce

case «5»
gain : ℝ
hg : gain ∈ Icc 3 8
hb : 1 / 12 < actualBoundary gain ∧ actualBoundary gain < 1 / 8
ha : ↑↑((fun i => i) ⟨5, ⋯⟩) / 24 ∈ Icc 0 1
⊢ actualBoundary gain ≤ 5 / 24 ∧ 5 / 24 ≤ 1 / 2 - actualBoundary gain
SafeLearning/CompleteModulesGoSafeToyIslands.lean:124:53: error: Tactic `introN` failed: There are no additional binders or `let` bindings in the goal to introduce

case «6»
gain : ℝ
hg : gain ∈ Icc 3 8
hb : 1 / 12 < actualBoundary gain ∧ actualBoundary gain < 1 / 8
ha : ↑↑((fun i => i) ⟨6, ⋯⟩) / 24 ∈ Icc 0 1
⊢ actualBoundary gain ≤ 1 / 4 ∧ 1 / 4 ≤ 1 / 2 - actualBoundary gain
SafeLearning/CompleteModulesGoSafeToyIslands.lean:124:53: error: Tactic `introN` failed: There are no additional binders or `let` bindings in the goal to introduce

case «7»
gain : ℝ
hg : gain ∈ Icc 3 8
hb : 1 / 12 < actualBoundary gain ∧ actualBoundary gain < 1 / 8
ha : ↑↑((fun i => i) ⟨7, ⋯⟩) / 24 ∈ Icc 0 1
⊢ actualBoundary gain ≤ 7 / 24 ∧ 7 / 24 ≤ 1 / 2 - actualBoundary gain
SafeLearning/CompleteModulesGoSafeToyIslands.lean:124:53: error: Tactic `introN` failed: There are no additional binders or `let` bindings in the goal to introduce

case «8»
gain : ℝ
hg : gain ∈ Icc 3 8
hb : 1 / 12 < actualBoundary gain ∧ actualBoundary gain < 1 / 8
ha : ↑↑((fun i => i) ⟨8, ⋯⟩) / 24 ∈ Icc 0 1
⊢ actualBoundary gain ≤ 1 / 3 ∧ 1 / 3 ≤ 1 / 2 - actualBoundary gain
SafeLearning/CompleteModulesGoSafeToyIslands.lean:124:53: error: Tactic `introN` failed: There are no additional binders or `let` bindings in the goal to introduce

case «9»
gain : ℝ
hg : gain ∈ Icc 3 8
hb : 1 / 12 < actualBoundary gain ∧ actualBoundary gain < 1 / 8
ha : ↑↑((fun i => i) ⟨9, ⋯⟩) / 24 ∈ Icc 0 1
⊢ actualBoundary gain ≤ 3 / 8 ∧ 3 / 8 ≤ 1 / 2 - actualBoundary gain
SafeLearning/CompleteModulesGoSafeToyIslands.lean:124:53: error: Tactic `introN` failed: There are no additional binders or `let` bindings in the goal to introduce

case «15»
gain : ℝ
hg : gain ∈ Icc 3 8
hb : 1 / 12 < actualBoundary gain ∧ actualBoundary gain < 1 / 8
ha : ↑↑((fun i => i) ⟨15, ⋯⟩) / 24 ∈ Icc 0 1
⊢ actualBoundary gain ≤ 5 / 8 ∧ 5 / 8 ≤ 1 / 2 - actualBoundary gain
SafeLearning/CompleteModulesGoSafeToyIslands.lean:124:53: error: Tactic `introN` failed: There are no additional binders or `let` bindings in the goal to introduce

case «16»
gain : ℝ
hg : gain ∈ Icc 3 8
hb : 1 / 12 < actualBoundary gain ∧ actualBoundary gain < 1 / 8
ha : ↑↑((fun i => i) ⟨16, ⋯⟩) / 24 ∈ Icc 0 1
⊢ actualBoundary gain ≤ 2 / 3 ∧ 2 / 3 ≤ 1 / 2 - actualBoundary gain
SafeLearning/CompleteModulesGoSafeToyIslands.lean:124:53: error: Tactic `introN` failed: There are no additional binders or `let` bindings in the goal to introduce

case «17»
gain : ℝ
hg : gain ∈ Icc 3 8
hb : 1 / 12 < actualBoundary gain ∧ actualBoundary gain < 1 / 8
ha : ↑↑((fun i => i) ⟨17, ⋯⟩) / 24 ∈ Icc 0 1
⊢ actualBoundary gain ≤ 17 / 24 ∧ 17 / 24 ≤ 1 / 2 - actualBoundary gain
SafeLearning/CompleteModulesGoSafeToyIslands.lean:124:53: error: Tactic `introN` failed: There are no additional binders or `let` bindings in the goal to introduce

case «18»
gain : ℝ
hg : gain ∈ Icc 3 8
hb : 1 / 12 < actualBoundary gain ∧ actualBoundary gain < 1 / 8
ha : ↑↑((fun i => i) ⟨18, ⋯⟩) / 24 ∈ Icc 0 1
⊢ actualBoundary gain ≤ 3 / 4 ∧ 3 / 4 ≤ 1 / 2 - actualBoundary gain
SafeLearning/CompleteModulesGoSafeToyIslands.lean:124:53: error: Tactic `introN` failed: There are no additional binders or `let` bindings in the goal to introduce

case «19»
gain : ℝ
hg : gain ∈ Icc 3 8
hb : 1 / 12 < actualBoundary gain ∧ actualBoundary gain < 1 / 8
ha : ↑↑((fun i => i) ⟨19, ⋯⟩) / 24 ∈ Icc 0 1
⊢ actualBoundary gain ≤ 19 / 24 ∧ 19 / 24 ≤ 1 / 2 - actualBoundary gain
SafeLearning/CompleteModulesGoSafeToyIslands.lean:124:53: error: Tactic `introN` failed: There are no additional binders or `let` bindings in the goal to introduce

case «20»
gain : ℝ
hg : gain ∈ Icc 3 8
hb : 1 / 12 < actualBoundary gain ∧ actualBoundary gain < 1 / 8
ha : ↑↑((fun i => i) ⟨20, ⋯⟩) / 24 ∈ Icc 0 1
⊢ actualBoundary gain ≤ 5 / 6 ∧ 5 / 6 ≤ 1 / 2 - actualBoundary gain
SafeLearning/CompleteModulesGoSafeToyIslands.lean:124:53: error: Tactic `introN` failed: There are no additional binders or `let` bindings in the goal to introduce

case «21»
gain : ℝ
hg : gain ∈ Icc 3 8
hb : 1 / 12 < actualBoundary gain ∧ actualBoundary gain < 1 / 8
ha : ↑↑((fun i => i) ⟨21, ⋯⟩) / 24 ∈ Icc 0 1
⊢ actualBoundary gain ≤ 7 / 8 ∧ 7 / 8 ≤ 1 / 2 - actualBoundary gain
SafeLearning/CompleteModulesGoSafeToyIslands.lean:115:61: error: unsolved goals
case «24».right
gain : ℝ
hg : gain ∈ Icc 3 8
hb : 1 / 12 < actualBoundary gain ∧ actualBoundary gain < 1 / 8
ha : ↑↑((fun i => i) ⟨24, ⋯⟩) / 24 ∈ Icc 0 1
h : 1 / 2 + actualBoundary gain ≤ 1
⊢ 0 < actualBoundary gain
