SafeLearning/CompleteModulesGPLinearInformationEquality.lean:14:0: warning: automatically included section variable(s) unused in theorem `SafeLearning.CompleteModulesGPLinearInformationEquality.actual_strict_log_jensen_equality_requires_every_eigenvalue_to_equal_the_average`:
  [DecidableEq D]
consider restructuring your `variable` declarations so that the variables are not in scope or explicitly omit them:
  omit [DecidableEq D] in theorem ...

Note: This linter can be disabled with `set_option linter.unusedSectionVars false`
SafeLearning/CompleteModulesGPLinearInformationEquality.lean:112:79: error: Tactic `rewrite` failed: Did not find an occurrence of the pattern
  ∑ i, ↑(⋯.eigenvalues i)
in the target expression
  ∑ i, ⋯.eigenvalues i ≤ ↑(Fintype.card T)

D : Type u_1
T : Type u_2
inst✝⁴ : Fintype D
inst✝³ : DecidableEq D
inst✝² : Fintype T
inst✝¹ : DecidableEq T
inst✝ : Nonempty D
X : Matrix T D ℝ
lambda : ℝ
hlambda : 0 < lambda
hX : ∀ (t : T), ‖WithLp.toLp 2 fun i => X t i‖ ≤ 1
hG : (Xᵀ * X).PosSemidef := actual_design_gram_is_positive_semidefinite X
he :
  1 / 2 * ∑ i, Real.log (1 + ⋯.eigenvalues i / lambda) =
    ↑(Fintype.card D) / 2 * Real.log (1 + ↑(Fintype.card T) / (lambda * ↑(Fintype.card D)))
ht : (Xᵀ * X).trace ≤ ↑(Fintype.card T)
hsum : ∑ i, ↑(⋯.eigenvalues i) = (Xᵀ * X).trace
heig : ∀ (i : D), 0 ≤ ⋯.eigenvalues i
he' :
  ∑ i, Real.log (1 + ⋯.eigenvalues i / lambda) =
    ↑(Fintype.card D) * Real.log (1 + ↑(Fintype.card T) / (lambda * ↑(Fintype.card D)))
⊢ ∑ i, ⋯.eigenvalues i ≤ ↑(Fintype.card T)
