SafeLearning/CompleteModulesLandscapeGaussianQuadraticIntegral.lean:56:57: error: unsolved goals
ι : Type u_1
inst✝¹ : Fintype ι
inst✝ : DecidableEq ι
V : Matrix ι ι ℝ
hV : V.PosSemidef
S : EuclideanSpace ℝ ι
x : ι → ℝ
b : OrthonormalBasis ι ℝ (EuclideanSpace ℝ ι) := ⋯.eigenvectorBasis
⊢ ∑ x_1, x x_1 • (toEuclideanCLM V) (⋯.eigenvectorBasis x_1) =
    ∑ x_1, (x x_1 * ⋯.eigenvalues x_1) • ⋯.eigenvectorBasis x_1
SafeLearning/CompleteModulesLandscapeGaussianQuadraticIntegral.lean:57:37: warning: This simp argument is unused:
  actual_psd_eigenbasis_action

Hint: Omit it from the simp argument list.
  [apply] simp only [map_sum, map_smul, b, smul_smul]

Note: This linter can be disabled with `set_option linter.unusedSimpArgs false`
SafeLearning/CompleteModulesLandscapeGaussianQuadraticIntegral.lean:57:67: warning: This simp argument is unused:
  smul_smul

Hint: Omit it from the simp argument list.
  [apply] simp only [map_sum, map_smul, b, actual_psd_eigenbasis_action]

Note: This linter can be disabled with `set_option linter.unusedSimpArgs false`
SafeLearning/CompleteModulesLandscapeGaussianQuadraticIntegral.lean:83:15: error: unsolved goals
ι : Type u_1
inst✝¹ : Fintype ι
inst✝ : DecidableEq ι
V : Matrix ι ι ℝ
hV : V.PosSemidef
S : EuclideanSpace ℝ ι
b : OrthonormalBasis ι ℝ (EuclideanSpace ℝ ι) := ⋯.eigenvectorBasis
⊢ ∑ x, ⟪⋯.eigenvectorBasis x, S⟫ • (toEuclideanCLM (1 + V)⁻¹) (⋯.eigenvectorBasis x) =
    ∑ x, (⟪⋯.eigenvectorBasis x, S⟫ * (1 + ⋯.eigenvalues x)⁻¹) • ⋯.eigenvectorBasis x
SafeLearning/CompleteModulesLandscapeGaussianQuadraticIntegral.lean:84:41: warning: This simp argument is unused:
  actual_psd_inverse_eigenbasis_action

Hint: Omit it from the simp argument list.
  [apply] simp only [map_sum, map_smul, b, smul_smul, div_eq_mul_inv]

Note: This linter can be disabled with `set_option linter.unusedSimpArgs false`
SafeLearning/CompleteModulesLandscapeGaussianQuadraticIntegral.lean:85:10: warning: This simp argument is unused:
  smul_smul

Hint: Omit it from the simp argument list.
  [apply] simp only [map_sum, map_smul, b, actual_psd_inverse_eigenbasis_action, div_eq_mul_inv]

Note: This linter can be disabled with `set_option linter.unusedSimpArgs false`
SafeLearning/CompleteModulesLandscapeGaussianQuadraticIntegral.lean:101:2: error: Type mismatch: After simplification, term
  actual_finite_diagonal_gaussian_quadratic_exponential_is_integrable 1 (PosSemidef.isHermitian hV).eigenvalues
    (fun i => ⟪(PosSemidef.isHermitian hV).eigenvectorBasis i, S⟫) (PosSemidef.eigenvalues_nonneg hV)
 has type
  Integrable (fun x => Real.exp (∑ i, (x i * ⟪⋯.eigenvectorBasis i, S⟫ - ⋯.eigenvalues i * x i ^ 2 / 2)))
    (Measure.pi fun x => gaussianReal 0 1)
but is expected to have type
  Integrable (fun x => actualQuadraticGaussianTilt V S (∑ i, x i • ⋯.eigenvectorBasis i))
    (Measure.pi fun x => gaussianReal 0 1)
SafeLearning/CompleteModulesLandscapeGaussianQuadraticIntegral.lean:115:11: error: `simp` made no progress
