SafeLearning/CompleteModulesRKHSScaling.lean:10:0: warning: Definition `SafeLearning.CompleteModulesRKHSScaling.scaledRKHS` of class type is semireducible. Most type class instances should be instance-reducible, so consider marking this
definition with `@[instance_reducible]`. If it is intentionally semireducible, this warning can be disabled with `set_option warn.classDefReducibility false`.
SafeLearning/CompleteModulesRKHSScaling.lean:20:0: warning: automatically included section variable(s) unused in theorem `SafeLearning.CompleteModulesRKHSScaling.actual_scaled_rkhs_evaluation_is_the_original_evaluation_times_sqrt_scale`:
  [CompleteSpace H]
consider restructuring your `variable` declarations so that the variables are not in scope or explicitly omit them:
  omit [CompleteSpace H] in theorem ...

Note: This linter can be disabled with `set_option linter.unusedSectionVars false`
SafeLearning/CompleteModulesRKHSScaling.lean:24:0: warning: automatically included section variable(s) unused in theorem `SafeLearning.CompleteModulesRKHSScaling.actual_scaled_rkhs_represents_the_identical_function_with_scaled_coefficients`:
  [CompleteSpace H]
consider restructuring your `variable` declarations so that the variables are not in scope or explicitly omit them:
  omit [CompleteSpace H] in theorem ...

Note: This linter can be disabled with `set_option linter.unusedSectionVars false`
SafeLearning/CompleteModulesRKHSScaling.lean:32:0: warning: automatically included section variable(s) unused in theorem `SafeLearning.CompleteModulesRKHSScaling.actual_same_function_has_its_true_hilbert_norm_divided_by_sqrt_scale`:
  [CompleteSpace H]
consider restructuring your `variable` declarations so that the variables are not in scope or explicitly omit them:
  omit [CompleteSpace H] in theorem ...

Note: This linter can be disabled with `set_option linter.unusedSectionVars false`
SafeLearning/CompleteModulesRKHSScaling.lean:51:2: warning: Try this: 
  letI̵

The goal is a proposition, so `let` is preferred over `letI`.
The difference between `let` and `letI` is that `letI` inlines the value.
But this is not relevant for proofs because of proof irrelevance.

Note: This linter can be disabled with `set_option linter.style.haveILetI false`
SafeLearning/CompleteModulesRKHSScaling.lean:52:10: warning: `ext` did not consume the patterns `v`

Note: This linter can be disabled with `set_option linter.unusedRCasesPattern false`
SafeLearning/CompleteModulesRKHSScaling.lean:57:22: warning: `ContinuousLinearMap.smul_apply` has been deprecated: Use `smul_apply` instead

Note: The updated constant is in a different namespace. Dot notation may need to be changed (e.g., from `x.smul_apply` to `smul_apply x`).
