SafeLearning/CompleteModulesGoSafeToyGridLipschitz.lean:70:23: error: Application type mismatch: The argument
  add_le_add_left hv ?m.378
has type
  |actualSourceSafety (actualGain (↑↑p.2 / 24)) (↑↑q.1 / 24) - actualGridSafety q| + ?m.378 ≤
    5 / 16 * |↑↑p.2 / 24 - ↑↑q.2 / 24| + ?m.378
but is expected to have type
  4 / 5 * actualGain (↑↑p.2 / 24) / (1 + actualGain (↑↑p.2 / 24)) *
        |Real.cos (4 * Real.pi * (↑↑p.1 / 24)) - Real.cos (4 * Real.pi * (↑↑q.1 / 24))| +
      |actualSourceSafety (actualGain (↑↑p.2 / 24)) (↑↑q.1 / 24) - actualGridSafety q| ≤
    ?m.371
in the application
  LE.le.trans ht (add_le_add_left hv ?m.378)
SafeLearning/CompleteModulesGoSafeToyGridLipschitz.lean:127:8: error: Tactic `rewrite` failed: Did not find an occurrence of the pattern
  actualSourceSafety 8 ?m.142
in the target expression
  128 / 15 =
    |actualSourceSafety (3 + 5 * (↑↑24 / 24)) (↑↑3 / 24) - actualSourceSafety (3 + 5 * (↑↑24 / 24)) (↑↑4 / 24)| /
      actualGridDistance (3, 24) (4, 24)

case left
hc3 : Real.cos (4 * Real.pi * (1 / 8)) = 0
hc4 : Real.cos (4 * Real.pi * (1 / 6)) = -(1 / 2)
⊢ 128 / 15 =
    |actualSourceSafety (3 + 5 * (↑↑24 / 24)) (↑↑3 / 24) - actualSourceSafety (3 + 5 * (↑↑24 / 24)) (↑↑4 / 24)| /
      actualGridDistance (3, 24) (4, 24)
