SafeLearning/CompleteModulesGPScalingConsequences.lean:25:13: error: don't know how to synthesize implicit argument `x`
  @Tendsto.const_add ℝ PseudoMetricSpace.toUniformSpace.toTopologicalSpace Real.instAdd
    instSeparatelyContinuousAddOfContinuousAdd ℝ
    (fun c => R * √(Real.log (1 + c • K).det - 2 * Real.log delta) * √(c * variance)) (𝓝[?m.76] 0) 0 (B * √variance)
    (Tendsto.mono_left (actual_original_scaled_noise_band_tends_to_zero_for_fixed_kernel K R delta variance)
      nhdsWithin_le_nhds)
context:
I : Type u_1
inst✝¹ : Fintype I
inst✝ : DecidableEq I
K : Matrix I I ℝ
B R delta variance : ℝ
⊢ Filter ℝ
SafeLearning/CompleteModulesGPScalingConsequences.lean:25:14: error: don't know how to synthesize implicit argument `y`
  @Tendsto.mono_left ℝ ℝ (fun c => R * √(Real.log (1 + c • K).det - 2 * Real.log delta) * √(c * variance)) (𝓝 0)
    (𝓝[?m.76] 0) (𝓝 0) (actual_original_scaled_noise_band_tends_to_zero_for_fixed_kernel K R delta variance)
    nhdsWithin_le_nhds
context:
I : Type u_1
inst✝¹ : Fintype I
inst✝ : DecidableEq I
K : Matrix I I ℝ
B R delta variance : ℝ
⊢ Filter ℝ
SafeLearning/CompleteModulesGPScalingConsequences.lean:26:34: error: don't know how to synthesize implicit argument `s`
  @nhdsWithin_le_nhds ℝ PseudoMetricSpace.toUniformSpace.toTopologicalSpace 0 ?m.76
context:
I : Type u_1
inst✝¹ : Fintype I
inst✝ : DecidableEq I
K : Matrix I I ℝ
B R delta variance : ℝ
⊢ Set ℝ
SafeLearning/CompleteModulesGPScalingConsequences.lean:25:7: error: failed to infer `have` declaration type
SafeLearning/CompleteModulesGPScalingConsequences.lean:24:71: error: unsolved goals
I : Type u_1
inst✝¹ : Fintype I
inst✝ : DecidableEq I
K : Matrix I I ℝ
B R delta variance : ℝ
⊢ Tendsto (fun c => (B / √c + R * √(Real.log (1 + c • K).det - 2 * Real.log delta)) * √(c * variance)) (𝓝[>] 0)
    (𝓝 (B * √variance))
