SafeLearning/CompleteModulesLandscapeModelError.lean:20:4: error: Type mismatch: After simplification, term
  ContDiff.neg contDiff_id
 has type
  @ContDiff ℝ DenselyNormedField.toNontriviallyNormedField ℝ Real.normedAddCommGroup
    RCLike.toInnerProductSpaceReal.toNormedSpace ℝ Real.normedAddCommGroup RCLike.toInnerProductSpaceReal.toNormedSpace
    1 fun x => -x
but is expected to have type
  @ContDiff ℝ DenselyNormedField.toNontriviallyNormedField ℝ Real.normedAddCommGroup
    RCLike.toInnerProductSpaceReal.toNormedSpace ℝ Real.normedAddCommGroup RCLike.toInnerProductSpaceReal.toNormedSpace
    1 barrier
SafeLearning/CompleteModulesLandscapeModelError.lean:21:4: error: Type mismatch: After simplification, term
  LipschitzWith.neg LipschitzWith.id
 has type
  LipschitzWith 1 id
but is expected to have type
  LipschitzWith 1 nominalController
SafeLearning/CompleteModulesLandscapeModelError.lean:23:30: error(lean.invalidField): Invalid field `sub_const`: The environment does not contain `Function.sub_const`, so it is not possible to project the field `sub_const` from an expression
  LipschitzWith.neg LipschitzWith.id
of type
  ∀ (x y : ?m.113), edist ((-id) x) ((-id) y) ≤ ↑1 * edist x y
SafeLearning/CompleteModulesLandscapeModelError.lean:29:44: error: Type mismatch: After simplification, term
  HasDerivAt.neg (hasDerivAt_id x)
 has type
  @HasDerivAt ℝ DenselyNormedField.toNontriviallyNormedField ℝ Real.normedAddCommGroup.toAddCommGroup
    RCLike.toInnerProductSpaceReal.toModule PseudoMetricSpace.toUniformSpace.toTopologicalSpace ⋯ (-id) (-1) x
but is expected to have type
  @HasDerivAt ℝ DenselyNormedField.toNontriviallyNormedField ℝ Real.instAddCommGroup Semiring.toModule
    PseudoMetricSpace.toUniformSpace.toTopologicalSpace ⋯ barrier (-1) x
SafeLearning/CompleteModulesLandscapeModelError.lean:46:2: error: unsolved goals
case e'_8
t : ℝ
hd : HasDerivAt (fun x => 1 - Real.exp ((-id) x)) (-(Real.exp ((-id) t) * -1)) t
⊢ unsafeActualPath = fun x => 1 - Real.exp (-x)
