SafeLearning/CompleteModulesLoSBOPracticeRKHS.lean:14:0: warning: automatically included section variable(s) unused in theorem `SafeLearning.CompleteModulesLoSBOPracticeRKHS.actual_unobserved_orthogonal_unit_direction_vanishes_at_every_observed_input`:
  [Fintype I]
  [DecidableEq I]
consider restructuring your `variable` declarations so that the variables are not in scope or explicitly omit them:
  omit [Fintype I] [DecidableEq I] in theorem ...

Note: This linter can be disabled with `set_option linter.unusedSectionVars false`
SafeLearning/CompleteModulesLoSBOPracticeRKHS.lean:24:62: error: unsolved goals
H : Type u_1
X : Type u_2
I : Type u_3
inst✝⁵ : NormedAddCommGroup H
inst✝⁴ : InnerProductSpace ℝ H
inst✝³ : CompleteSpace H
inst✝² : RKHS ℝ H X ℝ
inst✝¹ : Fintype I
inst✝ : DecidableEq I
input : I → X
labels : I → ℝ
g : H
horth : ∀ (i : I), inner ℝ g (scalarSection (input i)) = 0
⊢ inner ℝ g
      (combination (fun i => scalarSection (input i))
        ((CompleteModulesMatrixGP.ridgeMatrix (actualGram input) 0)⁻¹ *ᵥ labels)) =
    0
SafeLearning/CompleteModulesLoSBOPracticeRKHS.lean:25:32: warning: This simp argument is unused:
  combination_inner

Hint: Omit it from the simp argument list.
  [apply] simp only [actualMeanFunction, real_inner_comm, horth, mul_zero, Finset.sum_const_zero]

Note: This linter can be disabled with `set_option linter.unusedSimpArgs false`
SafeLearning/CompleteModulesLoSBOPracticeRKHS.lean:25:66: warning: This simp argument is unused:
  horth

Hint: Omit it from the simp argument list.
  [apply] simp only [actualMeanFunction, combination_inner, real_inner_comm, mul_zero, Finset.sum_const_zero]

Note: This linter can be disabled with `set_option linter.unusedSimpArgs false`
SafeLearning/CompleteModulesLoSBOPracticeRKHS.lean:25:72: warning: This simp argument is unused:
  mul_zero

Hint: Omit it from the simp argument list.
  [apply] simp only [actualMeanFunction, combination_inner, real_inner_comm, horth, Finset.sum_const_zero]

Note: This linter can be disabled with `set_option linter.unusedSimpArgs false`
SafeLearning/CompleteModulesLoSBOPracticeRKHS.lean:25:81: warning: This simp argument is unused:
  Finset.sum_const_zero

Hint: Omit it from the simp argument list.
  [apply] simp only [actualMeanFunction, combination_inner, real_inner_comm, horth, mul_zero]

Note: This linter can be disabled with `set_option linter.unusedSimpArgs false`
