SafeLearning/CompleteModulesLandscapeSuiSafeOptSafety.lean:73:12: error: Tactic `rewrite` failed: Did not find an occurrence of the pattern
  μ
    {omega |
      ∀ (n : ℕ) (x : X),
        |f x - actualKernelMeanAt kernel lambda (fun i => query i omega) (fun y => f y) (fun i => Y i omega) n x| ≤
          √(2 * B +
                300 * actualFiniteMaximumKernelInformationGain kernel lambda (n + 1) *
                  Real.log (↑(n + 1) / delta) ^ 3) *
            √(actualKernelVarianceAt kernel lambda (fun i => query i omega) n x)}
in the target expression
  (μ
        {omega |
          ∀ (n : ℕ) (x : X),
            |f x - actualKernelMeanAt kernel lambda (fun i => query i omega) (fun y => f y) (fun i => Y i omega) n x| ≤
              actualSourceRadius kernel lambda B delta (fun i => query i omega) n x}).toReal =
    1

X : Type u_1
H : Type u_2
inst✝⁹ : Fintype X
inst✝⁸ : DecidableEq X
inst✝⁷ : Nonempty X
inst✝⁶ : MeasurableSpace X
inst✝⁵ : MeasurableSingletonClass X
inst✝⁴ : NormedAddCommGroup H
inst✝³ : InnerProductSpace ℝ H
inst✝² : CompleteSpace H
inst✝¹ : RKHS ℝ H X ℝ
Ω : Type u_3
mΩ : MeasurableSpace Ω
μ : Measure Ω
inst✝ : IsProbabilityMeasure μ
F : Filtration ℕ mΩ
kernel : X → X → ℝ
hkernel : ∀ (x y : X), kernel x y = CompleteModulesKernel.scalarKernel x y
query : ℕ → Ω → X
hq : ∀ (i : ℕ), Measurable (query i)
Y : ℕ → Ω → ℝ
hY : ∀ (i : ℕ), StronglyMeasurable (Y i)
R : ℝ≥0
hYb : ∀ (i : ℕ), ∀ᵐ (omega : Ω) ∂μ, Y i omega ∈ Icc (-↑R) ↑R
hz : ∀ (i : ℕ), μ[Y i | ↑F i] =ᵐ[μ] 0
lambda : ℝ
hlambda : 0 < lambda
hscale : ↑R ^ 2 ≤ lambda
f : H
B : ℝ
hB : ‖f‖ ^ 2 ≤ B
delta : ℝ
hd : 0 < delta
hdone : delta < 1
hR : ¬0 < ↑R
hzero : ↑R = 0
hYzero : ∀ (i : ℕ), ∀ᵐ (omega : Ω) ∂μ, Y i omega ∈ Icc 0 0
he :
  μ
      {omega |
        ∀ (n : ℕ) (x : X),
          |f x - actualKernelMeanAt kernel lambda (fun i => query i omega) (fun y => f y) (fun i => Y i omega) n x| ≤
            √(2 * B +
                  300 * actualFiniteMaximumKernelInformationGain kernel lambda (n + 1) *
                    Real.log (↑(n + 1) / delta) ^ 3) *
              √(actualKernelVarianceAt kernel lambda (fun i => query i omega) n x)} =
    1
⊢ (μ
        {omega |
          ∀ (n : ℕ) (x : X),
            |f x - actualKernelMeanAt kernel lambda (fun i => query i omega) (fun y => f y) (fun i => Y i omega) n x| ≤
              actualSourceRadius kernel lambda B delta (fun i => query i omega) n x}).toReal =
    1
