SafeLearning/CompleteModulesSafeOptCosineGap.lean:17:49: error: unsolved goals
case «2»
⊢ Real.cos (Real.pi * 2) = 1
SafeLearning/CompleteModulesSafeOptCosineGap.lean:49:2: warning: Try this: 
  letI̵

The goal is a proposition, so `let` is preferred over `letI`.
The difference between `let` and `letI` is that `letI` inlines the value.
But this is not relevant for proofs because of proof irrelevance.

Note: This linter can be disabled with `set_option linter.style.haveILetI false`
SafeLearning/CompleteModulesSafeOptCosineGap.lean:52:4: error: Type mismatch: After simplification, term
  h
 has type
  (RKHS.kerFun ℝ i) 1 = 1 i
but is expected to have type
  (RKHS.kerFun ℝ i) 1 = actualCosineValue i
SafeLearning/CompleteModulesSafeOptCosineGap.lean:59:2: error: unsolved goals
case refine_2
this : RKHS ℝ ℝ (Fin 3) ℝ := actualCosineRKHS
hker : ∀ (i : Fin 3), (RKHS.kerFun ℝ i) 1 = actualCosineValue i
i : Fin 3
⊢ 1 i = actualCosineValue i
SafeLearning/CompleteModulesSafeOptCosineGap.lean:60:10: warning: This simp argument is unused:
  actualCosineRKHS

Hint: Omit it from the simp argument list.
  [apply] simp

Note: This linter can be disabled with `set_option linter.unusedSimpArgs false`
SafeLearning/CompleteModulesSafeOptCosineGap.lean:86:2: error: Type mismatch: After simplification, term
  hp
 has type
  actualGPMean actualCosineKernel (fun x => 0) 0 (fun x => 1) i = actualCosineValue i ∧
    actualGPVariance actualCosineKernel (fun x => 0) 0 i = actualCosineValue i * actualCosineValue i - 1
but is expected to have type
  actualGPMean actualCosineKernel (fun x => 0) 0 (fun x => 1) i = actualCosineValue i ∧
    actualGPVariance actualCosineKernel (fun x => 0) 0 i = 0
SafeLearning/CompleteModulesSafeOptCosineGap.lean:96:8: error: Tactic `rewrite` failed: Did not find an occurrence of the pattern
  actualGPMean actualCosineKernel (fun x => 0) 0 (fun x => 1) i
in the target expression
  i ∈
      {i |
        0 ≤
          actualGPMean actualCosineKernel (fun x => 0) 0 (fun x => 1) i -
            beta * √(actualGPVariance actualCosineKernel (fun x => 0) 0 i)} ↔
    i ∈ {0, 2}

case refine_1
beta : ℝ
i : Fin 3
⊢ i ∈
      {i |
        0 ≤
          actualGPMean actualCosineKernel (fun x => 0) 0 (fun x => 1) i -
            beta * √(actualGPVariance actualCosineKernel (fun x => 0) 0 i)} ↔
    i ∈ {0, 2}
