SafeLearning/CompleteModulesGoSafeReturnability.lean:53:14: error: Type mismatch: After simplification, term
  hn
 has type
  x = 0 ∨ x = 1
but is expected to have type
  x = 0 ∨ x = 1 ∨ x = 2 ∨ x = 3
SafeLearning/CompleteModulesGoSafeReturnability.lean:77:2: error: Tactic `decide` failed for proposition
  ↑{0, 1, 2} ∩ {0, 1, 2, 3} = {0, 1, 2} ∧ 3 ∈ {0, 1, 2, 3} ∧ 3 ∉ ↑{0, 1, 2} ∩ {0, 1, 2, 3} ∧ 4 ∉ {0, 1, 2, 3}
because its `Decidable` instance
  instDecidableAnd
did not reduce to `isTrue` or `isFalse`.

After unfolding the instances `instDecidableAnd`, `Classical.propDecidable`, `Classical.typeDecidableEq`, and `Set.decidableEq`, reduction got stuck at the `Decidable` instance
  Classical.choice ⋯

Hint: Reduction got stuck on `Classical.choice`, which indicates that a `Decidable` instance is defined using classical reasoning, proving an instance exists rather than giving a concrete construction. The `decide` tactic works by evaluating a decision procedure via reduction, and it cannot make progress with such instances. This can occur due to the `open scoped Classical` command, which enables the instance `Classical.propDecidable`.
SafeLearning/CompleteModulesGoSafeReturnability.lean:82:2: error: Tactic `decide` failed for proposition
  ↑(sourceReachStep false {0, 1, 2}) ∩ {0, 1, 2, 3} = {0, 1, 2, 3}
because its `Decidable` instance
  (↑(sourceReachStep false {0, 1, 2}) ∩ {0, 1, 2, 3}).decidableEq {0, 1, 2, 3}
did not reduce to `isTrue` or `isFalse`.

After unfolding the instances `Classical.propDecidable`, `Classical.typeDecidableEq`, and `Set.decidableEq`, reduction got stuck at the `Decidable` instance
  Classical.choice ⋯

Hint: Reduction got stuck on `Classical.choice`, which indicates that a `Decidable` instance is defined using classical reasoning, proving an instance exists rather than giving a concrete construction. The `decide` tactic works by evaluating a decision procedure via reduction, and it cannot make progress with such instances. This can occur due to the `open scoped Classical` command, which enables the instance `Classical.propDecidable`.
SafeLearning/CompleteModulesGoSafeReturnability.lean:107:2: error: Tactic `decide` failed for proposition
  ↑(sourceReachStep true {0, 1, 2, 3}) ∩ Set.univ = Set.univ
because its `Decidable` instance
  (↑(sourceReachStep true {0, 1, 2, 3}) ∩ Set.univ).decidableEq Set.univ
did not reduce to `isTrue` or `isFalse`.

After unfolding the instances `Classical.propDecidable`, `Classical.typeDecidableEq`, and `Set.decidableEq`, reduction got stuck at the `Decidable` instance
  Classical.choice ⋯

Hint: Reduction got stuck on `Classical.choice`, which indicates that a `Decidable` instance is defined using classical reasoning, proving an instance exists rather than giving a concrete construction. The `decide` tactic works by evaluating a decision procedure via reduction, and it cannot make progress with such instances. This can occur due to the `open scoped Classical` command, which enables the instance `Classical.propDecidable`.
