SafeLearning/CompleteModulesDesignEasyMatrices.lean:31:99: error: unexpected token; expected '⟩'
SafeLearning/CompleteModulesDesignEasyMatrices.lean:31:9: error: Insufficient number of fields for `⟨...⟩` constructor: Constructor `And.intro` has 2 explicit field, but only 1 was provided
SafeLearning/CompleteModulesDesignEasyMatrices.lean:31:13: error: Type mismatch: After simplification, term
  actual_positive_diagonal_operator_norm_is_the_largest_entry
 has type
  ∀ (a b : ℝ), 0 ≤ a → 0 ≤ b → ‖![a, b]‖ = max a b
but is expected to have type
  ‖![3, 1]‖ = 3
SafeLearning/CompleteModulesDesignEasyMatrices.lean:61:84: error: No goals to be solved
SafeLearning/CompleteModulesDesignEasyMatrices.lean:62:6: error: linarith failed to find a contradiction
case refine_2.left
hp : 0 < √10
hs : √10 ^ 2 = 10
hn : ‖(1 / √10) • sourceWeight‖ = 3 / √10
hlo : (948683 / 1000000 - 1 / 2000000) * √10 < 3
he : 3 / √10 - (948683 / 1000000 - 1 / 2000000) = (3 - (948683 / 1000000 - 1 / 2000000) * √10) / √10
a✝ : (3 / √10 - 948683 / 1000000 + 1 / 2000000) / √10 ≤ 0
⊢ False
failed
SafeLearning/CompleteModulesDesignEasyMatrices.lean:64:37: error: linarith failed to find a contradiction
hp : 0 < √10
hs : √10 ^ 2 = 10
hn : ‖(1 / √10) • sourceWeight‖ = 3 / √10
hhi : 3 < (948683 / 1000000 + 1 / 2000000) * √10
a✝ : ?m.387 * √10 ≤ ?m.388
⊢ False
failed
SafeLearning/CompleteModulesDesignEasyMatrices.lean:69:4: error(lean.synthInstanceFailed): failed to synthesize instance of type class
  Norm (Matrix rows cols ℝ)

Hint: Type class instance resolution failures can be inspected with the `set_option trace.Meta.synthInstance true` command.
SafeLearning/CompleteModulesDesignEasyMatrices.lean:69:32: error(lean.synthInstanceFailed): failed to synthesize instance of type class
  Norm (Matrix rows cols ℝ)

Hint: Type class instance resolution failures can be inspected with the `set_option trace.Meta.synthInstance true` command.
SafeLearning/CompleteModulesDesignEasyMatrices.lean:121:75: warning: This simp argument is unused:
  Fin.sum_univ_one

Hint: Omit it from the simp argument list.
  [apply] simp [sourceEmbedding, Matrix.mulVec, dotProduct]

Note: This linter can be disabled with `set_option linter.unusedSimpArgs false`
SafeLearning/CompleteModulesDesignEasyMatrices.lean:139:2: error: Tactic `simp` failed with a nested error:
maximum recursion depth has been reached
use `set_option maxRecDepth <num>` to increase limit
use `set_option diagnostics true` to get diagnostic information
