SafeLearning/CompleteModulesLandscapeGaussianTailCounts.lean:30:15: warning: `Set.mem_setOf_eq` has been deprecated: Use `Set.mem_ofPred_eq` instead
SafeLearning/CompleteModulesLandscapeGaussianTailCounts.lean:34:24: error(lean.unknownIdentifier): Unknown identifier `measureReal_univ_eq_one`
SafeLearning/CompleteModulesLandscapeGaussianTailCounts.lean:35:21: error: Application type mismatch: The argument
  hc
has type
  (gaussianReal 0 1).real (Ioi ((threshold - mean) / ↑sigma)) =
    (gaussianReal 0 1).real univ - (gaussianReal 0 1).real (Iic ((threshold - mean) / ↑sigma))
but is expected to have type
  (gaussianReal 0 1).real {x | (threshold - mean) / ↑sigma < x} = 1 - standardCDF ((threshold - mean) / ↑sigma)
in the application
  Eq.trans hevent hc
SafeLearning/CompleteModulesLandscapeGaussianTailCounts.lean:54:13: error(lean.unknownIdentifier): Unknown constant `ENNReal.toReal_ite`
SafeLearning/CompleteModulesLandscapeGaussianTailCounts.lean:53:2: error: Type mismatch: After simplification, term
  he
 has type
  (P {ω | threshold < X ω}).toReal = ((Measure.dirac mean) {x | threshold < x}).toReal
but is expected to have type
  (P {ω | threshold < X ω}).toReal = if threshold < mean then 1 else 0
SafeLearning/CompleteModulesLandscapeGaussianTailCounts.lean:61:31: error(lean.synthInstanceFailed): failed to synthesize instance of type class
  HPow (Measure ℝ) ℕ (Measure ℝ)

Hint: Type class instance resolution failures can be inspected with the `set_option trace.Meta.synthInstance true` command.
SafeLearning/CompleteModulesLandscapeGaussianTailCounts.lean:70:50: error: Application type mismatch: The argument
  hlaw t
has type
  HasLaw (X t) (gaussianReal (mean t) (sigma t) ^ 2) P
but is expected to have type
  HasLaw (X t) (gaussianReal (mean t) (sigma t ^ 2)) P
in the application
  actual_gaussian_upper_tail_is_the_standard_cdf_complement P (X t) (mean t) threshold (sigma t) (hpos t) (hlaw t)
SafeLearning/CompleteModulesLandscapeGaussianTailCounts.lean:77:31: error(lean.synthInstanceFailed): failed to synthesize instance of type class
  HPow (Measure ℝ) ℕ (Measure ℝ)

Hint: Type class instance resolution failures can be inspected with the `set_option trace.Meta.synthInstance true` command.
SafeLearning/CompleteModulesLandscapeGaussianTailCounts.lean:80:7: error(lean.unknownIdentifier): Unknown identifier `actual_expected_gaussian_violation_count_is_the_sum_of_true_marginal_tails`
SafeLearning/CompleteModulesLandscapeGaussianTailCounts.lean:79:65: error: unsolved goals
Ω : Type u_1
inst✝¹ : MeasurableSpace Ω
P : Measure Ω
inst✝ : IsProbabilityMeasure P
N : ℕ
X : Fin (N + 1) → Ω → ℝ
mean : Fin (N + 1) → ℝ
sigma : Fin (N + 1) → ℝ≥0
threshold : ℝ
hmeas : ∀ (t : Fin (N + 1)), Measurable (X t)
hpos : ∀ (t : Fin (N + 1)), sigma t ≠ 0
hlaw : ∀ (t : Fin (N + 1)), HasLaw (X t) (gaussianReal (mean t) (sigma t) ^ 2) P
⊢ P.real {ω | ∃ t, threshold < X t ω} ≤ ∑ t, (1 - standardCDF ((threshold - mean t) / ↑(sigma t)))
