SafeLearning/CompleteModulesGoSafeToyGridCosines.lean:26:63: error: Tactic `constructor` failed: no applicable constructor found

case «6»
hs : √3 ^ 2 = 3
⊢ -√3 / 2 = -(√3 / 2)
SafeLearning/CompleteModulesGoSafeToyGridCosines.lean:26:63: error: Tactic `constructor` failed: no applicable constructor found

case «9»
hs : √3 ^ 2 = 3
⊢ -√3 / 2 = -(√3 / 2)
SafeLearning/CompleteModulesGoSafeToyGridCosines.lean:26:63: error: Tactic `constructor` failed: no applicable constructor found

case «18»
hs : √3 ^ 2 = 3
⊢ -√3 / 2 = -(√3 / 2)
SafeLearning/CompleteModulesGoSafeToyGridCosines.lean:26:63: error: Tactic `constructor` failed: no applicable constructor found

case «21»
hs : √3 ^ 2 = 3
⊢ -√3 / 2 = -(√3 / 2)
SafeLearning/CompleteModulesGoSafeToyGridCosines.lean:24:98: error: unsolved goals
case «23».left
hs : √3 ^ 2 = 3
⊢ 1 = √3 / 2 * (√3 / 2) + 1 / 4

case «23».right
hs : √3 ^ 2 = 3
⊢ 0 = -(1 / 2 * (√3 / 2)) + √3 / 2 * (1 / 2)
SafeLearning/CompleteModulesGoSafeToyGridCosines.lean:41:10: error: Tactic `rewrite` failed: Did not find an occurrence of the pattern
  4 * Real.pi * (↑↑i.succ / 24)
in the target expression
  Real.cos (4 * Real.pi * (↑(↑i + 1) / 24)) = exactColumnCos (↑i + 1)

case succ.left
i : Fin 24
ih : Real.cos (4 * Real.pi * (↑↑i / 24)) = exactColumnCos ↑i ∧ Real.sin (4 * Real.pi * (↑↑i / 24)) = exactColumnSin ↑i
hangle : 4 * Real.pi * (↑↑i.succ / 24) = 4 * Real.pi * (↑↑i.castSucc / 24) + Real.pi / 6
hstep :
  exactColumnCos (↑i + 1) = exactColumnCos ↑i * (√3 / 2) - exactColumnSin ↑i * (1 / 2) ∧
    exactColumnSin (↑i + 1) = exactColumnSin ↑i * (√3 / 2) + exactColumnCos ↑i * (1 / 2)
⊢ Real.cos (4 * Real.pi * (↑(↑i + 1) / 24)) = exactColumnCos (↑i + 1)
SafeLearning/CompleteModulesGoSafeToyGridCosines.lean:43:10: error: Tactic `rewrite` failed: Did not find an occurrence of the pattern
  4 * Real.pi * (↑↑i.succ / 24)
in the target expression
  Real.sin (4 * Real.pi * (↑(↑i + 1) / 24)) = exactColumnSin (↑i + 1)

case succ.right
i : Fin 24
ih : Real.cos (4 * Real.pi * (↑↑i / 24)) = exactColumnCos ↑i ∧ Real.sin (4 * Real.pi * (↑↑i / 24)) = exactColumnSin ↑i
hangle : 4 * Real.pi * (↑↑i.succ / 24) = 4 * Real.pi * (↑↑i.castSucc / 24) + Real.pi / 6
hstep :
  exactColumnCos (↑i + 1) = exactColumnCos ↑i * (√3 / 2) - exactColumnSin ↑i * (1 / 2) ∧
    exactColumnSin (↑i + 1) = exactColumnSin ↑i * (√3 / 2) + exactColumnCos ↑i * (1 / 2)
⊢ Real.sin (4 * Real.pi * (↑(↑i + 1) / 24)) = exactColumnSin (↑i + 1)
SafeLearning/CompleteModulesGoSafeToyGridCosines.lean:69:34: error: No goals to be solved
SafeLearning/CompleteModulesGoSafeToyGridCosines.lean:69:34: error: No goals to be solved
SafeLearning/CompleteModulesGoSafeToyGridCosines.lean:69:34: error: No goals to be solved
SafeLearning/CompleteModulesGoSafeToyGridCosines.lean:69:34: error: No goals to be solved
SafeLearning/CompleteModulesGoSafeToyGridCosines.lean:69:34: error: No goals to be solved
SafeLearning/CompleteModulesGoSafeToyGridCosines.lean:69:34: error: No goals to be solved
SafeLearning/CompleteModulesGoSafeToyGridCosines.lean:69:34: error: No goals to be solved
SafeLearning/CompleteModulesGoSafeToyGridCosines.lean:69:34: error: No goals to be solved
SafeLearning/CompleteModulesGoSafeToyGridCosines.lean:69:34: error: No goals to be solved
SafeLearning/CompleteModulesGoSafeToyGridCosines.lean:69:34: error: No goals to be solved
SafeLearning/CompleteModulesGoSafeToyGridCosines.lean:69:34: error: No goals to be solved
SafeLearning/CompleteModulesGoSafeToyGridCosines.lean:69:34: error: No goals to be solved
SafeLearning/CompleteModulesGoSafeToyGridCosines.lean:69:34: error: No goals to be solved
SafeLearning/CompleteModulesGoSafeToyGridCosines.lean:69:34: error: No goals to be solved
SafeLearning/CompleteModulesGoSafeToyGridCosines.lean:69:34: error: No goals to be solved
SafeLearning/CompleteModulesGoSafeToyGridCosines.lean:69:34: error: No goals to be solved
SafeLearning/CompleteModulesGoSafeToyGridCosines.lean:69:34: error: No goals to be solved
SafeLearning/CompleteModulesGoSafeToyGridCosines.lean:69:34: error: No goals to be solved
SafeLearning/CompleteModulesGoSafeToyGridCosines.lean:69:34: error: No goals to be solved
SafeLearning/CompleteModulesGoSafeToyGridCosines.lean:69:34: error: No goals to be solved
SafeLearning/CompleteModulesGoSafeToyGridCosines.lean:69:34: error: No goals to be solved
SafeLearning/CompleteModulesGoSafeToyGridCosines.lean:69:34: error: No goals to be solved
SafeLearning/CompleteModulesGoSafeToyGridCosines.lean:69:34: error: No goals to be solved
SafeLearning/CompleteModulesGoSafeToyGridCosines.lean:69:34: error: No goals to be solved
SafeLearning/CompleteModulesGoSafeToyGridCosines.lean:69:34: error: No goals to be solved
SafeLearning/CompleteModulesGoSafeToyGridCosines.lean:69:34: error: No goals to be solved
SafeLearning/CompleteModulesGoSafeToyGridCosines.lean:69:34: error: No goals to be solved
SafeLearning/CompleteModulesGoSafeToyGridCosines.lean:69:34: error: No goals to be solved
SafeLearning/CompleteModulesGoSafeToyGridCosines.lean:69:34: error: No goals to be solved
SafeLearning/CompleteModulesGoSafeToyGridCosines.lean:69:34: error: No goals to be solved
SafeLearning/CompleteModulesGoSafeToyGridCosines.lean:69:34: error: No goals to be solved
SafeLearning/CompleteModulesGoSafeToyGridCosines.lean:69:34: error: No goals to be solved
SafeLearning/CompleteModulesGoSafeToyGridCosines.lean:69:34: error: No goals to be solved
SafeLearning/CompleteModulesGoSafeToyGridCosines.lean:69:34: error: No goals to be solved
SafeLearning/CompleteModulesGoSafeToyGridCosines.lean:69:34: error: No goals to be solved
SafeLearning/CompleteModulesGoSafeToyGridCosines.lean:69:34: error: No goals to be solved
SafeLearning/CompleteModulesGoSafeToyGridCosines.lean:69:34: error: No goals to be solved
SafeLearning/CompleteModulesGoSafeToyGridCosines.lean:69:34: error: No goals to be solved
SafeLearning/CompleteModulesGoSafeToyGridCosines.lean:69:34: error: No goals to be solved
SafeLearning/CompleteModulesGoSafeToyGridCosines.lean:69:34: error: No goals to be solved
SafeLearning/CompleteModulesGoSafeToyGridCosines.lean:69:34: error: No goals to be solved
SafeLearning/CompleteModulesGoSafeToyGridCosines.lean:69:34: error: No goals to be solved
SafeLearning/CompleteModulesGoSafeToyGridCosines.lean:69:34: error: No goals to be solved
SafeLearning/CompleteModulesGoSafeToyGridCosines.lean:69:34: error: No goals to be solved
SafeLearning/CompleteModulesGoSafeToyGridCosines.lean:69:34: error: No goals to be solved
SafeLearning/CompleteModulesGoSafeToyGridCosines.lean:69:34: error: No goals to be solved
SafeLearning/CompleteModulesGoSafeToyGridCosines.lean:69:34: error: No goals to be solved
SafeLearning/CompleteModulesGoSafeToyGridCosines.lean:69:34: error: No goals to be solved
SafeLearning/CompleteModulesGoSafeToyGridCosines.lean:69:34: error: No goals to be solved
SafeLearning/CompleteModulesGoSafeToyGridCosines.lean:69:34: error: No goals to be solved
SafeLearning/CompleteModulesGoSafeToyGridCosines.lean:69:34: error: No goals to be solved
SafeLearning/CompleteModulesGoSafeToyGridCosines.lean:69:34: error: No goals to be solved
SafeLearning/CompleteModulesGoSafeToyGridCosines.lean:69:34: error: No goals to be solved
SafeLearning/CompleteModulesGoSafeToyGridCosines.lean:69:34: error: No goals to be solved
SafeLearning/CompleteModulesGoSafeToyGridCosines.lean:69:34: error: No goals to be solved
SafeLearning/CompleteModulesGoSafeToyGridCosines.lean:69:34: error: No goals to be solved
SafeLearning/CompleteModulesGoSafeToyGridCosines.lean:69:34: error: No goals to be solved
SafeLearning/CompleteModulesGoSafeToyGridCosines.lean:69:34: error: No goals to be solved
SafeLearning/CompleteModulesGoSafeToyGridCosines.lean:69:34: error: No goals to be solved
SafeLearning/CompleteModulesGoSafeToyGridCosines.lean:69:34: error: No goals to be solved
SafeLearning/CompleteModulesGoSafeToyGridCosines.lean:69:34: error: No goals to be solved
SafeLearning/CompleteModulesGoSafeToyGridCosines.lean:69:34: error: No goals to be solved
SafeLearning/CompleteModulesGoSafeToyGridCosines.lean:69:34: error: No goals to be solved
SafeLearning/CompleteModulesGoSafeToyGridCosines.lean:69:34: error: No goals to be solved
SafeLearning/CompleteModulesGoSafeToyGridCosines.lean:69:34: error: No goals to be solved
SafeLearning/CompleteModulesGoSafeToyGridCosines.lean:69:34: error: No goals to be solved
SafeLearning/CompleteModulesGoSafeToyGridCosines.lean:69:34: error: No goals to be solved
SafeLearning/CompleteModulesGoSafeToyGridCosines.lean:69:34: error: No goals to be solved
SafeLearning/CompleteModulesGoSafeToyGridCosines.lean:69:34: error: No goals to be solved
SafeLearning/CompleteModulesGoSafeToyGridCosines.lean:69:34: error: No goals to be solved
SafeLearning/CompleteModulesGoSafeToyGridCosines.lean:69:34: error: No goals to be solved
SafeLearning/CompleteModulesGoSafeToyGridCosines.lean:69:34: error: No goals to be solved
SafeLearning/CompleteModulesGoSafeToyGridCosines.lean:69:34: error: No goals to be solved
SafeLearning/CompleteModulesGoSafeToyGridCosines.lean:69:34: error: No goals to be solved
SafeLearning/CompleteModulesGoSafeToyGridCosines.lean:69:34: error: No goals to be solved
SafeLearning/CompleteModulesGoSafeToyGridCosines.lean:69:34: error: No goals to be solved
SafeLearning/CompleteModulesGoSafeToyGridCosines.lean:69:34: error: No goals to be solved
SafeLearning/CompleteModulesGoSafeToyGridCosines.lean:69:34: error: No goals to be solved
SafeLearning/CompleteModulesGoSafeToyGridCosines.lean:69:34: error: No goals to be solved
SafeLearning/CompleteModulesGoSafeToyGridCosines.lean:69:34: error: No goals to be solved
SafeLearning/CompleteModulesGoSafeToyGridCosines.lean:69:34: error: No goals to be solved
SafeLearning/CompleteModulesGoSafeToyGridCosines.lean:69:34: error: No goals to be solved
SafeLearning/CompleteModulesGoSafeToyGridCosines.lean:69:34: error: No goals to be solved
SafeLearning/CompleteModulesGoSafeToyGridCosines.lean:69:34: error: No goals to be solved
SafeLearning/CompleteModulesGoSafeToyGridCosines.lean:69:34: error: No goals to be solved
SafeLearning/CompleteModulesGoSafeToyGridCosines.lean:69:34: error: No goals to be solved
SafeLearning/CompleteModulesGoSafeToyGridCosines.lean:69:34: error: No goals to be solved
SafeLearning/CompleteModulesGoSafeToyGridCosines.lean:69:34: error: No goals to be solved
SafeLearning/CompleteModulesGoSafeToyGridCosines.lean:69:34: error: No goals to be solved
SafeLearning/CompleteModulesGoSafeToyGridCosines.lean:69:34: error: No goals to be solved
SafeLearning/CompleteModulesGoSafeToyGridCosines.lean:69:34: error: No goals to be solved
SafeLearning/CompleteModulesGoSafeToyGridCosines.lean:69:34: error: No goals to be solved
SafeLearning/CompleteModulesGoSafeToyGridCosines.lean:69:34: error: No goals to be solved
SafeLearning/CompleteModulesGoSafeToyGridCosines.lean:69:34: error: maximum number of errors (100; from option `maxErrors`) reached, exiting
