⚠ [8924/8926] Replayed SafeLearning.CompletePolicyQuadraticDual
warning: SafeLearning/CompletePolicyQuadraticDual.lean:27:0: automatically included section variable(s) unused in theorem `SafeLearning.CompletePolicyQuadraticDual.actual_real_symmetric_form`:
  [DecidableEq ι]
consider restructuring your `variable` declarations so that the variables are not in scope or explicitly omit them:
  omit [DecidableEq ι] in theorem ...

Note: This linter can be disabled with `set_option linter.unusedSectionVars false`
warning: SafeLearning/CompletePolicyQuadraticDual.lean:76:2: Used `tac1 <;> tac2` where `(tac1; tac2)` would suffice

Note: This linter can be disabled with `set_option linter.unnecessarySeqFocus false`
⚠ [8925/8926] Replayed SafeLearning.CompletePolicyQuadraticDualConvex
warning: SafeLearning/CompletePolicyQuadraticDualConvex.lean:25:0: automatically included section variable(s) unused in theorem `SafeLearning.CompletePolicyQuadraticDualConvex.actual_lagrangian_is_affine_in_both_multipliers`:
  [DecidableEq ι]
consider restructuring your `variable` declarations so that the variables are not in scope or explicitly omit them:
  omit [DecidableEq ι] in theorem ...

Note: This linter can be disabled with `set_option linter.unusedSectionVars false`
⚠ [8926/8926] Built SafeLearning.CompletePolicyQuadraticPerspective (5.0s)
warning: SafeLearning/CompletePolicyQuadraticPerspective.lean:21:13: This simp argument is unused:
  WithLp.ofLp_toLp

Hint: Omit it from the simp argument list.
  [apply] simp only [pow_two]

Note: This linter can be disabled with `set_option linter.unusedSimpArgs false`
warning: SafeLearning/CompletePolicyQuadraticPerspective.lean:40:0: automatically included section variable(s) unused in theorem `SafeLearning.CompletePolicyQuadraticPerspective.actual_perspective_domain_is_convex`:
  [Fintype ι]
  [DecidableEq ι]
consider restructuring your `variable` declarations so that the variables are not in scope or explicitly omit them:
  omit [Fintype ι] [DecidableEq ι] in theorem ...

Note: This linter can be disabled with `set_option linter.unusedSectionVars false`
warning: SafeLearning/CompletePolicyQuadraticPerspective.lean:87:24: This simp argument is unused:
  WithLp.ofLp_toLp

Hint: Omit it from the simp argument list.
  [apply] simp only [dotProduct, pow_two]

Note: This linter can be disabled with `set_option linter.unusedSimpArgs false`
Build completed successfully (8926 jobs).
