Try this:
  [apply] ring_nf
  
  The `ring` tactic failed to close the goal. Use `ring_nf` to obtain a normal form.
    
  Note that `ring` works primarily in *commutative* rings. If you have a noncommutative ring, abelian group or module, consider using `noncomm_ring`, `abel` or `module` instead.
SafeLearning/CompleteModulesLandscapeExtendedFeasibility.lean:59:23: error: Application type mismatch: The argument
  ne_bot_of_gt (lt_of_le_of_lt bot_le hr)
has type
  r ≠ ⊥
but is expected to have type
  r ≠ ⊤
in the application
  And.intro (ne_bot_of_gt (lt_of_le_of_lt bot_le hr))
SafeLearning/CompleteModulesLandscapeExtendedFeasibility.lean:60:16: error: Application type mismatch: The argument
  ↑r
has type
  EReal
but is expected to have type
  Graph ?m.224 ?m.225
in the application
  Graph.IsSpanningSubgraph ↑r
SafeLearning/CompleteModulesLandscapeExtendedFeasibility.lean:60:27: error(lean.unknownIdentifier): Unknown identifier `Sup`
SafeLearning/CompleteModulesLandscapeExtendedFeasibility.lean:60:79: error: Invalid `⟨...⟩` notation: The expected type of this term could not be determined
