SafeLearning/CompleteModulesGaussianRegressionScalar.lean:21:0: warning: automatically included section variable(s) unused in theorem `SafeLearning.CompleteModulesGaussianRegressionScalar.actual_joint_gaussian_observation_and_regression_residual_are_jointly_gaussian`:
  [IsProbabilityMeasure P]
consider restructuring your `variable` declarations so that the variables are not in scope or explicitly omit them:
  omit [IsProbabilityMeasure P] in theorem ...

Note: This linter can be disabled with `set_option linter.unusedSectionVars false`
SafeLearning/CompleteModulesGaussianRegressionScalar.lean:29:55: error: unsolved goals
Omega : Type u_1
inst✝¹ : MeasurableSpace Omega
P : Measure Omega
inst✝ : IsProbabilityMeasure P
Y Z : Omega → ℝ
hYZ : HasGaussianLaw (fun omega => (Y omega, Z omega)) P
hvar : 0 < Var[Y; P]
hy : MemLp Y 2 P
hz : MemLp Z 2 P
⊢ cov[Y, Z; P] * (1 - 1) = 0

Omega : Type u_1
inst✝¹ : MeasurableSpace Omega
P : Measure Omega
inst✝ : IsProbabilityMeasure P
Y Z : Omega → ℝ
hYZ : HasGaussianLaw (fun omega => (Y omega, Z omega)) P
hvar : 0 < Var[Y; P]
hy : MemLp Y 2 P
hz : MemLp Z 2 P
⊢ AEMeasurable Y P
SafeLearning/CompleteModulesGaussianRegressionScalar.lean:96:13: error: Function expected at
  gaussianReal_map_add_const meanResidual
but this term has type
  Measure.map (fun x => x + meanResidual) (gaussianReal ?m.292 ?m.293) = gaussianReal (?m.292 + meanResidual) ?m.293

Note: Expected a function because this term is being applied to the argument
  varianceResidual
SafeLearning/CompleteModulesGaussianRegressionScalar.lean:84:65: error: unsolved goals
nu : Measure ℝ
inst✝ : IsProbabilityMeasure nu
meanResidual w : ℝ
varianceResidual : ℝ≥0
test : ℝ × ℝ → ℝ≥0∞
htest : Measurable test
hmtest : Measurable fun pair => test (pair.1, pair.2 + w * pair.1)
y : ℝ
ht : Measurable fun z => test (y, z)
⊢ ∫⁻ (z : ℝ), test (y, z + w * y) ∂gaussianReal meanResidual varianceResidual =
    ∫⁻ (b : ℝ), test (y, b) ∂(conditionalKernel meanResidual w varianceResidual) y
SafeLearning/CompleteModulesGaussianRegressionScalar.lean:110:2: warning: Try this: 
  haveI̵

The goal is a proposition, so `have` is preferred over `haveI`.
The difference between `have` and `haveI` is that `haveI` inlines the value.
But this is not relevant for proofs because of proof irrelevance.

Note: This linter can be disabled with `set_option linter.style.haveILetI false`
