SafeLearning/CompleteModulesGPCorrectedConfidenceComparison.lean:38:6: error: Tactic `rewrite` failed: Did not find an occurrence of the pattern
  Real.log (1 + 1⁻¹ • K).det
in the target expression
  0 ≤ Real.log (1 + K).det

I : Type u_1
inst✝¹ : Fintype I
inst✝ : DecidableEq I
K : Matrix I I ℝ
hK : K.PosSemidef
he : Real.log (1 + 1⁻¹ • K).det = ∑ x, Real.log (1 + ⋯.eigenvalues x)
⊢ 0 ≤ Real.log (1 + K).det
SafeLearning/CompleteModulesGPCorrectedConfidenceComparison.lean:37:13: warning: This simp argument is unused:
  one_div

Hint: Omit it from the simp argument list.
  [apply] simp only [one_smul, div_one] at he

Note: This linter can be disabled with `set_option linter.unusedSimpArgs false`
SafeLearning/CompleteModulesGPCorrectedConfidenceComparison.lean:37:21: warning: This simp argument is unused:
  one_smul

Hint: Omit it from the simp argument list.
  [apply] simp only [one_div, div_one] at he

Note: This linter can be disabled with `set_option linter.unusedSimpArgs false`
SafeLearning/CompleteModulesGPCorrectedConfidenceComparison.lean:57:50: warning: Used `tac1 <;> tac2` where `(tac1; tac2)` would suffice

Note: This linter can be disabled with `set_option linter.unnecessarySeqFocus false`
SafeLearning/CompleteModulesGPCorrectedConfidenceComparison.lean:82:2: error: Type mismatch
  add_lt_add_left
    (actual_positive_noise_with_lambda_below_one_strictly_understates_the_corrected_noise K hK lambda R delta hlambda
      hsmall hR hdelta hdeltaOne)
    B
has type
  originalSmallNoise K R delta + B < correctedSmallNoise K lambda R delta + B
but is expected to have type
  B + originalSmallNoise K R delta < B + correctedSmallNoise K lambda R delta
