SafeLearning/CompleteModulesSafeOptEightPointPosteriors.lean:13:2: error(lean.synthInstanceFailed): failed to synthesize instance of type class
  HAdd (I → I → ℝ) (Matrix I I ℝ) ?m.11

Hint: Type class instance resolution failures can be inspected with the `set_option trace.Meta.synthInstance true` command.
SafeLearning/CompleteModulesSafeOptEightPointPosteriors.lean:29:60: error(lean.invalidField): Invalid field `PosSemidef`: The environment does not contain `Function.PosSemidef`, so it is not possible to project the field `PosSemidef` from an expression
  kernel
of type `D → D → ℝ`
SafeLearning/CompleteModulesSafeOptEightPointPosteriors.lean:31:107: error: unsolved goals
D : Type u_1
I : Type u_2
inst✝² : Fintype D
inst✝¹ : Fintype I
inst✝ : DecidableEq I
kernel : D → D → ℝ
hkernel : sorry
input : I → D
regularizer : ℝ
hreg : 0 < regularizer
⊢ (actualGPMatrix kernel input regularizer).PosDef ∧ IsUnit (actualGPMatrix kernel input regularizer)
SafeLearning/CompleteModulesSafeOptEightPointPosteriors.lean:44:77: error: unsolved goals
case «0».«0»
D : Type u_1
kernel : D → D → ℝ
anchor target : D
regularizer label : ℝ
⊢ sorry () 0 0 = kernel anchor anchor + regularizer
Try this:
  [apply] ring_nf
  
  The `ring` tactic failed to close the goal. Use `ring_nf` to obtain a normal form.
    
  Note that `ring` works primarily in *commutative* rings. If you have a noncommutative ring, abelian group or module, consider using `noncomm_ring`, `abel` or `module` instead.
Try this:
  [apply] ring_nf
  
  The `ring` tactic failed to close the goal. Use `ring_nf` to obtain a normal form.
    
  Note that `ring` works primarily in *commutative* rings. If you have a noncommutative ring, abelian group or module, consider using `noncomm_ring`, `abel` or `module` instead.
SafeLearning/CompleteModulesSafeOptEightPointPosteriors.lean:42:92: error: unsolved goals
case left
D : Type u_1
kernel : D → D → ℝ
anchor target : D
regularizer label : ℝ
hm : actualGPMatrix kernel (fun x => anchor) regularizer = Matrix.diagonal fun x => kernel anchor anchor + regularizer
⊢ actualGPCross kernel (fun x => anchor) target 0 * Ring.inverse (fun x => kernel anchor anchor + regularizer) 0 *
      label =
    label * kernel anchor target * (kernel anchor anchor + regularizer)⁻¹

case right
D : Type u_1
kernel : D → D → ℝ
anchor target : D
regularizer label : ℝ
hm : actualGPMatrix kernel (fun x => anchor) regularizer = Matrix.diagonal fun x => kernel anchor anchor + regularizer
⊢ actualGPCross kernel (fun x => anchor) target 0 ^ 2 * Ring.inverse (fun x => kernel anchor anchor + regularizer) 0 =
    kernel anchor target ^ 2 * (kernel anchor anchor + regularizer)⁻¹
SafeLearning/CompleteModulesSafeOptEightPointPosteriors.lean:47:10: warning: declaration uses `sorry`
SafeLearning/CompleteModulesSafeOptEightPointPosteriors.lean:48:66: warning: This simp argument is unused:
  actualGPCross

Hint: Omit it from the simp argument list.
  [apply] simp only [actualGPMean, actualGPVariance, hm, Matrix.inv_diagonal]

Note: This linter can be disabled with `set_option linter.unusedSimpArgs false`
SafeLearning/CompleteModulesSafeOptEightPointPosteriors.lean:49:33: warning: This simp argument is unused:
  Ring.inverse_eq_inv

Hint: Omit it from the simp argument list.
  [apply] simp [Matrix.mulVec, dotProduct]

Note: This linter can be disabled with `set_option linter.unusedSimpArgs false`
SafeLearning/CompleteModulesSafeOptEightPointPosteriors.lean:57:54: error(lean.invalidField): Invalid field `PosSemidef`: The environment does not contain `Function.PosSemidef`, so it is not possible to project the field `PosSemidef` from an expression
  actualDiagonalKernel
of type `Fin 8 → Fin 8 → ℝ`
SafeLearning/CompleteModulesSafeOptEightPointPosteriors.lean:58:61: error(lean.invalidField): Invalid field `PosSemidef`: The environment does not contain `Function.PosSemidef`, so it is not possible to project the field `PosSemidef` from an expression
  actualSourceRankOneKernel
of type `Fin 8 → Fin 8 → ℝ`
SafeLearning/CompleteModulesSafeOptEightPointPosteriors.lean:60:69: error: unsolved goals
i j : Fin 8
⊢ i = j
SafeLearning/CompleteModulesSafeOptEightPointPosteriors.lean:61:41: warning: This simp argument is unused:
  Matrix.one_apply

Hint: Omit it from the simp argument list.
  [apply] simp [actualDiagonalKernel]

Note: This linter can be disabled with `set_option linter.unusedSimpArgs false`
SafeLearning/CompleteModulesSafeOptEightPointPosteriors.lean:97:6: error: Tactic `rewrite` failed: Did not find an occurrence of the pattern
  actualGPMean actualSourceRankOneKernel (fun x => 2) (1 / 100) (fun x => 2) 5
in the target expression
  0 ≤
    actualGPMean actualSourceRankOneKernel (fun x => 2) (1 / 100) (fun x => actualValue 2) 5 -
      √(actualGPVariance actualSourceRankOneKernel (fun x => 2) (1 / 100) 5)

hp :
  actualGPMean actualSourceRankOneKernel (fun x => 2) (1 / 100) (fun x => 2) 5 = 80 / 401 ∧
    actualGPVariance actualSourceRankOneKernel (fun x => 2) (1 / 100) 5 = 1 / 10025
⊢ 0 ≤
    actualGPMean actualSourceRankOneKernel (fun x => 2) (1 / 100) (fun x => actualValue 2) 5 -
      √(actualGPVariance actualSourceRankOneKernel (fun x => 2) (1 / 100) 5)
SafeLearning/CompleteModulesSafeOptEightPointPosteriors.lean:107:66: error(lean.invalidField): Invalid field `PosSemidef`: The environment does not contain `Function.PosSemidef`, so it is not possible to project the field `PosSemidef` from an expression
  actualMisspecifiedConstantKernel
of type `Fin 2 → Fin 2 → ℝ`
SafeLearning/CompleteModulesSafeOptEightPointPosteriors.lean:118:8: error: Tactic `rewrite` failed: Did not find an occurrence of the pattern
  actualGPMean actualMisspecifiedConstantKernel (fun x => 0) (1 / 100) (fun x => 1) 1
in the target expression
  0 ≤
    actualGPMean actualMisspecifiedConstantKernel (fun x => 0) (1 / 100) (fun x => actualMisspecifiedTruth 0) 1 -
      √(actualGPVariance actualMisspecifiedConstantKernel (fun x => 0) (1 / 100) 1)

case refine_2
hp :
  actualGPMean actualMisspecifiedConstantKernel (fun x => 0) (1 / 100) (fun x => 1) 1 = 100 / 101 ∧
    actualGPVariance actualMisspecifiedConstantKernel (fun x => 0) (1 / 100) 1 = 1 / 101
⊢ 0 ≤
    actualGPMean actualMisspecifiedConstantKernel (fun x => 0) (1 / 100) (fun x => actualMisspecifiedTruth 0) 1 -
      √(actualGPVariance actualMisspecifiedConstantKernel (fun x => 0) (1 / 100) 1)
