SafeLearning/CompleteModulesLandscapeCubicBarrier.lean:18:4: error: No goals to be solved
SafeLearning/CompleteModulesLandscapeCubicBarrier.lean:31:71: error: `simp` made no progress
SafeLearning/CompleteModulesLandscapeCubicBarrier.lean:36:25: warning: `if_pos` has been deprecated: Use `ite_eq_left` instead
SafeLearning/CompleteModulesLandscapeCubicBarrier.lean:36:35: warning: `if_pos` has been deprecated: Use `ite_eq_left` instead
SafeLearning/CompleteModulesLandscapeCubicBarrier.lean:41:25: warning: `if_pos` has been deprecated: Use `ite_eq_left` instead
SafeLearning/CompleteModulesLandscapeCubicBarrier.lean:41:35: warning: `if_neg` has been deprecated: Use `ite_eq_right` instead
SafeLearning/CompleteModulesLandscapeCubicBarrier.lean:46:23: warning: `if_neg` has been deprecated: Use `ite_eq_right` instead
SafeLearning/CompleteModulesLandscapeCubicBarrier.lean:46:33: warning: `if_neg` has been deprecated: Use `ite_eq_right` instead
SafeLearning/CompleteModulesLandscapeCubicBarrier.lean:54:54: error: `simp` made no progress
SafeLearning/CompleteModulesLandscapeCubicBarrier.lean:54:60: warning: This simp argument is unused:
  barrier

Hint: Omit it from the simp argument list.
  [apply] simp

Note: This linter can be disabled with `set_option linter.unusedSimpArgs false`
SafeLearning/CompleteModulesLandscapeCubicBarrier.lean:80:14: warning: `if_neg` has been deprecated: Use `ite_eq_right` instead
SafeLearning/CompleteModulesLandscapeCubicBarrier.lean:89:13: error: Type mismatch: After simplification, term
  HasDerivAt.const_add (-1) (hasDerivAt_id t)
 has type
  @HasDerivAt ℝ DenselyNormedField.toNontriviallyNormedField ℝ Real.normedAddCommGroup.toAddCommGroup
    RCLike.toInnerProductSpaceReal.toModule PseudoMetricSpace.toUniformSpace.toTopologicalSpace ⋯ (fun x => -1 + x) 1 t
but is expected to have type
  @HasDerivAt ℝ DenselyNormedField.toNontriviallyNormedField ℝ Real.instAddCommGroup Semiring.toModule
    PseudoMetricSpace.toUniformSpace.toTopologicalSpace ⋯ path 1 t
SafeLearning/CompleteModulesLandscapeCubicBarrier.lean:101:12: warning: `if_pos` has been deprecated: Use `ite_eq_left` instead
