SafeLearning/CompleteModulesLandscapeSafetyClassification.lean:25:17: error: Invalid field notation: Function `Function.const_mul` does not have a usable parameter of type `Function` for which to substitute `LipschitzWith.id`

Note: Such a parameter must be explicit, or implicit with a unique name, to be used by field notation
SafeLearning/CompleteModulesLandscapeSafetyClassification.lean:34:9: error(lean.synthInstanceFailed): failed to synthesize instance of type class
  LE Type

Hint: Type class instance resolution failures can be inspected with the `set_option trace.Meta.synthInstance true` command.
SafeLearning/CompleteModulesLandscapeSafetyClassification.lean:34:11: error(lean.synthInstanceFailed): failed to synthesize instance of type class
  OfNat Type 0
numerals are polymorphic in Lean, but the numeral `0` cannot be used in a context where the expected type is
  Type
due to the absence of the instance above

Hint: Type class instance resolution failures can be inspected with the `set_option trace.Meta.synthInstance true` command.
SafeLearning/CompleteModulesLandscapeSafetyClassification.lean:39:41: error: linarith failed to find a contradiction
L : sorry
h : LipschitzWith sorry sourceClip
hb : 3 / 100 ≤ ↑(sorry ()) * (1 / 1000)
⊢ False
failed
SafeLearning/CompleteModulesLandscapeSafetyClassification.lean:43:8: warning: declaration uses `sorry`
SafeLearning/CompleteModulesLandscapeSafetyClassification.lean:50:4: warning: this tactic is never executed

Note: This linter can be disabled with `set_option linter.unreachableTactic false`
SafeLearning/CompleteModulesLandscapeSafetyClassification.lean:49:4: warning: Unused tactic linter: `rw [actual_source_clipped_function_has_least_global_lipschitz_constant_thirty]` does nothing

Note: This linter can be disabled with `set_option linter.unusedTactic false`
SafeLearning/CompleteModulesLandscapeSafetyClassification.lean:50:4: warning: Unused tactic linter: `norm_num` does nothing

Note: This linter can be disabled with `set_option linter.unusedTactic false`
SafeLearning/CompleteModulesLandscapeSafetyClassification.lean:54:21: error(lean.synthInstanceFailed): failed to synthesize instance of type class
  LE Type

Hint: Type class instance resolution failures can be inspected with the `set_option trace.Meta.synthInstance true` command.
SafeLearning/CompleteModulesLandscapeSafetyClassification.lean:54:23: error(lean.synthInstanceFailed): failed to synthesize instance of type class
  OfNat Type 0
numerals are polymorphic in Lean, but the numeral `0` cannot be used in a context where the expected type is
  Type
due to the absence of the instance above

Hint: Type class instance resolution failures can be inspected with the `set_option trace.Meta.synthInstance true` command.
