SafeLearning/CompleteModulesGaussianSchurConsequences.lean:23:2: warning: Try this: 
  letI̵

The goal is a proposition, so `let` is preferred over `letI`.
The difference between `let` and `letI` is that `letI` inlines the value.
But this is not relevant for proofs because of proof irrelevance.

Note: This linter can be disabled with `set_option linter.style.haveILetI false`
SafeLearning/CompleteModulesGaussianSchurConsequences.lean:26:2: warning: Try this: 
  letI̵

The goal is a proposition, so `let` is preferred over `letI`.
The difference between `let` and `letI` is that `letI` inlines the value.
But this is not relevant for proofs because of proof irrelevance.

Note: This linter can be disabled with `set_option linter.style.haveILetI false`
SafeLearning/CompleteModulesGaussianSchurConsequences.lean:27:2: warning: Try this: 
  letI̵

The goal is a proposition, so `let` is preferred over `letI`.
The difference between `let` and `letI` is that `letI` inlines the value.
But this is not relevant for proofs because of proof irrelevance.

Note: This linter can be disabled with `set_option linter.style.haveILetI false`
SafeLearning/CompleteModulesGaussianSchurConsequences.lean:30:0: warning: automatically included section variable(s) unused in theorem `SafeLearning.CompleteModulesGaussianSchurConsequences.actual_observation_covariance_is_symmetric`:
  [Fintype I]
  [DecidableEq I]
consider restructuring your `variable` declarations so that the variables are not in scope or explicitly omit them:
  omit [Fintype I] [DecidableEq I] in theorem ...

Note: This linter can be disabled with `set_option linter.unusedSectionVars false`
SafeLearning/CompleteModulesGaussianSchurConsequences.lean:62:4: error: Tactic `rewrite` failed: Did not find an occurrence of the pattern
  (observationCovariance P Y)⁻¹ *ᵥ crossCovariance P Y Z ⬝ᵥ ?w
in the target expression
  ({
          toFun := fun y =>
            gaussianReal ((observationCovariance P Y)⁻¹ *ᵥ crossCovariance P Y Z ⬝ᵥ y)
              (Var[Z; P] - crossCovariance P Y Z ⬝ᵥ (observationCovariance P Y)⁻¹ *ᵥ crossCovariance P Y Z).toNNReal,
          measurable' := ⋯ }
        y)
      s✝ =
    ({
          toFun := fun y =>
            gaussianReal (crossCovariance P Y Z ⬝ᵥ (observationCovariance P Y)⁻¹ *ᵥ y)
              (Var[Z; P] - crossCovariance P Y Z ⬝ᵥ (observationCovariance P Y)⁻¹ *ᵥ crossCovariance P Y Z).toNNReal,
          measurable' := ⋯ }
        y)
      s✝

case e_κ
I : Type u_1
Omega : Type u_3
inst✝³ : Fintype I
inst✝² : DecidableEq I
inst✝¹ : MeasurableSpace Omega
P : Measure Omega
inst✝ : IsProbabilityMeasure P
Y : Omega → I → ℝ
Z : Omega → ℝ
hYZ : HasGaussianLaw (fun o => (Y o, Z o)) P
hunit : IsUnit (observationCovariance P Y)
hY : ∀ (i : I), ∫ (o : Omega), Y o i ∂P = 0
hZ : ∫ (o : Omega), Z o ∂P = 0
h :
  Measure.map (fun o => (Y o, Z o)) P =
    Measure.map Y P ⊗ₘ
      conditionalKernel
        (∫ (o : Omega), Z o ∂P -
          ∑ i, ((observationCovariance P Y)⁻¹ *ᵥ crossCovariance P Y Z) i * ∫ (o : Omega), Y o i ∂P)
        ((observationCovariance P Y)⁻¹ *ᵥ crossCovariance P Y Z)
        (Var[Z; P] - (observationCovariance P Y)⁻¹ *ᵥ crossCovariance P Y Z ⬝ᵥ crossCovariance P Y Z).toNNReal
y : I → ℝ
s✝ : Set ℝ
a✝ : MeasurableSet s✝
⊢ ({
          toFun := fun y =>
            gaussianReal ((observationCovariance P Y)⁻¹ *ᵥ crossCovariance P Y Z ⬝ᵥ y)
              (Var[Z; P] - crossCovariance P Y Z ⬝ᵥ (observationCovariance P Y)⁻¹ *ᵥ crossCovariance P Y Z).toNNReal,
          measurable' := ⋯ }
        y)
      s✝ =
    ({
          toFun := fun y =>
            gaussianReal (crossCovariance P Y Z ⬝ᵥ (observationCovariance P Y)⁻¹ *ᵥ y)
              (Var[Z; P] - crossCovariance P Y Z ⬝ᵥ (observationCovariance P Y)⁻¹ *ᵥ crossCovariance P Y Z).toNNReal,
          measurable' := ⋯ }
        y)
      s✝

Note: The target expression is not type-correct under the `implicit` transparency level, which may have triggered the failure. This is usually caused by unfolding of semireducible definitions in prior tactic steps. Use `set_option linter.tacticCheckInstances true` to investigate the source of the issue.
Full error:
  Application type mismatch: The argument
    measurable_gaussianReal
  has type
    @Measurable (ℝ × ℝ≥0) (Measure ℝ) Prod.instMeasurableSpace Measure.instMeasurableSpace
      (Function.uncurry gaussianReal)
  but is expected to have type
    @Measurable (ℝ × ℝ≥0) (Measure ℝ) Prod.instMeasurableSpace Measure.instMeasurableSpace fun y => gaussianReal y.1 y.2
  in the application
    Measurable.fun_comp measurable_gaussianReal
