SafeLearning/CompleteModulesGaussianRankOne.lean:22:0: warning: automatically included section variable(s) unused in theorem `SafeLearning.CompleteModulesGaussianRankOne.actual_one_observation_and_all_query_regression_residuals_are_jointly_gaussian`:
  [IsProbabilityMeasure P]
consider restructuring your `variable` declarations so that the variables are not in scope or explicitly omit them:
  omit [IsProbabilityMeasure P] in theorem ...

Note: This linter can be disabled with `set_option linter.unusedSectionVars false`
SafeLearning/CompleteModulesGaussianRankOne.lean:25:66: warning: Used `tac1 <;> tac2` where `(tac1; tac2)` would suffice

Note: This linter can be disabled with `set_option linter.unnecessarySeqFocus false`
SafeLearning/CompleteModulesGaussianRankOne.lean:74:33: error: `fun_prop` was unable to prove `Measurable ?m.42`

Issues:
SafeLearning/CompleteModulesGaussianRankOne.lean:74:11: error: `simp` made no progress
SafeLearning/CompleteModulesGaussianRankOne.lean:86:2: warning: Try this: 
  haveI̵

The goal is a proposition, so `have` is preferred over `haveI`.
The difference between `have` and `haveI` is that `haveI` inlines the value.
But this is not relevant for proofs because of proof irrelevance.

Note: This linter can be disabled with `set_option linter.style.haveILetI false`
SafeLearning/CompleteModulesGaussianRankOne.lean:102:39: error(lean.synthInstanceFailed): failed to synthesize instance of type class
  IsSFiniteKernel { toFun := fun y => Measure.map (fun r => r + fun i => w i * y) rho, measurable' := ⋯ }

Hint: Type class instance resolution failures can be inspected with the `set_option trace.Meta.synthInstance true` command.
SafeLearning/CompleteModulesGaussianRankOne.lean:95:104: error: unsolved goals
I : Type u_1
inst✝² : Fintype I
nu : Measure ℝ
inst✝¹ : IsProbabilityMeasure nu
rho : Measure (I → ℝ)
inst✝ : IsProbabilityMeasure rho
w : I → ℝ
test : ℝ × (I → ℝ) → ENNReal
htest : Measurable test
hm : Measurable fun pair => test (pair.1, pair.2 + fun i => w i * pair.1)
⊢ IsSFiniteKernel { toFun := fun y => Measure.map (fun r => r + fun i => w i * y) rho, measurable' := ⋯ }
SafeLearning/CompleteModulesGaussianRankOne.lean:115:2: warning: Try this: 
  haveI̵

The goal is a proposition, so `have` is preferred over `haveI`.
The difference between `have` and `haveI` is that `haveI` inlines the value.
But this is not relevant for proofs because of proof irrelevance.

Note: This linter can be disabled with `set_option linter.style.haveILetI false`
SafeLearning/CompleteModulesGaussianRankOne.lean:117:2: warning: Try this: 
  haveI̵

The goal is a proposition, so `have` is preferred over `haveI`.
The difference between `have` and `haveI` is that `haveI` inlines the value.
But this is not relevant for proofs because of proof irrelevance.

Note: This linter can be disabled with `set_option linter.style.haveILetI false`
SafeLearning/CompleteModulesGaussianRankOne.lean:128:4: error: Tactic `apply` failed: could not unify the conclusion of `@funext`
  ?f = ?g
with the goal
  (ℝ × (I → ℝ)) = (I → ℝ)

Note: The full type of `@funext` is
  ∀ {α : Sort ?u.154} {β : α → Sort ?u.153} {f g : (x : α) → β x}, (∀ (x : α), f x = g x) → f = g

case e_f.e_2
I : Type u_1
Omega : Type u_2
inst✝² : Fintype I
inst✝¹ : MeasurableSpace Omega
P : Measure Omega
inst✝ : IsProbabilityMeasure P
Y : Omega → ℝ
Z : Omega → I → ℝ
hYZ : HasGaussianLaw (fun o => (Y o, Z o)) P
hvar : 0 < Var[Y; P]
hg : HasGaussianLaw (fun o => (Y o, residual P Y Z o)) P
this✝ : IsProbabilityMeasure (Measure.map Y P)
this : IsProbabilityMeasure (Measure.map (residual P Y Z) P)
hi : Y ⟂ᵢ[P] residual P Y Z
hp : Measure.map (fun ω => (Y ω, residual P Y Z ω)) P = (Measure.map Y P).prod (Measure.map (residual P Y Z) P)
o : Omega
⊢ (ℝ × (I → ℝ)) = (I → ℝ)
SafeLearning/CompleteModulesGaussianRankOne.lean:137:2: warning: Try this: 
  haveI̵

The goal is a proposition, so `have` is preferred over `haveI`.
The difference between `have` and `haveI` is that `haveI` inlines the value.
But this is not relevant for proofs because of proof irrelevance.

Note: This linter can be disabled with `set_option linter.style.haveILetI false`
SafeLearning/CompleteModulesGaussianRankOne.lean:148:2: warning: Try this: 
  haveI̵

The goal is a proposition, so `have` is preferred over `haveI`.
The difference between `have` and `haveI` is that `haveI` inlines the value.
But this is not relevant for proofs because of proof irrelevance.

Note: This linter can be disabled with `set_option linter.style.haveILetI false`
SafeLearning/CompleteModulesGaussianRankOne.lean:150:2: warning: Try this: 
  haveI̵

The goal is a proposition, so `have` is preferred over `haveI`.
The difference between `have` and `haveI` is that `haveI` inlines the value.
But this is not relevant for proofs because of proof irrelevance.

Note: This linter can be disabled with `set_option linter.style.haveILetI false`
