SafeLearning/CompleteModulesDesignTruncation.lean:21:82: warning: Used `tac1 <;> tac2` where `(tac1; tac2)` would suffice

Note: This linter can be disabled with `set_option linter.unnecessarySeqFocus false`
SafeLearning/CompleteModulesDesignTruncation.lean:39:59: error: Tactic `rfl` failed: The left-hand side
  Complex.normSq z
is not definitionally equal to the right-hand side
  z.re ^ 2 + z.im ^ 2

z : ℂ
hg : (realification z)ᴴ * realification z = diagonal ![z.re ^ 2 + z.im ^ 2, z.re ^ 2 + z.im ^ 2]
hn : z.re ^ 2 + z.im ^ 2 = ‖realification z‖ * ‖realification z‖
⊢ Complex.normSq z = z.re ^ 2 + z.im ^ 2
SafeLearning/CompleteModulesDesignTruncation.lean:34:53: warning: This simp argument is unused:
  conjTranspose_apply

Hint: Omit it from the simp argument list.
  [apply] simp [realification, mul_apply, Fin.sum_univ_two, diagonal_apply]

Note: This linter can be disabled with `set_option linter.unusedSimpArgs false`
SafeLearning/CompleteModulesDesignTruncation.lean:34:73: warning: This simp argument is unused:
  diagonal_apply

Hint: Omit it from the simp argument list.
  [apply] simp [realification, mul_apply, Fin.sum_univ_two, conjTranspose_apply]

Note: This linter can be disabled with `set_option linter.unusedSimpArgs false`
SafeLearning/CompleteModulesDesignTruncation.lean:51:2: error: Type mismatch
  Eq.symm h
has type
  NormedSpace.exp !![0, -t; t, 0] = realificationHom (↑(Real.cos t) + ↑(Real.sin t) * Complex.I)
but is expected to have type
  NormedSpace.exp !![0, -t; t, 0] = !![Real.cos t, -Real.sin t; Real.sin t, Real.cos t]
