SafeLearning/CompleteModulesGoSafeToyAffine.lean:39:32: error: linarith failed to find a contradiction
gain reference : ℝ
hg : gain ∈ Icc 3 8
hr : 0 ≤ reference
a✝ : gain < 0
⊢ False
failed
SafeLearning/CompleteModulesGoSafeToyAffine.lean:68:2: error: Type mismatch: After simplification, term
  Tendsto.add tendsto_const_nhds (Tendsto.mul_const (initial - equilibrium) hp)
 has type
  @Tendsto ℕ ℝ (fun x => equilibrium + ratio ^ x * (initial - equilibrium)) atTop (𝓝 equilibrium)
but is expected to have type
  @Tendsto ℕ ℝ (actualTrajectory ratio equilibrium initial) atTop (𝓝 equilibrium)
SafeLearning/CompleteModulesGoSafeToyAffine.lean:109:89: error: Application type mismatch: The argument
  rfl
has type
  ?m.276 = ?m.276
but is expected to have type
  (fun n => actualMargin (actualTrajectory ratio equilibrium initial n)) n = 1 - equilibrium
in the application
  Exists.intro n rfl
SafeLearning/CompleteModulesGoSafeToyAffine.lean:123:4: error: linarith failed to find a contradiction
case left
ratio equilibrium : ℝ
hq : 0 < ratio
hq1 : ratio < 1
he : 0 < equilibrium
hp : ∀ (n : ℕ), 0 < ratio ^ n ∧ ratio ^ n ≤ 1
n : ℕ
a✝ : equilibrium + ratio ^ n * ratio * (0 - equilibrium) ≤ equilibrium + ratio ^ n * (0 - equilibrium)
⊢ False
failed
