SafeLearning/CompleteModulesGaussianRegressionFinite.lean:24:0: warning: automatically included section variable(s) unused in theorem `SafeLearning.CompleteModulesGaussianRegressionFinite.actual_finite_gaussian_observations_and_regression_residual_are_jointly_gaussian`:
  [DecidableEq I]
  [IsProbabilityMeasure P]
consider restructuring your `variable` declarations so that the variables are not in scope or explicitly omit them:
  omit [DecidableEq I] [IsProbabilityMeasure P] in theorem ...

Note: This linter can be disabled with `set_option linter.unusedSectionVars false`
SafeLearning/CompleteModulesGaussianRegressionFinite.lean:33:6: error: Tactic `rewrite` failed: Did not find an occurrence of the pattern
  (?M * ?N) *ᵥ ?v
in the target expression
  observationCovariance P Y *ᵥ (observationCovariance P Y)⁻¹ *ᵥ crossCovariance P Y Z = crossCovariance P Y Z

I : Type u_1
Omega : Type u_2
inst✝³ : Fintype I
inst✝² : DecidableEq I
inst✝¹ : MeasurableSpace Omega
P : Measure Omega
inst✝ : IsProbabilityMeasure P
Y : Omega → I → ℝ
Z : Omega → ℝ
hunit : IsUnit (observationCovariance P Y)
⊢ observationCovariance P Y *ᵥ (observationCovariance P Y)⁻¹ *ᵥ crossCovariance P Y Z = crossCovariance P Y Z
SafeLearning/CompleteModulesGaussianRegressionFinite.lean:41:10: error(lean.unknownIdentifier): Unknown constant `MeasureTheory.MemLp.finsetSum`
SafeLearning/CompleteModulesGaussianRegressionFinite.lean:62:2: error: Type mismatch: After simplification, term
  IndepFun.comp hi measurable_id (measurable_pi_apply ())
 has type
  @IndepFun Omega (I → ℝ) ℝ inst✝¹ MeasurableSpace.pi Real.measurableSpace (fun ω i => Y ω i)
    ((fun f => f ()) ∘ fun ω j => residual Y Z w ω) P
but is expected to have type
  @IndepFun Omega (I → ℝ) ℝ inst✝¹ MeasurableSpace.pi Real.measurableSpace Y (residual Y Z w) P
SafeLearning/CompleteModulesGaussianRegressionFinite.lean:71:10: error(lean.unknownIdentifier): Unknown constant `MeasureTheory.MemLp.finsetSum`
SafeLearning/CompleteModulesGaussianRegressionFinite.lean:76:40: error: Application type mismatch: The argument
  fun hq1 => MemLp.integrable hq1 hsum
has type
  1 ≤ 2 → Integrable (fun o => ∑ j, w j * Y o j) P
but is expected to have type
  Integrable ?m.222 P
in the application
  integral_sub (HasGaussianLaw.integrable (HasGaussianLaw.snd hYZ)) fun hq1 => MemLp.integrable hq1 hsum
SafeLearning/CompleteModulesGaussianRegressionFinite.lean:84:10: error: Tactic `rewrite` failed: Did not find an occurrence of the pattern
  cov[fun ω => Z ω - ∑ j, w j * Y ω j, residual Y Z w; P]
in the target expression
  cov[residual Y Z w, fun o => Z o - ∑ i, w i * Y o i; P] = cov[Z, residual Y Z w; P]

I : Type u_1
Omega : Type u_2
inst✝³ : Fintype I
inst✝² : DecidableEq I
inst✝¹ : MeasurableSpace Omega
P : Measure Omega
inst✝ : IsProbabilityMeasure P
Y : Omega → I → ℝ
Z : Omega → ℝ
hYZ : HasGaussianLaw (fun o => (Y o, Z o)) P
w : I → ℝ
hsolve : observationCovariance P Y *ᵥ w = crossCovariance P Y Z
hy : ∀ (j : I), MemLp (fun o => Y o j) 2 P
hsum : MemLp (fun o => ∑ j, w j * Y o j) 2 P
hr : HasGaussianLaw (residual Y Z w) P
hz : MemLp Z 2 P
hzero : ∀ (i : I), cov[fun o => Y o i, residual Y Z w; P] = 0
⊢ cov[residual Y Z w, fun o => Z o - ∑ i, w i * Y o i; P] = cov[Z, residual Y Z w; P]
SafeLearning/CompleteModulesGaussianRegressionFinite.lean:79:2: error: unsolved goals
case right
I : Type u_1
Omega : Type u_2
inst✝³ : Fintype I
inst✝² : DecidableEq I
inst✝¹ : MeasurableSpace Omega
P : Measure Omega
inst✝ : IsProbabilityMeasure P
Y : Omega → I → ℝ
Z : Omega → ℝ
hYZ : HasGaussianLaw (fun o => (Y o, Z o)) P
w : I → ℝ
hsolve : observationCovariance P Y *ᵥ w = crossCovariance P Y Z
hy : ∀ (j : I), MemLp (fun o => Y o j) 2 P
hsum : MemLp (fun o => ∑ j, w j * Y o j) 2 P
hr : HasGaussianLaw (residual Y Z w) P
hz : MemLp Z 2 P
hzero : ∀ (i : I), cov[fun o => Y o i, residual Y Z w; P] = 0
hvar : Var[residual Y Z w; P] = cov[Z, residual Y Z w; P]
⊢ ∑ x, cov[fun x_1 => w x * Y x_1 x, Z; P] = ∑ i, w i * cov[fun o => Y o i, Z; P]
SafeLearning/CompleteModulesGaussianRegressionFinite.lean:93:37: warning: This simp argument is unused:
  covariance_const_mul_right

Hint: Omit it from the simp argument list.
  [apply] simp [dotProduct, crossCovariance, covariance_comm Z]

Note: This linter can be disabled with `set_option linter.unusedSimpArgs false`
SafeLearning/CompleteModulesGaussianRegressionFinite.lean:102:0: warning: automatically included section variable(s) unused in theorem `SafeLearning.CompleteModulesGaussianRegressionFinite.actual_vector_observation_independent_gaussian_residual_product_derives_the_conditional_joint`:
  [DecidableEq I]
consider restructuring your `variable` declarations so that the variables are not in scope or explicitly omit them:
  omit [DecidableEq I] in theorem ...

Note: This linter can be disabled with `set_option linter.unusedSectionVars false`
SafeLearning/CompleteModulesGaussianRegressionFinite.lean:134:2: warning: Try this: 
  haveI̵

The goal is a proposition, so `have` is preferred over `haveI`.
The difference between `have` and `haveI` is that `haveI` inlines the value.
But this is not relevant for proofs because of proof irrelevance.

Note: This linter can be disabled with `set_option linter.style.haveILetI false`
