SafeLearning/CompleteModulesLandscapeARStationaryNumerics.lean:46:39: error: unsolved goals
⊢ 3 = (1 / 5 * √75) ^ 2
SafeLearning/CompleteModulesLandscapeARStationaryNumerics.lean:77:44: error: unsolved goals
v : ℝ≥0 := stationaryVariance (1 / 2) (1 / 10)
sd : ℝ≥0 := NNReal.sqrt v
hv : 0 < v
hs : sd ≠ 0
⊢ Measure.map (fun x => x) (gaussianReal (4 / 5) (stationaryVariance (1 / 2) (1 / 10))) =
    gaussianReal (4 / 5) (stationaryVariance (1 / 2) (1 / 10))
SafeLearning/CompleteModulesLandscapeARStationaryNumerics.lean:84:22: error(lean.unknownIdentifier): Unknown constant `NNReal.coe_sqrt`
SafeLearning/CompleteModulesLandscapeARStationaryNumerics.lean:83:45: error: unsolved goals
v : ℝ≥0 := stationaryVariance (1 / 2) (1 / 10)
sd : ℝ≥0 := NNReal.sqrt v
hv : 0 < v
hs : sd ≠ 0
hlaw : HasLaw (fun x => x) (gaussianReal (4 / 5) (sd ^ 2)) (stationaryLaw (1 / 2) (4 / 5) (1 / 10))
h : sourceStationaryTail = 1 - standardCDF ((1 - 4 / 5) / ↑sd)
⊢ ↑(NNReal.sqrt (stationaryVariance (1 / 2) (1 / 10))) = √↑(stationaryVariance (1 / 2) (1 / 10))
SafeLearning/CompleteModulesLandscapeARStationaryNumerics.lean:79:53: warning: This simp argument is unused:
  Measure.map_id

Hint: Omit it from the simp argument list.
  [apply] simp only [sd, NNReal.sq_sqrt, stationaryLaw, v]

Note: This linter can be disabled with `set_option linter.unusedSimpArgs false`
