SafeLearning/CompleteModulesSafeOptEightPointPosteriors.lean:34:116: error(lean.invalidField): Invalid field `posSemidef_add`: The environment does not contain `And.posSemidef_add`, so it is not possible to project the field `posSemidef_add` from an expression
  hg
of type
  ((Matrix.of kernel).submatrix input input).IsHermitian ∧
    ∀ (x : I →₀ ℝ), 0 ≤ x.sum fun i xi => x.sum fun j xj => star xi * (Matrix.of kernel).submatrix input input i j * xj
SafeLearning/CompleteModulesSafeOptEightPointPosteriors.lean:49:8: warning: This simp argument is unused:
  Matrix.inv_def

Hint: Omit it from the simp argument list.
  [apply] simp [Matrix.det_fin_one, Matrix.adjugate_fin_one, Matrix.mulVec, dotProduct, Ring.inverse_eq_inv,
    actualGPCross]

Note: This linter can be disabled with `set_option linter.unusedSimpArgs false`
SafeLearning/CompleteModulesSafeOptEightPointPosteriors.lean:49:23: warning: This simp argument is unused:
  Matrix.det_fin_one

Hint: Omit it from the simp argument list.
  [apply] simp [Matrix.inv_def, Matrix.adjugate_fin_one, Matrix.mulVec, dotProduct, Ring.inverse_eq_inv, actualGPCross]

Note: This linter can be disabled with `set_option linter.unusedSimpArgs false`
SafeLearning/CompleteModulesSafeOptEightPointPosteriors.lean:49:42: warning: This simp argument is unused:
  Matrix.adjugate_fin_one

Hint: Omit it from the simp argument list.
  [apply] simp [Matrix.inv_def, Matrix.det_fin_one, Matrix.mulVec, dotProduct, Ring.inverse_eq_inv, actualGPCross]

Note: This linter can be disabled with `set_option linter.unusedSimpArgs false`
SafeLearning/CompleteModulesSafeOptEightPointPosteriors.lean:63:4: error: Type mismatch: After simplification, term
  Matrix.posSemidef_vecMulVec_self_star actualValue
 has type
  @Matrix.PosSemidef (Fin 8) ℝ Real.instRing Real.partialOrder instStarRingReal
    (Matrix.of fun x y => actualValue x * actualValue y)
but is expected to have type
  @Matrix.PosSemidef (Fin 8) ℝ Real.instRing Real.partialOrder instStarRingReal (Matrix.of actualSourceRankOneKernel)
SafeLearning/CompleteModulesSafeOptEightPointPosteriors.lean:113:4: error: Type mismatch: After simplification, term
  Matrix.posSemidef_vecMulVec_self_star fun x => 1
 has type
  @Matrix.PosSemidef (Fin 2) ℝ Real.instRing Real.partialOrder instStarRingReal (Matrix.of fun x y => 1)
but is expected to have type
  @Matrix.PosSemidef (Fin 2) ℝ Real.instRing Real.partialOrder instStarRingReal
    (Matrix.of actualMisspecifiedConstantKernel)
