Try this:
  [apply] ring_nf
  
  The `ring` tactic failed to close the goal. Use `ring_nf` to obtain a normal form.
    
  Note that `ring` works primarily in *commutative* rings. If you have a noncommutative ring, abelian group or module, consider using `noncomm_ring`, `abel` or `module` instead.
SafeLearning/CompleteModulesSafeOptGaussianGapRKHS.lean:103:2: warning: Try this: 
  letI̵

The goal is a proposition, so `let` is preferred over `letI`.
The difference between `let` and `letI` is that `letI` inlines the value.
But this is not relevant for proofs because of proof irrelevance.

Note: This linter can be disabled with `set_option linter.style.haveILetI false`
SafeLearning/CompleteModulesSafeOptGaussianGapRKHS.lean:113:4: error: Type mismatch: After simplification, term
  h
 has type
  inner ℝ ((RKHS.kerFun (↥ActualCoefficientSpace) x) 1) c = inner ℝ (actualFeatureVector x) c * 1
but is expected to have type
  inner ℝ ((RKHS.kerFun (↥ActualCoefficientSpace) x) 1) c = inner ℝ (actualFeatureVector x) c
SafeLearning/CompleteModulesSafeOptGaussianGapRKHS.lean:128:2: warning: Try this: 
  letI̵

The goal is a proposition, so `let` is preferred over `letI`.
The difference between `let` and `letI` is that `letI` inlines the value.
But this is not relevant for proofs because of proof irrelevance.

Note: This linter can be disabled with `set_option linter.style.haveILetI false`
SafeLearning/CompleteModulesSafeOptGaussianGapRKHS.lean:127:93: error: unsolved goals
this : RKHS ℝ ↥ActualCoefficientSpace ℝ ℝ := actualGaussianRKHS
n : ℕ
x : ℝ
hb : actualGaussianHilbertBasis n = lp.single 2 n 1
⊢ actualGaussianFeature n x * 1 = actualGaussianFeature n x
SafeLearning/CompleteModulesSafeOptGaussianGapRKHS.lean:137:66: warning: This simp argument is unused:
  one_mul

Hint: Omit it from the simp argument list.
  [apply] simp only [lp.inner_single_left, RCLike.inner_apply, conj_trivial, actual_feature_vector_coordinates]

Note: This linter can be disabled with `set_option linter.unusedSimpArgs false`
SafeLearning/CompleteModulesSafeOptGaussianGapRKHS.lean:145:2: warning: Try this: 
  letI̵

The goal is a proposition, so `let` is preferred over `letI`.
The difference between `let` and `letI` is that `letI` inlines the value.
But this is not relevant for proofs because of proof irrelevance.

Note: This linter can be disabled with `set_option linter.style.haveILetI false`
