SafeLearning/CompleteModulesLandscapeFiniteCounts.lean:15:0: warning: automatically included section variable(s) unused in theorem `SafeLearning.CompleteModulesLandscapeFiniteCounts.actual_step_cost_is_the_zero_one_source_indicator`:
  [MeasurableSpace Ω]
consider restructuring your `variable` declarations so that the variables are not in scope or explicitly omit them:
  omit [MeasurableSpace Ω] in theorem ...

Note: This linter can be disabled with `set_option linter.unusedSectionVars false`
SafeLearning/CompleteModulesLandscapeFiniteCounts.lean:49:10: warning: `MeasureTheory.integrable_finset_sum` has been deprecated: Use `MeasureTheory.integrable_finsetSum` instead
SafeLearning/CompleteModulesLandscapeFiniteCounts.lean:57:6: warning: `MeasureTheory.integral_finset_sum` has been deprecated: Use `MeasureTheory.integral_finsetSum` instead
SafeLearning/CompleteModulesLandscapeFiniteCounts.lean:57:6: error: Tactic `rewrite` failed: Did not find an occurrence of the pattern
  ∫ (a : Ω), ∑ i ∈ ?m.68, (events i).indicator (fun x => 1) a ∂?m.92
in the target expression
  ∫ (ω : Ω), ∑ time, stepCost (events time) ω ∂P = ∑ time, P.real (events time)

Ω : Type u_1
inst✝¹ : MeasurableSpace Ω
T : ℕ
P : Measure Ω
inst✝ : IsProbabilityMeasure P
events : Fin (T + 1) → Set Ω
hmeas : ∀ (time : Fin (T + 1)), MeasurableSet (events time)
⊢ ∫ (ω : Ω), ∑ time, stepCost (events time) ω ∂P = ∑ time, P.real (events time)
SafeLearning/CompleteModulesLandscapeFiniteCounts.lean:81:0: warning: automatically included section variable(s) unused in theorem `SafeLearning.CompleteModulesLandscapeFiniteCounts.actual_one_step_and_every_step_trajectories_attain_both_bounds`:
  [MeasurableSpace Ω]
consider restructuring your `variable` declarations so that the variables are not in scope or explicitly omit them:
  omit [MeasurableSpace Ω] in theorem ...

Note: This linter can be disabled with `set_option linter.unusedSectionVars false`
