⚠ [8924/8927] Replayed SafeLearning.CompletePolicyQuadraticDual
warning: SafeLearning/CompletePolicyQuadraticDual.lean:27:0: automatically included section variable(s) unused in theorem `SafeLearning.CompletePolicyQuadraticDual.actual_real_symmetric_form`:
  [DecidableEq ι]
consider restructuring your `variable` declarations so that the variables are not in scope or explicitly omit them:
  omit [DecidableEq ι] in theorem ...

Note: This linter can be disabled with `set_option linter.unusedSectionVars false`
warning: SafeLearning/CompletePolicyQuadraticDual.lean:76:2: Used `tac1 <;> tac2` where `(tac1; tac2)` would suffice

Note: This linter can be disabled with `set_option linter.unnecessarySeqFocus false`
⚠ [8925/8927] Replayed SafeLearning.CompletePolicyQuadraticCalculus
warning: SafeLearning/CompletePolicyQuadraticCalculus.lean:15:0: automatically included section variable(s) unused in theorem `SafeLearning.CompletePolicyQuadraticCalculus.actual_linear_form_apply`:
  [DecidableEq ι]
consider restructuring your `variable` declarations so that the variables are not in scope or explicitly omit them:
  omit [DecidableEq ι] in theorem ...

Note: This linter can be disabled with `set_option linter.unusedSectionVars false`
warning: SafeLearning/CompletePolicyQuadraticCalculus.lean:33:15: `ContinuousLinearMap.sum_apply` has been deprecated: Use `_root_.sum_apply` instead

Note: The updated constant is in a different namespace. Dot notation may need to be changed (e.g., from `x.sum_apply` to `_root_.sum_apply x`).
warning: SafeLearning/CompletePolicyQuadraticCalculus.lean:33:46: `ContinuousLinearMap.add_apply` has been deprecated: Use `_root_.add_apply` instead

Note: The updated constant is in a different namespace. Dot notation may need to be changed (e.g., from `x.add_apply` to `_root_.add_apply x`).
warning: SafeLearning/CompletePolicyQuadraticCalculus.lean:34:6: `ContinuousLinearMap.smul_apply` has been deprecated: Use `_root_.smul_apply` instead

Note: The updated constant is in a different namespace. Dot notation may need to be changed (e.g., from `x.smul_apply` to `_root_.smul_apply x`).
warning: SafeLearning/CompletePolicyQuadraticCalculus.lean:56:15: `ContinuousLinearMap.sub_apply` has been deprecated: Use `_root_.sub_apply` instead

Note: The updated constant is in a different namespace. Dot notation may need to be changed (e.g., from `x.sub_apply` to `_root_.sub_apply x`).
warning: SafeLearning/CompletePolicyQuadraticCalculus.lean:56:46: `ContinuousLinearMap.smul_apply` has been deprecated: Use `_root_.smul_apply` instead

Note: The updated constant is in a different namespace. Dot notation may need to be changed (e.g., from `x.smul_apply` to `_root_.smul_apply x`).
warning: SafeLearning/CompletePolicyQuadraticCalculus.lean:103:10: this tactic is never executed

Note: This linter can be disabled with `set_option linter.unreachableTactic false`
warning: SafeLearning/CompletePolicyQuadraticCalculus.lean:103:10: Unused tactic linter: `ring` does nothing

Note: This linter can be disabled with `set_option linter.unusedTactic false`
warning: SafeLearning/CompletePolicyQuadraticCalculus.lean:125:31: This simp argument is unused:
  zero_mul

Hint: Omit it from the simp argument list.
  [apply] simp only [id_eq, mul_one, zero_sub]

Note: This linter can be disabled with `set_option linter.unusedSimpArgs false`
warning: SafeLearning/CompletePolicyQuadraticCalculus.lean:128:4: Used `tac1 <;> tac2` where `(tac1; tac2)` would suffice

Note: This linter can be disabled with `set_option linter.unnecessarySeqFocus false`
⚠ [8926/8927] Replayed SafeLearning.CompletePolicyFeasibleTRPO
warning: SafeLearning/CompletePolicyFeasibleTRPO.lean:50:6: this tactic is never executed

Note: This linter can be disabled with `set_option linter.unreachableTactic false`
warning: SafeLearning/CompletePolicyFeasibleTRPO.lean:50:6: Unused tactic linter: `ring` does nothing

Note: This linter can be disabled with `set_option linter.unusedTactic false`
⚠ [8927/8927] Built SafeLearning.CompletePolicyTRPOCalculus (4.4s)
warning: SafeLearning/CompletePolicyTRPOCalculus.lean:21:4: Used `tac1 <;> tac2` where `(tac1; tac2)` would suffice

Note: This linter can be disabled with `set_option linter.unnecessarySeqFocus false`
warning: SafeLearning/CompletePolicyTRPOCalculus.lean:43:8: this tactic is never executed

Note: This linter can be disabled with `set_option linter.unreachableTactic false`
warning: SafeLearning/CompletePolicyTRPOCalculus.lean:50:2: Used `tac1 <;> tac2` where `(tac1; tac2)` would suffice

Note: This linter can be disabled with `set_option linter.unnecessarySeqFocus false`
warning: SafeLearning/CompletePolicyTRPOCalculus.lean:43:8: Unused tactic linter: `ring` does nothing

Note: This linter can be disabled with `set_option linter.unusedTactic false`
warning: SafeLearning/CompletePolicyTRPOCalculus.lean:65:8: this tactic is never executed

Note: This linter can be disabled with `set_option linter.unreachableTactic false`
warning: SafeLearning/CompletePolicyTRPOCalculus.lean:65:8: Unused tactic linter: `ring` does nothing

Note: This linter can be disabled with `set_option linter.unusedTactic false`
Build completed successfully (8927 jobs).
