SafeLearning/CompleteModulesLoSBOGaussianSafety.lean:60:97: error: unexpected token '}'; expected term
SafeLearning/CompleteModulesLoSBOGaussianSafety.lean:50:13: error(lean.synthInstanceFailed): failed to synthesize instance of type class
  LE Type

Hint: Type class instance resolution failures can be inspected with the `set_option trace.Meta.synthInstance true` command.
SafeLearning/CompleteModulesLoSBOGaussianSafety.lean:50:15: error(lean.synthInstanceFailed): failed to synthesize instance of type class
  OfNat Type 0
numerals are polymorphic in Lean, but the numeral `0` cannot be used in a context where the expected type is
  Type
due to the absence of the instance above

Hint: Type class instance resolution failures can be inspected with the `set_option trace.Meta.synthInstance true` command.
SafeLearning/CompleteModulesLoSBOGaussianSafety.lean:60:6: error: invalid {...} notation, expected type is not of the form (C ...)
  Set Ω
SafeLearning/CompleteModulesLoSBOGaussianSafety.lean:58:87: error: unsolved goals
case hsub
Ω : Type u_1
X : Type u_2
inst✝² : MeasurableSpace Ω
inst✝¹ : PseudoMetricSpace X
P : Measure Ω
inst✝ : IsProbabilityMeasure P
f : X → ℝ
seed : Set X
query : ℕ → Ω → X
observation noise : ℕ → Ω → ℝ
L threshold : ℝ
horizon : ℕ
ht : 1 ≤ horizon
sigma : sorry
hs : sorry
delta : ℝ
hd : 0 < delta
hd1 : delta ≤ 1
hseed : ∀ x ∈ seed, threshold ≤ f x
hf : ∀ (a x : X), |f a - f x| ≤ L * dist a x
hobs : ∀ (omega : Ω), ∀ t ≥ 1, t ≤ horizon → observation t omega = f (query t omega) + noise t omega
hquery :
  ∀ (omega : Ω),
    ∀ t ≥ 1,
      t ≤ horizon →
        query t omega ∈
          actualSourceRounds seed (fun n => query n omega) (fun n => observation n omega)
            (fun x x_1 => actualHorizonRadius sorry horizon delta) (fun a x => L * dist a x) threshold t
hlaw : ∀ (t : Fin horizon), HasLaw (noise (↑t + 1)) (gaussianReal 0 (sigma ^ 2)) P
⊢ {omega | ∃ t, f (query (↑t + 1) omega) < threshold} ⊆ sorry

Ω : Type u_1
X : Type u_2
inst✝² : MeasurableSpace Ω
inst✝¹ : PseudoMetricSpace X
P : Measure Ω
inst✝ : IsProbabilityMeasure P
f : X → ℝ
seed : Set X
query : ℕ → Ω → X
observation noise : ℕ → Ω → ℝ
L threshold : ℝ
horizon : ℕ
ht : 1 ≤ horizon
sigma : sorry
hs : sorry
delta : ℝ
hd : 0 < delta
hd1 : delta ≤ 1
hseed : ∀ x ∈ seed, threshold ≤ f x
hf : ∀ (a x : X), |f a - f x| ≤ L * dist a x
hobs : ∀ (omega : Ω), ∀ t ≥ 1, t ≤ horizon → observation t omega = f (query t omega) + noise t omega
hquery :
  ∀ (omega : Ω),
    ∀ t ≥ 1,
      t ≤ horizon →
        query t omega ∈
          actualSourceRounds seed (fun n => query n omega) (fun n => observation n omega)
            (fun x x_1 => actualHorizonRadius sorry horizon delta) (fun a x => L * dist a x) threshold t
hlaw : ∀ (t : Fin horizon), HasLaw (noise (↑t + 1)) (gaussianReal 0 (sigma ^ 2)) P
hsub : {omega | ∃ t, f (query (↑t + 1) omega) < threshold} ⊆ sorry
⊢ P.real {omega | ∃ t, f (query (↑t + 1) omega) < threshold} ≤ delta
SafeLearning/CompleteModulesLoSBOGaussianSafety.lean:87:13: error(lean.synthInstanceFailed): failed to synthesize instance of type class
  LE Type

Hint: Type class instance resolution failures can be inspected with the `set_option trace.Meta.synthInstance true` command.
SafeLearning/CompleteModulesLoSBOGaussianSafety.lean:87:15: error(lean.synthInstanceFailed): failed to synthesize instance of type class
  OfNat Type 0
numerals are polymorphic in Lean, but the numeral `0` cannot be used in a context where the expected type is
  Type
due to the absence of the instance above

Hint: Type class instance resolution failures can be inspected with the `set_option trace.Meta.synthInstance true` command.
SafeLearning/CompleteModulesLoSBOGaussianSafety.lean:97:13: error(lean.unknownIdentifier): Unknown identifier `actual_finite_gaussian_source_queries_have_failure_probability_at_most_delta`
SafeLearning/CompleteModulesLoSBOGaussianSafety.lean:96:91: error: unsolved goals
Ω : Type u_1
X : Type u_2
inst✝² : MeasurableSpace Ω
inst✝¹ : PseudoMetricSpace X
P : Measure Ω
inst✝ : IsProbabilityMeasure P
f : X → ℝ
seed : Set X
query : ℕ → Ω → X
observation noise : ℕ → Ω → ℝ
L threshold : ℝ
horizon : ℕ
ht : 1 ≤ horizon
sigma : sorry
hs : sorry
delta : ℝ
hd : 0 < delta
hd1 : delta ≤ 1
hseed : ∀ x ∈ seed, threshold ≤ f x
hf : ∀ (a x : X), |f a - f x| ≤ L * dist a x
hobs : ∀ (omega : Ω), ∀ t ≥ 1, t ≤ horizon → observation t omega = f (query t omega) + noise t omega
hquery :
  ∀ (omega : Ω),
    ∀ t ≥ 1,
      t ≤ horizon →
        query t omega ∈
          actualSourceRounds seed (fun n => query n omega) (fun n => observation n omega)
            (fun x x_1 => actualHorizonRadius sorry horizon delta) (fun a x => L * dist a x) threshold t
hlaw : ∀ (t : Fin horizon), HasLaw (noise (↑t + 1)) (gaussianReal 0 (sigma ^ 2)) P
hmeas : ∀ (t : Fin horizon), Measurable fun omega => f (query (↑t + 1) omega)
⊢ 1 - delta ≤ P.real {omega | ∀ (t : Fin horizon), threshold ≤ f (query (↑t + 1) omega)}
