SafeLearning/CompleteModulesGPLinearInformationDesigns.lean:45:4: error: 'change' tactic failed, pattern
  ∑ p, cycleDesign m p i * cycleDesign m p i = ↑m
is not definitionally equal to target
  ((cycleDesign m)ᵀ * cycleDesign m) i i = (↑m • 1) i i
SafeLearning/CompleteModulesGPLinearInformationDesigns.lean:47:4: error: 'change' tactic failed, pattern
  ∑ p, cycleDesign m p i * cycleDesign m p j = 0
is not definitionally equal to target
  ((cycleDesign m)ᵀ * cycleDesign m) i j = (↑m • 1) i j
SafeLearning/CompleteModulesGPLinearInformationDesigns.lean:62:0: warning: automatically included section variable(s) unused in theorem `SafeLearning.CompleteModulesGPLinearInformationDesigns.actual_embedded_orthonormal_inputs_have_unit_euclidean_norm`:
  [Fintype T]
  [DecidableEq T]
consider restructuring your `variable` declarations so that the variables are not in scope or explicitly omit them:
  omit [Fintype T] [DecidableEq T] in theorem ...

Note: This linter can be disabled with `set_option linter.unusedSectionVars false`
SafeLearning/CompleteModulesGPLinearInformationDesigns.lean:69:0: warning: automatically included section variable(s) unused in theorem `SafeLearning.CompleteModulesGPLinearInformationDesigns.actual_embedded_orthonormal_design_has_identity_observation_gram`:
  [Fintype T]
consider restructuring your `variable` declarations so that the variables are not in scope or explicitly omit them:
  omit [Fintype T] in theorem ...

Note: This linter can be disabled with `set_option linter.unusedSectionVars false`
SafeLearning/CompleteModulesGPLinearInformationDesigns.lean:102:69: warning: Used `tac1 <;> tac2` where `(tac1; tac2)` would suffice

Note: This linter can be disabled with `set_option linter.unnecessarySeqFocus false`
