SafeLearning/CompleteModulesGaussianRankOne.lean:25:2: error: Type mismatch: After simplification, term
  HasGaussianLaw.map_fun hYZ (residualPairLinear (weight P Y Z))
 has type
  @HasGaussianLaw Omega (ℝ × (I → ℝ)) inst✝¹ PseudoMetricSpace.toUniformSpace.toTopologicalSpace
    Prod.normedAddCommGroup.toAddCommMonoid Prod.normedSpace.toModule Prod.instMeasurableSpace
    (fun ω => (Y ω, fun i => Z ω i - weight P Y Z i * Y ω)) P
but is expected to have type
  @HasGaussianLaw Omega (ℝ × (I → ℝ)) inst✝¹ instTopologicalSpaceProd Prod.instAddCommMonoid Prod.instModule
    Prod.instMeasurableSpace (fun o => (Y o, residual P Y Z o)) P
SafeLearning/CompleteModulesGaussianRankOne.lean:71:58: error: `fun_prop` was unable to prove `Measurable fun y => Measure.map (fun r => r + fun i => weight P Y Z i * y) (Measure.map (residual P Y Z) P)`

Issues:
  No theorems found for `MeasureTheory.Measure.map` in order to prove `Measurable fun y4 => Measure.map y4 (Measure.map (residual P Y Z) P)`
  No theorems found for `MeasureTheory.Measure.map` in order to prove `Measurable fun y => Measure.map (fun r => r + fun i => weight P Y Z i * y) (Measure.map (residual P Y Z) P)`
SafeLearning/CompleteModulesGaussianRankOne.lean:76:2: warning: Try this: 
  haveI̵

The goal is a proposition, so `have` is preferred over `haveI`.
The difference between `have` and `haveI` is that `haveI` inlines the value.
But this is not relevant for proofs because of proof irrelevance.

Note: This linter can be disabled with `set_option linter.style.haveILetI false`
SafeLearning/CompleteModulesGaussianRankOne.lean:73:0: error: This instance has 1 argument that cannot be inferred using typeclass synthesis. Specifically

  argument 8: `(hresidual : AEMeasurable (residual P Y Z) P)`

These arguments are not instance-implicit and appear neither in another instance-implicit argument nor the return type, so they cannot be inferred using typeclass synthesis.
SafeLearning/CompleteModulesGaussianRankOne.lean:84:64: error: `fun_prop` was unable to prove `Measurable fun y => Measure.map (fun r => r + fun i => w i * y) rho`

Issues:
  No theorems found for `MeasureTheory.Measure.map` in order to prove `Measurable fun y4 => Measure.map y4 rho`
  No theorems found for `MeasureTheory.Measure.map` in order to prove `Measurable fun y => Measure.map (fun r => r + fun i => w i * y) rho`
SafeLearning/CompleteModulesGaussianRankOne.lean:96:6: error: Tactic `rewrite` failed: Did not find an occurrence of the pattern
  ∫⁻ (a : I → ℝ), (test ∘ fun a => (?m.428, id a)) a ∂Measure.map ?m.415 ?m.413
in the target expression
  ∫⁻ (r : I → ℝ), test (y, r + fun i => w i * y) ∂rho =
    ∫⁻ (r : I → ℝ), test (y, r) ∂Measure.map (fun r => r + fun i => w i * y) rho

I : Type u_1
inst✝² : Fintype I
nu : Measure ℝ
inst✝¹ : IsProbabilityMeasure nu
rho : Measure (I → ℝ)
inst✝ : IsProbabilityMeasure rho
w : I → ℝ
test : ℝ × (I → ℝ) → ENNReal
htest : Measurable test
hm : Measurable fun pair => test (pair.1, pair.2 + fun i => w i * pair.1)
y : ℝ
⊢ ∫⁻ (r : I → ℝ), test (y, r + fun i => w i * y) ∂rho =
    ∫⁻ (r : I → ℝ), test (y, r) ∂Measure.map (fun r => r + fun i => w i * y) rho
SafeLearning/CompleteModulesGaussianRankOne.lean:102:2: warning: Try this: 
  haveI̵

The goal is a proposition, so `have` is preferred over `haveI`.
The difference between `have` and `haveI` is that `haveI` inlines the value.
But this is not relevant for proofs because of proof irrelevance.

Note: This linter can be disabled with `set_option linter.style.haveILetI false`
SafeLearning/CompleteModulesGaussianRankOne.lean:104:2: warning: Try this: 
  haveI̵

The goal is a proposition, so `have` is preferred over `haveI`.
The difference between `have` and `haveI` is that `haveI` inlines the value.
But this is not relevant for proofs because of proof irrelevance.

Note: This linter can be disabled with `set_option linter.style.haveILetI false`
SafeLearning/CompleteModulesGaussianRankOne.lean:110:36: error: unsolved goals
case e_f
I : Type u_1
Omega : Type u_2
inst✝² : Fintype I
inst✝¹ : MeasurableSpace Omega
P : Measure Omega
inst✝ : IsProbabilityMeasure P
Y : Omega → ℝ
Z : Omega → I → ℝ
hYZ : HasGaussianLaw (fun o => (Y o, Z o)) P
hvar : 0 < Var[Y; P]
hg : HasGaussianLaw (fun o => (Y o, residual P Y Z o)) P
this✝ : IsProbabilityMeasure (Measure.map Y P)
this : IsProbabilityMeasure (Measure.map (residual P Y Z) P)
hi : Y ⟂ᵢ[P] residual P Y Z
hp : Measure.map (fun ω => (Y ω, residual P Y Z ω)) P = (Measure.map Y P).prod (Measure.map (residual P Y Z) P)
o : Omega
⊢ (residual P Y Z o + fun i => weight P Y Z i * Y o) = Z o
SafeLearning/CompleteModulesGaussianRankOne.lean:114:10: warning: This simp argument is unused:
  residual

Hint: Omit it from the simp argument list.
  [apply] simp

Note: This linter can be disabled with `set_option linter.unusedSimpArgs false`
SafeLearning/CompleteModulesGaussianRankOne.lean:122:2: warning: Try this: 
  haveI̵

The goal is a proposition, so `have` is preferred over `haveI`.
The difference between `have` and `haveI` is that `haveI` inlines the value.
But this is not relevant for proofs because of proof irrelevance.

Note: This linter can be disabled with `set_option linter.style.haveILetI false`
SafeLearning/CompleteModulesGaussianRankOne.lean:133:2: warning: Try this: 
  haveI̵

The goal is a proposition, so `have` is preferred over `haveI`.
The difference between `have` and `haveI` is that `haveI` inlines the value.
But this is not relevant for proofs because of proof irrelevance.

Note: This linter can be disabled with `set_option linter.style.haveILetI false`
SafeLearning/CompleteModulesGaussianRankOne.lean:135:2: warning: Try this: 
  haveI̵

The goal is a proposition, so `have` is preferred over `haveI`.
The difference between `have` and `haveI` is that `haveI` inlines the value.
But this is not relevant for proofs because of proof irrelevance.

Note: This linter can be disabled with `set_option linter.style.haveILetI false`
SafeLearning/CompleteModulesGaussianRankOne.lean:141:29: error: `fun_prop` was unable to prove `AEStronglyMeasurable (fun r => r i)
  (Measure.map (fun r => r + fun i => weight P Y Z i * y) (Measure.map (residual P Y Z) P))`

Issues:
SafeLearning/CompleteModulesGaussianRankOne.lean:141:43: error: `fun_prop` was unable to prove `AEStronglyMeasurable (fun r => r j)
  (Measure.map (fun r => r + fun i => weight P Y Z i * y) (Measure.map (residual P Y Z) P))`

Issues:
SafeLearning/CompleteModulesGaussianRankOne.lean:144:27: error: `fun_prop` was unable to prove `AEStronglyMeasurable (fun r => r i) (Measure.map (residual P Y Z) P)`

Issues:
SafeLearning/CompleteModulesGaussianRankOne.lean:144:41: error: `fun_prop` was unable to prove `AEStronglyMeasurable (fun r => r j) (Measure.map (residual P Y Z) P)`

Issues:
SafeLearning/CompleteModulesGaussianRankOne.lean:153:26: error: `fun_prop` was unable to prove `AEMeasurable (fun r => r i) ((conditionalKernel P Y Z) y)`

Issues:
