SafeLearning/CompleteModulesSafeOptFiniteInformationBound.lean:29:8: error: Tactic `rewrite` failed: Did not find an occurrence of the pattern
  ((Unitary.conjStarAlgAut ℝ (Matrix index index ℝ)) ⋯.eigenvectorUnitary)
    (Matrix.diagonal (RCLike.ofReal ∘ ⋯.eigenvalues))
in the target expression
  1 + a • G = 1 + a • ((Unitary.conjStarAlgAut ℝ (Matrix index index ℝ)) U) (Matrix.diagonal ⋯.eigenvalues)

index : Type u_1
inst✝¹ : Fintype index
inst✝ : DecidableEq index
G : Matrix index index ℝ
hG : G.PosSemidef
a : ℝ
ha : 0 ≤ a
U : ↥(Matrix.unitaryGroup index ℝ) := ⋯.eigenvectorUnitary
hdiag : (Matrix.diagonal fun i => 1 + a * ⋯.eigenvalues i) = 1 + a • Matrix.diagonal ⋯.eigenvalues
⊢ 1 + a • G = 1 + a • ((Unitary.conjStarAlgAut ℝ (Matrix index index ℝ)) U) (Matrix.diagonal ⋯.eigenvalues)
SafeLearning/CompleteModulesSafeOptFiniteInformationBound.lean:31:4: error: Type mismatch: After simplification, term
  congrArg Matrix.det (Unitary.coe_mul_star_self U)
 has type
  @Eq ℝ ((↑U).det * (↑(star U)).det) 1
but is expected to have type
  @Eq ℝ ((↑U).det * (star ↑U).det) 1
SafeLearning/CompleteModulesSafeOptFiniteInformationBound.lean:43:13: error: Function expected at
  Finset.prod_le_prod fun x x_1 => ?m.485
but this term has type
  ∏ i ∈ ?m.481, ?m.479 i ≤ ∏ i ∈ ?m.481, ?m.480 i

Note: Expected a function because this term is being applied to the argument
  (fun i _ => le_add_of_nonneg_right (mul_nonneg ha (hG.eigenvalues_nonneg i)))
SafeLearning/CompleteModulesSafeOptFiniteInformationBound.lean:43:45: error: unsolved goals
index : Type u_1
inst✝¹ : Fintype index
inst✝ : DecidableEq index
G : Matrix index index ℝ
hG : G.PosSemidef
a : ℝ
ha : 0 ≤ a
U : ↥(Matrix.unitaryGroup index ℝ) := ⋯.eigenvectorUnitary
hdiag : (Matrix.diagonal fun i => 1 + a * ⋯.eigenvalues i) = 1 + a • Matrix.diagonal ⋯.eigenvalues
hconj :
  1 + a • G = ((Unitary.conjStarAlgAut ℝ (Matrix index index ℝ)) U) (Matrix.diagonal fun i => 1 + a * ⋯.eigenvalues i)
hu : (↑U).det * (star ↑U).det = 1
hdet : (1 + a • G).det = ∏ i, (1 + a * ⋯.eigenvalues i)
x✝¹ : ?m.475
x✝ : x✝¹ ∈ ?m.481
⊢ ?m.479 x✝¹ ≤ ?m.480 x✝¹
SafeLearning/CompleteModulesSafeOptFiniteInformationBound.lean:25:40: warning: This simp argument is unused:
  Matrix.diagonal_apply

Hint: Omit it from the simp argument list.
  [apply] simp [hij]

Note: This linter can be disabled with `set_option linter.unusedSimpArgs false`
SafeLearning/CompleteModulesSafeOptFiniteInformationBound.lean:67:8: error: Type mismatch: After simplification, term
  hnormalized (design i)
 has type
  kernel (design i) (design i) ≤ 1
but is expected to have type
  ∑ x, features (design i) x * features (design i) x ≤ 1
SafeLearning/CompleteModulesSafeOptFiniteInformationBound.lean:73:18: error(lean.unknownIdentifier): Unknown constant `RCLike.ofReal_real`
SafeLearning/CompleteModulesSafeOptFiniteInformationBound.lean:73:6: error: Type mismatch: After simplification, term
  Eq.symm (Matrix.IsHermitian.trace_eq_sum_eigenvalues (Matrix.PosSemidef.isHermitian hG))
 has type
  @Eq ℝ (∑ i, ↑(⋯.eigenvalues i)) G.trace
but is expected to have type
  @Eq ℝ (∑ j, ⋯.eigenvalues j) G.trace
SafeLearning/CompleteModulesSafeOptFiniteInformationBound.lean:82:8: error: Function expected at
  Finset.prod_le_prod fun i x => ?m.361
but this term has type
  ∏ i ∈ ?m.357, ?m.355 i ≤ ∏ i ∈ ?m.357, ?m.356 i

Note: Expected a function because this term is being applied to the argument
  (fun i _ => by
    simpa only [div_eq_mul_inv, mul_comm] using
      add_le_add_left (mul_le_mul_of_nonneg_left (heigen i) (inv_nonneg.mpr hlambda.le)) 1)
SafeLearning/CompleteModulesSafeOptFiniteInformationBound.lean:82:43: error: failed to synthesize
  Zero ?m.352

Hint: Additional diagnostic information may be available using the `set_option diagnostics true` command.
