SafeLearning/CompleteModulesLandscapeVisitProcess.lean:120:24: error: Tactic `rewrite` failed: Did not find an occurrence of the pattern
  |Real.exp ?m.334|
in the target expression
  |visitProcess query Y x R lambda n omega| ≤
    Real.exp (lambda * partialSum (fun i => queryWeight query x i * Y i) n omega)

Ω : Type u_1
D : Type u_2
mΩ : MeasurableSpace Ω
inst✝³ : MeasurableSpace D
inst✝² : MeasurableSingletonClass D
inst✝¹ : DecidableEq D
μ : Measure Ω
inst✝ : IsProbabilityMeasure μ
F : Filtration ℕ mΩ
query : ℕ → Ω → D
hquery : ∀ (i : ℕ), Measurable (query i)
Y : ℕ → Ω → ℝ
hY : ∀ (i : ℕ), StronglyMeasurable (Y i)
R : ℝ≥0
hb : ∀ (i : ℕ), ∀ᵐ (omega : Ω) ∂μ, Y i omega ∈ Icc (-↑R) ↑R
hz : ∀ (i : ℕ), μ[Y i | ↑F i] =ᵐ[μ] 0
x : D
lambda : ℝ
hq : (∀ (i : ℕ), StronglyMeasurable (queryWeight query x i)) ∧ ∀ (i : ℕ) (omega : Ω), |queryWeight query x i omega| ≤ 1
hw :
  (∀ (i : ℕ), StronglyMeasurable (queryWeight query x i * Y i)) ∧
    ∀ (i : ℕ), RealConditionalSubGaussian μ (↑F i) ⋯ (queryWeight query x i * Y i) ((1 * R) ^ 2)
hqn : ∀ (i : ℕ), StronglyMeasurable (queryWeight query x i)
hadp : StronglyAdapted F (visitProcess query Y x R lambda)
n : ℕ
hc : ∀ (i : ℕ), RealConditionalSubGaussian μ (↑F i) ⋯ (queryWeight query x i * Y i) (R ^ 2)
hi : Integrable (fun ω => Real.exp (lambda * partialSum (fun i => queryWeight query x i * Y i) n ω)) μ
omega : Ω
⊢ |visitProcess query Y x R lambda n omega| ≤
    Real.exp (lambda * partialSum (fun i => queryWeight query x i * Y i) n omega)
