SafeLearning/CompleteModulesLandscapeRegularBoundaryDomainCountermodel.lean:53:4: error: Type mismatch: After simplification, term
  HasFDerivAt.neg (hasFDerivAt_id x)
 has type
  @HasFDerivAt ℝ DenselyNormedField.toNontriviallyNormedField ℝ Real.normedAddCommGroup.toAddCommGroup
    RCLike.toInnerProductSpaceReal.toModule PseudoMetricSpace.toUniformSpace.toTopologicalSpace ℝ
    Real.normedAddCommGroup.toAddCommGroup RCLike.toInnerProductSpaceReal.toModule
    PseudoMetricSpace.toUniformSpace.toTopologicalSpace (-id) (-ContinuousLinearMap.id ℝ ℝ) x
but is expected to have type
  @HasFDerivAt ℝ DenselyNormedField.toNontriviallyNormedField ℝ Real.instAddCommGroup Semiring.toModule
    PseudoMetricSpace.toUniformSpace.toTopologicalSpace ℝ Real.instAddCommGroup Semiring.toModule
    PseudoMetricSpace.toUniformSpace.toTopologicalSpace barrier (-ContinuousLinearMap.id ℝ ℝ) x
Try this:
  [apply] ring_nf
  
  The `ring` tactic failed to close the goal. Use `ring_nf` to obtain a normal form.
    
  Note that `ring` works primarily in *commutative* rings. If you have a noncommutative ring, abelian group or module, consider using `noncomm_ring`, `abel` or `module` instead.
SafeLearning/CompleteModulesLandscapeRegularBoundaryDomainCountermodel.lean:78:77: error: unsolved goals
case e'_9
t : ℝ
ht : 0 ≤ t
hsq : trajectory t = (t / 2) ^ 2
hfield : field (trajectory t) = t / 2
⊢ t * (1 / 2) = id t * (1 / 2)
