SafeLearning/CompleteModulesLoSBOPracticeNumbers.lean:20:13: error: unexpected token '|*'; expected '|' or '|ₘ'
SafeLearning/CompleteModulesLoSBOPracticeNumbers.lean:20:4: error: Application type mismatch: The argument
  |x - center|
has type
  ℝ
but is expected to have type
  Prop
in the application
  |x - center| ≤ (observation - allowance - threshold) / slope ↔ |x - center|
SafeLearning/CompleteModulesLoSBOPracticeNumbers.lean:20:4: error: Application type mismatch: The argument
  |x - center|
has type
  ℝ
but is expected to have type
  Prop
in the application
  |x - center| ≤ (observation - allowance - threshold) / slope ↔ |x - center|
SafeLearning/CompleteModulesLoSBOPracticeNumbers.lean:16:60: error: unsolved goals
center observation allowance slope threshold : ℝ
hs : 0 < slope
x : ℝ
hd : Sort (max 1 ?u.74)
⊢ threshold ≤ observation - allowance - slope * |x - center| ↔
    x ∈
      Icc (center - (observation - allowance - threshold) / slope)
        (center + (observation - allowance - threshold) / slope)
SafeLearning/CompleteModulesLoSBOPracticeNumbers.lean:43:2: error: Tactic `constructor` failed: target is not an inductive datatype

x : ℝ
⊢ 1 / 5 ≤ x → x ≤ 3 / 5 → 0 ≤ x ∧ x ≤ 1
SafeLearning/CompleteModulesLoSBOPracticeNumbers.lean:59:22: error: No goals to be solved
SafeLearning/CompleteModulesLoSBOPracticeNumbers.lean:61:20: error: No goals to be solved
