SafeLearning/CompleteModulesGPPosteriorSolves.lean:50:20: error: linarith failed to find a contradiction
case mp.left.h1
v : Fin 2 → ℝ
h : !![3 / 2, 1 / 2; 1 / 2, 3 / 2] *ᵥ v = sourceQuery
h0 : 3 / 2 * vecHead v + 1 / 2 * vecHead (vecTail v) = 1 / 2
h1 : 1 / 2 * vecHead v + 3 / 2 * vecHead (vecTail v) = 0
a✝ : 3 * v 0 + v 1 < 1
⊢ False
failed
SafeLearning/CompleteModulesGPPosteriorSolves.lean:50:20: error: linarith failed to find a contradiction
case mp.right.h1
v : Fin 2 → ℝ
h : !![3 / 2, 1 / 2; 1 / 2, 3 / 2] *ᵥ v = sourceQuery
h0 : 3 / 2 * vecHead v + 1 / 2 * vecHead (vecTail v) = 1 / 2
h1 : 1 / 2 * vecHead v + 3 / 2 * vecHead (vecTail v) = 0
a✝ : v 0 + 3 * v 1 < 0
⊢ False
failed
SafeLearning/CompleteModulesGPPosteriorSolves.lean:53:78: error: linarith failed to find a contradiction
case mpr.«0».h1
v : Fin 2 → ℝ
h0 : 3 * v 0 + v 1 = 1
h1 : v 0 + 3 * v 1 = 0
a✝ : 3 / 2 * vecHead v + 1 / 2 * vecHead (vecTail v) < 1 / 2
⊢ False
failed
SafeLearning/CompleteModulesGPPosteriorSolves.lean:53:78: error: linarith failed to find a contradiction
case mpr.«1».h1
v : Fin 2 → ℝ
h0 : 3 * v 0 + v 1 = 1
h1 : v 0 + 3 * v 1 = 0
a✝ : 1 / 2 * vecHead v + 3 / 2 * vecHead (vecTail v) < 0
⊢ False
failed
SafeLearning/CompleteModulesGPPosteriorSolves.lean:108:6: warning: `push_neg` has been deprecated. Prefer using `push Not` instead.
If you'd rather continue using `push_neg` in your project, you can implement it as follows:
```
open Lean.Parser.Tactic in
macro "push_neg" cfg:optConfig loc:(location)? : tactic =>
  `(tactic| push $cfg:optConfig Not $[$loc]?)
```
SafeLearning/CompleteModulesGPPosteriorSolves.lean:124:6: error: linarith failed to find a contradiction
case hM2.«1»
v : Fin 3 → ℝ
hv : v ≠ 0
he : star v ⬝ᵥ sourceLatentCovariance *ᵥ v = v 0 ^ 2 + v 1 ^ 2 + v 2 ^ 2 + v 0 * v 1 + v 0 * v 2
h0 : 0 ≤ v 0 ^ 2
h1 : 0 ≤ (v 1 + v 0 / 2) ^ 2
h2 : 0 ≤ (v 2 + v 0 / 2) ^ 2
hneg : ¬0 < v 0 ^ 2 + v 1 ^ 2 + v 2 ^ 2 + v 0 * v 1 + v 0 * v 2
hz : v 0 = 0
hi : v ((fun i => i) ⟨1, ⋯⟩) ≠ 0
hp : 0 < v ((fun i => i) ⟨1, ⋯⟩) ^ 2
⊢ False
failed
SafeLearning/CompleteModulesGPPosteriorSolves.lean:126:6: error: linarith failed to find a contradiction
case hM2.«2»
v : Fin 3 → ℝ
hv : v ≠ 0
he : star v ⬝ᵥ sourceLatentCovariance *ᵥ v = v 0 ^ 2 + v 1 ^ 2 + v 2 ^ 2 + v 0 * v 1 + v 0 * v 2
h0 : 0 ≤ v 0 ^ 2
h1 : 0 ≤ (v 1 + v 0 / 2) ^ 2
h2 : 0 ≤ (v 2 + v 0 / 2) ^ 2
hneg : ¬0 < v 0 ^ 2 + v 1 ^ 2 + v 2 ^ 2 + v 0 * v 1 + v 0 * v 2
hz : v 0 = 0
hi : v ((fun i => i) ⟨2, ⋯⟩) ≠ 0
hp : 0 < v ((fun i => i) ⟨2, ⋯⟩) ^ 2
⊢ False
failed
