SafeLearning/CompleteModulesGPCorrelatedConsequences.lean:30:13: error: Tactic `rewrite` failed: Did not find an occurrence of the pattern
  Measure.map (?m.88 ∘ Prod.fst) ?m.87
in the target expression
  Measure.map (fun triple => sourceLatentPair triple.1) (baseLaw.prod sourceNoiseLaw) = sourcePriorLaw

⊢ Measure.map (fun triple => sourceLatentPair triple.1) (baseLaw.prod sourceNoiseLaw) = sourcePriorLaw
SafeLearning/CompleteModulesGPCorrelatedConsequences.lean:61:2: error: 'change' tactic failed, pattern
  ∫⁻ (triple : (ℝ × ℝ) × ℝ), test (sourceGenerativeMap triple) ∂rawLaw = ?m.735
is not definitionally equal to target
  ∫⁻ (a : ℝ × ℝ × ℝ), test a ∂sourceGenerativeJoint =
    ∫⁻ (a : ℝ × ℝ × ℝ),
      test
        a ∂Measure.map
        ((fun triple => (triple.1.1, latentPair (triple.1.2, triple.2))) ∘
          Prod.map (Prod.swap ∘ fun pair => (pair.1, pair.1 + pair.2)) id)
        (((gaussianReal 0 1).prod (gaussianReal 0 (1 / 4))).prod residualLaw)
SafeLearning/CompleteModulesGPCorrelatedConsequences.lean:92:2: error: Type mismatch: After simplification, term
  gaussianReal_add_gaussianReal_of_indepFun hi ha hn
 has type
  @Eq (Measure ℝ) (Measure.map (Prod.fst + Prod.snd) ((gaussianReal mean variance).prod (gaussianReal 0 4⁻¹)))
    (gaussianReal mean (variance + 4⁻¹))
but is expected to have type
  @Eq (Measure ℝ) (Measure.map (fun pair => pair.1 + pair.2) ((gaussianReal mean variance).prod (gaussianReal 0 4⁻¹)))
    (gaussianReal mean (variance + 4⁻¹))
SafeLearning/CompleteModulesGPCorrelatedConsequences.lean:111:27: error: unsolved goals
⊢ False
