SafeLearning/CompleteModulesDesignTruncation.lean:21:82: warning: Used `tac1 <;> tac2` where `(tac1; tac2)` would suffice

Note: This linter can be disabled with `set_option linter.unnecessarySeqFocus false`
SafeLearning/CompleteModulesDesignTruncation.lean:34:53: warning: This simp argument is unused:
  conjTranspose_apply

Hint: Omit it from the simp argument list.
  [apply] simp [realification, mul_apply, Fin.sum_univ_two, diagonal_apply]

Note: This linter can be disabled with `set_option linter.unusedSimpArgs false`
SafeLearning/CompleteModulesDesignTruncation.lean:34:73: warning: This simp argument is unused:
  diagonal_apply

Hint: Omit it from the simp argument list.
  [apply] simp [realification, mul_apply, Fin.sum_univ_two, conjTranspose_apply]

Note: This linter can be disabled with `set_option linter.unusedSimpArgs false`
SafeLearning/CompleteModulesDesignTruncation.lean:51:2: error: Type mismatch: After simplification, term
  Eq.symm h
 has type
  @Eq (Matrix (Fin 2) (Fin 2) ℝ) (NormedSpace.exp !![0, -t; t, 0])
    !![(Complex.cos ↑t).re, -(Complex.sin ↑t).re; (Complex.sin ↑t).re, (Complex.cos ↑t).re]
but is expected to have type
  @Eq (Matrix (Fin 2) (Fin 2) ℝ) (NormedSpace.exp !![0, -t; t, 0]) !![Real.cos t, -Real.sin t; Real.sin t, Real.cos t]
SafeLearning/CompleteModulesDesignTruncation.lean:106:65: warning: Used `tac1 <;> tac2` where `(tac1; tac2)` would suffice

Note: This linter can be disabled with `set_option linter.unnecessarySeqFocus false`
