SafeLearning/CompleteModulesGPCorrelatedPosterior.lean:34:48: error: Application type mismatch: The argument
  Measurable.comp htest hmap
has type
  Measurable (test ∘ fun triple => (triple.1.1, latentPair (triple.1.2, triple.2)))
but is expected to have type
  AEMeasurable ?m.238 (Measure.prod ?m.235 ?m.236)
in the application
  lintegral_prod ?m.238 (Measurable.comp htest hmap)
SafeLearning/CompleteModulesGPCorrelatedPosterior.lean:28:66: error: unsolved goals
nu : Measure ℝ
inst✝² : SFinite nu
kappa : Kernel ℝ ℝ
inst✝¹ : IsMarkovKernel kappa
rho : Measure ℝ
inst✝ : IsProbabilityMeasure rho
hmap : Measurable fun triple => (triple.1.1, latentPair (triple.1.2, triple.2))
hpair : Measurable latentPair
test : ℝ × ℝ × ℝ → ℝ≥0∞
htest : Measurable test
⊢ ∫⁻ (a : (ℝ × ℝ) × ℝ), test (a.1.1, latentPair (a.1.2, a.2)) ∂(nu ⊗ₘ kappa).prod rho =
    ∫⁻ (a : ℝ × ℝ × ℝ), test a ∂nu ⊗ₘ (kappa ×ₖ Kernel.const ℝ rho).map latentPair
SafeLearning/CompleteModulesGPCorrelatedPosterior.lean:74:2: warning: Try this: 
  haveI̵

The goal is a proposition, so `have` is preferred over `haveI`.
The difference between `have` and `haveI` is that `haveI` inlines the value.
But this is not relevant for proofs because of proof irrelevance.

Note: This linter can be disabled with `set_option linter.style.haveILetI false`
SafeLearning/CompleteModulesGPCorrelatedPosterior.lean:88:4: error: Tactic `assumption` failed

reading : ℝ
mu : Measure ℝ := sourcePosterior reading
this : IsProbabilityMeasure mu
ha :
  HasLaw Prod.fst (gaussianReal (4 / 5 * reading) (1 / 5)) ((gaussianReal (4 / 5 * reading) (1 / 5)).prod residualLaw)
hz : HasLaw Prod.snd residualLaw (mu.prod residualLaw)
he : mu = gaussianReal (4 / 5 * reading) (1 / 5)
⊢ HasLaw Prod.fst (gaussianReal (4 / 5 * reading) (1 / 5)) (mu.prod residualLaw)
SafeLearning/CompleteModulesGPCorrelatedPosterior.lean:94:6: error: Tactic `rewrite` failed: Did not find an occurrence of the pattern
  Measure.map ((fun pair => 1 / 2 * pair.1) + Prod.snd) (mu.prod residualLaw)
in the target expression
  Measure.map (fun pair => 1 / 2 * pair.1 + pair.2) (mu.prod residualLaw) = gaussianReal (2 / 5 * reading) (4 / 5)

reading : ℝ
mu : Measure ℝ := sourcePosterior reading
this : IsProbabilityMeasure mu
ha : HasLaw Prod.fst mu (mu.prod residualLaw)
hz : HasLaw Prod.snd residualLaw (mu.prod residualLaw)
haa : HasLaw Prod.fst (gaussianReal (4 / 5 * reading) (1 / 5)) (mu.prod residualLaw)
hs :
  HasLaw (fun ω => 1 / 2 * ω.1) (gaussianReal (1 / 2 * (4 / 5 * reading)) (NNReal.mk ((1 / 2) ^ 2) ⋯ * (1 / 5)))
    (mu.prod residualLaw)
hind : (fun pair => 1 / 2 * pair.1) ⟂ᵢ[mu.prod residualLaw] Prod.snd
hadd :
  Measure.map ((fun pair => 1 / 2 * pair.1) + Prod.snd) (mu.prod residualLaw) =
    gaussianReal (1 / 2 * (4 / 5 * reading) + 0) (NNReal.mk ((1 / 2) ^ 2) ⋯ * (1 / 5) + 3 / 4)
⊢ Measure.map (fun pair => 1 / 2 * pair.1 + pair.2) (mu.prod residualLaw) = gaussianReal (2 / 5 * reading) (4 / 5)
SafeLearning/CompleteModulesGPCorrelatedPosterior.lean:103:4: error: Type mismatch: After simplification, term
  actual_source_first_latent_marginal_of_the_posterior_pair_is_the_true_gaussian 2
 has type
  Measure.map Prod.fst (posteriorPairKernel 2) = gaussianReal (4 / 5 * 2) 5⁻¹
but is expected to have type
  Measure.map Prod.fst (posteriorPairKernel 2) = gaussianReal (8 / 5) 5⁻¹
SafeLearning/CompleteModulesGPCorrelatedPosterior.lean:104:4: error: Type mismatch: After simplification, term
  actual_source_second_latent_marginal_of_the_posterior_pair_is_the_true_gaussian 2
 has type
  Measure.map Prod.snd (posteriorPairKernel 2) = gaussianReal (2 / 5 * 2) (4 / 5)
but is expected to have type
  Measure.map Prod.snd (posteriorPairKernel 2) = gaussianReal (4 / 5) (4 / 5)
