SafeLearning/CompleteModulesLandscapeGaussianQuadraticIntegral.lean:16:33: error: Function expected at
  toEuclideanCLM
but this term has type
  Matrix ?m.6 ?m.6 ?m.5 ≃⋆ₐ[?m.5] EuclideanSpace ?m.5 ?m.6 →L[?m.5] EuclideanSpace ?m.5 ?m.6

Note: Expected a function because this term is being applied to the argument
  V
SafeLearning/CompleteModulesLandscapeGaussianQuadraticIntegral.lean:20:4: error: Function expected at
  toEuclideanCLM
but this term has type
  Matrix ?m.7 ?m.7 ?m.6 ≃⋆ₐ[?m.6] EuclideanSpace ?m.6 ?m.7 →L[?m.6] EuclideanSpace ?m.6 ?m.7

Note: Expected a function because this term is being applied to the argument
  V
SafeLearning/CompleteModulesLandscapeGaussianQuadraticIntegral.lean:27:4: error: Function expected at
  toEuclideanCLM
but this term has type
  Matrix ?m.7 ?m.7 ?m.6 ≃⋆ₐ[?m.6] EuclideanSpace ?m.6 ?m.7 →L[?m.6] EuclideanSpace ?m.6 ?m.7

Note: Expected a function because this term is being applied to the argument
  (1 + V)⁻¹
SafeLearning/CompleteModulesLandscapeGaussianQuadraticIntegral.lean:55:17: error: Function expected at
  toEuclideanCLM
but this term has type
  Matrix ?m.126 ?m.126 ?m.125 ≃⋆ₐ[?m.125] EuclideanSpace ?m.125 ?m.126 →L[?m.125] EuclideanSpace ?m.125 ?m.126

Note: Expected a function because this term is being applied to the argument
  V
SafeLearning/CompleteModulesLandscapeGaussianQuadraticIntegral.lean:56:57: error: unsolved goals
ι : Type u_1
inst✝¹ : Fintype ι
inst✝ : DecidableEq ι
V : Matrix ι ι ℝ
hV : V.PosSemidef
S : EuclideanSpace ℝ ι
x : ι → ℝ
b : OrthonormalBasis ι ℝ (EuclideanSpace ℝ ι) := ⋯.eigenvectorBasis
⊢ sorry = ∑ x_1, (x x_1 * ⋯.eigenvalues x_1) • ⋯.eigenvectorBasis x_1
SafeLearning/CompleteModulesLandscapeGaussianQuadraticIntegral.lean:58:32: error: Function expected at
  toEuclideanCLM
but this term has type
  Matrix ?m.178 ?m.178 ?m.177 ≃⋆ₐ[?m.177] EuclideanSpace ?m.177 ?m.178 →L[?m.177] EuclideanSpace ?m.177 ?m.178

Note: Expected a function because this term is being applied to the argument
  V
SafeLearning/CompleteModulesLandscapeGaussianQuadraticIntegral.lean:67:21: error: Function expected at
  toEuclideanCLM
but this term has type
  Matrix ?m.292 ?m.292 ?m.291 ≃⋆ₐ[?m.291] EuclideanSpace ?m.291 ?m.292 →L[?m.291] EuclideanSpace ?m.291 ?m.292

Note: Expected a function because this term is being applied to the argument
  V
SafeLearning/CompleteModulesLandscapeGaussianQuadraticIntegral.lean:57:15: warning: This simp argument is unused:
  map_sum

Hint: Omit it from the simp argument list.
  [apply] simp only [map_smul, b, actual_psd_eigenbasis_action, smul_smul]

Note: This linter can be disabled with `set_option linter.unusedSimpArgs false`
SafeLearning/CompleteModulesLandscapeGaussianQuadraticIntegral.lean:57:24: warning: This simp argument is unused:
  map_smul

Hint: Omit it from the simp argument list.
  [apply] simp only [map_sum, b, actual_psd_eigenbasis_action, smul_smul]

Note: This linter can be disabled with `set_option linter.unusedSimpArgs false`
SafeLearning/CompleteModulesLandscapeGaussianQuadraticIntegral.lean:57:37: warning: This simp argument is unused:
  actual_psd_eigenbasis_action

Hint: Omit it from the simp argument list.
  [apply] simp only [map_sum, map_smul, b, smul_smul]

Note: This linter can be disabled with `set_option linter.unusedSimpArgs false`
SafeLearning/CompleteModulesLandscapeGaussianQuadraticIntegral.lean:57:67: warning: This simp argument is unused:
  smul_smul

Hint: Omit it from the simp argument list.
  [apply] simp only [map_sum, map_smul, b, actual_psd_eigenbasis_action]

Note: This linter can be disabled with `set_option linter.unusedSimpArgs false`
SafeLearning/CompleteModulesLandscapeGaussianQuadraticIntegral.lean:75:8: error: Function expected at
  toEuclideanCLM
but this term has type
  Matrix ?m.9 ?m.9 ?m.8 ≃⋆ₐ[?m.8] EuclideanSpace ?m.8 ?m.9 →L[?m.8] EuclideanSpace ?m.8 ?m.9

Note: Expected a function because this term is being applied to the argument
  (1 + V)⁻¹
SafeLearning/CompleteModulesLandscapeGaussianQuadraticIntegral.lean:79:12: error: Function expected at
  toEuclideanCLM
but this term has type
  Matrix ?m.97 ?m.97 ?m.96 ≃⋆ₐ[?m.96] EuclideanSpace ?m.96 ?m.97 →L[?m.96] EuclideanSpace ?m.96 ?m.97

Note: Expected a function because this term is being applied to the argument
  (1 + V)⁻¹
SafeLearning/CompleteModulesLandscapeGaussianQuadraticIntegral.lean:82:10: error: Function expected at
  toEuclideanCLM
but this term has type
  Matrix ?m.146 ?m.146 ?m.145 ≃⋆ₐ[?m.145] EuclideanSpace ?m.145 ?m.146 →L[?m.145] EuclideanSpace ?m.145 ?m.146

Note: Expected a function because this term is being applied to the argument
  (1 + V)⁻¹
SafeLearning/CompleteModulesLandscapeGaussianQuadraticIntegral.lean:83:15: error: unsolved goals
ι : Type u_1
inst✝¹ : Fintype ι
inst✝ : DecidableEq ι
V : Matrix ι ι ℝ
hV : V.PosSemidef
S : EuclideanSpace ℝ ι
b : OrthonormalBasis ι ℝ (EuclideanSpace ℝ ι) := ⋯.eigenvectorBasis
⊢ sorry = ∑ x, (⟪⋯.eigenvectorBasis x, S⟫ * (1 + ⋯.eigenvalues x)⁻¹) • ⋯.eigenvectorBasis x
SafeLearning/CompleteModulesLandscapeGaussianQuadraticIntegral.lean:84:19: warning: This simp argument is unused:
  map_sum

Hint: Omit it from the simp argument list.
  [apply] simp only [map_smul, b, actual_psd_inverse_eigenbasis_action, smul_smul, div_eq_mul_inv]

Note: This linter can be disabled with `set_option linter.unusedSimpArgs false`
SafeLearning/CompleteModulesLandscapeGaussianQuadraticIntegral.lean:84:28: warning: This simp argument is unused:
  map_smul

Hint: Omit it from the simp argument list.
  [apply] simp only [map_sum, b, actual_psd_inverse_eigenbasis_action, smul_smul, div_eq_mul_inv]

Note: This linter can be disabled with `set_option linter.unusedSimpArgs false`
SafeLearning/CompleteModulesLandscapeGaussianQuadraticIntegral.lean:84:41: warning: This simp argument is unused:
  actual_psd_inverse_eigenbasis_action

Hint: Omit it from the simp argument list.
  [apply] simp only [map_sum, map_smul, b, smul_smul, div_eq_mul_inv]

Note: This linter can be disabled with `set_option linter.unusedSimpArgs false`
SafeLearning/CompleteModulesLandscapeGaussianQuadraticIntegral.lean:85:10: warning: This simp argument is unused:
  smul_smul

Hint: Omit it from the simp argument list.
  [apply] simp only [map_sum, map_smul, b, actual_psd_inverse_eigenbasis_action, div_eq_mul_inv]

Note: This linter can be disabled with `set_option linter.unusedSimpArgs false`
SafeLearning/CompleteModulesLandscapeGaussianQuadraticIntegral.lean:101:2: error: Type mismatch: After simplification, term
  actual_finite_diagonal_gaussian_quadratic_exponential_is_integrable 1 (PosSemidef.isHermitian hV).eigenvalues
    (fun i => ⟪(PosSemidef.isHermitian hV).eigenvectorBasis i, S⟫) (PosSemidef.eigenvalues_nonneg hV)
 has type
  Integrable (fun x => Real.exp (∑ i, (x i * ⟪⋯.eigenvectorBasis i, S⟫ - ⋯.eigenvalues i * x i ^ 2 / 2)))
    (Measure.pi fun x => gaussianReal 0 1)
but is expected to have type
  Integrable (fun x => actualQuadraticGaussianTilt V S (∑ i, x i • ⋯.eigenvectorBasis i))
    (Measure.pi fun x => gaussianReal 0 1)
SafeLearning/CompleteModulesLandscapeGaussianQuadraticIntegral.lean:111:48: error: Function expected at
  toEuclideanCLM
but this term has type
  Matrix ?m.34 ?m.34 ?m.33 ≃⋆ₐ[?m.33] EuclideanSpace ?m.33 ?m.34 →L[?m.33] EuclideanSpace ?m.33 ?m.34

Note: Expected a function because this term is being applied to the argument
  (1 + V)⁻¹
