SafeLearning/CompleteModulesDesignApproximateOrthogonality.lean:57:8: error: Type mismatch: After simplification, term
  hm
 has type
  @LE.le ℝ Real.instLE
    ‖(EuclideanSpace.equiv N ℝ).symm
        (implemented n *ᵥ (sourceStack implemented activation n x - sourceStack implemented activation n y).ofLp)‖
    (‖implemented n‖ * ‖sourceStack implemented activation n x - sourceStack implemented activation n y‖)
but is expected to have type
  @LE.le ℝ Real.instLE
    ‖WithLp.toLp 2
        (implemented n *ᵥ
          ((sourceStack implemented activation n x).ofLp - (sourceStack implemented activation n y).ofLp))‖
    (‖implemented n‖ * ‖sourceStack implemented activation n x - sourceStack implemented activation n y‖)
SafeLearning/CompleteModulesDesignApproximateOrthogonality.lean:90:36: error: Function expected at
  Finset.prod_le_prod ?m.204
but this term has type
  ∏ i ∈ ?m.202, ?m.200 i ≤ ∏ i ∈ ?m.202, ?m.201 i

Note: Expected a function because this term is being applied to the argument
  (by intro i hi; exact actual_implemented_operator_norm_bound _ _ (hQ i) (herror i))
SafeLearning/CompleteModulesDesignApproximateOrthogonality.lean:91:7: error: unsolved goals
N : Type u_1
inst✝² : Fintype N
inst✝¹ : DecidableEq N
inst✝ : Nonempty N
Q implemented : Fin 6 → Matrix N N ℝ
hQ : ∀ (i : Fin 6), (Q i)ᵀ * Q i = 1
herror : ∀ (i : Fin 6), ‖implemented i - Q i‖ ≤ 1 / 500
i : ?m.196
hi : i ∈ ?m.202
⊢ 0 ≤ ‖?m.225 i‖
SafeLearning/CompleteModulesDesignApproximateOrthogonality.lean:92:13: error: unsolved goals
N : Type u_1
inst✝² : Fintype N
inst✝¹ : DecidableEq N
inst✝ : Nonempty N
Q implemented : Fin 6 → Matrix N N ℝ
hQ : ∀ (i : Fin 6), (Q i)ᵀ * Q i = 1
herror : ∀ (i : Fin 6), ‖implemented i - Q i‖ ≤ 1 / 500
⊢ 501 ^ 6 / 500 ^ 6 = (501 / 500) ^ 6
