SafeLearning/CompleteModulesRealUnitNormTightFrameExistence.lean:42:4: warning: Try this: 
  letI̵

The goal is a proposition, so `let` is preferred over `letI`.
The difference between `let` and `letI` is that `letI` inlines the value.
But this is not relevant for proofs because of proof irrelevance.

Note: This linter can be disabled with `set_option linter.style.haveILetI false`
SafeLearning/CompleteModulesRealUnitNormTightFrameExistence.lean:46:6: warning: Try this: 
  letI̵

The goal is a proposition, so `let` is preferred over `letI`.
The difference between `let` and `letI` is that `letI` inlines the value.
But this is not relevant for proofs because of proof irrelevance.

Note: This linter can be disabled with `set_option linter.style.haveILetI false`
SafeLearning/CompleteModulesRealUnitNormTightFrameExistence.lean:54:8: error: Application type mismatch: The argument
  actual_paired_harmonic_design_has_the_uniform_tight_frame_gram (selectedFrequency (Fintype.card T) m)
    (actual_selected_positive_frequencies_are_distinct (Fintype.card T) m hRange)
    (actual_no_selected_frequency_pair_sums_to_zero (Fintype.card T) m hRange)
has type
  (pairedFrame (selectedFrequency (Fintype.card T) m))ᵀ * pairedFrame (selectedFrequency (Fintype.card T) m) =
    (↑(Fintype.card.{u_1} T) / ↑(Fintype.card (Fin m × Fin 2))) • 1
but is expected to have type
  (pairedFrame (selectedFrequency (Fintype.card T) m))ᵀ * pairedFrame (selectedFrequency (Fintype.card T) m) =
    (↑(Fintype.card.{0} (ZMod (Fintype.card T))) / ↑(Fintype.card (Fin m × Fin 2))) • 1
in the application
  actual_unit_norm_tight_frames_transport_across_both_index_equivalences
    (pairedFrame (selectedFrequency (Fintype.card T) m)) eT eD
    (actual_paired_harmonic_inputs_have_unit_euclidean_norm (selectedFrequency (Fintype.card T) m))
    (actual_paired_harmonic_design_has_the_uniform_tight_frame_gram (selectedFrequency (Fintype.card T) m)
      (actual_selected_positive_frequencies_are_distinct (Fintype.card T) m hRange)
      (actual_no_selected_frequency_pair_sums_to_zero (Fintype.card T) m hRange))
SafeLearning/CompleteModulesRealUnitNormTightFrameExistence.lean:64:8: error: Application type mismatch: The argument
  actual_odd_harmonic_design_has_the_uniform_tight_frame_gram (selectedFrequency (Fintype.card T) m)
    (actual_selected_positive_frequencies_are_distinct (Fintype.card T) m hRange)
    (actual_no_selected_frequency_pair_sums_to_zero (Fintype.card T) m hRange)
    (actual_selected_positive_frequencies_are_nonzero (Fintype.card T) m hRange)
has type
  (oddFrame (selectedFrequency (Fintype.card T) m))ᵀ * oddFrame (selectedFrequency (Fintype.card T) m) =
    (↑(Fintype.card.{u_1} T) / ↑(Fintype.card (Unit ⊕ Fin m × Fin 2))) • 1
but is expected to have type
  (oddFrame (selectedFrequency (Fintype.card T) m))ᵀ * oddFrame (selectedFrequency (Fintype.card T) m) =
    (↑(Fintype.card.{0} (ZMod (Fintype.card T))) / ↑(Fintype.card (Unit ⊕ Fin m × Fin 2))) • 1
in the application
  actual_unit_norm_tight_frames_transport_across_both_index_equivalences
    (oddFrame (selectedFrequency (Fintype.card T) m)) eT eD
    (actual_odd_harmonic_inputs_have_unit_euclidean_norm (selectedFrequency (Fintype.card T) m))
    (actual_odd_harmonic_design_has_the_uniform_tight_frame_gram (selectedFrequency (Fintype.card T) m)
      (actual_selected_positive_frequencies_are_distinct (Fintype.card T) m hRange)
      (actual_no_selected_frequency_pair_sums_to_zero (Fintype.card T) m hRange)
      (actual_selected_positive_frequencies_are_nonzero (Fintype.card T) m hRange))
SafeLearning/CompleteModulesRealUnitNormTightFrameExistence.lean:74:2: warning: Try this: 
  letI̵

The goal is a proposition, so `let` is preferred over `letI`.
The difference between `let` and `letI` is that `letI` inlines the value.
But this is not relevant for proofs because of proof irrelevance.

Note: This linter can be disabled with `set_option linter.style.haveILetI false`
