⚠ [8924/8925] Replayed SafeLearning.CompleteModulesGaussianRegressionFinite
warning: SafeLearning/CompleteModulesGaussianRegressionFinite.lean:24:0: automatically included section variable(s) unused in theorem `SafeLearning.CompleteModulesGaussianRegressionFinite.actual_finite_gaussian_observations_and_regression_residual_are_jointly_gaussian`:
  [DecidableEq I]
  [IsProbabilityMeasure P]
consider restructuring your `variable` declarations so that the variables are not in scope or explicitly omit them:
  omit [DecidableEq I] [IsProbabilityMeasure P] in theorem ...

Note: This linter can be disabled with `set_option linter.unusedSectionVars false`
warning: SafeLearning/CompleteModulesGaussianRegressionFinite.lean:29:0: automatically included section variable(s) unused in theorem `SafeLearning.CompleteModulesGaussianRegressionFinite.actual_inverse_covariance_coefficients_solve_the_true_covariance_system`:
  [IsProbabilityMeasure P]
consider restructuring your `variable` declarations so that the variables are not in scope or explicitly omit them:
  omit [IsProbabilityMeasure P] in theorem ...

Note: This linter can be disabled with `set_option linter.unusedSectionVars false`
warning: SafeLearning/CompleteModulesGaussianRegressionFinite.lean:35:0: automatically included section variable(s) unused in theorem `SafeLearning.CompleteModulesGaussianRegressionFinite.actual_finite_regression_residual_has_zero_covariance_with_every_observation`:
  [DecidableEq I]
consider restructuring your `variable` declarations so that the variables are not in scope or explicitly omit them:
  omit [DecidableEq I] in theorem ...

Note: This linter can be disabled with `set_option linter.unusedSectionVars false`
warning: SafeLearning/CompleteModulesGaussianRegressionFinite.lean:93:37: This simp argument is unused:
  covariance_const_mul_right

Hint: Omit it from the simp argument list.
  [apply] simp [dotProduct, crossCovariance, covariance_const_mul_left, covariance_comm Z]

Note: This linter can be disabled with `set_option linter.unusedSimpArgs false`
warning: SafeLearning/CompleteModulesGaussianRegressionFinite.lean:102:0: automatically included section variable(s) unused in theorem `SafeLearning.CompleteModulesGaussianRegressionFinite.actual_vector_observation_independent_gaussian_residual_product_derives_the_conditional_joint`:
  [DecidableEq I]
consider restructuring your `variable` declarations so that the variables are not in scope or explicitly omit them:
  omit [DecidableEq I] in theorem ...

Note: This linter can be disabled with `set_option linter.unusedSectionVars false`
warning: SafeLearning/CompleteModulesGaussianRegressionFinite.lean:134:2: Try this: 
  haveI̵

The goal is a proposition, so `have` is preferred over `haveI`.
The difference between `have` and `haveI` is that `haveI` inlines the value.
But this is not relevant for proofs because of proof irrelevance.

Note: This linter can be disabled with `set_option linter.style.haveILetI false`
⚠ [8925/8925] Built SafeLearning.CompleteModulesGaussianObservationModel (4.5s)
warning: SafeLearning/CompleteModulesGaussianObservationModel.lean:17:0: automatically included section variable(s) unused in theorem `SafeLearning.CompleteModulesGaussianObservationModel.actual_independent_centered_gaussian_noise_has_the_true_diagonal_covariance`:
  [Fintype I]
  [IsProbabilityMeasure P]
consider restructuring your `variable` declarations so that the variables are not in scope or explicitly omit them:
  omit [Fintype I] [IsProbabilityMeasure P] in theorem ...

Note: This linter can be disabled with `set_option linter.unusedSectionVars false`
warning: SafeLearning/CompleteModulesGaussianObservationModel.lean:29:0: automatically included section variable(s) unused in theorem `SafeLearning.CompleteModulesGaussianObservationModel.actual_prior_plus_independent_gaussian_noise_and_query_are_jointly_gaussian`:
  [DecidableEq I]
  [IsProbabilityMeasure P]
consider restructuring your `variable` declarations so that the variables are not in scope or explicitly omit them:
  omit [DecidableEq I] [IsProbabilityMeasure P] in theorem ...

Note: This linter can be disabled with `set_option linter.unusedSectionVars false`
warning: SafeLearning/CompleteModulesGaussianObservationModel.lean:44:40: Used `tac1 <;> tac2` where `(tac1; tac2)` would suffice

Note: This linter can be disabled with `set_option linter.unnecessarySeqFocus false`
warning: SafeLearning/CompleteModulesGaussianObservationModel.lean:66:0: automatically included section variable(s) unused in theorem `SafeLearning.CompleteModulesGaussianObservationModel.actual_source_observation_query_cross_covariance_is_the_true_prior_query_vector`:
  [DecidableEq I]
consider restructuring your `variable` declarations so that the variables are not in scope or explicitly omit them:
  omit [DecidableEq I] in theorem ...

Note: This linter can be disabled with `set_option linter.unusedSectionVars false`
warning: SafeLearning/CompleteModulesGaussianObservationModel.lean:82:0: automatically included section variable(s) unused in theorem `SafeLearning.CompleteModulesGaussianObservationModel.actual_centered_prior_and_centered_noise_give_the_true_zero_observation_mean`:
  [DecidableEq I]
  [IsProbabilityMeasure P]
consider restructuring your `variable` declarations so that the variables are not in scope or explicitly omit them:
  omit [DecidableEq I] [IsProbabilityMeasure P] in theorem ...

Note: This linter can be disabled with `set_option linter.unusedSectionVars false`
warning: SafeLearning/CompleteModulesGaussianObservationModel.lean:91:0: automatically included section variable(s) unused in theorem `SafeLearning.CompleteModulesGaussianObservationModel.actual_covariance_gram_is_positive_semidefinite_from_true_second_moments`:
  [DecidableEq I]
consider restructuring your `variable` declarations so that the variables are not in scope or explicitly omit them:
  omit [DecidableEq I] in theorem ...

Note: This linter can be disabled with `set_option linter.unusedSectionVars false`
Build completed successfully (8925 jobs).
