SafeLearning/CompleteModulesSafeOptGaussianGapDecay.lean:15:4: error(lean.unknownIdentifier): Unknown constant `Filter.tendsto_id.atTop_sub_const`
Try this:
  [apply] ring_nf
  
  The `ring` tactic failed to close the goal. Use `ring_nf` to obtain a normal form.
    
  Note that `ring` works primarily in *commutative* rings. If you have a noncommutative ring, abelian group or module, consider using `noncomm_ring`, `abel` or `module` instead.
SafeLearning/CompleteModulesSafeOptGaussianGapDecay.lean:13:73: error: unsolved goals
input : ℝ
hd : Tendsto (fun target => target - input) atTop atTop
hs : Tendsto ((fun x => x ^ 2) ∘ fun target => target - input) atTop atTop
ha : Tendsto (fun target => (target - input) ^ 2 / 2) atTop atTop
hn : Tendsto (Neg.neg ∘ fun target => (target - input) ^ 2 / 2) atTop atBot
target : ℝ
⊢ input * target + input ^ 2 * (-1 / 2) + target ^ 2 * (-1 / 2) =
    (Neg.neg ∘ fun target => -(input * target) + input ^ 2 * (1 / 2) + target ^ 2 * (1 / 2)) target
SafeLearning/CompleteModulesSafeOptGaussianGapDecay.lean:33:10: warning: `tendsto_finset_sum` has been deprecated: Use `tendsto_finsetSum` instead
SafeLearning/CompleteModulesSafeOptGaussianGapDecay.lean:37:2: error: Type mismatch: After simplification, term
  h
 has type
  @Tendsto ℝ ℝ
    (fun target =>
      ∑ x,
        actualGaussianKernel (input x) target *
          ((ridgeMatrix (actualGaussianGram input) regularizer)⁻¹ *ᵥ fun i => actualGapFunction (input i)) x)
    atTop (𝓝 0)
but is expected to have type
  @Tendsto ℝ ℝ (actualGaussianMean input regularizer) atTop (𝓝 0)
SafeLearning/CompleteModulesSafeOptGaussianGapDecay.lean:48:12: warning: `tendsto_finset_sum` has been deprecated: Use `tendsto_finsetSum` instead
SafeLearning/CompleteModulesSafeOptGaussianGapDecay.lean:57:12: warning: `tendsto_finset_sum` has been deprecated: Use `tendsto_finsetSum` instead
SafeLearning/CompleteModulesSafeOptGaussianGapDecay.lean:62:2: error: Type mismatch: After simplification, term
  Tendsto.sub tendsto_const_nhds hquad
 has type
  @Tendsto ℝ ℝ
    (fun x =>
      1 -
        actualGaussianCross input x ⬝ᵥ
          (ridgeMatrix (actualGaussianGram input) regularizer)⁻¹ *ᵥ actualGaussianCross input x)
    atTop (𝓝 1)
but is expected to have type
  @Tendsto ℝ ℝ (actualGaussianVariance input regularizer) atTop (𝓝 1)
SafeLearning/CompleteModulesSafeOptGaussianGapDecay.lean:72:2: error: Type mismatch: After simplification, term
  Tendsto.sub hm (Tendsto.mul tendsto_const_nhds hs)
 has type
  @Tendsto ℝ ℝ
    (fun x =>
      actualGaussianMean input regularizer x - radius * ((fun x => √x) ∘ actualGaussianVariance input regularizer) x)
    atTop (𝓝 (-radius))
but is expected to have type
  @Tendsto ℝ ℝ
    (fun target =>
      actualGaussianMean input regularizer target - radius * √(actualGaussianVariance input regularizer target))
    atTop (𝓝 (-radius))
