SafeLearning/CompleteModulesDesignTruncationConsequences.lean:26:4: error: Function expected at
  toEuclideanCLM
but this term has type
  Matrix ?m.46 ?m.46 ?m.45 ≃⋆ₐ[?m.45] EuclideanSpace ?m.45 ?m.46 →L[?m.45] EuclideanSpace ?m.45 ?m.46

Note: Expected a function because this term is being applied to the argument
  (sourceTaylor ^ 10)
SafeLearning/CompleteModulesDesignTruncationConsequences.lean:28:4: error: Tactic `apply` failed: could not unify the conclusion of `ContinuousLinearMap.opNorm_le_bound ?m.73`
  ‖?m.73‖ ≤ ?m.74
with the goal
  ‖linear‖ ≤ 1

Note: The full type of `ContinuousLinearMap.opNorm_le_bound ?m.73` is
  0 ≤ ?m.74 → (∀ (x : ?m.64), ‖?m.73 x‖ ≤ ?m.74 * ‖x‖) → ‖?m.73‖ ≤ ?m.74

h :
  ∀ (x y : EuclideanSpace ℝ (Fin 2)),
    ‖sourceStack (fun x x_1 => x_1) 10 x - sourceStack (fun x x_1 => x_1) 10 y‖ ≤ ‖x - y‖
linear : EuclideanSpace ℝ (Fin 2) →L[ℝ] EuclideanSpace ℝ (Fin 2) := sorry
⊢ ‖linear‖ ≤ 1
SafeLearning/CompleteModulesDesignTruncationConsequences.lean:21:0: error: (deterministic) timeout at `whnf`, maximum number of heartbeats (200000) has been reached

Note: Use `set_option maxHeartbeats <num>` to set the limit.

Hint: Additional diagnostic information may be available using the `set_option diagnostics true` command.
