SafeLearning/CompleteModulesGPGaussianCoverageFailure.lean:29:69: error: Ambiguous term
  smul_apply
Possible interpretations:
  _root_.smul_apply : ∀ (f : ?m.92) (r : ?m.91) (x : ?m.93), (r • f) x = r • f x
  
  Matrix.smul_apply : ∀ (r : ?m.94) (A : Matrix ?m.91 ?m.92 ?m.93) (i : ?m.91) (j : ?m.92), (r • A) i j = r • A i j
SafeLearning/CompleteModulesGPGaussianCoverageFailure.lean:29:69: error: Ambiguous term
  smul_apply
Possible interpretations:
  _root_.smul_apply : ∀ (f : ?m.93) (r : ?m.92) (x : ?m.94), (r • f) x = r • f x
  
  Matrix.smul_apply : ∀ (r : ?m.95) (A : Matrix ?m.92 ?m.93 ?m.94) (i : ?m.92) (j : ?m.93), (r • A) i j = r • A i j
Try this:
  [apply] ring_nf
  
  The `ring` tactic failed to close the goal. Use `ring_nf` to obtain a normal form.
    
  Note that `ring` works primarily in *commutative* rings. If you have a noncommutative ring, abelian group or module, consider using `noncomm_ring`, `abel` or `module` instead.
SafeLearning/CompleteModulesGPGaussianCoverageFailure.lean:30:2: error: unsolved goals
case left
lambda c epsilon : ℝ
hlambda : 0 < lambda
hc : 0 < c
hd : c + c * lambda ≠ 0
he : 1 + lambda ≠ 0
⊢ c * epsilon * lambda * (((fun x x_1 => c) + (c * lambda) • 1) 0 0)⁻¹ +
      c * epsilon * (((fun x x_1 => c) + (c * lambda) • 1) 0 0)⁻¹ =
    epsilon
Try this:
  [apply] ring_nf
  
  The `ring` tactic failed to close the goal. Use `ring_nf` to obtain a normal form.
    
  Note that `ring` works primarily in *commutative* rings. If you have a noncommutative ring, abelian group or module, consider using `noncomm_ring`, `abel` or `module` instead.
SafeLearning/CompleteModulesGPGaussianCoverageFailure.lean:32:2: error: unsolved goals
case right
lambda c epsilon : ℝ
hlambda : 0 < lambda
hc : 0 < c
hd : c + c * lambda ≠ 0
he : 1 + lambda ≠ 0
⊢ 1 - c * lambda * (((fun x x_1 => c) + (c * lambda) • 1) 0 0)⁻¹ - c * (((fun x x_1 => c) + (c * lambda) • 1) 0 0)⁻¹ +
      lambda =
    lambda
SafeLearning/CompleteModulesGPGaussianCoverageFailure.lean:29:52: warning: This simp argument is unused:
  Matrix.add_apply

Hint: Omit it from the simp argument list.
  [apply] simp [posteriorMean, posteriorVariance, ridgeMatrix, Matrix.inv_subsingleton, Ring.inverse_eq_inv',
    Matrix.mulVec, dotProduct, smul_apply, Matrix.one_apply]

Note: This linter can be disabled with `set_option linter.unusedSimpArgs false`
SafeLearning/CompleteModulesGPGaussianCoverageFailure.lean:29:80: warning: This simp argument is unused:
  Matrix.one_apply

Hint: Omit it from the simp argument list.
  [apply] simp [posteriorMean, posteriorVariance, ridgeMatrix, Matrix.inv_subsingleton, Ring.inverse_eq_inv',
    Matrix.mulVec, dotProduct, Matrix.add_apply, smul_apply]

Note: This linter can be disabled with `set_option linter.unusedSimpArgs false`
SafeLearning/CompleteModulesGPGaussianCoverageFailure.lean:43:15: warning: `Set.mem_setOf_eq` has been deprecated: Use `Set.mem_ofPred_eq` instead
SafeLearning/CompleteModulesGPGaussianCoverageFailure.lean:67:41: error: `simp` made no progress
SafeLearning/CompleteModulesGPGaussianCoverageFailure.lean:67:52: warning: This simp argument is unused:
  originalWidth

Hint: Omit it from the simp argument list.
  [apply] simp only [mul_zero]

Note: This linter can be disabled with `set_option linter.unusedSimpArgs false`
