SafeLearning/CompleteModulesLandscapeHalfspaceQP.lean:48:32: error: Tactic `rewrite` failed: Did not find an occurrence of the pattern
  inner ℝ q (v - controller q nominal b)
in the target expression
  0 ≤ (b - inner ℝ q nominal) / ‖q‖ ^ 2 * inner ℝ (v - controller q nominal b) q

U : Type u_1
inst✝¹ : NormedAddCommGroup U
inst✝ : InnerProductSpace ℝ U
q nominal v : U
b : ℝ
hq : q ≠ 0
hv : b ≤ inner ℝ q v
hinactive : ¬b ≤ inner ℝ q nominal
hb : inner ℝ q nominal < b
hs : 0 ≤ b - inner ℝ q nominal
hn : 0 < ‖q‖ ^ 2
hc : controller q nominal b - nominal = ((b - inner ℝ q nominal) / ‖q‖ ^ 2) • q
hboundary : inner ℝ q (controller q nominal b) = b
⊢ 0 ≤ (b - inner ℝ q nominal) / ‖q‖ ^ 2 * inner ℝ (v - controller q nominal b) q
SafeLearning/CompleteModulesLandscapeHalfspaceQP.lean:70:43: error(lean.unknownIdentifier): Unknown identifier `pow_eq_zero`
SafeLearning/CompleteModulesLandscapeHalfspaceQP.lean:119:2: error: Type mismatch: After simplification, term
  hout
 has type
  @LocallyLipschitz (↑D) U instPseudoEMetricSpaceSubtype PseudoMetricSpace.toPseudoEMetricSpace fun x =>
    nominal ↑x + ((fun p => p.1 • p.2) ∘ fun x => (max 0 (b ↑x - inner ℝ (q ↑x) (nominal ↑x)) * (‖q ↑x‖ ^ 2)⁻¹, q ↑x)) x
but is expected to have type
  @LocallyLipschitz (↑D) U instPseudoEMetricSpaceSubtype MetricSpace.toEMetricSpace.toPseudoEMetricSpace
    (D.domRestrict fun x => nominal x + (max 0 (b x - inner ℝ (q x) (nominal x)) * (‖q x‖ ^ 2)⁻¹) • q x)
