SafeLearning/CompleteModulesGPLinearInformationDesigns.lean:44:2: error: unsolved goals
case pos
D : Type u_1
inst✝¹ : Fintype D
inst✝ : DecidableEq D
m : ℕ
i : D
⊢ ((of fun p i => if p.2 = i then 1 else 0)ᵀ * of fun p i => if p.2 = i then 1 else 0) i i = ↑m
SafeLearning/CompleteModulesGPLinearInformationDesigns.lean:46:2: error: unsolved goals
case neg
D : Type u_1
inst✝¹ : Fintype D
inst✝ : DecidableEq D
m : ℕ
i j : D
hij : ¬i = j
⊢ ((of fun p i => if p.2 = i then 1 else 0)ᵀ * of fun p i => if p.2 = i then 1 else 0) i j = 0
SafeLearning/CompleteModulesGPLinearInformationDesigns.lean:45:22: warning: This simp argument is unused:
  Matrix.mul_apply

Hint: Omit it from the simp argument list.
  [apply] simp [cycleDesign, Fintype.sum_prod_type]

Note: This linter can be disabled with `set_option linter.unusedSimpArgs false`
SafeLearning/CompleteModulesGPLinearInformationDesigns.lean:45:39: warning: This simp argument is unused:
  Fintype.sum_prod_type

Hint: Omit it from the simp argument list.
  [apply] simp [cycleDesign, Matrix.mul_apply]

Note: This linter can be disabled with `set_option linter.unusedSimpArgs false`
SafeLearning/CompleteModulesGPLinearInformationDesigns.lean:46:22: warning: This simp argument is unused:
  Matrix.mul_apply

Hint: Omit it from the simp argument list.
  [apply] simp [cycleDesign, Fintype.sum_prod_type, hij]

Note: This linter can be disabled with `set_option linter.unusedSimpArgs false`
SafeLearning/CompleteModulesGPLinearInformationDesigns.lean:46:39: warning: This simp argument is unused:
  Fintype.sum_prod_type

Hint: Omit it from the simp argument list.
  [apply] simp [cycleDesign, Matrix.mul_apply, hij]

Note: This linter can be disabled with `set_option linter.unusedSimpArgs false`
SafeLearning/CompleteModulesGPLinearInformationDesigns.lean:60:0: warning: automatically included section variable(s) unused in theorem `SafeLearning.CompleteModulesGPLinearInformationDesigns.actual_embedded_orthonormal_inputs_have_unit_euclidean_norm`:
  [Fintype T]
  [DecidableEq T]
consider restructuring your `variable` declarations so that the variables are not in scope or explicitly omit them:
  omit [Fintype T] [DecidableEq T] in theorem ...

Note: This linter can be disabled with `set_option linter.unusedSectionVars false`
SafeLearning/CompleteModulesGPLinearInformationDesigns.lean:67:0: warning: automatically included section variable(s) unused in theorem `SafeLearning.CompleteModulesGPLinearInformationDesigns.actual_embedded_orthonormal_design_has_identity_observation_gram`:
  [Fintype T]
consider restructuring your `variable` declarations so that the variables are not in scope or explicitly omit them:
  omit [Fintype T] in theorem ...

Note: This linter can be disabled with `set_option linter.unusedSectionVars false`
SafeLearning/CompleteModulesGPLinearInformationDesigns.lean:100:69: warning: Used `tac1 <;> tac2` where `(tac1; tac2)` would suffice

Note: This linter can be disabled with `set_option linter.unnecessarySeqFocus false`
SafeLearning/CompleteModulesGPLinearInformationDesigns.lean:105:77: error: unsolved goals
hc : Real.cos (2 * Real.pi / 3) = -(1 / 2)
hs : Real.sin (2 * Real.pi / 3) = √3 / 2
hc4 : Real.cos (4 * Real.pi / 3) = -(1 / 2)
hs4 : Real.sin (4 * Real.pi / 3) = -(√3 / 2)
⊢ !![1, 0; -2⁻¹, √3 / 2; -2⁻¹, -(√3 / 2)] 0 = ![1, 0] ∧
    !![1, 0; -2⁻¹, √3 / 2; -2⁻¹, -(√3 / 2)] 1 = ![-2⁻¹, √3 / 2] ∧
      !![1, 0; -2⁻¹, √3 / 2; -2⁻¹, -(√3 / 2)] 2 = ![-2⁻¹, -(√3 / 2)]
