SafeLearning/CompleteModulesGaussianRegressionFinite.lean:24:0: warning: automatically included section variable(s) unused in theorem `SafeLearning.CompleteModulesGaussianRegressionFinite.actual_finite_gaussian_observations_and_regression_residual_are_jointly_gaussian`:
  [DecidableEq I]
  [IsProbabilityMeasure P]
consider restructuring your `variable` declarations so that the variables are not in scope or explicitly omit them:
  omit [DecidableEq I] [IsProbabilityMeasure P] in theorem ...

Note: This linter can be disabled with `set_option linter.unusedSectionVars false`
SafeLearning/CompleteModulesGaussianRegressionFinite.lean:33:53: error(lean.unknownIdentifier): Unknown constant `Matrix.isUnit_iff_isUnit_det.mp`
SafeLearning/CompleteModulesGaussianRegressionFinite.lean:32:90: error: unsolved goals
I : Type u_1
Omega : Type u_2
inst✝³ : Fintype I
inst✝² : DecidableEq I
inst✝¹ : MeasurableSpace Omega
P : Measure Omega
inst✝ : IsProbabilityMeasure P
Y : Omega → I → ℝ
Z : Omega → ℝ
hunit : IsUnit (observationCovariance P Y)
⊢ (observationCovariance P Y * (observationCovariance P Y)⁻¹) *ᵥ crossCovariance P Y Z = crossCovariance P Y Z
SafeLearning/CompleteModulesGaussianRegressionFinite.lean:35:0: warning: automatically included section variable(s) unused in theorem `SafeLearning.CompleteModulesGaussianRegressionFinite.actual_finite_regression_residual_has_zero_covariance_with_every_observation`:
  [DecidableEq I]
consider restructuring your `variable` declarations so that the variables are not in scope or explicitly omit them:
  omit [DecidableEq I] in theorem ...

Note: This linter can be disabled with `set_option linter.unusedSectionVars false`
SafeLearning/CompleteModulesGaussianRegressionFinite.lean:62:2: error: Type mismatch: After simplification, term
  IndepFun.comp hi measurable_id (measurable_pi_apply ())
 has type
  @IndepFun Omega (I → ℝ) ℝ inst✝¹ MeasurableSpace.pi Real.measurableSpace (fun x => id fun i => Y x i)
    (fun x => residual Y Z w x) P
but is expected to have type
  @IndepFun Omega (I → ℝ) ℝ inst✝¹ MeasurableSpace.pi Real.measurableSpace Y (residual Y Z w) P
SafeLearning/CompleteModulesGaussianRegressionFinite.lean:93:37: warning: This simp argument is unused:
  covariance_const_mul_right

Hint: Omit it from the simp argument list.
  [apply] simp [dotProduct, crossCovariance, covariance_const_mul_left, covariance_comm Z]

Note: This linter can be disabled with `set_option linter.unusedSimpArgs false`
SafeLearning/CompleteModulesGaussianRegressionFinite.lean:102:0: warning: automatically included section variable(s) unused in theorem `SafeLearning.CompleteModulesGaussianRegressionFinite.actual_vector_observation_independent_gaussian_residual_product_derives_the_conditional_joint`:
  [DecidableEq I]
consider restructuring your `variable` declarations so that the variables are not in scope or explicitly omit them:
  omit [DecidableEq I] in theorem ...

Note: This linter can be disabled with `set_option linter.unusedSectionVars false`
SafeLearning/CompleteModulesGaussianRegressionFinite.lean:134:2: warning: Try this: 
  haveI̵

The goal is a proposition, so `have` is preferred over `haveI`.
The difference between `have` and `haveI` is that `haveI` inlines the value.
But this is not relevant for proofs because of proof irrelevance.

Note: This linter can be disabled with `set_option linter.style.haveILetI false`
