SafeLearning/CompleteModulesLandscapePolyhedralFeasibility.lean:48:10: error: Tactic `rewrite` failed: Did not find an occurrence of the pattern
  -?b / ?a
in the target expression
  (fun i => d i / -a i) i ≤ (fun j => -d j / a j) j

I : Type u_1
inst✝ : Fintype I
a d : I → ℝ
hzero : ∀ (i : I), a i = 0 → d i ≤ 0
hpair : ∀ (i j : I), a i < 0 → 0 < a j → d i / -a i + d j / a j ≤ 0
L : Set ℝ := (fun i => d i / -a i) '' {i | a i < 0}
R : Set ℝ := (fun j => -d j / a j) '' {j | 0 < a j}
i : I
hi : i ∈ {i | a i < 0}
j : I
hj : j ∈ {j | 0 < a j}
hp : d i / -a i + d j / a j ≤ 0
⊢ (fun i => d i / -a i) i ≤ (fun j => -d j / a j) j
SafeLearning/CompleteModulesLandscapePolyhedralFeasibility.lean:99:10: error: Type mismatch: After simplification, term
  Continuous.add (Continuous.div_const (hg i) (-a i)) (Continuous.div_const (hg l) (a l))
 has type
  @Continuous X ℝ inst✝¹ PseudoMetricSpace.toUniformSpace.toTopologicalSpace
    ((fun x => g i x / -a i) + fun x => g l x / a l)
but is expected to have type
  @Continuous X ℝ inst✝¹ PseudoMetricSpace.toUniformSpace.toTopologicalSpace fun z => g i z / -a i + g l z / a l
SafeLearning/CompleteModulesLandscapePolyhedralFeasibility.lean:171:8: error(lean.unknownIdentifier): Unknown identifier `Basis.equivFun_symm_apply`
SafeLearning/CompleteModulesLandscapePolyhedralFeasibility.lean:256:4: warning: `push_neg` has been deprecated. Prefer using `push Not` instead.
If you'd rather continue using `push_neg` in your project, you can implement it as follows:
```
open Lean.Parser.Tactic in
macro "push_neg" cfg:optConfig loc:(location)? : tactic =>
  `(tactic| push $cfg:optConfig Not $[$loc]?)
```
