SafeLearning/CompleteModulesLoSBOUnsafeConsequences.lean:24:2: error: unsolved goals
case refine_1.«1»
⊢ 2 ≤ 3
SafeLearning/CompleteModulesLoSBOUnsafeConsequences.lean:34:2: warning: Try this: 
  letI̵

The goal is a proposition, so `let` is preferred over `letI`.
The difference between `let` and `letI` is that `letI` inlines the value.
But this is not relevant for proofs because of proof irrelevance.

Note: This linter can be disabled with `set_option linter.style.haveILetI false`
SafeLearning/CompleteModulesLoSBOUnsafeConsequences.lean:53:29: warning: This simp argument is unused:
  real_inner_comm

Hint: Omit it from the simp argument list.
  [apply] simp [CompleteModulesMatrixGP.ridgeMatrix, actualGPMatrix, featureGram, Matrix.gram_apply, feature, A,
    actualKernel]

Note: This linter can be disabled with `set_option linter.unusedSimpArgs false`
SafeLearning/CompleteModulesLoSBOUnsafeConsequences.lean:71:58: warning: This simp argument is unused:
  real_inner_self_eq_norm_sq

Hint: Omit it from the simp argument list.
  [apply] simp [posteriorVariance, actualGPVariance, actualKernel, dotProduct, actualGPCross, query, weight, A, feature,
    mul_comm]

Note: This linter can be disabled with `set_option linter.unusedSimpArgs false`
