SafeLearning/CompleteModulesGPRepeatedJoint.lean:18:24: error(lean.unknownIdentifier): Unknown identifier `instMeasurableSpaceProd`
SafeLearning/CompleteModulesGPRepeatedJoint.lean:22:2: error: Type mismatch
  (readingVolume n).prod ℙ
has type
  @Measure (Readings n × ?m.18) Prod.instMeasurableSpace
but is expected to have type
  @Measure (Readings (n + 1)) (readingsMeasurable (n + 1))
SafeLearning/CompleteModulesGPRepeatedJoint.lean:25:12: error: 'change' tactic failed, pattern
  SFinite (Measure.dirac ())
is not definitionally equal to target
  SFinite (readingVolume 0)
SafeLearning/CompleteModulesGPRepeatedJoint.lean:26:17: warning: Try this: 
  letI̵

The goal is a proposition, so `let` is preferred over `letI`.
The difference between `let` and `letI` is that `letI` inlines the value.
But this is not relevant for proofs because of proof irrelevance.

Note: This linter can be disabled with `set_option linter.style.haveILetI false`
SafeLearning/CompleteModulesGPRepeatedJoint.lean:26:29: error: 'change' tactic failed, pattern
  SFinite ((readingVolume n).prod ℙ)
is not definitionally equal to target
  SFinite (readingVolume (n + 1))
SafeLearning/CompleteModulesGPRepeatedJoint.lean:30:2: error: Type mismatch
  sourceKernel n ×ₖ CompleteAppliedGaussianBayesJoint.observationKernel 1
has type
  @Kernel ℝ (Readings n × ℝ) Real.measurableSpace Prod.instMeasurableSpace
but is expected to have type
  @Kernel ℝ (Readings (n + 1)) Real.measurableSpace (readingsMeasurable (n + 1))
SafeLearning/CompleteModulesGPRepeatedJoint.lean:34:17: warning: Try this: 
  letI̵

The goal is a proposition, so `let` is preferred over `letI`.
The difference between `let` and `letI` is that `letI` inlines the value.
But this is not relevant for proofs because of proof irrelevance.

Note: This linter can be disabled with `set_option linter.style.haveILetI false`
SafeLearning/CompleteModulesGPRepeatedJoint.lean:34:29: error: 'change' tactic failed, pattern
  IsMarkovKernel (sourceKernel n ×ₖ ?m.41)
is not definitionally equal to target
  IsMarkovKernel (sourceKernel (n + 1))
SafeLearning/CompleteModulesGPRepeatedJoint.lean:52:17: error: Type mismatch
  Measurable.add (Measurable.comp ih measurable_fst) measurable_snd
has type
  @Measurable (Readings n × ℝ) ℝ Prod.instMeasurableSpace Real.measurableSpace (readingSum n ∘ Prod.fst + Prod.snd)
but is expected to have type
  @Measurable (Readings (n + 1)) ℝ (readingsMeasurable (n + 1)) Real.measurableSpace (readingSum (n + 1))
SafeLearning/CompleteModulesGPRepeatedJoint.lean:60:4: error: 'change' tactic failed, pattern
  @Measurable (ℝ × Readings n × ℝ) ℝ≥0∞
    (@Prod.instMeasurableSpace ℝ (Readings n × ℝ) Real.measurableSpace Prod.instMeasurableSpace) ENNReal.measurableSpace
    fun pair => likelihood n pair.2.1 pair.1 * gaussianPDF pair.1 1 pair.2.2
is not definitionally equal to target
  @Measurable (ℝ × Readings (n + 1)) ℝ≥0∞
    (@Prod.instMeasurableSpace ℝ (Readings (n + 1)) Real.measurableSpace (readingsMeasurable (n + 1)))
    ENNReal.measurableSpace fun pair => likelihood (n + 1) pair.2 pair.1
SafeLearning/CompleteModulesGPRepeatedJoint.lean:68:4: error: 'change' tactic failed, pattern
  @Measurable (Readings n × ℝ) ℝ≥0∞ Prod.instMeasurableSpace ENNReal.measurableSpace fun y =>
    evidence n y.1 * CompleteAppliedGaussianBayesGeneral.evidence (readingMean n y.1) y.2 (readingVariance n) 1
is not definitionally equal to target
  @Measurable (Readings (n + 1)) ℝ≥0∞ (readingsMeasurable (n + 1)) ENNReal.measurableSpace (evidence (n + 1))
SafeLearning/CompleteModulesGPRepeatedJoint.lean:106:63: error: unexpected token '('; expected ')', ',' or ':'
SafeLearning/CompleteModulesGPRepeatedJoint.lean:95:9: error: unsolved goals
case zero
latent : ℝ
event : Set (Readings 0)
hevent : MeasurableSet event
⊢ (Measure.dirac ()) event = (sorry 0) event
SafeLearning/CompleteModulesGPRepeatedJoint.lean:101:47: error: Application type mismatch: The argument
  Measurable.prodMk measurable_const measurable_id
has type
  Measurable fun a => (?m.88, id a)
but is expected to have type
  Measurable fun a => a
in the application
  Measurable.comp (likelihood_measurable (n + 1)) (Measurable.prodMk measurable_const measurable_id)
SafeLearning/CompleteModulesGPRepeatedJoint.lean:102:4: error: 'change' tactic failed, pattern
  (((sourceKernel n) latent).prod (gaussianReal latent 1)) event = ?m.117
is not definitionally equal to target
  ((sourceKernel (n + 1)) latent) event =
    ∫⁻ (b : Readings (n + 1)) in event, likelihood (n + 1) b latent ∂readingVolume (n + 1)
SafeLearning/CompleteModulesGPRepeatedJoint.lean:97:10: warning: declaration uses `sorry`
SafeLearning/CompleteModulesGPRepeatedJoint.lean:97:24: warning: declaration uses `sorry`
SafeLearning/CompleteModulesGPRepeatedJoint.lean:145:2: warning: Try this: 
  haveI̵

The goal is a proposition, so `have` is preferred over `haveI`.
The difference between `have` and `haveI` is that `haveI` inlines the value.
But this is not relevant for proofs because of proof irrelevance.

Note: This linter can be disabled with `set_option linter.style.haveILetI false`
SafeLearning/CompleteModulesGPRepeatedJoint.lean:185:2: warning: Try this: 
  haveI̵

The goal is a proposition, so `have` is preferred over `haveI`.
The difference between `have` and `haveI` is that `haveI` inlines the value.
But this is not relevant for proofs because of proof irrelevance.

Note: This linter can be disabled with `set_option linter.style.haveILetI false`
SafeLearning/CompleteModulesGPRepeatedJoint.lean:190:13: error(lean.unknownIdentifier): Unknown constant `measurable_fst.gaussianPDF`
SafeLearning/CompleteModulesGPRepeatedJoint.lean:192:70: error: unsolved goals
n : ℕ
this :
  IsSFiniteKernel
    ((Kernel.const (Readings n) ℙ).withDensity fun y latent => gaussianPDF (readingMean n y) (readingVariance n) latent)
⊢ Measurable (Function.uncurry fun y latent => gaussianPDF (readingMean n y) (readingVariance n) latent)
