SafeLearning/CompleteModulesGPLinearInformationBounds.lean:19:0: warning: automatically included section variable(s) unused in theorem `SafeLearning.CompleteModulesGPLinearInformationBounds.actual_design_gram_is_positive_semidefinite`:
  [DecidableEq D]
  [DecidableEq T]
consider restructuring your `variable` declarations so that the variables are not in scope or explicitly omit them:
  omit [DecidableEq D] [DecidableEq T] in theorem ...

Note: This linter can be disabled with `set_option linter.unusedSectionVars false`
SafeLearning/CompleteModulesGPLinearInformationBounds.lean:26:44: error(lean.unknownIdentifier): Unknown constant `WithLp.toLp_apply`
SafeLearning/CompleteModulesGPLinearInformationBounds.lean:25:82: error: unsolved goals
D : Type u_1
T : Type u_2
inst✝³ : Fintype D
inst✝² : DecidableEq D
inst✝¹ : Fintype T
inst✝ : DecidableEq T
X : Matrix T D ℝ
⊢ ∑ y, ∑ x, X y x * X y x = ∑ x, ‖WithLp.toLp 2 fun i => X x i‖ * ‖WithLp.toLp 2 fun i => X x i‖
SafeLearning/CompleteModulesGPLinearInformationBounds.lean:26:13: warning: This simp argument is unused:
  EuclideanSpace.real_norm_sq_eq

Hint: Omit it from the simp argument list.
  [apply] simp only [WithLp.toLp_apply, trace, mul_apply, diag, transpose_apply, pow_two]

Note: This linter can be disabled with `set_option linter.unusedSimpArgs false`
SafeLearning/CompleteModulesGPLinearInformationBounds.lean:60:20: error(lean.unknownIdentifier): Unknown identifier `i`
SafeLearning/CompleteModulesGPLinearInformationBounds.lean:60:62: error(lean.unknownIdentifier): Unknown identifier `i`
SafeLearning/CompleteModulesGPLinearInformationBounds.lean:53:20: warning: This simp argument is unused:
  Matrix.one_apply

Hint: Omit it from the simp argument list.
  [apply] simp [diagonal_apply, smul_eq_mul, div_eq_mul_inv, mul_comm]

Note: This linter can be disabled with `set_option linter.unusedSimpArgs false`
SafeLearning/CompleteModulesGPLinearInformationBounds.lean:53:37: warning: This simp argument is unused:
  diagonal_apply

Hint: Omit it from the simp argument list.
  [apply] simp [Matrix.one_apply, smul_eq_mul, div_eq_mul_inv, mul_comm]

Note: This linter can be disabled with `set_option linter.unusedSimpArgs false`
SafeLearning/CompleteModulesGPLinearInformationBounds.lean:54:12: warning: This simp argument is unused:
  Matrix.one_apply

Hint: Omit it from the simp argument list.
  [apply] simp [diagonal_apply, hij]

Note: This linter can be disabled with `set_option linter.unusedSimpArgs false`
SafeLearning/CompleteModulesGPLinearInformationBounds.lean:54:29: warning: This simp argument is unused:
  diagonal_apply

Hint: Omit it from the simp argument list.
  [apply] simp [Matrix.one_apply, hij]

Note: This linter can be disabled with `set_option linter.unusedSimpArgs false`
SafeLearning/CompleteModulesGPLinearInformationBounds.lean:73:6: error: Tactic `rewrite` failed: motive is not type correct:
  fun _a => Real.log (1 + lambda⁻¹ • _a).det = ∑ i, Real.log (1 + ⋯.eigenvalues i / lambda)
Error: Application type mismatch: The argument
  hG
has type
  G.PosSemidef
but is expected to have type
  _a.PosSemidef
in the application
  PosSemidef.isHermitian hG

Explanation: The rewrite tactic rewrites an expression 'e' using an equality 'a = b' by the following process. First, it looks for all 'a' in 'e'. Second, it tries to abstract these occurrences of 'a' to create a function 'm := fun _a => ...', called the *motive*, with the property that 'm a' is definitionally equal to 'e'. Third, we observe that 'congrArg' implies that 'm a = m b', which can be used with lemmas such as 'Eq.mpr' to change the goal. However, if 'e' depends on specific properties of 'a', then the motive 'm' might not typecheck.

Possible solutions: use rewrite's 'occs' configuration option to limit which occurrences are rewritten, or use 'simp' or 'conv' mode, which have strategies for certain kinds of dependencies (these tactics can handle proofs and 'Decidable' instances whose types depend on the rewritten term, and 'simp' can apply user-defined '@[congr]' theorems as well).

D : Type u_1
inst✝¹ : Fintype D
inst✝ : DecidableEq D
G : Matrix D D ℝ
hG : G.PosSemidef
lambda : ℝ
hlambda : 0 < lambda
Q : Matrix D D ℝ := ↑⋯.eigenvectorUnitary
hQ : Q * Qᵀ = 1
hs : G = Q * Matrix.diagonal ⋯.eigenvalues * Qᵀ
⊢ Real.log (1 + lambda⁻¹ • G).det = ∑ i, Real.log (1 + ⋯.eigenvalues i / lambda)
SafeLearning/CompleteModulesGPLinearInformationBounds.lean:79:15: error(lean.synthInstanceFailed): failed to synthesize instance of type class
  OfNat (Matroid ?m.6) 0
numerals are polymorphic in Lean, but the numeral `0` cannot be used in a context where the expected type is
  Matroid ?m.6
due to the absence of the instance above

Hint: Type class instance resolution failures can be inspected with the `set_option trace.Meta.synthInstance true` command.
SafeLearning/CompleteModulesGPLinearInformationBounds.lean:79:18: error(lean.unknownIdentifier): Unknown identifier `u`

Note: It is not possible to treat `u` as an implicitly bound variable here because the `autoImplicit` option is set to `false`.
SafeLearning/CompleteModulesGPLinearInformationBounds.lean:87:8: error: Tactic `rewrite` failed: Did not find an occurrence of the pattern
  ∑ _i, 1 / ↑(Fintype.card D)
in the target expression
  ∑ x, 1 / ↑(Fintype.card D) * 1 + ∑ x, 1 / ↑(Fintype.card D) * (mu x / lambda) =
    1 + (∑ i, mu i) / (lambda * ↑(Fintype.card D))

D : Type u_1
inst✝² : Fintype D
inst✝¹ : DecidableEq D
inst✝ : Nonempty D
mu : D → ℝ
lambda : ℝ
hlambda : 0 < lambda
hmu : ∀ (i : ?m.55 mu lambda hlambda), sorry ≤m sorry
hn : 0 < ↑(Fintype.card D)
hw : ∑ _i, 1 / ↑(Fintype.card D) = 1
⊢ ∑ x, 1 / ↑(Fintype.card D) * 1 + ∑ x, 1 / ↑(Fintype.card D) * (mu x / lambda) =
    1 + (∑ i, mu i) / (lambda * ↑(Fintype.card D))
SafeLearning/CompleteModulesGPLinearInformationBounds.lean:108:13: error(lean.unknownIdentifier): Unknown identifier `actual_log_jensen_bound_for_every_nonnegative_spectrum`
SafeLearning/CompleteModulesGPLinearInformationBounds.lean:105:90: error: unsolved goals
D : Type u_1
T : Type u_2
inst✝⁴ : Fintype D
inst✝³ : DecidableEq D
inst✝² : Fintype T
inst✝¹ : DecidableEq T
inst✝ : Nonempty D
X : Matrix T D ℝ
lambda : ℝ
hlambda : 0 < lambda
hX : ∀ (t : T), ‖WithLp.toLp 2 fun i => X t i‖ ≤ 1
hG : (Xᵀ * X).PosSemidef := actual_design_gram_is_positive_semidefinite X
he : (∀ (i : D), 0 ≤ ⋯.eigenvalues i) ∧ ∑ i, ⋯.eigenvalues i = (Xᵀ * X).trace
⊢ information (Xᵀ * X) lambda ≤ ↑(Fintype.card D) / 2 * Real.log (1 + ↑(Fintype.card T) / (lambda * ↑(Fintype.card D)))
