SafeLearning/CompleteModulesSafeOptGaussianGapFeatures.lean:14:25: error: invalid occurrence of `·` notation, it must be surrounded by parentheses (e.g. `(· + 1)`)
SafeLearning/CompleteModulesSafeOptGaussianGapFeatures.lean:18:0: error: Not a definitional equality: the left-hand side
  ↑(actualFeatureVector x) n
is not definitionally equal to the right-hand side
  actualGaussianFeature n x
SafeLearning/CompleteModulesSafeOptGaussianGapFeatures.lean:19:57: error: Type mismatch
  rfl
has type
  ?m.4 = ?m.4
but is expected to have type
  ↑(actualFeatureVector x) n = actualGaussianFeature n x
SafeLearning/CompleteModulesSafeOptGaussianGapFeatures.lean:26:4: error: Type mismatch: After simplification, term
  h
 has type
  HasSum (fun i => ↑(actualFeatureVector x) i * ↑(actualFeatureVector y) i)
    (inner ℝ (actualFeatureVector x) (actualFeatureVector y))
but is expected to have type
  HasSum (fun n => actualGaussianFeature n x * actualGaussianFeature n y)
    (inner ℝ (actualFeatureVector x) (actualFeatureVector y))
SafeLearning/CompleteModulesSafeOptGaussianGapFeatures.lean:33:2: error: linarith failed to find a contradiction
case h1
x : ℝ
h : ‖actualFeatureVector x‖ = 1 ∨ ‖actualFeatureVector x‖ = -1
a✝ : ‖actualFeatureVector x‖ < 1
⊢ False
failed
SafeLearning/CompleteModulesSafeOptGaussianGapFeatures.lean:53:78: warning: This simp argument is unused:
  conj_trivial

Hint: Omit it from the simp argument list.
  [apply] simp [actualSourceCoefficient, inner_add_left, inner_sub_left, real_inner_smul_left, lp.inner_single_left,
    actual_feature_vector_coordinates, RCLike.inner_apply]

Note: This linter can be disabled with `set_option linter.unusedSimpArgs false`
SafeLearning/CompleteModulesSafeOptGaussianGapFeatures.lean:56:53: error: unsolved goals
⊢ ‖√2 • lp.single 2 2 1 - (1 / 5) • lp.single 2 1 1 + (3 / 400) • lp.single 2 0 1‖ ^ 2 = 326409 / 160000
SafeLearning/CompleteModulesSafeOptGaussianGapFeatures.lean:66:95: error: elaboration function for `Mathlib.Tactic.subscriptTerm` has not been implemented
  ᵥ
SafeLearning/CompleteModulesSafeOptGaussianGapFeatures.lean:72:93: error: elaboration function for `Mathlib.Tactic.subscriptTerm` has not been implemented
  ᵥ
SafeLearning/CompleteModulesSafeOptGaussianGapFeatures.lean:77:28: error(lean.synthInstanceFailed): failed to synthesize instance of type class
  HMul ℝ (I → ℝ) ?m.113

Hint: Type class instance resolution failures can be inspected with the `set_option trace.Meta.synthInstance true` command.
SafeLearning/CompleteModulesSafeOptGaussianGapFeatures.lean:78:6: error(lean.synthInstanceFailed): failed to synthesize instance of type class
  HMul ℝ (I → ℝ) ?m.119

Hint: Type class instance resolution failures can be inspected with the `set_option trace.Meta.synthInstance true` command.
SafeLearning/CompleteModulesSafeOptGaussianGapFeatures.lean:82:83: error: Application type mismatch: The argument
  weights
has type
  Matrix I I ℝ
but is expected to have type
  I → ℝ
in the application
  noiseless_posterior_error feature (actualFeatureVector target) coefficient weights
SafeLearning/CompleteModulesSafeOptGaussianGapFeatures.lean:70:98: error: (deterministic) timeout at `whnf`, maximum number of heartbeats (200000) has been reached

Note: Use `set_option maxHeartbeats <num>` to set the limit.

Hint: Additional diagnostic information may be available using the `set_option diagnostics true` command.
