SafeLearning/CompleteModulesGPLinearInformationDesigns.lean:49:2: error: unsolved goals
case neg
D : Type u_1
inst✝¹ : Fintype D
inst✝ : DecidableEq D
m : ℕ
i j : D
hij : ¬i = j
⊢ j = i → Finset.univ = ∅
SafeLearning/CompleteModulesGPLinearInformationDesigns.lean:63:0: warning: automatically included section variable(s) unused in theorem `SafeLearning.CompleteModulesGPLinearInformationDesigns.actual_embedded_orthonormal_inputs_have_unit_euclidean_norm`:
  [Fintype T]
  [DecidableEq T]
consider restructuring your `variable` declarations so that the variables are not in scope or explicitly omit them:
  omit [Fintype T] [DecidableEq T] in theorem ...

Note: This linter can be disabled with `set_option linter.unusedSectionVars false`
SafeLearning/CompleteModulesGPLinearInformationDesigns.lean:70:0: warning: automatically included section variable(s) unused in theorem `SafeLearning.CompleteModulesGPLinearInformationDesigns.actual_embedded_orthonormal_design_has_identity_observation_gram`:
  [Fintype T]
consider restructuring your `variable` declarations so that the variables are not in scope or explicitly omit them:
  omit [Fintype T] in theorem ...

Note: This linter can be disabled with `set_option linter.unusedSectionVars false`
SafeLearning/CompleteModulesGPLinearInformationDesigns.lean:103:69: warning: Used `tac1 <;> tac2` where `(tac1; tac2)` would suffice

Note: This linter can be disabled with `set_option linter.unnecessarySeqFocus false`
