SafeLearning/CompleteModulesLandscapeARGaussianLaw.lean:50:2: warning: Try this: 
  haveI̵

The goal is a proposition, so `have` is preferred over `haveI`.
The difference between `have` and `haveI` is that `haveI` inlines the value.
But this is not relevant for proofs because of proof irrelevance.

Note: This linter can be disabled with `set_option linter.style.haveILetI false`
SafeLearning/CompleteModulesLandscapeARGaussianLaw.lean:63:2: warning: Try this: 
  haveI̵

The goal is a proposition, so `have` is preferred over `haveI`.
The difference between `have` and `haveI` is that `haveI` inlines the value.
But this is not relevant for proofs because of proof irrelevance.

Note: This linter can be disabled with `set_option linter.style.haveILetI false`
SafeLearning/CompleteModulesLandscapeARGaussianLaw.lean:64:9: error(lean.synthInstanceFailed): failed to synthesize instance of type class
  IsProbabilityMeasure (trajectoryLaw k goal sigma T)

Hint: Type class instance resolution failures can be inspected with the `set_option trace.Meta.synthInstance true` command.
SafeLearning/CompleteModulesLandscapeARGaussianLaw.lean:74:6: error: Tactic `rewrite` failed: Did not find an occurrence of the pattern
  ∫ (a : Fin T → ℝ), ?m.90 + (design k sigma T *ᵥ a) t ∂Measure.pi fun x => gaussianReal 0 1
in the target expression
  ∫ (w : Fin T → ℝ), trueMean k goal ↑t + (design k sigma T *ᵥ w) t ∂noiseLaw T = trueMean k goal ↑t

k goal sigma : ℝ
T : ℕ
t : Fin (T + 1)
hg :
  HasGaussianLaw (fun theta => design k sigma T *ᵥ theta) (Measure.pi fun x => gaussianReal 0 1) ∧
    (∀ (t : Fin (T + 1)),
        (∫ (theta : Fin T → ℝ), (design k sigma T *ᵥ theta) t ∂Measure.pi fun x => gaussianReal 0 1) = 0) ∧
      ∀ (t s : Fin (T + 1)),
        cov[fun theta => (design k sigma T *ᵥ theta) t, fun theta => (design k sigma T *ᵥ theta) s;
            Measure.pi fun x => gaussianReal 0 1] =
          (design k sigma T * (design k sigma T)ᵀ) t s
hi : Integrable (fun theta => (design k sigma T *ᵥ theta) t) (Measure.pi fun x => gaussianReal 0 1)
⊢ ∫ (w : Fin T → ℝ), trueMean k goal ↑t + (design k sigma T *ᵥ w) t ∂noiseLaw T = trueMean k goal ↑t
SafeLearning/CompleteModulesLandscapeARGaussianLaw.lean:90:6: error: Tactic `rewrite` failed: Did not find an occurrence of the pattern
  cov[fun ω => ?c + (design k sigma T *ᵥ ω) s, ?m.71; Measure.pi fun x => gaussianReal 0 1]
in the target expression
  cov[fun w => trueMean k goal ↑s + (design k sigma T *ᵥ w) s, fun w => trueMean k goal ↑t + (design k sigma T *ᵥ w) t;
      noiseLaw T] =
    (design k sigma T * (design k sigma T)ᵀ) s t

k goal sigma : ℝ
T : ℕ
s t : Fin (T + 1)
hg :
  HasGaussianLaw (fun theta => design k sigma T *ᵥ theta) (Measure.pi fun x => gaussianReal 0 1) ∧
    (∀ (t : Fin (T + 1)),
        (∫ (theta : Fin T → ℝ), (design k sigma T *ᵥ theta) t ∂Measure.pi fun x => gaussianReal 0 1) = 0) ∧
      ∀ (t s : Fin (T + 1)),
        cov[fun theta => (design k sigma T *ᵥ theta) t, fun theta => (design k sigma T *ᵥ theta) s;
            Measure.pi fun x => gaussianReal 0 1] =
          (design k sigma T * (design k sigma T)ᵀ) t s
⊢ cov[fun w => trueMean k goal ↑s + (design k sigma T *ᵥ w) s, fun w => trueMean k goal ↑t + (design k sigma T *ᵥ w) t;
      noiseLaw T] =
    (design k sigma T * (design k sigma T)ᵀ) s t

Note: The target expression is not type-correct under the `implicit` transparency level, which may have triggered the failure. This is usually caused by unfolding of semireducible definitions in prior tactic steps. Use `set_option linter.tacticCheckInstances true` to investigate the source of the issue.
Full error:
  function expected
    (design k sigma T * (design k sigma T)ᵀ) s
SafeLearning/CompleteModulesLandscapeARGaussianLaw.lean:133:6: error: Tactic `rewrite` failed: Did not find an occurrence of the pattern
  noiseLaw T
in the target expression
  Measure.map (fun o => vectorTrajectory k goal sigma T (w o)) P = trajectoryLaw k goal sigma T

Omega : Type u_1
inst✝ : MeasurableSpace Omega
P : Measure Omega
k goal sigma : ℝ
T : ℕ
w : Omega → Fin T → ℝ
hw : HasLaw w (noiseLaw T) P
⊢ Measure.map (fun o => vectorTrajectory k goal sigma T (w o)) P = trajectoryLaw k goal sigma T
