SafeLearning/CompleteModulesLandscapeEpisodeCounts.lean:63:18: error: don't know how to synthesize implicit argument `P`
  @hasLaw_map (Fin 2) ℝ (Fin.instMeasurableSpace 2) Real.measurableSpace episodeCount ?m.63
    (Measurable.aemeasurable (measurable_of_finite episodeCount))
context:
Ω : Type u_1
inst✝ : MeasurableSpace Ω
μ : Measure Ω
count : Ω → ℝ
h : HasLaw count (Measure.map episodeCount episodeLaw.toMeasure) μ
⊢ Measure (Fin 2)
SafeLearning/CompleteModulesLandscapeEpisodeCounts.lean:63:29: error: don't know how to synthesize implicit argument `μ`
  @Measurable.aemeasurable (Fin 2) ℝ (Fin.instMeasurableSpace 2) Real.measurableSpace episodeCount ?m.63
    (measurable_of_finite episodeCount)
context:
Ω : Type u_1
inst✝ : MeasurableSpace Ω
μ : Measure Ω
count : Ω → ℝ
h : HasLaw count (Measure.map episodeCount episodeLaw.toMeasure) μ
⊢ Measure (Fin 2)
SafeLearning/CompleteModulesLandscapeEpisodeCounts.lean:63:7: error: failed to infer `have` declaration type
SafeLearning/CompleteModulesLandscapeEpisodeCounts.lean:62:60: error: unsolved goals
Ω : Type u_1
inst✝ : MeasurableSpace Ω
μ : Measure Ω
count : Ω → ℝ
h : HasLaw count (Measure.map episodeCount episodeLaw.toMeasure) μ
⊢ ∫ (ω : Ω), count ω ∂μ = 1 / 2 ∧ μ.real {ω | 1 ≤ count ω} = 1 / 10
