SafeLearning/CompleteModulesLandscapeVectorMixture.lean:45:4: error: Type mismatch: After simplification, term
  h
 has type
  @StronglyMeasurable Ω ℝ PseudoMetricSpace.toUniformSpace.toTopologicalSpace (↑F i) fun a => ∑ c, theta c * phi i a c
but is expected to have type
  @StronglyMeasurable Ω ℝ PseudoMetricSpace.toUniformSpace.toTopologicalSpace (↑F i) (directionalWeight phi theta i)
SafeLearning/CompleteModulesLandscapeVectorMixture.lean:55:22: error: Tactic `rewrite` failed: Did not find an occurrence of the pattern
  (∑ i ∈ ?s, ?f i) * ?a
in the target expression
  ∑ j, |theta j| * ↑K = ↑K * ∑ j, |theta j|

feature : Type u_1
inst✝ : Fintype feature
Ω : Type u_2
mΩ : MeasurableSpace Ω
μ : Measure Ω
F : Filtration ℕ mΩ
phi : ℕ → Ω → feature → ℝ
hphi : ∀ (i : ℕ) (j : feature), StronglyMeasurable fun omega => phi i omega j
K : ℝ≥0
hb✝ : ∀ (i : ℕ) (j : feature), ∀ᵐ (omega : Ω) ∂μ, |phi i omega j| ≤ ↑K
theta : feature → ℝ
i : ℕ
omega : Ω
hb : ∀ (i_1 : feature), |phi i omega i_1| ≤ ↑K
⊢ ∑ j, |theta j| * ↑K = ↑K * ∑ j, |theta j|
