SafeLearning/CompleteModulesGoSafeToyObjective.lean:30:2: error: 'change' tactic failed, pattern
  Real.exp (-z) ≤ 1 / (1 + cutoff)
is not definitionally equal to target
  Real.exp (-(dx ^ 2 + dy ^ 2) / (2 * (13 / 100) ^ 2)) ≤ 1 / (1 + cutoff)
SafeLearning/CompleteModulesGoSafeToyObjective.lean:66:4: error: linarith failed to find a contradiction
p : ℝ × ℝ
hp : p ∈ actualParameterBox
hscore :
  53 / 50 ≤
    Real.exp (-((p.1 - 3 / 4) ^ 2 + (p.2 - 3 / 5) ^ 2) / (2 * (13 / 100) ^ 2)) +
        3 / 5 * Real.exp (-((p.1 - 1 / 4) ^ 2 + (p.2 - 2 / 5) ^ 2) / (2 * (13 / 100) ^ 2)) +
      1 / 10 * p.2
hp1 : p.1 ∈ Icc 0 1
hp2 : p.2 ∈ Icc 0 1
hfirst :
  0 < Real.exp (-((p.1 - 3 / 4) ^ 2 + (p.2 - 3 / 5) ^ 2) / (2 * (13 / 100) ^ 2)) ∧
    Real.exp (-((p.1 - 3 / 4) ^ 2 + (p.2 - 3 / 5) ^ 2) / (2 * (13 / 100) ^ 2)) ≤ 1
hsecond :
  0 < Real.exp (-((p.1 - 1 / 4) ^ 2 + (p.2 - 2 / 5) ^ 2) / (2 * (13 / 100) ^ 2)) ∧
    Real.exp (-((p.1 - 1 / 4) ^ 2 + (p.2 - 2 / 5) ^ 2) / (2 * (13 / 100) ^ 2)) ≤ 1
h : ¬1 / 2 < p.1
hx : p.1 ≤ 1 / 2
hsq : 1 / 16 ≤ (p.1 - 3 / 4) ^ 2
hb : Real.exp ((-(p.2 - 3 / 5) ^ 2 + -(p.1 - 3 / 4) ^ 2) / (169 / 5000)) ≤ 338 / 963
⊢ False
failed
SafeLearning/CompleteModulesGoSafeToyObjective.lean:72:4: error: Type mismatch
  hb
has type
  Real.exp ((-(p.2 - 2 / 5) ^ 2 + -(p.1 - 1 / 4) ^ 2) / (169 / 5000)) ≤ 338 / 963
but is expected to have type
  Real.exp (-((p.1 - 1 / 4) ^ 2 + (p.2 - 2 / 5) ^ 2) / (2 * (13 / 100) ^ 2)) ≤ 338 / 963
SafeLearning/CompleteModulesGoSafeToyObjective.lean:78:6: error: Type mismatch: After simplification, term
  hm
 has type
  (1 / 8) ^ 2 ≤ (p.1 - 3 / 4) ^ 2
but is expected to have type
  1 / 64 ≤ (p.1 - 3 / 4) ^ 2
SafeLearning/CompleteModulesGoSafeToyObjective.lean:83:4: error: linarith failed to find a contradiction
p : ℝ × ℝ
hp : p ∈ actualParameterBox
hscore :
  53 / 50 ≤
    Real.exp (-((p.1 - 3 / 4) ^ 2 + (p.2 - 3 / 5) ^ 2) / (2 * (13 / 100) ^ 2)) +
        3 / 5 * Real.exp (-((p.1 - 1 / 4) ^ 2 + (p.2 - 2 / 5) ^ 2) / (2 * (13 / 100) ^ 2)) +
      1 / 10 * p.2
hp1 : p.1 ∈ Icc 0 1
hp2 : p.2 ∈ Icc 0 1
hfirst :
  0 < Real.exp (-((p.1 - 3 / 4) ^ 2 + (p.2 - 3 / 5) ^ 2) / (2 * (13 / 100) ^ 2)) ∧
    Real.exp (-((p.1 - 3 / 4) ^ 2 + (p.2 - 3 / 5) ^ 2) / (2 * (13 / 100) ^ 2)) ≤ 1
hsecond :
  0 < Real.exp (-((p.1 - 1 / 4) ^ 2 + (p.2 - 2 / 5) ^ 2) / (2 * (13 / 100) ^ 2)) ∧
    Real.exp (-((p.1 - 1 / 4) ^ 2 + (p.2 - 2 / 5) ^ 2) / (2 * (13 / 100) ^ 2)) ≤ 1
hx : 1 / 2 < p.1
hsecondBound : Real.exp (-((p.1 - 1 / 4) ^ 2 + (p.2 - 2 / 5) ^ 2) / (2 * (13 / 100) ^ 2)) ≤ 338 / 963
h : ¬|p.1 - 3 / 4| < 1 / 8
hsq : 1 / 64 ≤ (p.1 - 3 / 4) ^ 2
hb : Real.exp ((-(p.2 - 3 / 5) ^ 2 + -(p.1 - 3 / 4) ^ 2) / (169 / 5000)) ≤ 1352 / 1977
⊢ False
failed
