SafeLearning/CompleteModulesSafeOptEightPointConsequences.lean:22:63: error: Type mismatch
  add_le_add_left ih ?m.160
has type
  |f (start + n) - f start| + ?m.160 ≤ ∑ k ∈ Finset.range n, |f (start + k + 1) - f (start + k)| + ?m.160
but is expected to have type
  |f (start + n + 1) - f (start + n)| + |f (start + n) - f start| ≤
    |f (start + n + 1) - f (start + n)| + ∑ k ∈ Finset.range n, |f (start + k + 1) - f (start + k)|
SafeLearning/CompleteModulesSafeOptEightPointConsequences.lean:62:41: error: mod_cast has type
  i ≤ j
but is expected to have type
  actualValue i - actualValue j ≤ 0
SafeLearning/CompleteModulesSafeOptEightPointConsequences.lean:63:4: error: Type mismatch: After simplification, term
  hforward i j hij
 has type
  |actualValue j - actualValue i| ≤ ↑↑j - ↑↑i
but is expected to have type
  actualValue j ≤ |↑↑j - ↑↑i| + actualValue i
SafeLearning/CompleteModulesSafeOptEightPointConsequences.lean:64:41: error: mod_cast has type
  j ≤ i
but is expected to have type
  0 ≤ actualValue i - actualValue j
SafeLearning/CompleteModulesSafeOptEightPointConsequences.lean:65:4: error: Type mismatch
  hforward j i hji
has type
  |actualValue i - actualValue j| ≤ ↑↑i - ↑↑j
but is expected to have type
  actualValue i - actualValue j ≤ |↑↑i - ↑↑j|
