SafeLearning/CompleteModulesGaussianPSDInformation.lean:45:0: warning: automatically included section variable(s) unused in theorem `SafeLearning.CompleteModulesGaussianPSDInformation.actual_vector_channel_joint_has_the_true_input_marginal`:
  [DecidableEq I]
consider restructuring your `variable` declarations so that the variables are not in scope or explicitly omit them:
  omit [DecidableEq I] in theorem ...

Note: This linter can be disabled with `set_option linter.unusedSectionVars false`
SafeLearning/CompleteModulesGaussianPSDInformation.lean:64:61: error: unsolved goals
case e_f
I : Type u_1
inst✝¹ : Fintype I
inst✝ : DecidableEq I
Q : Matrix I I ℝ
hQ : Q * Qᵀ = 1
hQT : Qᵀ * Q = 1
v : I → ℝ≥0
lambda : ℝ≥0
S : Measure (I → ℝ) := Measure.pi fun i => gaussianReal 0 (v i)
N : Measure (I → ℝ) := Measure.pi fun x => gaussianReal 0 lambda
e : (I → ℝ) ≃ᵐ (I → ℝ) := orthogonalEquiv Q hQ hQT
hn : Measure.map (⇑e) N = N
hp : (Measure.map (⇑e) S).prod (Measure.map (⇑e) N) = Measure.map (Prod.map ⇑e ⇑e) (S.prod N)
p : (I → ℝ) × (I → ℝ)
⊢ { toEquiv := e.prodCongr e.toEquiv, measurable_toFun := ⋯, measurable_invFun := ⋯ } (p.1, fun i => p.2 i + p.1 i) =
    (Q *ᵥ p.1, Q *ᵥ p.2 + Q *ᵥ p.1)
SafeLearning/CompleteModulesGaussianPSDInformation.lean:69:61: warning: This simp argument is unused:
  orthogonalEquiv

Hint: Omit it from the simp argument list.
  [apply] simp only [Function.comp_def, MeasurableEquiv.prodCongr, Equiv.prodCongr_apply, Matrix.mulVec_add]

Note: This linter can be disabled with `set_option linter.unusedSimpArgs false`
SafeLearning/CompleteModulesGaussianPSDInformation.lean:70:8: warning: This simp argument is unused:
  Equiv.prodCongr_apply

Hint: Omit it from the simp argument list.
  [apply] simp only [Function.comp_def, MeasurableEquiv.prodCongr, orthogonalEquiv, Matrix.mulVec_add]

Note: This linter can be disabled with `set_option linter.unusedSimpArgs false`
SafeLearning/CompleteModulesGaussianPSDInformation.lean:70:30: warning: This simp argument is unused:
  Matrix.mulVec_add

Hint: Omit it from the simp argument list.
  [apply] simp only [Function.comp_def, MeasurableEquiv.prodCongr, orthogonalEquiv, Equiv.prodCongr_apply]

Note: This linter can be disabled with `set_option linter.unusedSimpArgs false`
SafeLearning/CompleteModulesGaussianPSDInformation.lean:132:0: warning: automatically included section variable(s) unused in theorem `SafeLearning.CompleteModulesGaussianPSDInformation.actual_independent_gaussian_input_and_isotropic_noise_derive_the_true_channel_joint`:
  [DecidableEq I]
consider restructuring your `variable` declarations so that the variables are not in scope or explicitly omit them:
  omit [DecidableEq I] in theorem ...

Note: This linter can be disabled with `set_option linter.unusedSectionVars false`
SafeLearning/CompleteModulesGaussianPSDInformation.lean:158:8: error: Tactic `rewrite` failed: Did not find an occurrence of the pattern
  Measure.map ?m.155 (Measure.map (fun x => (F x, (E + F) x)) P)
in the target expression
  Measure.map Prod.fst (Measure.map (fun o => (F o, E o + F o)) P) = Measure.map F P

I : Type u_1
Omega : Type u_2
inst✝³ : Fintype I
inst✝² : DecidableEq I
inst✝¹ : MeasurableSpace Omega
P : Measure Omega
inst✝ : IsProbabilityMeasure P
F E : Omega → I → ℝ
hF : HasGaussianLaw F P
hE : AEMeasurable E P
hi : F ⟂ᵢ[P] E
G : Matrix I I ℝ
hG : G.PosSemidef
hm : ∀ (i : I), ∫ (o : Omega), F o i ∂P = 0
hc : ∀ (i j : I), cov[fun o => F o i, fun o => F o j; P] = G i j
lambda : ℝ≥0
hlambda : lambda ≠ 0
hnoise : Measure.map E P = Measure.pi fun x => gaussianReal 0 lambda
hj : Measure.map (fun o => (F o, E o + F o)) P = channelJoint (Measure.map F P) lambda
hf : Measure.map F P = signalLaw G hG
⊢ Measure.map Prod.fst (Measure.map (fun o => (F o, E o + F o)) P) = Measure.map F P
SafeLearning/CompleteModulesGaussianPSDInformation.lean:158:49: error: `fun_prop` was unable to prove `AEMeasurable ?m.155 (Measure.map (fun x => (F x, (E + F) x)) P)`

Issues:
SafeLearning/CompleteModulesGaussianPSDInformation.lean:162:8: error: Tactic `rewrite` failed: Did not find an occurrence of the pattern
  Measure.map ?m.233 (Measure.map (fun x => (F x, (E + F) x)) P)
in the target expression
  Measure.map Prod.snd (Measure.map (fun o => (F o, E o + F o)) P) = Measure.map (fun o => E o + F o) P

I : Type u_1
Omega : Type u_2
inst✝³ : Fintype I
inst✝² : DecidableEq I
inst✝¹ : MeasurableSpace Omega
P : Measure Omega
inst✝ : IsProbabilityMeasure P
F E : Omega → I → ℝ
hF : HasGaussianLaw F P
hE : AEMeasurable E P
hi : F ⟂ᵢ[P] E
G : Matrix I I ℝ
hG : G.PosSemidef
hm : ∀ (i : I), ∫ (o : Omega), F o i ∂P = 0
hc : ∀ (i j : I), cov[fun o => F o i, fun o => F o j; P] = G i j
lambda : ℝ≥0
hlambda : lambda ≠ 0
hnoise : Measure.map E P = Measure.pi fun x => gaussianReal 0 lambda
hj : Measure.map (fun o => (F o, E o + F o)) P = channelJoint (Measure.map F P) lambda
hf : Measure.map F P = signalLaw G hG
hfst : Measure.map Prod.fst (Measure.map (fun o => (F o, E o + F o)) P) = Measure.map F P
⊢ Measure.map Prod.snd (Measure.map (fun o => (F o, E o + F o)) P) = Measure.map (fun o => E o + F o) P
SafeLearning/CompleteModulesGaussianPSDInformation.lean:162:49: error: `fun_prop` was unable to prove `AEMeasurable ?m.233 (Measure.map (fun x => (F x, (E + F) x)) P)`

Issues:
