SafeLearning/CompleteModulesGPLinearInformationDesigns.lean:43:6: error: Tactic `rewrite` failed: Did not find an occurrence of the pattern
  (?m.43 * ?m.44) ?m.45 ?m.46
in the target expression
  ((cycleDesign m)ᵀ * cycleDesign m) i j = (↑m • 1) i j

D : Type u_1
inst✝¹ : Fintype D
inst✝ : DecidableEq D
m : ℕ
i j : D
⊢ ((cycleDesign m)ᵀ * cycleDesign m) i j = (↑m • 1) i j

Note: The target expression is not type-correct under the `implicit` transparency level, which may have triggered the failure. This is usually caused by unfolding of semireducible definitions in prior tactic steps. Use `set_option linter.tacticCheckInstances true` to investigate the source of the issue.
Full error:
  Application type mismatch: The argument
    CStarMatrix.instHMulOfFintypeOfMulOfAddCommMonoid
  has type
    HMul (CStarMatrix D (Fin m × D) ℝ) (CStarMatrix (Fin m × D) D ℝ) (CStarMatrix D D ℝ)
  but is expected to have type
    HMul (Matrix D (Fin m × D) ℝ) (Matrix (Fin m × D) D ℝ) (Matrix D D ℝ)
  in the application
    @HMul.hMul (Matrix D (Fin m × D) ℝ) (Matrix (Fin m × D) D ℝ) (Matrix D D ℝ)
      CStarMatrix.instHMulOfFintypeOfMulOfAddCommMonoid
SafeLearning/CompleteModulesGPLinearInformationDesigns.lean:62:0: warning: automatically included section variable(s) unused in theorem `SafeLearning.CompleteModulesGPLinearInformationDesigns.actual_embedded_orthonormal_inputs_have_unit_euclidean_norm`:
  [Fintype T]
  [DecidableEq T]
consider restructuring your `variable` declarations so that the variables are not in scope or explicitly omit them:
  omit [Fintype T] [DecidableEq T] in theorem ...

Note: This linter can be disabled with `set_option linter.unusedSectionVars false`
SafeLearning/CompleteModulesGPLinearInformationDesigns.lean:69:0: warning: automatically included section variable(s) unused in theorem `SafeLearning.CompleteModulesGPLinearInformationDesigns.actual_embedded_orthonormal_design_has_identity_observation_gram`:
  [Fintype T]
consider restructuring your `variable` declarations so that the variables are not in scope or explicitly omit them:
  omit [Fintype T] in theorem ...

Note: This linter can be disabled with `set_option linter.unusedSectionVars false`
SafeLearning/CompleteModulesGPLinearInformationDesigns.lean:102:69: warning: Used `tac1 <;> tac2` where `(tac1; tac2)` would suffice

Note: This linter can be disabled with `set_option linter.unnecessarySeqFocus false`
