SafeLearning/CompleteModulesLandscapeExtendedFeasibility.lean:15:17: error: mod_cast has type
  (0 : EReal) < (fun u => ↑(f u)) u
but is expected to have type
  (0 : ℝ) < f u
Try this:
  [apply] ring_nf
  
  The `ring` tactic failed to close the goal. Use `ring_nf` to obtain a normal form.
    
  Note that `ring` works primarily in *commutative* rings. If you have a noncommutative ring, abelian group or module, consider using `noncomm_ring`, `abel` or `module` instead.
SafeLearning/CompleteModulesLandscapeExtendedFeasibility.lean:49:4: error: unsolved goals
case mpr
a b : ℝ
hb : b ≠ 0
v : ℝ
⊢ ↑a + ↑b * ↑(v * b⁻¹ - a * b⁻¹) = ↑v
SafeLearning/CompleteModulesLandscapeExtendedFeasibility.lean:58:21: error(lean.unknownIdentifier): Unknown constant `EReal.exists_gt_of_lt_top`
SafeLearning/CompleteModulesLandscapeExtendedFeasibility.lean:58:11: error: Tactic `rcases` failed: `x✝ : ?m.161` is not an inductive datatype
SafeLearning/CompleteModulesLandscapeExtendedFeasibility.lean:63:8: error: Tactic `rewrite` failed: Did not find an occurrence of the pattern
  (fun u => ↑a + ↑b * ↑u) '' univ
in the target expression
  sSup ((fun u => ↑((fun u => a + b * u) u)) '' univ) = ⊤

a b : ℝ
hb : b ≠ 0
he : (fun u => ↑a + ↑b * ↑u) '' univ = range fun y => ↑y
hl : sSup (range fun y => ↑y) = ⊤
⊢ sSup ((fun u => ↑((fun u => a + b * u) u)) '' univ) = ⊤
