SafeLearning/CompleteModulesGPCorrelatedConsequences.lean:66:28: error: `fun_prop` was unable to prove `Measurable
  ((fun triple => (triple.1.1, latentPair (triple.1.2, triple.2))) ∘
    Prod.map (Prod.swap ∘ fun pair => (pair.1, pair.1 + pair.2)) id)`

Issues:
  No theorems found for `SafeLearning.CompleteModulesGPCorrelatedPosterior.latentPair` in order to prove `Measurable fun a0 => latentPair a0`
  No theorems found for `SafeLearning.CompleteModulesGPCorrelatedPosterior.latentPair` in order to prove `Measurable fun a =>
  latentPair
    ((Prod.map (Prod.swap ∘ fun pair => (pair.1, pair.1 + pair.2)) id a).1.2,
      (Prod.map (Prod.swap ∘ fun pair => (pair.1, pair.1 + pair.2)) id a).2)`
SafeLearning/CompleteModulesGPCorrelatedConsequences.lean:66:38: error: Tactic `rewrite` failed: Did not find an occurrence of the pattern
  ∫⁻ (z : (ℝ × ℝ) × ℝ), test (z.1.1 + z.1.2, latentPair (z.1.1, z.2)) ∂Measure.prod ?m.1260 ?m.1261
in the target expression
  ∫⁻ (x : ℝ),
      ∫⁻ (y : ℝ),
        ∫⁻ (y_1 : ℝ),
          test (sourceGenerativeMap ((x, y), y_1)) ∂sourceNoiseLaw ∂gaussianReal 0 (3 / 4) ∂gaussianReal 0 1 =
    ∫⁻ (a : (ℝ × ℝ) × ℝ),
      test
        (((fun triple => (triple.1.1, latentPair (triple.1.2, triple.2))) ∘
            Prod.map (Prod.swap ∘ fun pair => (pair.1, pair.1 + pair.2)) id)
          a) ∂((gaussianReal 0 1).prod (gaussianReal 0 (1 / 4))).prod residualLaw

hj :
  Measure.map (fun pair => (pair.1, pair.1 + pair.2)) ((gaussianReal 0 1).prod (gaussianReal 0 (1 / 4))) =
    CompleteAppliedGaussianBayesJoint.actualJoint 0 1 (1 / 4)
hm : Measurable sourceGenerativeMap
hg : Measurable fun pair => (pair.1, pair.1 + pair.2)
hs : Measurable fun triple => (triple.1.1, latentPair (triple.1.2, triple.2))
he :
  (Measure.map (Prod.swap ∘ fun pair => (pair.1, pair.1 + pair.2))
          ((gaussianReal 0 1).prod (gaussianReal 0 (1 / 4)))).prod
      residualLaw =
    Measure.map (Prod.map (Prod.swap ∘ fun pair => (pair.1, pair.1 + pair.2)) id)
      (((gaussianReal 0 1).prod (gaussianReal 0 (1 / 4))).prod residualLaw)
test : ℝ × ℝ × ℝ → ℝ≥0∞
htest : Measurable test
hleft : Measurable fun triple => test (sourceGenerativeMap triple)
hright : Measurable fun triple => test (triple.1.1 + triple.1.2, latentPair (triple.1.1, triple.2))
⊢ ∫⁻ (x : ℝ),
      ∫⁻ (y : ℝ),
        ∫⁻ (y_1 : ℝ),
          test (sourceGenerativeMap ((x, y), y_1)) ∂sourceNoiseLaw ∂gaussianReal 0 (3 / 4) ∂gaussianReal 0 1 =
    ∫⁻ (a : (ℝ × ℝ) × ℝ),
      test
        (((fun triple => (triple.1.1, latentPair (triple.1.2, triple.2))) ∘
            Prod.map (Prod.swap ∘ fun pair => (pair.1, pair.1 + pair.2)) id)
          a) ∂((gaussianReal 0 1).prod (gaussianReal 0 (1 / 4))).prod residualLaw
