SafeLearning/CompleteModulesLandscapeCountConsequences.lean:26:4: error: linarith failed to find a contradiction
case mpr
Ω : Type u_1
inst✝ : MeasurableSpace Ω
T : ℕ
events : Fin (T + 1) → Set Ω
ω : Ω
h : ω ∈ {ω | 1 ≤ unsafeCount events ω}
hn : ω ∉ everUnsafe events
hb : 0 ≤ unsafeCount events ω ∧ 0 ≤ unsafeCount events ω ∧ unsafeCount events ω ≤ 0
⊢ False
failed
SafeLearning/CompleteModulesLandscapeCountConsequences.lean:47:2: warning: Try this: 
  letI̵

The goal is a proposition, so `let` is preferred over `letI`.
The difference between `let` and `letI` is that `letI` inlines the value.
But this is not relevant for proofs because of proof irrelevance.

Note: This linter can be disabled with `set_option linter.style.haveILetI false`
SafeLearning/CompleteModulesLandscapeCountConsequences.lean:65:68: warning: This simp argument is unused:
  eq_comm

Hint: Omit it from the simp argument list.
  [apply] simp [unsafeCount, sourceRandomTimeEvents, stepCost, Set.indicator]

Note: This linter can be disabled with `set_option linter.unusedSimpArgs false`
