SafeLearning/CompleteModulesGaussianSequentialAlgebra.lean:27:2: warning: Try this: 
  letI̵

The goal is a proposition, so `let` is preferred over `letI`.
The difference between `let` and `letI` is that `letI` inlines the value.
But this is not relevant for proofs because of proof irrelevance.

Note: This linter can be disabled with `set_option linter.style.haveILetI false`
SafeLearning/CompleteModulesGaussianSequentialAlgebra.lean:62:4: error: 'change' tactic failed, pattern
  (A *ᵥ (A⁻¹ *ᵥ c - lastWeight A d c v r • A⁻¹ *ᵥ d)) i + d i * lastWeight A d c v r = c i
is not definitionally equal to target
  (A *ᵥ (A⁻¹ *ᵥ c - lastWeight A d c v r • A⁻¹ *ᵥ d ⊕ᵥ fun x => lastWeight A d c v r) ∘ Sum.inl +
          (of fun i x => d i) *ᵥ
            (A⁻¹ *ᵥ c - lastWeight A d c v r • A⁻¹ *ᵥ d ⊕ᵥ fun x => lastWeight A d c v r) ∘ Sum.inr ⊕ᵥ
        ((of fun x i => d i) *ᵥ
            (A⁻¹ *ᵥ c - lastWeight A d c v r • A⁻¹ *ᵥ d ⊕ᵥ fun x => lastWeight A d c v r) ∘ Sum.inl +
          (of fun x x_1 => v) *ᵥ
            (A⁻¹ *ᵥ c - lastWeight A d c v r • A⁻¹ *ᵥ d ⊕ᵥ fun x => lastWeight A d c v r) ∘ Sum.inr))
      (Sum.inl i) =
    (c ⊕ᵥ fun x => r) (Sum.inl i)
SafeLearning/CompleteModulesGaussianSequentialAlgebra.lean:68:4: error: 'change' tactic failed, pattern
  d ⬝ᵥ (A⁻¹ *ᵥ c - lastWeight A d c v r • A⁻¹ *ᵥ d) + v * lastWeight A d c v r = r
is not definitionally equal to target
  (A *ᵥ (A⁻¹ *ᵥ c - lastWeight A d c v r • A⁻¹ *ᵥ d ⊕ᵥ fun x => lastWeight A d c v r) ∘ Sum.inl +
          (of fun i x => d i) *ᵥ
            (A⁻¹ *ᵥ c - lastWeight A d c v r • A⁻¹ *ᵥ d ⊕ᵥ fun x => lastWeight A d c v r) ∘ Sum.inr ⊕ᵥ
        ((of fun x i => d i) *ᵥ
            (A⁻¹ *ᵥ c - lastWeight A d c v r • A⁻¹ *ᵥ d ⊕ᵥ fun x => lastWeight A d c v r) ∘ Sum.inl +
          (of fun x x_1 => v) *ᵥ
            (A⁻¹ *ᵥ c - lastWeight A d c v r • A⁻¹ *ᵥ d ⊕ᵥ fun x => lastWeight A d c v r) ∘ Sum.inr))
      (Sum.inr u) =
    (c ⊕ᵥ fun x => r) (Sum.inr u)
