SafeLearning/CompleteModulesSafeOptPositiveVariance.lean:40:81: error: unsolved goals
D : Type u_1
I : Type u_2
inst✝² : Fintype D
inst✝¹ : Fintype I
inst✝ : DecidableEq I
kernel : D → D → ℝ
hkernel : (Matrix.of kernel).PosSemidef
input : I → D
target : D
regularizer : ℝ
hreg : 0 < regularizer
htarget : 0 < kernel target target
A : Matrix I I ℝ := actualGPMatrix kernel input regularizer
c : I → ℝ := actualGPCross kernel input target
w : I → ℝ := A⁻¹ *ᵥ c
hu : IsUnit A
hnormal : A *ᵥ w = c
hrow : ∀ (i : I), ∑ j, kernel (input i) (input j) * w j + regularizer * w i = kernel (input i) target
data : Option I → D := fun j => j.elim target input
v : Option I → ℝ := fun j => j.elim 1 fun i => -w i
G : Matrix (Option I) (Option I) ℝ := (Matrix.of kernel).submatrix data data
hG : G.PosSemidef
hsym : ∀ (i : I), kernel target (input i) = kernel (input i) target
⊢ kernel target target +
      -∑ x, kernel (input x) target * ∑ i, (actualGPMatrix kernel input regularizer)⁻¹ x i * kernel (input i) target =
    kernel target target -
      ∑ i,
        kernel (input i) target * ∑ i_1, (actualGPMatrix kernel input regularizer)⁻¹ i i_1 * kernel (input i_1) target
SafeLearning/CompleteModulesSafeOptPositiveVariance.lean:51:4: error: Tactic `apply` failed: could not unify the conclusion of `Finset.sum_congr rfl`
  Finset.sum ?m.359 ?m.356 = Finset.sum ?m.359 ?m.357
with the goal
  -∑ x, w x * (regularizer * w x) = -∑ i, regularizer * w i ^ 2

Note: The full type of `Finset.sum_congr rfl` is
  (∀ x ∈ ?m.359, ?m.356 x = ?m.357 x) → Finset.sum ?m.359 ?m.356 = Finset.sum ?m.359 ?m.357

case e_a
D : Type u_1
I : Type u_2
inst✝² : Fintype D
inst✝¹ : Fintype I
inst✝ : DecidableEq I
kernel : D → D → ℝ
hkernel : (Matrix.of kernel).PosSemidef
input : I → D
target : D
regularizer : ℝ
hreg : 0 < regularizer
htarget : 0 < kernel target target
A : Matrix I I ℝ := actualGPMatrix kernel input regularizer
c : I → ℝ := actualGPCross kernel input target
w : I → ℝ := A⁻¹ *ᵥ c
hu : IsUnit A
hnormal : A *ᵥ w = c
hrow : ∀ (i : I), ∑ j, kernel (input i) (input j) * w j + regularizer * w i = kernel (input i) target
data : Option I → D := fun j => j.elim target input
v : Option I → ℝ := fun j => j.elim 1 fun i => -w i
G : Matrix (Option I) (Option I) ℝ := (Matrix.of kernel).submatrix data data
hG : G.PosSemidef
hsym : ∀ (i : I), kernel target (input i) = kernel (input i) target
hnone : (G *ᵥ v) none = actualGPVariance kernel input regularizer target
hsome : ∀ (i : I), (G *ᵥ v) (some i) = regularizer * w i
⊢ -∑ x, w x * (regularizer * w x) = -∑ i, regularizer * w i ^ 2
