SafeLearning/CompleteModulesLandscapeZeroNoisePosterior.lean:106:17: warning: `Set.mem_setOf_eq` has been deprecated: Use `Set.mem_ofPred_eq` instead
SafeLearning/CompleteModulesLandscapeZeroNoisePosterior.lean:107:6: error: Type mismatch
  hw
has type
  (∀ (i : ℕ), Y i omega = 0) ∧
    (∀ (n : ℕ), actualKernelNoiseQuadratic kernel lambda (fun i => query i omega) (fun i => Y i omega) n = 0) ∧
      ∀ (n : ℕ) (x : X),
        |f x - actualKernelMeanAt kernel lambda (fun i => query i omega) (fun y => f y) (fun i => Y i omega) n x| ≤
          √B * √(actualKernelVarianceAt kernel lambda (fun i => query i omega) n x)
but is expected to have type
  ((∀ (i : ℕ), Y i omega = 0) ∧
      (∀ (n : ℕ), actualKernelNoiseQuadratic kernel lambda (fun i => query i omega) (fun i => Y i omega) n = 0) ∧
        ∀ (n : ℕ) (x : X),
          |f x - actualKernelMeanAt kernel lambda (fun i => query i omega) (fun y => f y) (fun i => Y i omega) n x| ≤
            √B * √(actualKernelVarianceAt kernel lambda (fun i => query i omega) n x)) =
    True
SafeLearning/CompleteModulesLandscapeZeroNoisePosterior.lean:106:17: warning: This simp argument is unused:
  mem_setOf_eq

Hint: Omit it from the simp argument list.
  [apply] simp only [mem_univ, iff_true]

Note: This linter can be disabled with `set_option linter.unusedSimpArgs false`
SafeLearning/CompleteModulesLandscapeZeroNoisePosterior.lean:106:41: warning: This simp argument is unused:
  iff_true

Hint: Omit it from the simp argument list.
  [apply] simp only [mem_setOf_eq, mem_univ]

Note: This linter can be disabled with `set_option linter.unusedSimpArgs false`
