SafeLearning/CompleteModulesGaussianRegressionVector.lean:24:0: warning: automatically included section variable(s) unused in theorem `SafeLearning.CompleteModulesGaussianRegressionVector.actual_old_observation_vector_and_each_query_are_jointly_gaussian`:
  [DecidableEq I]
  [IsProbabilityMeasure P]
consider restructuring your `variable` declarations so that the variables are not in scope or explicitly omit them:
  omit [DecidableEq I] [IsProbabilityMeasure P] in theorem ...

Note: This linter can be disabled with `set_option linter.unusedSectionVars false`
SafeLearning/CompleteModulesGaussianRegressionVector.lean:30:37: warning: Used `tac1 <;> tac2` where `(tac1; tac2)` would suffice

Note: This linter can be disabled with `set_option linter.unnecessarySeqFocus false`
SafeLearning/CompleteModulesGaussianRegressionVector.lean:32:0: warning: automatically included section variable(s) unused in theorem `SafeLearning.CompleteModulesGaussianRegressionVector.actual_old_vector_and_entire_query_residual_family_are_jointly_gaussian`:
  [IsProbabilityMeasure P]
consider restructuring your `variable` declarations so that the variables are not in scope or explicitly omit them:
  omit [IsProbabilityMeasure P] in theorem ...

Note: This linter can be disabled with `set_option linter.unusedSectionVars false`
SafeLearning/CompleteModulesGaussianRegressionVector.lean:66:83: error: unsolved goals
I : Type u_1
J : Type u_2
Omega : Type u_3
inst✝⁴ : Fintype I
inst✝³ : DecidableEq I
inst✝² : Fintype J
inst✝¹ : MeasurableSpace Omega
P : Measure Omega
inst✝ : IsProbabilityMeasure P
Y : Omega → I → ℝ
Z : Omega → J → ℝ
hYZ : HasGaussianLaw (fun o => (Y o, Z o)) P
hunit : IsUnit (observationCovariance P Y)
i j : J
hy : ∀ (k : I), MemLp (fun o => Y o k) 2 P
hi : MemLp (fun ω => Z ω i) 2 P
hr : HasGaussianLaw (fun ω => residual P Y Z ω j) P
hsum : MemLp (fun o => ∑ k, weight P Y Z i k * Y o k) 2 P
hz : ∀ (k : I), cov[fun o => Y o k, fun o => residual P Y Z o j; P] = 0
he :
  cov[fun o => residual P Y Z o i, fun o => residual P Y Z o j; P] = cov[fun o => Z o i, fun o => residual P Y Z o j; P]
hsumj : MemLp (fun o => ∑ k, weight P Y Z j k * Y o k) 2 P
⊢ ∑ x,
      cov[fun x_1 => Y x_1 x * ((observationCovariance P Y)⁻¹ *ᵥ crossCovariance P Y fun ω => Z ω j) x, fun ω => Z ω i;
        P] =
    ∑ i_1,
      cov[fun o => Y o i_1, fun ω => Z ω i; P] *
        ((observationCovariance P Y)⁻¹ *ᵥ crossCovariance P Y fun ω => Z ω j) i_1
SafeLearning/CompleteModulesGaussianRegressionVector.lean:86:8: warning: This simp argument is unused:
  covariance_const_mul_right

Hint: Omit it from the simp argument list.
  [apply] simp [crossCovariance, weight, dotProduct, covariance_comm (fun o => Z o i), mul_comm]

Note: This linter can be disabled with `set_option linter.unusedSimpArgs false`
SafeLearning/CompleteModulesGaussianRegressionVector.lean:88:0: warning: automatically included section variable(s) unused in theorem `SafeLearning.CompleteModulesGaussianRegressionVector.actual_affine_finite_vector_pushforward_is_a_measurable_kernel`:
  [DecidableEq I]
  [Fintype J]
consider restructuring your `variable` declarations so that the variables are not in scope or explicitly omit them:
  omit [DecidableEq I] [Fintype J] in theorem ...

Note: This linter can be disabled with `set_option linter.unusedSectionVars false`
SafeLearning/CompleteModulesGaussianRegressionVector.lean:138:2: warning: Try this: 
  haveI̵

The goal is a proposition, so `have` is preferred over `haveI`.
The difference between `have` and `haveI` is that `haveI` inlines the value.
But this is not relevant for proofs because of proof irrelevance.

Note: This linter can be disabled with `set_option linter.style.haveILetI false`
SafeLearning/CompleteModulesGaussianRegressionVector.lean:140:2: warning: Try this: 
  haveI̵

The goal is a proposition, so `have` is preferred over `haveI`.
The difference between `have` and `haveI` is that `haveI` inlines the value.
But this is not relevant for proofs because of proof irrelevance.

Note: This linter can be disabled with `set_option linter.style.haveILetI false`
SafeLearning/CompleteModulesGaussianRegressionVector.lean:161:2: warning: Try this: 
  haveI̵

The goal is a proposition, so `have` is preferred over `haveI`.
The difference between `have` and `haveI` is that `haveI` inlines the value.
But this is not relevant for proofs because of proof irrelevance.

Note: This linter can be disabled with `set_option linter.style.haveILetI false`
SafeLearning/CompleteModulesGaussianRegressionVector.lean:173:2: warning: Try this: 
  haveI̵

The goal is a proposition, so `have` is preferred over `haveI`.
The difference between `have` and `haveI` is that `haveI` inlines the value.
But this is not relevant for proofs because of proof irrelevance.

Note: This linter can be disabled with `set_option linter.style.haveILetI false`
SafeLearning/CompleteModulesGaussianRegressionVector.lean:175:2: warning: Try this: 
  haveI̵

The goal is a proposition, so `have` is preferred over `haveI`.
The difference between `have` and `haveI` is that `haveI` inlines the value.
But this is not relevant for proofs because of proof irrelevance.

Note: This linter can be disabled with `set_option linter.style.haveILetI false`
SafeLearning/CompleteModulesGaussianRegressionVector.lean:196:2: warning: Try this: 
  haveI̵

The goal is a proposition, so `have` is preferred over `haveI`.
The difference between `have` and `haveI` is that `haveI` inlines the value.
But this is not relevant for proofs because of proof irrelevance.

Note: This linter can be disabled with `set_option linter.style.haveILetI false`
SafeLearning/CompleteModulesGaussianRegressionVector.lean:198:2: warning: Try this: 
  haveI̵

The goal is a proposition, so `have` is preferred over `haveI`.
The difference between `have` and `haveI` is that `haveI` inlines the value.
But this is not relevant for proofs because of proof irrelevance.

Note: This linter can be disabled with `set_option linter.style.haveILetI false`
SafeLearning/CompleteModulesGaussianRegressionVector.lean:202:6: error: Tactic `rewrite` failed: Did not find an occurrence of the pattern
  ∫ (y : (a : J) → ?m.238 a), y j ∂Measure.map ?m.234 ?m.231
in the target expression
  ∫ (r : J → ℝ), r j ∂Measure.map (fun r => r + fun j => weight P Y Z j ⬝ᵥ y) (Measure.map (residual P Y Z) P) =
    ∫ (o : Omega), Z o j ∂P - ∑ i, weight P Y Z j i * ∫ (o : Omega), Y o i ∂P + weight P Y Z j ⬝ᵥ y

I : Type u_1
J : Type u_2
Omega : Type u_3
inst✝⁴ : Fintype I
inst✝³ : DecidableEq I
inst✝² : Fintype J
inst✝¹ : MeasurableSpace Omega
P : Measure Omega
inst✝ : IsProbabilityMeasure P
Y : Omega → I → ℝ
Z : Omega → J → ℝ
hYZ : HasGaussianLaw (fun o => (Y o, Z o)) P
hunit : IsUnit (observationCovariance P Y)
y : I → ℝ
j : J
hg : HasGaussianLaw (fun o => (Y o, residual P Y Z o)) P
hj : HasGaussianLaw (fun o => (Y o, Z o j)) P
this✝ : IsProbabilityMeasure (Measure.map (residual P Y Z) P)
this : IsGaussian (Measure.map (residual P Y Z) P)
hi : Integrable (fun r => r j) (Measure.map (residual P Y Z) P)
⊢ ∫ (r : J → ℝ), r j ∂Measure.map (fun r => r + fun j => weight P Y Z j ⬝ᵥ y) (Measure.map (residual P Y Z) P) =
    ∫ (o : Omega), Z o j ∂P - ∑ i, weight P Y Z j i * ∫ (o : Omega), Y o i ∂P + weight P Y Z j ⬝ᵥ y
