SafeLearning/CompleteModulesGPRepeatedBayes.lean:10:16: error: unexpected token ':='; expected command
SafeLearning/CompleteModulesGPRepeatedBayes.lean:20:6: error(lean.unknownIdentifier): Unknown identifier `Bayes.evidence`
SafeLearning/CompleteModulesGPRepeatedBayes.lean:26:4: error(lean.unknownIdentifier): Unknown identifier `Bayes.posteriorMean`
SafeLearning/CompleteModulesGPRepeatedBayes.lean:28:4: error(lean.unknownIdentifier): Unknown identifier `Bayes.posteriorVariance`
SafeLearning/CompleteModulesGPRepeatedBayes.lean:32:15: error(lean.unknownIdentifier): Unknown identifier `Bayes.posteriorMean`
Try this:
  [apply] ring_nf
  
  The `ring` tactic failed to close the goal. Use `ring_nf` to obtain a normal form.
    
  Note that `ring` works primarily in *commutative* rings. If you have a noncommutative ring, abelian group or module, consider using `noncomm_ring`, `abel` or `module` instead.
SafeLearning/CompleteModulesGPRepeatedBayes.lean:32:2: error: unsolved goals
case left
reading : ℕ → ℝ
n : ℕ
hn : ↑n + 1 ≠ 0
hm : ↑n + 2 ≠ 0
⊢ sorry * 2 + sorry * ↑n = ∑ i ∈ Finset.range n, reading i + reading n
SafeLearning/CompleteModulesGPRepeatedBayes.lean:37:11: error(lean.unknownIdentifier): Unknown identifier `Bayes.posteriorVariance`
SafeLearning/CompleteModulesGPRepeatedBayes.lean:32:36: warning: This simp argument is unused:
  prefixVariance

Hint: Omit it from the simp argument list.
  [apply] simp only [Bayes.posteriorMean, prefixMean, Finset.sum_range_succ, NNReal.coe_add, NNReal.coe_div,
    NNReal.coe_one, NNReal.coe_natCast, Nat.cast_add, Nat.cast_one]

Note: This linter can be disabled with `set_option linter.unusedSimpArgs false`
SafeLearning/CompleteModulesGPRepeatedBayes.lean:33:6: warning: This simp argument is unused:
  NNReal.coe_add

Hint: Omit it from the simp argument list.
  [apply] simp only [Bayes.posteriorMean, prefixVariance, prefixMean, Finset.sum_range_succ, NNReal.coe_div,
    NNReal.coe_one, NNReal.coe_natCast, Nat.cast_add, Nat.cast_one]

Note: This linter can be disabled with `set_option linter.unusedSimpArgs false`
SafeLearning/CompleteModulesGPRepeatedBayes.lean:33:22: warning: This simp argument is unused:
  NNReal.coe_div

Hint: Omit it from the simp argument list.
  [apply] simp only [Bayes.posteriorMean, prefixVariance, prefixMean, Finset.sum_range_succ, NNReal.coe_add,
    NNReal.coe_one, NNReal.coe_natCast, Nat.cast_add, Nat.cast_one]

Note: This linter can be disabled with `set_option linter.unusedSimpArgs false`
SafeLearning/CompleteModulesGPRepeatedBayes.lean:33:38: warning: This simp argument is unused:
  NNReal.coe_one

Hint: Omit it from the simp argument list.
  [apply] simp only [Bayes.posteriorMean, prefixVariance, prefixMean, Finset.sum_range_succ, NNReal.coe_add,
    NNReal.coe_div, NNReal.coe_natCast, Nat.cast_add, Nat.cast_one]

Note: This linter can be disabled with `set_option linter.unusedSimpArgs false`
SafeLearning/CompleteModulesGPRepeatedBayes.lean:33:54: warning: This simp argument is unused:
  NNReal.coe_natCast

Hint: Omit it from the simp argument list.
  [apply] simp only [Bayes.posteriorMean, prefixVariance, prefixMean, Finset.sum_range_succ, NNReal.coe_add,
    NNReal.coe_div, NNReal.coe_one, Nat.cast_add, Nat.cast_one]

Note: This linter can be disabled with `set_option linter.unusedSimpArgs false`
SafeLearning/CompleteModulesGPRepeatedBayes.lean:52:14: error(lean.unknownIdentifier): Unknown identifier `Bayes.actual_general_extended_gaussian_bayes_factorization`
SafeLearning/CompleteModulesGPRepeatedBayes.lean:49:36: warning: declaration uses `sorry`
SafeLearning/CompleteModulesGPRepeatedBayes.lean:49:36: warning: declaration uses `sorry`
SafeLearning/CompleteModulesGPRepeatedBayes.lean:89:17: error(lean.unknownIdentifier): Unknown identifier `Bayes.evidence`
SafeLearning/CompleteModulesGPRepeatedBayes.lean:90:15: error(lean.unknownIdentifier): Unknown identifier `Bayes.evidence`
SafeLearning/CompleteModulesGPRepeatedBayes.lean:92:17: error(lean.unknownIdentifier): Unknown identifier `Bayes.evidence`
SafeLearning/CompleteModulesGPRepeatedBayes.lean:87:20: warning: declaration uses `sorry`
SafeLearning/CompleteModulesGPRepeatedBayes.lean:87:20: warning: declaration uses `sorry`
SafeLearning/CompleteModulesGPRepeatedBayes.lean:126:4: error: linarith failed to find a contradiction
case refine_3
n : ℕ
hn : 0 < ↑n + 1
hm : 0 < ↑n + 2
hk : 0 < ↑n + 3
a✝ : (↑n + ↑2 + 1) * (↑n + 1 + 1 - (↑n + 1)) ≤ (↑n + 1) * (↑n + ↑2 + 1 - (↑n + 1 + 1))
⊢ False
failed
SafeLearning/CompleteModulesGPRepeatedBayes.lean:132:0: error: Invalid name after `end`: Expected `CompleteModulesGPRepeatedBayes.Bayes`, but found `SafeLearning.CompleteModulesGPRepeatedBayes`

Hint: If you meant to end the outer scope(s) `SafeLearning.CompleteModulesGPRepeatedBayes`, you must end all the intervening scopes `SafeLearning.CompleteModulesGPRepeatedBayes.Bayes`:
  end SafeLearning.CompleteModulesGPRepeatedBayes.̲B̲a̲y̲e̲s̲
