SafeLearning/CompleteModulesGPGaussianCoverageFailure.lean:30:4: error: 'change' tactic failed, pattern
  c * ((c + c * lambda)⁻¹ * epsilon) = epsilon / (1 + lambda)
is not definitionally equal to target
  c * ((((fun x x_1 => c) + (c * lambda) • 1) 0 0)⁻¹ * epsilon) = epsilon / (1 + lambda)
SafeLearning/CompleteModulesGPGaussianCoverageFailure.lean:33:4: error: 'change' tactic failed, pattern
  c - c * ((c + c * lambda)⁻¹ * c) = c * lambda / (1 + lambda)
is not definitionally equal to target
  c - c * ((((fun x x_1 => c) + (c * lambda) • 1) 0 0)⁻¹ * c) = c * lambda / (1 + lambda)
SafeLearning/CompleteModulesGPGaussianCoverageFailure.lean:29:52: warning: This simp argument is unused:
  Matrix.add_apply

Hint: Omit it from the simp argument list.
  [apply] simp [posteriorMean, posteriorVariance, ridgeMatrix, Matrix.inv_subsingleton, Ring.inverse_eq_inv',
    Matrix.mulVec, dotProduct, Matrix.smul_apply, Matrix.one_apply]

Note: This linter can be disabled with `set_option linter.unusedSimpArgs false`
SafeLearning/CompleteModulesGPGaussianCoverageFailure.lean:29:69: warning: This simp argument is unused:
  Matrix.smul_apply

Hint: Omit it from the simp argument list.
  [apply] simp [posteriorMean, posteriorVariance, ridgeMatrix, Matrix.inv_subsingleton, Ring.inverse_eq_inv',
    Matrix.mulVec, dotProduct, Matrix.add_apply, Matrix.one_apply]

Note: This linter can be disabled with `set_option linter.unusedSimpArgs false`
SafeLearning/CompleteModulesGPGaussianCoverageFailure.lean:29:87: warning: This simp argument is unused:
  Matrix.one_apply

Hint: Omit it from the simp argument list.
  [apply] simp [posteriorMean, posteriorVariance, ridgeMatrix, Matrix.inv_subsingleton, Ring.inverse_eq_inv',
    Matrix.mulVec, dotProduct, Matrix.add_apply, Matrix.smul_apply]

Note: This linter can be disabled with `set_option linter.unusedSimpArgs false`
SafeLearning/CompleteModulesGPGaussianCoverageFailure.lean:45:15: warning: `Set.mem_setOf_eq` has been deprecated: Use `Set.mem_ofPred_eq` instead
SafeLearning/CompleteModulesGPGaussianCoverageFailure.lean:69:61: warning: This simp argument is unused:
  originalWidth

Hint: Omit it from the simp argument list.
  [apply] simp

Note: This linter can be disabled with `set_option linter.unusedSimpArgs false`
