SafeLearning/CompleteModulesGoSafeCertifiedCoverage.lean:46:2: error: linarith failed to find a contradiction
x y : ℝ
h : ||x| - |y|| ≤ |x - y|
a✝ : ↑2 * |x - y| < ||x| - |y||
⊢ False
failed
SafeLearning/CompleteModulesGoSafeCertifiedCoverage.lean:58:13: warning: `Set.mem_setOf_eq` has been deprecated: Use `Set.mem_ofPred_eq` instead
SafeLearning/CompleteModulesGoSafeCertifiedCoverage.lean:79:30: error: typeclass instance problem is stuck
  Membership ℝ ?m.84

Note: Lean will not try to resolve this typeclass instance problem because the second type argument to `Membership` is a metavariable. This argument must be fully determined before Lean will try to resolve the typeclass.

Hint: Adding type annotations and supplying implicit arguments to functions can give Lean more information for typeclass resolution. For example, if you have a variable `x` that you intend to be a `Nat`, but Lean reports it as having an unresolved type like `?m`, replacing `x` with `(x : Nat)` can get typeclass resolution un-stuck.
SafeLearning/CompleteModulesGoSafeCertifiedCoverage.lean:82:23: error: 'change' tactic failed, pattern
  x ∈ ?m.106
is not definitionally equal to target
  dist x (actualCoverageCenter 1) ≤ actualFiniteMinimum (actualCoverageLower 1) / 2 - 1 / 20
SafeLearning/CompleteModulesGoSafeCertifiedCoverage.lean:85:6: error: 'change' tactic failed, pattern
  x ∈ ?m.131
is not definitionally equal to target
  dist x (actualCoverageCenter 0) ≤ actualFiniteMinimum (actualCoverageLower 0) / 2 - 1 / 20
SafeLearning/CompleteModulesGoSafeCertifiedCoverage.lean:89:6: error: 'change' tactic failed, pattern
  x ∈ ?m.143
is not definitionally equal to target
  dist x (actualCoverageCenter 1) ≤ actualFiniteMinimum (actualCoverageLower 1) / 2 - 1 / 20
SafeLearning/CompleteModulesGoSafeCertifiedCoverage.lean:100:13: error: typeclass instance problem is stuck
  Membership ℝ ?m.409

Note: Lean will not try to resolve this typeclass instance problem because the second type argument to `Membership` is a metavariable. This argument must be fully determined before Lean will try to resolve the typeclass.

Hint: Adding type annotations and supplying implicit arguments to functions can give Lean more information for typeclass resolution. For example, if you have a variable `x` that you intend to be a `Nat`, but Lean reports it as having an unresolved type like `?m`, replacing `x` with `(x : Nat)` can get typeclass resolution un-stuck.
SafeLearning/CompleteModulesGoSafeCertifiedCoverage.lean:102:6: error: 'change' tactic failed, pattern
  x ∈ ?m.415
is not definitionally equal to target
  dist x (actualCoverageCenter ((fun i => i) ⟨1, ⋯⟩)) ≤
    actualFiniteMinimum (actualCoverageLower ((fun i => i) ⟨1, ⋯⟩)) / 2 - 1 / 20
SafeLearning/CompleteModulesGoSafeCertifiedCoverage.lean:104:6: error: 'change' tactic failed, pattern
  x ∈ ?m.419
is not definitionally equal to target
  dist x (actualCoverageCenter ((fun i => i) ⟨2, ⋯⟩)) ≤
    actualFiniteMinimum (actualCoverageLower ((fun i => i) ⟨2, ⋯⟩)) / 2 - 1 / 20
SafeLearning/CompleteModulesGoSafeCertifiedCoverage.lean:109:6: error: 'change' tactic failed, pattern
  x ∈ ?m.453
is not definitionally equal to target
  dist x (actualCoverageCenter 0) ≤ actualFiniteMinimum (actualCoverageLower 0) / 2 - 1 / 20
SafeLearning/CompleteModulesGoSafeCertifiedCoverage.lean:114:8: error: 'change' tactic failed, pattern
  x ∈ ?m.485
is not definitionally equal to target
  dist x (actualCoverageCenter 1) ≤ actualFiniteMinimum (actualCoverageLower 1) / 2 - 1 / 20
SafeLearning/CompleteModulesGoSafeCertifiedCoverage.lean:118:8: error: 'change' tactic failed, pattern
  x ∈ ?m.498
is not definitionally equal to target
  dist x (actualCoverageCenter 2) ≤ actualFiniteMinimum (actualCoverageLower 2) / 2 - 1 / 20
