SafeLearning/CompleteModulesRealHarmonicPairedFrames.lean:19:0: warning: automatically included section variable(s) unused in theorem `SafeLearning.CompleteModulesRealHarmonicPairedFrames.actual_selected_real_imaginary_columns_have_the_exact_orthogonal_sum`:
  [Fintype K]
consider restructuring your `variable` declarations so that the variables are not in scope or explicitly omit them:
  omit [Fintype K] in theorem ...

Note: This linter can be disabled with `set_option linter.unusedSectionVars false`
SafeLearning/CompleteModulesRealHarmonicPairedFrames.lean:36:0: warning: automatically included section variable(s) unused in theorem `SafeLearning.CompleteModulesRealHarmonicPairedFrames.actual_nonzero_frequency_real_columns_have_zero_sum`:
  [Fintype K]
  [DecidableEq K]
consider restructuring your `variable` declarations so that the variables are not in scope or explicitly omit them:
  omit [Fintype K] [DecidableEq K] in theorem ...

Note: This linter can be disabled with `set_option linter.unusedSectionVars false`
SafeLearning/CompleteModulesRealHarmonicPairedFrames.lean:45:0: warning: automatically included section variable(s) unused in theorem `SafeLearning.CompleteModulesRealHarmonicPairedFrames.actual_paired_harmonic_inputs_have_unit_euclidean_norm`:
  [DecidableEq K]
consider restructuring your `variable` declarations so that the variables are not in scope or explicitly omit them:
  omit [DecidableEq K] in theorem ...

Note: This linter can be disabled with `set_option linter.unusedSectionVars false`
SafeLearning/CompleteModulesRealHarmonicPairedFrames.lean:54:6: warning: This simp argument is unused:
  Fin.zero_eta

Hint: Omit it from the simp argument list.
  [apply] simp only [Fin.sum_univ_two, pairedFrame, Matrix.of_apply, realComponent, Fin.isValue, ite_true, Fin.mk_one,
    one_ne_zero, ite_false]

Note: This linter can be disabled with `set_option linter.unusedSimpArgs false`
SafeLearning/CompleteModulesRealHarmonicPairedFrames.lean:54:40: warning: This simp argument is unused:
  Fin.mk_one

Hint: Omit it from the simp argument list.
  [apply] simp only [Fin.sum_univ_two, pairedFrame, Matrix.of_apply, realComponent, Fin.zero_eta, Fin.isValue, ite_true,
    one_ne_zero, ite_false]

Note: This linter can be disabled with `set_option linter.unusedSimpArgs false`
