SafeLearning/CompleteModulesDesignScalarLayers.lean:35:10: error: Tactic `introN` failed: There are no additional binders or `let` bindings in the goal to introduce

case neg
x : ℝ
hx : ¬0 ≤ x
hl : x ≤ 0
hmax : max (2 * x) 0 = 0
⊢ x = -x + 2 * x ∧ (0 ≤ x → x = -x ∧ x = -(3 * x))
SafeLearning/CompleteModulesDesignScalarLayers.lean:52:18: error: unexpected token '||'; expected term
SafeLearning/CompleteModulesDesignScalarLayers.lean:45:70: error: unsolved goals
case calc.step
h4 : ∀ (x y : ℝ), |sourceResidual 4 x - sourceResidual 4 y| ≤ 1 * |x - y|
x y : ℝ
⊢ |x - y| + 2 * sorry ≤ 3 * |x - y|
SafeLearning/CompleteModulesDesignScalarLayers.lean:39:56: error: unsolved goals
h4 : ∀ (x y : ℝ), |sourceResidual 4 x - sourceResidual 4 y| ≤ 1 * |x - y|
h2 : ∀ (x y : ℝ), |sourceResidual 2 x - sourceResidual 2 y| ≤ 3 * |x - y|
⊢ IsLeast (admissibleGains (sourceResidual 4)) 1 ∧ IsLeast (admissibleGains (sourceResidual 2)) 3
SafeLearning/CompleteModulesDesignScalarLayers.lean:94:12: error(lean.synthInstanceFailed): failed to synthesize instance of type class
  OfNat (Graph ?m.164 ?m.165) 0
numerals are polymorphic in Lean, but the numeral `0` cannot be used in a context where the expected type is
  Graph ?m.164 ?m.165
due to the absence of the instance above

Hint: Type class instance resolution failures can be inspected with the `set_option trace.Meta.synthInstance true` command.
SafeLearning/CompleteModulesDesignScalarLayers.lean:94:15: error(lean.unknownIdentifier): Unknown identifier `ourceInput`
SafeLearning/CompleteModulesDesignScalarLayers.lean:92:44: error: unsolved goals
x : ℝ
hs : √2 ^ 2 = 2
⊢ √2 * (1 / 2) * (4 / 5) = sourceInput ∧
    √2 * (3 / 5) * 2 = sourceOutput ∧
      (3 / 5) ^ 2 + (4 / 5) ^ 2 = 1 ∧
        sourceInput ^ 2 = 8 / 25 ∧ sourceOutput ^ 2 = 72 / 25 ∧ sourceSandwich x = 24 / 25 * max x 0
