SafeLearning/CompleteModulesGaussianRegressionScalar.lean:21:0: warning: automatically included section variable(s) unused in theorem `SafeLearning.CompleteModulesGaussianRegressionScalar.actual_joint_gaussian_observation_and_regression_residual_are_jointly_gaussian`:
  [IsProbabilityMeasure P]
consider restructuring your `variable` declarations so that the variables are not in scope or explicitly omit them:
  omit [IsProbabilityMeasure P] in theorem ...

Note: This linter can be disabled with `set_option linter.unusedSectionVars false`
SafeLearning/CompleteModulesGaussianRegressionScalar.lean:32:6: error: Failed to rewrite using equation theorems for `residual`
SafeLearning/CompleteModulesGaussianRegressionScalar.lean:40:2: error: Function expected at
  actual_joint_gaussian_observation_and_regression_residual_are_jointly_gaussian P Y Z hYZ
but this term has type
  HasGaussianLaw (fun omega => (Y omega, residual P Y Z omega)) P

Note: Expected a function because this term is being applied to the argument
  .indepFun_of_covariance_eq_zero
SafeLearning/CompleteModulesGaussianRegressionScalar.lean:48:44: error: unexpected token ']^'; expected ']'
SafeLearning/CompleteModulesGaussianRegressionScalar.lean:65:25: error: unexpected token ']^'; expected ']'
SafeLearning/CompleteModulesGaussianRegressionScalar.lean:87:6: error: Tactic `rewrite` failed: Did not find an occurrence of the pattern
  ∫⁻ (z : ?m.131 × ?m.132), (test ∘ ?m.146) z ∂Measure.prod ?m.135 ?m.136
in the target expression
  ∫⁻ (pair : ℝ × ℝ), test (pair.1, pair.2 + w * pair.1) ∂nu.prod (gaussianReal meanResidual varianceResidual) =
    ∫⁻ (a : ℝ × ℝ), test a ∂nu ⊗ₘ conditionalKernel meanResidual w varianceResidual

nu : Measure ℝ
inst✝ : IsProbabilityMeasure nu
meanResidual w : ℝ
varianceResidual : ℝ≥0
test : ℝ × ℝ → ℝ≥0∞
htest : Measurable test
⊢ ∫⁻ (pair : ℝ × ℝ), test (pair.1, pair.2 + w * pair.1) ∂nu.prod (gaussianReal meanResidual varianceResidual) =
    ∫⁻ (a : ℝ × ℝ), test a ∂nu ⊗ₘ conditionalKernel meanResidual w varianceResidual
SafeLearning/CompleteModulesGaussianRegressionScalar.lean:105:27: error: unexpected token ']^'; expected ']'
