⚠ [8924/8927] Replayed SafeLearning.CompleteFiniteCMDPOccupancy
warning: SafeLearning/CompleteFiniteCMDPOccupancy.lean:131:29: This simp argument is unused:
  mul_assoc

Hint: Omit it from the simp argument list.
  [apply] simp only [Finset.mul_sum]

Note: This linter can be disabled with `set_option linter.unusedSimpArgs false`
⚠ [8926/8927] Replayed SafeLearning.CompleteFiniteCMDPRecovery
warning: SafeLearning/CompleteFiniteCMDPRecovery.lean:46:0: automatically included section variable(s) unused in theorem `SafeLearning.CompleteFiniteCMDPRecovery.actual_nonnegative_row_marginal`:
  [Fintype S]
consider restructuring your `variable` declarations so that the variables are not in scope or explicitly omit them:
  omit [Fintype S] in theorem ...

Note: This linter can be disabled with `set_option linter.unusedSectionVars false`
warning: SafeLearning/CompleteFiniteCMDPRecovery.lean:50:0: automatically included section variable(s) unused in theorem `SafeLearning.CompleteFiniteCMDPRecovery.actual_zero_nonnegative_row_has_zero_coordinates`:
  [Fintype S]
consider restructuring your `variable` declarations so that the variables are not in scope or explicitly omit them:
  omit [Fintype S] in theorem ...

Note: This linter can be disabled with `set_option linter.unusedSectionVars false`
warning: SafeLearning/CompleteFiniteCMDPRecovery.lean:57:0: automatically included section variable(s) unused in theorem `SafeLearning.CompleteFiniteCMDPRecovery.actual_recovered_action_nonneg`:
  [Fintype S]
consider restructuring your `variable` declarations so that the variables are not in scope or explicitly omit them:
  omit [Fintype S] in theorem ...

Note: This linter can be disabled with `set_option linter.unusedSectionVars false`
warning: SafeLearning/CompleteFiniteCMDPRecovery.lean:69:32: `if_pos` has been deprecated: Use `ite_eq_left` instead
warning: SafeLearning/CompleteFiniteCMDPRecovery.lean:65:0: automatically included section variable(s) unused in theorem `SafeLearning.CompleteFiniteCMDPRecovery.actual_recovered_action_normalized`:
  [Fintype S]
consider restructuring your `variable` declarations so that the variables are not in scope or explicitly omit them:
  omit [Fintype S] in theorem ...

Note: This linter can be disabled with `set_option linter.unusedSectionVars false`
warning: SafeLearning/CompleteFiniteCMDPRecovery.lean:66:5: Variable name `hρ` is not explicitly referenced.

Hint: The binding can be removed (if unused) or named `_` (if used implicitly). Alternatively, prefix the name with `_` to silence this warning:
  [apply] _hρ

Note: This linter can be disabled with `set_option linter.unusedVariables false`
warning: SafeLearning/CompleteFiniteCMDPRecovery.lean:77:32: `if_pos` has been deprecated: Use `ite_eq_left` instead
⚠ [8927/8927] Built SafeLearning.CompleteFiniteCMDPLinearProgram (6.4s)
warning: SafeLearning/CompleteFiniteCMDPLinearProgram.lean:67:0: automatically included section variable(s) unused in theorem `SafeLearning.CompleteFiniteCMDPLinearProgram.actual_cost_feasible_closed`:
  [Fintype I]
consider restructuring your `variable` declarations so that the variables are not in scope or explicitly omit them:
  omit [Fintype I] in theorem ...

Note: This linter can be disabled with `set_option linter.unusedSectionVars false`
warning: SafeLearning/CompleteFiniteCMDPLinearProgram.lean:86:0: automatically included section variable(s) unused in theorem `SafeLearning.CompleteFiniteCMDPLinearProgram.actual_cost_feasible_convex`:
  [Fintype I]
consider restructuring your `variable` declarations so that the variables are not in scope or explicitly omit them:
  omit [Fintype I] in theorem ...

Note: This linter can be disabled with `set_option linter.unusedSectionVars false`
warning: SafeLearning/CompleteFiniteCMDPLinearProgram.lean:98:0: automatically included section variable(s) unused in theorem `SafeLearning.CompleteFiniteCMDPLinearProgram.actual_policy_cost_feasible_iff`:
  [Fintype I]
consider restructuring your `variable` declarations so that the variables are not in scope or explicitly omit them:
  omit [Fintype I] in theorem ...

Note: This linter can be disabled with `set_option linter.unusedSectionVars false`
warning: SafeLearning/CompleteFiniteCMDPLinearProgram.lean:183:0: automatically included section variable(s) unused in theorem `SafeLearning.CompleteFiniteCMDPLinearProgram.actual_cost_feasible_finite_linear_halfspaces`:
  [Fintype I]
consider restructuring your `variable` declarations so that the variables are not in scope or explicitly omit them:
  omit [Fintype I] in theorem ...

Note: This linter can be disabled with `set_option linter.unusedSectionVars false`
Build completed successfully (8927 jobs).
