SafeLearning/CompleteModulesLandscapeIndependentStates.lean:43:18: warning: `if_neg` has been deprecated: Use `ite_eq_right` instead
SafeLearning/CompleteModulesLandscapeIndependentStates.lean:45:15: error(lean.unknownIdentifier): Unknown identifier `actual_stable_scalar_variance_is_the_finite_geometric_closed_form`
SafeLearning/CompleteModulesLandscapeIndependentStates.lean:54:44: warning: `Set.preimage_setOf_eq` has been deprecated: Use `Set.preimage_ofPred_eq` instead
SafeLearning/CompleteModulesLandscapeIndependentStates.lean:54:4: error: Type mismatch: After simplification, term
  hprod
 has type
  (noiseLaw T) (⋂ i, stateAt 1 goal sigma i ⁻¹' Iic 1) = ∏ i, (noiseLaw T) (stateAt 1 goal sigma i ⁻¹' Iic 1)
but is expected to have type
  (noiseLaw T) {w | ∀ (t : Fin T), stateAt 1 goal sigma t w ≤ 1} = ∏ t, (noiseLaw T) {w | stateAt 1 goal sigma t w ≤ 1}
SafeLearning/CompleteModulesLandscapeIndependentStates.lean:68:4: error: Type mismatch
  MeasurableSet.iInter fun t =>
    MeasurableSet.preimage measurableSet_Iic (actual_one_based_state_is_measurable 1 goal sigma T t)
has type
  MeasurableSet (⋂ b, stateAt 1 goal sigma b ⁻¹' Iic (?m.307 b))
but is expected to have type
  MeasurableSet {w | ∀ (t : Fin T), stateAt 1 goal sigma t w ≤ 1}
SafeLearning/CompleteModulesLandscapeIndependentStates.lean:37:52: error: unsolved goals
goal sigma : ℝ
T : ℕ
hsigma : sigma ≠ 0
p : ℝ := 1 - standardCDF ((1 - goal) / |sigma|)
he : ∀ (t : Fin T), (noiseLaw T).real {w | 1 < stateAt 1 goal sigma t w} = p
hind : iIndepFun (fun t => stateAt 1 goal sigma t) (noiseLaw T)
hprod :
  (noiseLaw T) (⋂ i ∈ Finset.univ, stateAt 1 goal sigma i ⁻¹' Iic 1) =
    ∏ i, (noiseLaw T) (stateAt 1 goal sigma i ⁻¹' Iic 1)
hi :
  (noiseLaw T) {w | ∀ (t : Fin T), stateAt 1 goal sigma t w ≤ 1} = ∏ t, (noiseLaw T) {w | stateAt 1 goal sigma t w ≤ 1}
hsafe : ∀ (t : Fin T), (noiseLaw T).real {w | stateAt 1 goal sigma t w ≤ 1} = 1 - p
hr : (noiseLaw T).real {w | ∀ (t : Fin T), stateAt 1 goal sigma t w ≤ 1} = ∏ x, (1 - p)
hm : MeasurableSet {w | ∀ (t : Fin T), stateAt 1 goal sigma t w ≤ 1}
⊢ (noiseLaw T).real {w | ∃ t, 1 < stateAt 1 goal sigma t w} = 1 - (1 - (1 - standardCDF ((1 - goal) / |sigma|))) ^ T
SafeLearning/CompleteModulesLandscapeIndependentStates.lean:92:48: error: Application type mismatch: The argument
  Or.symm hc
has type
  sigma = 0 ∨ 1 - k = 0
but is expected to have type
  (1 - k) * sigma ^ 2 = 0
in the application
  mul_ne_zero ha (pow_ne_zero 2 hsigma) (Or.symm hc)
SafeLearning/CompleteModulesLandscapeIndependentStates.lean:116:2: error: linarith failed to find a contradiction
hp : ∀ (t : ℕ), |(-1 / 10) ^ t| ≤ 1
t : ℕ
hl : -1 ≤ (-(1 / 10)) ^ t
a✝ : 1 < 4 / 5 * (1 - (-(1 / 10)) ^ t)
⊢ False
failed
