SafeLearning/CompleteModulesDesignCertificateSet.lean:59:29: error(lean.unknownIdentifier): Unknown constant `Matrix.mul`
Try this:
  [apply] ring_nf
  
  The `ring` tactic failed to close the goal. Use `ring_nf` to obtain a normal form.
    
  Note that `ring` works primarily in *commutative* rings. If you have a noncommutative ring, abelian group or module, consider using `noncomm_ring`, `abel` or `module` instead.
SafeLearning/CompleteModulesDesignCertificateSet.lean:55:51: error: unsolved goals
rho : ℝ
t : Fin 2 → ℝ
v : Fin 1 ⊕ Fin 2 → ℝ
⊢ v (Sum.inl 0) * t 0 * v (Sum.inr 0) + v (Sum.inl 0) * v (Sum.inr 0) * (Matrix.diagonal t * ![![1], ![-1]]) 0 0 -
                      v (Sum.inl 0) * t 1 * v (Sum.inr 1) +
                    v (Sum.inl 0) * v (Sum.inr 1) * (Matrix.diagonal t * ![![1], ![-1]]) 1 0 -
                  v (Sum.inl 0) ^ 2 * rho -
                t 0 * v (Sum.inr 0) ^ 2 * 2 +
              v (Sum.inr 0) * v (Sum.inr 1) * ((of fun x y => ![1, -1] x) * ![![1, -1]]) 0 1 +
            v (Sum.inr 0) * v (Sum.inr 1) * ((of fun x y => ![1, -1] x) * ![![1, -1]]) 1 0 +
          v (Sum.inr 0) ^ 2 * ((of fun x y => ![1, -1] x) * ![![1, -1]]) 0 0 -
        t 1 * v (Sum.inr 1) ^ 2 * 2 +
      v (Sum.inr 1) ^ 2 * ((of fun x y => ![1, -1] x) * ![![1, -1]]) 1 1 =
    v (Sum.inl 0) * t 0 * v (Sum.inr 0) * 2 - v (Sum.inl 0) * t 1 * v (Sum.inr 1) * 2 - v (Sum.inl 0) ^ 2 * rho -
              t 0 * v (Sum.inr 0) ^ 2 * 2 -
            v (Sum.inr 0) * v (Sum.inr 1) * 2 +
          v (Sum.inr 0) ^ 2 -
        t 1 * v (Sum.inr 1) ^ 2 * 2 +
      v (Sum.inr 1) ^ 2
SafeLearning/CompleteModulesDesignCertificateSet.lean:57:56: warning: This simp argument is unused:
  Fin.sum_univ_one

Hint: Omit it from the simp argument list.
  [apply] simp [sourceCertificate, blockCertificate, sourceFirst, sourceLast, dotProduct, Matrix.mulVec,
    Matrix.mul_apply, Fintype.sum_sum_type, Fin.sum_univ_two, Matrix.fromBlocks, Matrix.diagonal_apply]

Note: This linter can be disabled with `set_option linter.unusedSimpArgs false`
SafeLearning/CompleteModulesDesignCertificateSet.lean:85:38: error(lean.unknownIdentifier): Unknown constant `Matrix.mul`
SafeLearning/CompleteModulesDesignCertificateSet.lean:85:38: error(lean.unknownIdentifier): Unknown constant `Matrix.mul`
SafeLearning/CompleteModulesDesignCertificateSet.lean:83:14: error: unsolved goals
case hM1.inl.inr.«0».«0»
⊢ ((Matrix.diagonal fun x => 2) * ![![1], ![-1]]) 0 0 = 2

case hM1.inl.inr.«0».«1»
⊢ ((Matrix.diagonal fun x => 2) * ![![1], ![-1]]) 1 0 = -2
SafeLearning/CompleteModulesDesignCertificateSet.lean:90:38: error(lean.unknownIdentifier): Unknown constant `Matrix.mul`
SafeLearning/CompleteModulesDesignCertificateSet.lean:90:38: error(lean.unknownIdentifier): Unknown constant `Matrix.mul`
SafeLearning/CompleteModulesDesignCertificateSet.lean:88:14: error: unsolved goals
case hM1.inr.inl.«0».«0»
⊢ 2 = ((Matrix.diagonal fun x => 2) * ![![1], ![-1]]) 0 0

case hM1.inr.inl.«1».«0»
⊢ -2 = ((Matrix.diagonal fun x => 2) * ![![1], ![-1]]) 1 0
SafeLearning/CompleteModulesDesignCertificateSet.lean:94:38: error(lean.unknownIdentifier): Unknown constant `Matrix.mul`
SafeLearning/CompleteModulesDesignCertificateSet.lean:94:38: error(lean.unknownIdentifier): Unknown constant `Matrix.mul`
SafeLearning/CompleteModulesDesignCertificateSet.lean:92:14: error: unsolved goals
case hM1.inr.inr.«0».«1»
⊢ ((of fun x y => ![1, -1] x) * ![![1, -1]]) 1 0 = ((of fun x y => ![1, -1] x) * ![![1, -1]]) 0 1

case hM1.inr.inr.«1».«0»
⊢ ((of fun x y => ![1, -1] x) * ![![1, -1]]) 0 1 = ((of fun x y => ![1, -1] x) * ![![1, -1]]) 1 0
