SafeLearning/CompleteModulesRidgeResidualBounds.lean:19:31: error(lean.invalidField): Invalid field `posDef_add`: The environment does not contain `And.posDef_add`, so it is not possible to project the field `posDef_add` from an expression
  hgram
of type
  gram.IsHermitian ∧ ∀ (x : I →₀ ℝ), 0 ≤ x.sum fun i xi => x.sum fun j xj => star xi * gram i j * xj
SafeLearning/CompleteModulesRidgeResidualBounds.lean:21:48: error: Application type mismatch: The argument
  LT.lt.ne' (Matrix.PosDef.det_pos hpd)
has type
  A.det ≠ 0
but is expected to have type
  IsUnit A.det
in the application
  Matrix.mul_nonsing_inv A (LT.lt.ne' (Matrix.PosDef.det_pos hpd))
SafeLearning/CompleteModulesRidgeResidualBounds.lean:46:42: error: linarith failed to find a contradiction
I : Type u_1
inst✝¹ : Fintype I
inst✝ : DecidableEq I
gram : Matrix I I ℝ
hgram : gram.PosSemidef
regularizer : ℝ
hreg : 0 < regularizer
rhs approximate : I → ℝ
A : Matrix I I ℝ := ridgeMatrix gram regularizer
error : I → ℝ := A⁻¹ *ᵥ rhs - approximate
residual : I → ℝ := rhs - A *ᵥ approximate
hpd : A.PosDef
hnormal : A *ᵥ A⁻¹ *ᵥ rhs = rhs
herror : A *ᵥ error = residual
S : ℝ := ∑ i, error i ^ 2
R : ℝ := ∑ i, residual i ^ 2
Q : ℝ := error ⬝ᵥ residual
hS : 0 ≤ S
hR : 0 ≤ R
hquadratic : regularizer * S ≤ Q
hQ : 0 ≤ Q
hc : Q ^ 2 ≤ S * R
a✝ : Q ^ 2 < (regularizer * S) ^ 2
⊢ False
failed
SafeLearning/CompleteModulesRidgeResidualBounds.lean:52:33: error(lean.invalidField): Invalid field `mp`: The environment does not contain `Function.mp`, so it is not possible to project the field `mp` from an expression
  mul_le_mul_left ?m.567
of type
  ∀ (a : ?m.561), ?m.562 * a ≤ ?m.563 * a
SafeLearning/CompleteModulesRidgeResidualBounds.lean:52:29: error: Application type mismatch: The argument
  hp
has type
  0 < S
but is expected to have type
  ?m.562 ≤ ?m.563
in the application
  mul_le_mul_left hp
SafeLearning/CompleteModulesRidgeResidualBounds.lean:55:0: error: (deterministic) timeout at `whnf`, maximum number of heartbeats (200000) has been reached

Note: Use `set_option maxHeartbeats <num>` to set the limit.

Hint: Additional diagnostic information may be available using the `set_option diagnostics true` command.
