SafeLearning/CompleteModulesGPSpectralRemainder.lean:35:4: error: unsolved goals
case pos
I : Type u_1
inst✝¹ : Fintype I
inst✝ : DecidableEq I
Q : Matrix I I ℝ
a : I → ℝ
lambda : ℝ
hleft : Qᵀ * Q = 1
hright : Q * Qᵀ = 1
ha : ∀ (i : I), 0 ≤ a i
hlambda : 0 < lambda
i : I
⊢ a i * (lambda ^ 2)⁻¹ = (lambda ^ 2)⁻¹ * a i
SafeLearning/CompleteModulesGPSpectralRemainder.lean:41:12: warning: This simp argument is unused:
  diagonal_apply_ne _ hij

Hint: Omit it from the simp argument list.
  [apply] simp [hij]

Note: This linter can be disabled with `set_option linter.unusedSimpArgs false`
SafeLearning/CompleteModulesGPSpectralRemainder.lean:63:9: error(lean.unknownIdentifier): Unknown identifier `pi_norm_le_iff`
SafeLearning/CompleteModulesGPSpectralRemainder.lean:64:8: error: No goals to be solved
SafeLearning/CompleteModulesGPSpectralRemainder.lean:83:2: error: Type mismatch: After simplification, term
  norm_le_pi_norm (fun i => a i ^ 2) i
 has type
  |a i ^ 2| ≤ ‖fun i => a i ^ 2‖
but is expected to have type
  a i ^ 2 ≤ ‖fun i => a i ^ 2‖
