SafeLearning/CompleteModulesSDPConeCorollaries.lean:41:27: error: Tactic `rewrite` failed: Did not find an occurrence of the pattern
  ?M *ᵥ ?N *ᵥ ?v
in the target expression
  vector ⬝ᵥ (mapᵀ * matrix * map) *ᵥ vector = map *ᵥ vector ⬝ᵥ (matrix * map) *ᵥ vector

Index : Type u_1
Other : Type u_2
inst✝¹ : Fintype Index
inst✝ : Fintype Other
matrix : Matrix Index Index ℝ
map : Matrix Index Other ℝ
vector : Other → ℝ
⊢ vector ⬝ᵥ (mapᵀ * matrix * map) *ᵥ vector = map *ᵥ vector ⬝ᵥ (matrix * map) *ᵥ vector
SafeLearning/CompleteModulesSDPConeCorollaries.lean:66:13: error: unsolved goals
Index : Type u_1
inst✝¹ : Fintype Index
inst✝ : DecidableEq Index
first second : Matrix Index Index ℝ
hf : first.PosSemidef
hs : second.PosSemidef
left✝¹ : (actualPositiveSquareRoot first).PosSemidef
hft : (actualPositiveSquareRoot first)ᵀ = actualPositiveSquareRoot first
hff : actualPositiveSquareRoot first * actualPositiveSquareRoot first = first
left✝ : (actualPositiveSquareRoot second).PosSemidef
hst : (actualPositiveSquareRoot second)ᵀ = actualPositiveSquareRoot second
hss : actualPositiveSquareRoot second * actualPositiveSquareRoot second = second
⊢ (actualPositiveSquareRoot first *
        (actualPositiveSquareRoot second * (actualPositiveSquareRoot second * actualPositiveSquareRoot first))).trace =
    (actualPositiveSquareRoot (actualPositiveSquareRoot first * actualPositiveSquareRoot first) *
        (actualPositiveSquareRoot (actualPositiveSquareRoot second * actualPositiveSquareRoot second) *
          ((actualPositiveSquareRoot (actualPositiveSquareRoot second * actualPositiveSquareRoot second))ᵀ *
            (actualPositiveSquareRoot (actualPositiveSquareRoot first * actualPositiveSquareRoot first))ᵀ))).trace
SafeLearning/CompleteModulesSDPConeCorollaries.lean:66:48: warning: This simp argument is unused:
  hft

Hint: Omit it from the simp argument list.
  [apply] simp only [Matrix.transpose_mul, hst, Matrix.mul_assoc]

Note: This linter can be disabled with `set_option linter.unusedSimpArgs false`
SafeLearning/CompleteModulesSDPConeCorollaries.lean:66:52: warning: This simp argument is unused:
  hst

Hint: Omit it from the simp argument list.
  [apply] simp only [Matrix.transpose_mul, hft, Matrix.mul_assoc]

Note: This linter can be disabled with `set_option linter.unusedSimpArgs false`
SafeLearning/CompleteModulesSDPConeCorollaries.lean:71:87: error: unsolved goals
Index : Type u_1
inst✝¹ : Fintype Index
inst✝ : DecidableEq Index
first second : Matrix Index Index ℝ
hf : first.PosSemidef
hs : second.PosSemidef
left✝¹ : (actualPositiveSquareRoot second).PosSemidef
left✝ : (actualPositiveSquareRoot second)ᵀ = actualPositiveSquareRoot second
hss : actualPositiveSquareRoot second * actualPositiveSquareRoot second = second
⊢ (actualPositiveSquareRoot second * first * actualPositiveSquareRoot second).trace =
    (actualPositiveSquareRoot (actualPositiveSquareRoot second * actualPositiveSquareRoot second) * first *
        actualPositiveSquareRoot (actualPositiveSquareRoot second * actualPositiveSquareRoot second)).trace
