Try this:
  [apply] ring_nf
  
  The `ring` tactic failed to close the goal. Use `ring_nf` to obtain a normal form.
    
  Note that `ring` works primarily in *commutative* rings. If you have a noncommutative ring, abelian group or module, consider using `noncomm_ring`, `abel` or `module` instead.
Try this:
  [apply] ring_nf
  
  The `ring` tactic failed to close the goal. Use `ring_nf` to obtain a normal form.
    
  Note that `ring` works primarily in *commutative* rings. If you have a noncommutative ring, abelian group or module, consider using `noncomm_ring`, `abel` or `module` instead.
SafeLearning/CompleteModulesGPPosteriorRegularizerCalculus.lean:22:60: error: unsolved goals
case e'_8
I : Type u_1
inst✝ : Fintype I
eigenvalue coordinate : I → ℝ
queryDiagonal lambda : ℝ
heigenvalue : ∀ (i : I), 0 ≤ eigenvalue i
hlambda : 0 < lambda
i : I
hd : eigenvalue i + lambda ≠ 0
h :
  HasDerivAt ((fun x => coordinate i ^ 2) / ((fun x => eigenvalue i) + id))
    ((0 * ((fun x => eigenvalue i) + id) lambda - coordinate i ^ 2 * (0 + 1)) /
      ((fun x => eigenvalue i) + id) lambda ^ 2)
    lambda
⊢ (fun l => coordinate i ^ 2 * (eigenvalue i + l)⁻¹) = (fun x => coordinate i ^ 2) / ((fun x => eigenvalue i) + id)

case e'_9
I : Type u_1
inst✝ : Fintype I
eigenvalue coordinate : I → ℝ
queryDiagonal lambda : ℝ
heigenvalue : ∀ (i : I), 0 ≤ eigenvalue i
hlambda : 0 < lambda
i : I
hd : eigenvalue i + lambda ≠ 0
h :
  HasDerivAt ((fun x => coordinate i ^ 2) / ((fun x => eigenvalue i) + id))
    ((0 * ((fun x => eigenvalue i) + id) lambda - coordinate i ^ 2 * (0 + 1)) /
      ((fun x => eigenvalue i) + id) lambda ^ 2)
    lambda
⊢ -(coordinate i ^ 2 * (eigenvalue i * lambda * 2 + eigenvalue i ^ 2 + lambda ^ 2)⁻¹) =
    -(coordinate i ^ 2 * (((fun x => eigenvalue i) + id) lambda)⁻¹ ^ 2)
