⚠ [8925/8926] Replayed SafeLearning.CompleteModulesGaussianRegressionScalar
warning: SafeLearning/CompleteModulesGaussianRegressionScalar.lean:21:0: automatically included section variable(s) unused in theorem `SafeLearning.CompleteModulesGaussianRegressionScalar.actual_joint_gaussian_observation_and_regression_residual_are_jointly_gaussian`:
  [IsProbabilityMeasure P]
consider restructuring your `variable` declarations so that the variables are not in scope or explicitly omit them:
  omit [IsProbabilityMeasure P] in theorem ...

Note: This linter can be disabled with `set_option linter.unusedSectionVars false`
warning: SafeLearning/CompleteModulesGaussianRegressionScalar.lean:111:2: Try this: 
  haveI̵

The goal is a proposition, so `have` is preferred over `haveI`.
The difference between `have` and `haveI` is that `haveI` inlines the value.
But this is not relevant for proofs because of proof irrelevance.

Note: This linter can be disabled with `set_option linter.style.haveILetI false`
⚠ [8926/8926] Built SafeLearning.CompleteModulesGaussianChannelInformation (5.1s)
warning: SafeLearning/CompleteModulesGaussianChannelInformation.lean:53:4: try 'simp' instead of 'simpa'

Note: This linter can be disabled with `set_option linter.unnecessarySimpa false`
warning: SafeLearning/CompleteModulesGaussianChannelInformation.lean:104:6: Unused tactic linter: `change Real.log (k.rnDeriv e x y).toReal = _` does nothing

Note: This linter can be disabled with `set_option linter.unusedTactic false`
info: SafeLearning/CompleteModulesGaussianChannelInformation.lean:196:6: Try this:
  [apply] ring_nf
  
  The `ring` tactic failed to close the goal. Use `ring_nf` to obtain a normal form.
    
  Note that `ring` works primarily in *commutative* rings. If you have a noncommutative ring, abelian group or module, consider using `noncomm_ring`, `abel` or `module` instead.
Build completed successfully (8926 jobs).
