⚠ [8924/8925] Replayed SafeLearning.CompleteModulesGPLinearInformationBounds
warning: SafeLearning/CompleteModulesGPLinearInformationBounds.lean:19:0: automatically included section variable(s) unused in theorem `SafeLearning.CompleteModulesGPLinearInformationBounds.actual_design_gram_is_positive_semidefinite`:
  [DecidableEq D]
  [DecidableEq T]
consider restructuring your `variable` declarations so that the variables are not in scope or explicitly omit them:
  omit [DecidableEq D] [DecidableEq T] in theorem ...

Note: This linter can be disabled with `set_option linter.unusedSectionVars false`
warning: SafeLearning/CompleteModulesGPLinearInformationBounds.lean:23:0: automatically included section variable(s) unused in theorem `SafeLearning.CompleteModulesGPLinearInformationBounds.actual_design_gram_trace_is_the_sum_of_actual_euclidean_squared_input_norms`:
  [DecidableEq D]
  [DecidableEq T]
consider restructuring your `variable` declarations so that the variables are not in scope or explicitly omit them:
  omit [DecidableEq D] [DecidableEq T] in theorem ...

Note: This linter can be disabled with `set_option linter.unusedSectionVars false`
warning: SafeLearning/CompleteModulesGPLinearInformationBounds.lean:56:20: This simp argument is unused:
  Matrix.one_apply

Hint: Omit it from the simp argument list.
  [apply] simp [diagonal_apply, smul_eq_mul, div_eq_mul_inv, mul_comm]

Note: This linter can be disabled with `set_option linter.unusedSimpArgs false`
warning: SafeLearning/CompleteModulesGPLinearInformationBounds.lean:56:37: This simp argument is unused:
  diagonal_apply

Hint: Omit it from the simp argument list.
  [apply] simp [Matrix.one_apply, smul_eq_mul, div_eq_mul_inv, mul_comm]

Note: This linter can be disabled with `set_option linter.unusedSimpArgs false`
warning: SafeLearning/CompleteModulesGPLinearInformationBounds.lean:57:12: This simp argument is unused:
  Matrix.one_apply

Hint: Omit it from the simp argument list.
  [apply] simp [diagonal_apply, hij]

Note: This linter can be disabled with `set_option linter.unusedSimpArgs false`
warning: SafeLearning/CompleteModulesGPLinearInformationBounds.lean:57:29: This simp argument is unused:
  diagonal_apply

Hint: Omit it from the simp argument list.
  [apply] simp [Matrix.one_apply, hij]

Note: This linter can be disabled with `set_option linter.unusedSimpArgs false`
warning: SafeLearning/CompleteModulesGPLinearInformationBounds.lean:81:0: automatically included section variable(s) unused in theorem `SafeLearning.CompleteModulesGPLinearInformationBounds.actual_log_jensen_bound_for_every_nonnegative_spectrum`:
  [DecidableEq D]
consider restructuring your `variable` declarations so that the variables are not in scope or explicitly omit them:
  omit [DecidableEq D] in theorem ...

Note: This linter can be disabled with `set_option linter.unusedSectionVars false`
⚠ [8925/8925] Built SafeLearning.CompleteModulesGPLinearInformationDesigns (6.3s)
warning: SafeLearning/CompleteModulesGPLinearInformationDesigns.lean:63:0: automatically included section variable(s) unused in theorem `SafeLearning.CompleteModulesGPLinearInformationDesigns.actual_embedded_orthonormal_inputs_have_unit_euclidean_norm`:
  [Fintype T]
  [DecidableEq T]
consider restructuring your `variable` declarations so that the variables are not in scope or explicitly omit them:
  omit [Fintype T] [DecidableEq T] in theorem ...

Note: This linter can be disabled with `set_option linter.unusedSectionVars false`
warning: SafeLearning/CompleteModulesGPLinearInformationDesigns.lean:70:0: automatically included section variable(s) unused in theorem `SafeLearning.CompleteModulesGPLinearInformationDesigns.actual_embedded_orthonormal_design_has_identity_observation_gram`:
  [Fintype T]
consider restructuring your `variable` declarations so that the variables are not in scope or explicitly omit them:
  omit [Fintype T] in theorem ...

Note: This linter can be disabled with `set_option linter.unusedSectionVars false`
warning: SafeLearning/CompleteModulesGPLinearInformationDesigns.lean:103:69: Used `tac1 <;> tac2` where `(tac1; tac2)` would suffice

Note: This linter can be disabled with `set_option linter.unnecessarySeqFocus false`
Build completed successfully (8925 jobs).
