SafeLearning/CompleteModulesDesignEasyPreprocessing.lean:35:49: error: elaboration function for `Mathlib.Tactic.subscriptTerm` has not been implemented
  ᵥ
SafeLearning/CompleteModulesDesignEasyPreprocessing.lean:39:2: error: unsolved goals
case refine_1
O : Type u_1
inst✝ : Fintype O
center : Fin 2 → ℝ
network : EuclideanSpace ℝ (Fin 2) → O → ℝ
hnetwork : ∀ (a b : EuclideanSpace ℝ (Fin 2)), ‖WithLp.toLp 2 (network a - network b)‖ ≤ 4 / 5 * dist a b
a b : EuclideanSpace ℝ (Fin 2)
⊢ WithLp.toLp 2 ((Matrix.diagonal ![2, 4]).mulVec (a.ofLp - b.ofLp)) = WithLp.toLp 2 (Matrix.diagonal ![2, 4] * sorry)
SafeLearning/CompleteModulesDesignEasyPreprocessing.lean:47:4: error: Type mismatch: After simplification, term
  h
 has type
  ‖WithLp.toLp 2
        (network (actualPerChannelNormalizer center sourceScale a) -
          network (actualPerChannelNormalizer center sourceScale b))‖ ≤
    4 / 5 * (4 * dist a b)
but is expected to have type
  ‖WithLp.toLp 2
        (network (actualPerChannelNormalizer center sourceScale a) -
          network (actualPerChannelNormalizer center sourceScale b))‖ ≤
    16 / 5 * dist a b
SafeLearning/CompleteModulesDesignEasyPreprocessing.lean:81:5: error(lean.unknownIdentifier): Unknown identifier `actual_source_center_cancels_and_raw_gain_is_three_point_two`
