SafeLearning/CompleteModulesDesignAOL.lean:26:69: warning: Used `tac1 <;> tac2` where `(tac1; tac2)` would suffice

Note: This linter can be disabled with `set_option linter.unnecessarySeqFocus false`
SafeLearning/CompleteModulesDesignAOL.lean:48:72: error: No goals to be solved
SafeLearning/CompleteModulesDesignAOL.lean:50:73: error: linarith failed to find a contradiction
case h1
eigenvalue : ℝ
he : sourceGram = !![1 / 2, 1 / √6; 1 / √6, 2 / 3]
hs6 : √6 ^ 2 = 6
hi : (1 / √6) ^ 2 = 1 / 6
ht : sourceGram.trace = 7 / 6
a✝ : 1 / 3 - (√6)⁻¹ * (√6)⁻¹ < 1 / 6
⊢ False
failed
SafeLearning/CompleteModulesDesignAOL.lean:53:44: error: unsolved goals
eigenvalue : ℝ
he : sourceGram = !![1 / 2, 1 / √6; 1 / √6, 2 / 3]
hs6 : √6 ^ 2 = 6
hi : (1 / √6) ^ 2 = 1 / 6
ht : sourceGram.trace = 7 / 6
hd : sourceGram.det = 1 / 6
⊢ C (7 / 6) = 1 + C (1 / 6)
SafeLearning/CompleteModulesDesignAOL.lean:66:73: error: No goals to be solved
SafeLearning/CompleteModulesDesignAOL.lean:67:73: error: No goals to be solved
SafeLearning/CompleteModulesDesignAOL.lean:69:4: warning: This simp argument is unused:
  Matrix.vecMul

Hint: Omit it from the simp argument list.
  [apply] simp [sourceLayer, sourceD, actualSourceWeights, Matrix.mul_apply, Matrix.mulVec, dotProduct,
    Fin.sum_univ_two, diagonal_apply]

Note: This linter can be disabled with `set_option linter.unusedSimpArgs false`
