SafeLearning/CompleteModulesLandscapeSuiKernelConfidence.lean:21:0: warning: automatically included section variable(s) unused in theorem `SafeLearning.CompleteModulesLandscapeSuiKernelConfidence.actual_finite_psd_kernel_noise_quadratic_is_nonnegative`:
  [Nonempty X]
consider restructuring your `variable` declarations so that the variables are not in scope or explicitly omit them:
  omit [Nonempty X] in theorem ...

Note: This linter can be disabled with `set_option linter.unusedSectionVars false`
SafeLearning/CompleteModulesLandscapeSuiKernelConfidence.lean:59:57: error: unsolved goals
X : Type u_1
inst✝⁵ : Fintype X
inst✝⁴ : DecidableEq X
inst✝³ : Nonempty X
inst✝² : MeasurableSpace X
inst✝¹ : MeasurableSingletonClass X
Ω : Type u_2
mΩ : MeasurableSpace Ω
μ : Measure Ω
inst✝ : IsProbabilityMeasure μ
F : Filtration ℕ mΩ
kernel : X → X → ℝ
hkernel : (of kernel).PosSemidef
query : ℕ → Ω → X
hq : ∀ (i : ℕ), Measurable (query i)
Y : ℕ → Ω → ℝ
hY : ∀ (i : ℕ), StronglyMeasurable (Y i)
R : ℝ≥0
hR : 0 < ↑R
hYb : ∀ (i : ℕ), ∀ᵐ (omega : Ω) ∂μ, Y i omega ∈ Icc (-↑R) ↑R
hz : ∀ (i : ℕ), μ[Y i | ↑F i] =ᵐ[μ] 0
lambda : ℝ
hlambda : 0 < lambda
hscale : ↑R ^ 2 ≤ lambda
delta : ℝ
hd : 0 < delta
hdone : delta < 1
features : X → X → ℝ
hf : ∀ (x y : X), kernel x y = features x ⬝ᵥ features y
K : ℝ≥0 := ⟨∑ x, ∑ j, |features x j|, ⋯⟩
hb : ∀ (x j : X), |features x j| ≤ ↑K
hp : ∀ (i : ℕ) (j : X), StronglyMeasurable fun omega => queriedFeatures features query i omega j
hbound : ∀ (i : ℕ) (j : X), ∀ᵐ (omega : Ω) ∂μ, |queriedFeatures features query i omega j| ≤ ↑K
hGamma : ∀ (t : ℕ), 0 ≤ actualFiniteMaximumKernelInformationGain kernel lambda t
hinfo :
  ∀ (n : ℕ) (omega : Ω),
    Real.log (1 + lambda⁻¹ • featureQuadraticGram (queriedFeatures features query) n omega).det ≤
      2 * actualFiniteMaximumKernelInformationGain kernel lambda (n + 1)
he :
  1 - delta ≤
    μ.real
      {omega |
        ∀ (n : ℕ),
          2 *
              (featureNoiseSum (queriedFeatures features query) Y n omega ⬝ᵥ
                  (lambda • 1 + featureQuadraticGram (queriedFeatures features query) n omega)⁻¹ *ᵥ
                    featureNoiseSum (queriedFeatures features query) Y n omega /
                lambda) ≤
            300 * actualFiniteMaximumKernelInformationGain kernel lambda (n + 1) * Real.log (↑(n + 1) / delta) ^ 3}
omega : Ω
n : ℕ
⊢ 2 *
        (((fun i => Y (↑i) omega) ⬝ᵥ
            actualKernelPastGram kernel (fun i => query i omega) n *ᵥ
              (lambda • 1 + actualKernelPastGram kernel (fun i => query i omega) n)⁻¹ *ᵥ fun i => Y (↑i) omega) /
          lambda) ≤
      300 * actualFiniteMaximumKernelInformationGain kernel lambda (n + 1) * Real.log (↑(n + 1) / delta) ^ 3 ↔
    2 *
        (finiteNoise Y n omega ⬝ᵥ
            actualKernelPastGram kernel (fun i => query i omega) n *ᵥ
              (lambda • 1 + actualKernelPastGram kernel (fun i => query i omega) n)⁻¹ *ᵥ finiteNoise Y n omega /
          lambda) ≤
      300 * actualFiniteMaximumKernelInformationGain kernel lambda (n + 1) * Real.log (↑(n + 1) / delta) ^ 3
SafeLearning/CompleteModulesLandscapeSuiKernelConfidence.lean:109:54: warning: This simp argument is unused:
  finiteNoise

Hint: Omit it from the simp argument list.
  [apply] simp only [noisyKernel, actualKernelNoiseQuadratic,
    actual_query_sample_kernel_gram_is_the_actual_past_kernel_gram kernel features hf query n omega]

Note: This linter can be disabled with `set_option linter.unusedSimpArgs false`
