⚠ [8924/8926] Replayed SafeLearning.CompleteFoundationsPenaltyModels
warning: SafeLearning/CompleteFoundationsPenaltyModels.lean:89:2: Used `tac1 <;> tac2` where `(tac1; tac2)` would suffice

Note: This linter can be disabled with `set_option linter.unnecessarySeqFocus false`
warning: SafeLearning/CompleteFoundationsPenaltyModels.lean:124:35: Used `tac1 <;> tac2` where `(tac1; tac2)` would suffice

Note: This linter can be disabled with `set_option linter.unnecessarySeqFocus false`
warning: SafeLearning/CompleteFoundationsPenaltyModels.lean:143:2: Used `tac1 <;> tac2` where `(tac1; tac2)` would suffice

Note: This linter can be disabled with `set_option linter.unnecessarySeqFocus false`
⚠ [8925/8926] Replayed SafeLearning.CompleteFoundationsExactPenaltyModels
warning: SafeLearning/CompleteFoundationsExactPenaltyModels.lean:41:5: Variable name `hrho` is not explicitly referenced.

Hint: The binding can be removed (if unused) or named `_` (if used implicitly). Alternatively, prefix the name with `_` to silence this warning:
  [apply] _hrho

Note: This linter can be disabled with `set_option linter.unusedVariables false`
warning: SafeLearning/CompleteFoundationsExactPenaltyModels.lean:93:93: Used `tac1 <;> tac2` where `(tac1; tac2)` would suffice

Note: This linter can be disabled with `set_option linter.unnecessarySeqFocus false`
warning: SafeLearning/CompleteFoundationsExactPenaltyModels.lean:99:66: Used `tac1 <;> tac2` where `(tac1; tac2)` would suffice

Note: This linter can be disabled with `set_option linter.unnecessarySeqFocus false`
⚠ [8926/8926] Built SafeLearning.CompletePolicyPenaltyConsequences (4.8s)
warning: SafeLearning/CompletePolicyPenaltyConsequences.lean:34:12: Used `tac1 <;> tac2` where `(tac1; tac2)` would suffice

Note: This linter can be disabled with `set_option linter.unnecessarySeqFocus false`
warning: SafeLearning/CompletePolicyPenaltyConsequences.lean:86:25: This simp argument is unused:
  max_eq_left hx

Hint: Omit it from the simp argument list.
  [apply] simp [linearPenalty, max_eq_right (neg_nonpos.mpr hx), hx]

Note: This linter can be disabled with `set_option linter.unusedSimpArgs false`
warning: SafeLearning/CompletePolicyPenaltyConsequences.lean:86:41: This simp argument is unused:
  max_eq_right (neg_nonpos.mpr hx)

Hint: Omit it from the simp argument list.
  [apply] simp [linearPenalty, max_eq_left hx, hx]

Note: This linter can be disabled with `set_option linter.unusedSimpArgs false`
warning: SafeLearning/CompletePolicyPenaltyConsequences.lean:89:25: This simp argument is unused:
  max_eq_right hneg.le

Hint: Omit it from the simp argument list.
  [apply] simp [linearPenalty, max_eq_left hpos.le, hx, ne_of_gt hpos, hneg.le]

Note: This linter can be disabled with `set_option linter.unusedSimpArgs false`
warning: SafeLearning/CompletePolicyPenaltyConsequences.lean:89:47: This simp argument is unused:
  max_eq_left hpos.le

Hint: Omit it from the simp argument list.
  [apply] simp [linearPenalty, max_eq_right hneg.le, hx, ne_of_gt hpos, hneg.le]

Note: This linter can be disabled with `set_option linter.unusedSimpArgs false`
warning: SafeLearning/CompletePolicyPenaltyConsequences.lean:103:25: This simp argument is unused:
  max_eq_right hneg.le

Hint: Omit it from the simp argument list.
  [apply] simp [linearPenalty, hx, ne_of_gt hpos, ne_of_lt hneg, hneg.le]

Note: This linter can be disabled with `set_option linter.unusedSimpArgs false`
warning: SafeLearning/CompletePolicyPenaltyConsequences.lean:103:47: This simp argument is unused:
  hx

Hint: Omit it from the simp argument list.
  [apply] simp [linearPenalty, max_eq_right hneg.le, ne_of_gt hpos, ne_of_lt hneg, hneg.le]

Note: This linter can be disabled with `set_option linter.unusedSimpArgs false`
warning: SafeLearning/CompletePolicyPenaltyConsequences.lean:114:4: Used `tac1 <;> tac2` where `(tac1; tac2)` would suffice

Note: This linter can be disabled with `set_option linter.unnecessarySeqFocus false`
Build completed successfully (8926 jobs).
