SafeLearning/CompleteModulesDesignCertificateSet.lean:57:56: warning: This simp argument is unused:
  Fin.sum_univ_one

Hint: Omit it from the simp argument list.
  [apply] simp [sourceCertificate, blockCertificate, sourceFirst, sourceLast, dotProduct, Matrix.mulVec,
    Matrix.mul_apply, Fintype.sum_sum_type, Fin.sum_univ_two, Matrix.fromBlocks, Matrix.diagonal_apply]

Note: This linter can be disabled with `set_option linter.unusedSimpArgs false`
SafeLearning/CompleteModulesDesignCertificateSet.lean:59:2: warning: Unused tactic linter: `norm_num [Matrix.transpose, Matrix.transpose_apply, Matrix.mul_apply, Matrix.diagonal_mul,
  Fin.sum_univ_one, Fin.sum_univ_two, Matrix.diagonal_apply]` does nothing

Note: This linter can be disabled with `set_option linter.unusedTactic false`
SafeLearning/CompleteModulesDesignCertificateSet.lean:81:11: warning: this tactic is never executed

Note: This linter can be disabled with `set_option linter.unreachableTactic false`
SafeLearning/CompleteModulesDesignCertificateSet.lean:85:11: warning: this tactic is never executed

Note: This linter can be disabled with `set_option linter.unreachableTactic false`
SafeLearning/CompleteModulesDesignCertificateSet.lean:90:11: warning: this tactic is never executed

Note: This linter can be disabled with `set_option linter.unreachableTactic false`
SafeLearning/CompleteModulesDesignCertificateSet.lean:94:11: warning: this tactic is never executed

Note: This linter can be disabled with `set_option linter.unreachableTactic false`
SafeLearning/CompleteModulesDesignCertificateSet.lean:81:11: warning: Unused tactic linter: `norm_num [Matrix.transpose, Matrix.transpose_apply, Matrix.mul_apply, Matrix.diagonal_mul,
  Fin.sum_univ_one, Fin.sum_univ_two, Matrix.diagonal_apply]` does nothing

Note: This linter can be disabled with `set_option linter.unusedTactic false`
SafeLearning/CompleteModulesDesignCertificateSet.lean:85:11: warning: Unused tactic linter: `norm_num [Matrix.transpose, Matrix.transpose_apply, Matrix.mul_apply, Matrix.diagonal_mul,
  Fin.sum_univ_one, Fin.sum_univ_two, Matrix.diagonal_apply]` does nothing

Note: This linter can be disabled with `set_option linter.unusedTactic false`
SafeLearning/CompleteModulesDesignCertificateSet.lean:90:11: warning: Unused tactic linter: `norm_num [Matrix.transpose, Matrix.transpose_apply, Matrix.mul_apply, Matrix.diagonal_mul,
  Fin.sum_univ_one, Fin.sum_univ_two, Matrix.diagonal_apply]` does nothing

Note: This linter can be disabled with `set_option linter.unusedTactic false`
SafeLearning/CompleteModulesDesignCertificateSet.lean:94:11: warning: Unused tactic linter: `norm_num [Matrix.transpose, Matrix.transpose_apply, Matrix.mul_apply, Matrix.diagonal_mul,
  Fin.sum_univ_one, Fin.sum_univ_two, Matrix.diagonal_apply]` does nothing

Note: This linter can be disabled with `set_option linter.unusedTactic false`
