⚠ [8924/8926] Replayed SafeLearning.CompleteModulesRealHarmonicOrthogonality
warning: SafeLearning/CompleteModulesRealHarmonicOrthogonality.lean:38:6: `if_neg` has been deprecated: Use `ite_eq_right` instead
warning: SafeLearning/CompleteModulesRealHarmonicOrthogonality.lean:55:45: `if_neg` has been deprecated: Use `ite_eq_right` instead
warning: SafeLearning/CompleteModulesRealHarmonicOrthogonality.lean:70:15: `if_pos` has been deprecated: Use `ite_eq_left` instead
warning: SafeLearning/CompleteModulesRealHarmonicOrthogonality.lean:71:15: `if_pos` has been deprecated: Use `ite_eq_left` instead
warning: SafeLearning/CompleteModulesRealHarmonicOrthogonality.lean:73:15: `if_neg` has been deprecated: Use `ite_eq_right` instead
warning: SafeLearning/CompleteModulesRealHarmonicOrthogonality.lean:74:15: `if_neg` has been deprecated: Use `ite_eq_right` instead
⚠ [8925/8926] Replayed SafeLearning.CompleteModulesRealHarmonicPairedFrames
warning: SafeLearning/CompleteModulesRealHarmonicPairedFrames.lean:19:0: automatically included section variable(s) unused in theorem `SafeLearning.CompleteModulesRealHarmonicPairedFrames.actual_selected_real_imaginary_columns_have_the_exact_orthogonal_sum`:
  [Fintype K]
consider restructuring your `variable` declarations so that the variables are not in scope or explicitly omit them:
  omit [Fintype K] in theorem ...

Note: This linter can be disabled with `set_option linter.unusedSectionVars false`
warning: SafeLearning/CompleteModulesRealHarmonicPairedFrames.lean:36:0: automatically included section variable(s) unused in theorem `SafeLearning.CompleteModulesRealHarmonicPairedFrames.actual_nonzero_frequency_real_columns_have_zero_sum`:
  [Fintype K]
  [DecidableEq K]
consider restructuring your `variable` declarations so that the variables are not in scope or explicitly omit them:
  omit [Fintype K] [DecidableEq K] in theorem ...

Note: This linter can be disabled with `set_option linter.unusedSectionVars false`
warning: SafeLearning/CompleteModulesRealHarmonicPairedFrames.lean:45:0: automatically included section variable(s) unused in theorem `SafeLearning.CompleteModulesRealHarmonicPairedFrames.actual_paired_harmonic_inputs_have_unit_euclidean_norm`:
  [DecidableEq K]
consider restructuring your `variable` declarations so that the variables are not in scope or explicitly omit them:
  omit [DecidableEq K] in theorem ...

Note: This linter can be disabled with `set_option linter.unusedSectionVars false`
warning: SafeLearning/CompleteModulesRealHarmonicPairedFrames.lean:54:6: This simp argument is unused:
  Fin.zero_eta

Hint: Omit it from the simp argument list.
  [apply] simp only [Fin.sum_univ_two, pairedFrame, Matrix.of_apply, realComponent, Fin.isValue, ite_true, Fin.mk_one,
    one_ne_zero, ite_false]

Note: This linter can be disabled with `set_option linter.unusedSimpArgs false`
warning: SafeLearning/CompleteModulesRealHarmonicPairedFrames.lean:54:40: This simp argument is unused:
  Fin.mk_one

Hint: Omit it from the simp argument list.
  [apply] simp only [Fin.sum_univ_two, pairedFrame, Matrix.of_apply, realComponent, Fin.zero_eta, Fin.isValue, ite_true,
    one_ne_zero, ite_false]

Note: This linter can be disabled with `set_option linter.unusedSimpArgs false`
⚠ [8926/8926] Built SafeLearning.CompleteModulesRealHarmonicOddFrames (6.3s)
warning: SafeLearning/CompleteModulesRealHarmonicOddFrames.lean:19:0: automatically included section variable(s) unused in theorem `SafeLearning.CompleteModulesRealHarmonicOddFrames.actual_odd_harmonic_inputs_have_unit_euclidean_norm`:
  [DecidableEq K]
consider restructuring your `variable` declarations so that the variables are not in scope or explicitly omit them:
  omit [DecidableEq K] in theorem ...

Note: This linter can be disabled with `set_option linter.unusedSectionVars false`
warning: SafeLearning/CompleteModulesRealHarmonicOddFrames.lean:33:6: This simp argument is unused:
  Fin.zero_eta

Hint: Omit it from the simp argument list.
  [apply] simp only [Fin.sum_univ_two, oddFrame, Matrix.of_apply, Sum.elim_inl, Sum.elim_inr, Finset.sum_const,
    Finset.card_univ, Fintype.card_unit, one_smul, realComponent, Fin.isValue, ite_true, Fin.mk_one, one_ne_zero,
    ite_false]

Note: This linter can be disabled with `set_option linter.unusedSimpArgs false`
warning: SafeLearning/CompleteModulesRealHarmonicOddFrames.lean:33:40: This simp argument is unused:
  Fin.mk_one

Hint: Omit it from the simp argument list.
  [apply] simp only [Fin.sum_univ_two, oddFrame, Matrix.of_apply, Sum.elim_inl, Sum.elim_inr, Finset.sum_const,
    Finset.card_univ, Fintype.card_unit, one_smul, realComponent, Fin.zero_eta, Fin.isValue, ite_true, one_ne_zero,
    ite_false]

Note: This linter can be disabled with `set_option linter.unusedSimpArgs false`
warning: SafeLearning/CompleteModulesRealHarmonicOddFrames.lean:45:23: this tactic is never executed

Note: This linter can be disabled with `set_option linter.unreachableTactic false`
warning: SafeLearning/CompleteModulesRealHarmonicOddFrames.lean:45:23: Unused tactic linter: `ring` does nothing

Note: This linter can be disabled with `set_option linter.unusedTactic false`
warning: SafeLearning/CompleteModulesRealHarmonicOddFrames.lean:99:21: this tactic is never executed

Note: This linter can be disabled with `set_option linter.unreachableTactic false`
warning: SafeLearning/CompleteModulesRealHarmonicOddFrames.lean:99:21: Unused tactic linter: `ring` does nothing

Note: This linter can be disabled with `set_option linter.unusedTactic false`
Build completed successfully (8926 jobs).
