Try this:
  [apply] ring_nf
  
  The `ring` tactic failed to close the goal. Use `ring_nf` to obtain a normal form.
    
  Note that `ring` works primarily in *commutative* rings. If you have a noncommutative ring, abelian group or module, consider using `noncomm_ring`, `abel` or `module` instead.
SafeLearning/CompleteModulesGPGaussianCoverageFailure.lean:30:2: error: unsolved goals
case left
lambda c epsilon : ℝ
hlambda : 0 < lambda
hc : 0 < c
hd : c + c * lambda ≠ 0
he : 1 + lambda ≠ 0
⊢ c * epsilon * lambda * (((fun x x_1 => c) + (c * lambda) • 1) 0 0)⁻¹ +
      c * epsilon * (((fun x x_1 => c) + (c * lambda) • 1) 0 0)⁻¹ =
    epsilon
Try this:
  [apply] ring_nf
  
  The `ring` tactic failed to close the goal. Use `ring_nf` to obtain a normal form.
    
  Note that `ring` works primarily in *commutative* rings. If you have a noncommutative ring, abelian group or module, consider using `noncomm_ring`, `abel` or `module` instead.
SafeLearning/CompleteModulesGPGaussianCoverageFailure.lean:32:2: error: unsolved goals
case right
lambda c epsilon : ℝ
hlambda : 0 < lambda
hc : 0 < c
hd : c + c * lambda ≠ 0
he : 1 + lambda ≠ 0
⊢ 1 - c * lambda * (((fun x x_1 => c) + (c * lambda) • 1) 0 0)⁻¹ - c * (((fun x x_1 => c) + (c * lambda) • 1) 0 0)⁻¹ +
      lambda =
    lambda
SafeLearning/CompleteModulesGPGaussianCoverageFailure.lean:43:15: warning: `Set.mem_setOf_eq` has been deprecated: Use `Set.mem_ofPred_eq` instead
SafeLearning/CompleteModulesGPGaussianCoverageFailure.lean:67:2: error: Type mismatch: After simplification, term
  Tendsto.mul hfirst hsecond
 has type
  @Tendsto ℝ ℝ (fun x => R * √(Real.log (1 + x) - 2 * Real.log delta) * √(x * lambda / (1 + lambda))) (𝓝 0) (𝓝 0)
but is expected to have type
  @Tendsto ℝ ℝ (originalWidth R delta lambda) (𝓝 0) (𝓝 0)
