SafeLearning/CompleteModulesRealUnitNormTightFrameExistence.lean:45:19: error: unexpected token ':='; expected term
SafeLearning/CompleteModulesRealUnitNormTightFrameExistence.lean:42:4: warning: Try this: 
  letI̵

The goal is a proposition, so `let` is preferred over `letI`.
The difference between `let` and `letI` is that `letI` inlines the value.
But this is not relevant for proofs because of proof irrelevance.

Note: This linter can be disabled with `set_option linter.style.haveILetI false`
SafeLearning/CompleteModulesRealUnitNormTightFrameExistence.lean:45:16: error(lean.synthInstanceFailed): failed to synthesize instance of type class
  OfNat (Matroid ?m.153) 0
numerals are polymorphic in Lean, but the numeral `0` cannot be used in a context where the expected type is
  Matroid ?m.153
due to the absence of the instance above

Hint: Type class instance resolution failures can be inspected with the `set_option trace.Meta.synthInstance true` command.
SafeLearning/CompleteModulesRealUnitNormTightFrameExistence.lean:45:4: error: unsolved goals
case hm
T : Type u_1
D : Type u_2
inst✝³ : Fintype T
inst✝² : Fintype D
inst✝¹ : DecidableEq D
inst✝ : Nonempty D
hOrder : Fintype.card D ≤ Fintype.card T
hd : 0 < Fintype.card D
heq : ¬Fintype.card D = Fintype.card T
hlt : Fintype.card D < Fintype.card T
hn : Fintype.card T ≠ 0
this : NeZero (Fintype.card T) := { out := hn }
eT : T ≃ ZMod (Fintype.card T) := Fintype.equivOfCardEq ⋯
m : ℕ
heven : Fintype.card D = 2 * m
⊢ sorry <m sorry

case neg.inl
T : Type u_1
D : Type u_2
inst✝³ : Fintype T
inst✝² : Fintype D
inst✝¹ : DecidableEq D
inst✝ : Nonempty D
hOrder : Fintype.card D ≤ Fintype.card T
hd : 0 < Fintype.card D
heq : ¬Fintype.card D = Fintype.card T
hlt : Fintype.card D < Fintype.card T
hn : Fintype.card T ≠ 0
this : NeZero (Fintype.card T) := { out := hn }
eT : T ≃ ZMod (Fintype.card T) := Fintype.equivOfCardEq ⋯
m : ℕ
heven : Fintype.card D = 2 * m
hm : sorry <m sorry
⊢ ∃ X, (∀ (t : T), ‖WithLp.toLp 2 fun i => X t i‖ = 1) ∧ Xᵀ * X = (↑(Fintype.card T) / ↑(Fintype.card D)) • 1
SafeLearning/CompleteModulesRealUnitNormTightFrameExistence.lean:40:2: error: unsolved goals
case neg.inr
T : Type u_1
D : Type u_2
inst✝³ : Fintype T
inst✝² : Fintype D
inst✝¹ : DecidableEq D
inst✝ : Nonempty D
hOrder : Fintype.card D ≤ Fintype.card T
hd : 0 < Fintype.card D
heq : ¬Fintype.card D = Fintype.card T
hlt : Fintype.card D < Fintype.card T
hn : Fintype.card T ≠ 0
this : NeZero (Fintype.card T) := { out := hn }
eT : T ≃ ZMod (Fintype.card T) := Fintype.equivOfCardEq ⋯
m : ℕ
hodd : Fintype.card D = 2 * m + 1
⊢ ∃ X, (∀ (t : T), ‖WithLp.toLp 2 fun i => X t i‖ = 1) ∧ Xᵀ * X = (↑(Fintype.card T) / ↑(Fintype.card D)) • 1
SafeLearning/CompleteModulesRealUnitNormTightFrameExistence.lean:74:2: warning: Try this: 
  letI̵

The goal is a proposition, so `let` is preferred over `letI`.
The difference between `let` and `letI` is that `letI` inlines the value.
But this is not relevant for proofs because of proof irrelevance.

Note: This linter can be disabled with `set_option linter.style.haveILetI false`
