SafeLearning/CompleteModulesGPRepeatedJoint.lean:25:17: warning: Try this: 
  letI̵

The goal is a proposition, so `let` is preferred over `letI`.
The difference between `let` and `letI` is that `letI` inlines the value.
But this is not relevant for proofs because of proof irrelevance.

Note: This linter can be disabled with `set_option linter.style.haveILetI false`
SafeLearning/CompleteModulesGPRepeatedJoint.lean:33:17: warning: Try this: 
  letI̵

The goal is a proposition, so `let` is preferred over `letI`.
The difference between `let` and `letI` is that `letI` inlines the value.
But this is not relevant for proofs because of proof irrelevance.

Note: This linter can be disabled with `set_option linter.style.haveILetI false`
SafeLearning/CompleteModulesGPRepeatedJoint.lean:102:22: error: Tactic `rewrite` failed: Did not find an occurrence of the pattern
  (?κ ×ₖ ?η) ?a
in the target expression
  ((sourceKernel n ×ₖ CompleteAppliedGaussianBayesJoint.observationKernel 1) latent) event =
    ∫⁻ (b : Readings (n + 1)) in event, likelihood (n + 1) b latent ∂readingVolume (n + 1)

case succ
n : ℕ
ih : sourceKernel n = (Kernel.const ℝ (readingVolume n)).withDensity fun latent y => likelihood n y latent
latent : ℝ
event : Set (Readings (n + 1))
hevent : MeasurableSet event
⊢ ((sourceKernel n ×ₖ CompleteAppliedGaussianBayesJoint.observationKernel 1) latent) event =
    ∫⁻ (b : Readings (n + 1)) in event, likelihood (n + 1) b latent ∂readingVolume (n + 1)

Note: The target expression is not type-correct under the `implicit` transparency level, which may have triggered the failure. This is usually caused by unfolding of semireducible definitions in prior tactic steps. Use `set_option linter.tacticCheckInstances true` to investigate the source of the issue.
Full error:
  Application type mismatch: The argument
    sourceKernel n ×ₖ CompleteAppliedGaussianBayesJoint.observationKernel 1
  has type
    @Kernel ℝ (Readings n × ℝ) Real.measurableSpace Prod.instMeasurableSpace
  but is expected to have type
    @Kernel ℝ (Readings (n + 1)) Real.measurableSpace (readingsMeasurable (n + 1))
  in the application
    ⇑(sourceKernel n ×ₖ CompleteAppliedGaussianBayesJoint.observationKernel 1)
SafeLearning/CompleteModulesGPRepeatedJoint.lean:146:2: warning: Try this: 
  haveI̵

The goal is a proposition, so `have` is preferred over `haveI`.
The difference between `have` and `haveI` is that `haveI` inlines the value.
But this is not relevant for proofs because of proof irrelevance.

Note: This linter can be disabled with `set_option linter.style.haveILetI false`
SafeLearning/CompleteModulesGPRepeatedJoint.lean:186:2: warning: Try this: 
  haveI̵

The goal is a proposition, so `have` is preferred over `haveI`.
The difference between `have` and `haveI` is that `haveI` inlines the value.
But this is not relevant for proofs because of proof irrelevance.

Note: This linter can be disabled with `set_option linter.style.haveILetI false`
