SafeLearning/CompleteModulesDesignAOL.lean:26:4: error: Type mismatch: After simplification, term
  Real.sqrt_mul
    (have this :=
      Mathlib.Meta.NormNum.isNat_le_true (Mathlib.Meta.NormNum.isNat_ofNat ℝ Nat.cast_zero)
        (Mathlib.Meta.NormNum.isNat_ofNat ℝ (Eq.refl 2)) (Eq.refl true);
    this)
    3
 has type
  True
but is expected to have type
  √6 = √2 * √3
SafeLearning/CompleteModulesDesignAOL.lean:35:25: error: Tactic `rewrite` failed: Did not find an occurrence of the pattern
  actualSourceWeightsᵀ * actualSourceWeights
in the target expression
  diagonal ![1 / √2, 1 / √3] * actualSourceWeightsᵀ * (actualSourceWeights * diagonal ![1 / √2, 1 / √3]) =
    !![1 / 2, 1 / √6; 1 / √6, 2 / 3]

case refine_3
hp2 : √2 ≠ 0
hp3 : √3 ≠ 0
hs2 : √2 ^ 2 = 2
hs3 : √3 ^ 2 = 3
hm : √6 = √2 * √3
⊢ diagonal ![1 / √2, 1 / √3] * actualSourceWeightsᵀ * (actualSourceWeights * diagonal ![1 / √2, 1 / √3]) =
    !![1 / 2, 1 / √6; 1 / √6, 2 / 3]
SafeLearning/CompleteModulesDesignAOL.lean:47:48: error: Ambiguous term
  one_div_pow
Possible interpretations:
  _root_.one_div_pow : ∀ (a : ?m.148) (n : ℕ), (1 / a) ^ n = 1 / a ^ n
  
  Matrix.one_div_pow : ∀ (n : ℕ), (1 / ?m.153) ^ n = 1 / ?m.153 ^ n
SafeLearning/CompleteModulesDesignAOL.lean:49:64: error: linarith failed to find a contradiction
case h1
eigenvalue : ℝ
he : sourceGram = !![1 / 2, 1 / √6; 1 / √6, 2 / 3]
hs6 : √6 ^ 2 = 6
hi : (1 / √6) ^ 2 = 1 / 6
ht : sourceGram.trace = 7 / 6
a✝ :
  !![1 / 2, 1 / √6; 1 / √6, 2 / 3] 0 0 * !![1 / 2, 1 / √6; 1 / √6, 2 / 3] 1 1 -
      !![1 / 2, 1 / √6; 1 / √6, 2 / 3] 0 1 * !![1 / 2, 1 / √6; 1 / √6, 2 / 3] 1 0 <
    1 / 6
⊢ False
failed
Try this:
  [apply] ring_nf
  
  The `ring` tactic failed to close the goal. Use `ring_nf` to obtain a normal form.
    
  Note that `ring` works primarily in *commutative* rings. If you have a noncommutative ring, abelian group or module, consider using `noncomm_ring`, `abel` or `module` instead.
SafeLearning/CompleteModulesDesignAOL.lean:50:55: error: unsolved goals
eigenvalue : ℝ
he : sourceGram = !![1 / 2, 1 / √6; 1 / √6, 2 / 3]
hs6 : √6 ^ 2 = 6
hi : (1 / √6) ^ 2 = 1 / 6
ht : sourceGram.trace = 7 / 6
hd : sourceGram.det = 1 / 6
⊢ -(X * C (7 / 6)) + X ^ 2 + C (1 / 6) = -(X * C (1 / 6)) - X * C 1 + X ^ 2 + C (1 / 6) * C 1
SafeLearning/CompleteModulesDesignAOL.lean:62:49: error: Ambiguous term
  one_div_pow
Possible interpretations:
  _root_.one_div_pow : ∀ (a : ?m.150) (n : ℕ), (1 / a) ^ n = 1 / a ^ n
  
  Matrix.one_div_pow : ∀ (n : ℕ), (1 / ?m.155) ^ n = 1 / ?m.155 ^ n
SafeLearning/CompleteModulesDesignAOL.lean:63:49: error: Ambiguous term
  one_div_pow
Possible interpretations:
  _root_.one_div_pow : ∀ (a : ?m.188) (n : ℕ), (1 / a) ^ n = 1 / a ^ n
  
  Matrix.one_div_pow : ∀ (n : ℕ), (1 / ?m.193) ^ n = 1 / ?m.193 ^ n
SafeLearning/CompleteModulesDesignAOL.lean:65:4: warning: This simp argument is unused:
  Matrix.vecMul

Hint: Omit it from the simp argument list.
  [apply] simp [sourceLayer, sourceD, actualSourceWeights, Matrix.mul_apply, Matrix.mulVec, dotProduct,
    Fin.sum_univ_two, diagonal_apply]

Note: This linter can be disabled with `set_option linter.unusedSimpArgs false`
SafeLearning/CompleteModulesDesignAOL.lean:77:41: error: unsolved goals
hu : ‖sourceLayer‖ ≤ 1
input : Fin 2 → ℝ := ![√2, √3]
⊢ 2 + 3 = 5
SafeLearning/CompleteModulesDesignAOL.lean:80:49: error: unsolved goals
hu : ‖sourceLayer‖ ≤ 1
input : Fin 2 → ℝ := ![√2, √3]
hi : ‖WithLp.toLp 2 input‖ ^ 2 = 5
hp2 : √2 ≠ 0
hp3 : √3 ≠ 0
⊢ √2 • vecHead ∘ ![![1, 1] ᵥ* diagonal ![(√2)⁻¹, (√3)⁻¹], ![0, 1] ᵥ* diagonal ![(√2)⁻¹, (√3)⁻¹]] +
      √3 • vecHead ∘ vecTail ∘ ![![1, 1] ᵥ* diagonal ![(√2)⁻¹, (√3)⁻¹], ![0, 1] ᵥ* diagonal ![(√2)⁻¹, (√3)⁻¹]] =
    ![2, 1]
SafeLearning/CompleteModulesDesignAOL.lean:88:14: error(lean.unknownIdentifier): Unknown identifier `actual_spectral_matrix_gain`
SafeLearning/CompleteModulesDesignAOL.lean:69:73: error: unsolved goals
hu : ‖sourceLayer‖ ≤ 1
input : Fin 2 → ℝ := ![√2, √3]
hi : ‖WithLp.toLp 2 input‖ ^ 2 = 5
hout : sourceLayer *ᵥ input = ![2, 1]
ho : ‖WithLp.toLp 2 (sourceLayer *ᵥ input)‖ ^ 2 = 5
⊢ ‖sourceLayer‖ = 1
SafeLearning/CompleteModulesDesignAOL.lean:83:30: warning: This simp argument is unused:
  Matrix.mulVec_mulVec

Hint: Omit it from the simp argument list.
  [apply] simp [sourceLayer, sourceD, Matrix.mulVec_diagonal, input, actualSourceWeights, Matrix.mulVec, dotProduct,
    Fin.sum_univ_two, hp2, hp3]

Note: This linter can be disabled with `set_option linter.unusedSimpArgs false`
SafeLearning/CompleteModulesDesignAOL.lean:83:51: warning: This simp argument is unused:
  Matrix.mulVec_diagonal

Hint: Omit it from the simp argument list.
  [apply] simp [sourceLayer, sourceD, Matrix.mulVec_mulVec, input, actualSourceWeights, Matrix.mulVec, dotProduct,
    Fin.sum_univ_two, hp2, hp3]

Note: This linter can be disabled with `set_option linter.unusedSimpArgs false`
SafeLearning/CompleteModulesDesignAOL.lean:84:26: warning: This simp argument is unused:
  Matrix.mulVec

Hint: Omit it from the simp argument list.
  [apply] simp [sourceLayer, sourceD, Matrix.mulVec_mulVec, Matrix.mulVec_diagonal, input, actualSourceWeights,
    dotProduct, Fin.sum_univ_two, hp2, hp3]

Note: This linter can be disabled with `set_option linter.unusedSimpArgs false`
SafeLearning/CompleteModulesDesignAOL.lean:84:40: warning: This simp argument is unused:
  dotProduct

Hint: Omit it from the simp argument list.
  [apply] simp [sourceLayer, sourceD, Matrix.mulVec_mulVec, Matrix.mulVec_diagonal, input, actualSourceWeights,
    Matrix.mulVec, Fin.sum_univ_two, hp2, hp3]

Note: This linter can be disabled with `set_option linter.unusedSimpArgs false`
SafeLearning/CompleteModulesDesignAOL.lean:84:51: warning: This simp argument is unused:
  Fin.sum_univ_two

Hint: Omit it from the simp argument list.
  [apply] simp [sourceLayer, sourceD, Matrix.mulVec_mulVec, Matrix.mulVec_diagonal, input, actualSourceWeights,
    Matrix.mulVec, dotProduct, hp2, hp3]

Note: This linter can be disabled with `set_option linter.unusedSimpArgs false`
SafeLearning/CompleteModulesDesignAOL.lean:84:68: warning: This simp argument is unused:
  hp2

Hint: Omit it from the simp argument list.
  [apply] simp [sourceLayer, sourceD, Matrix.mulVec_mulVec, Matrix.mulVec_diagonal, input, actualSourceWeights,
    Matrix.mulVec, dotProduct, Fin.sum_univ_two, hp3]

Note: This linter can be disabled with `set_option linter.unusedSimpArgs false`
SafeLearning/CompleteModulesDesignAOL.lean:84:72: warning: This simp argument is unused:
  hp3

Hint: Omit it from the simp argument list.
  [apply] simp [sourceLayer, sourceD, Matrix.mulVec_mulVec, Matrix.mulVec_diagonal, input, actualSourceWeights,
    Matrix.mulVec, dotProduct, Fin.sum_univ_two, hp2]

Note: This linter can be disabled with `set_option linter.unusedSimpArgs false`
