SafeLearning/CompleteModulesLoSBOGaussianNoise.lean:51:15: warning: `Set.mem_setOf_eq` has been deprecated: Use `Set.mem_ofPred_eq` instead
SafeLearning/CompleteModulesLoSBOGaussianNoise.lean:96:4: error: Tactic `apply` failed: could not unify the conclusion of `le_of_tendsto ht`
  0 ≤ ?m.82
with the goal
  P.real {ω | ∀ (n : ℕ), |noise n ω| ≤ bound} ≤ 0

Note: The full type of `le_of_tendsto ht` is
  (∀ᶠ (c : ℕ) in atTop, P.real {ω | ∀ n < c, |noise n ω| ≤ bound} ≤ ?m.82) → 0 ≤ ?m.82

Ω : Type u_1
inst✝¹ : MeasurableSpace Ω
P : Measure Ω
inst✝ : IsProbabilityMeasure P
noise : ℕ → Ω → ℝ
hmeas : ∀ (n : ℕ), Measurable (noise n)
hind : iIndepFun noise P
variance : NNReal
hv : variance ≠ 0
hlaw : ∀ (n : ℕ), HasLaw (noise n) (gaussianReal 0 variance) P
bound : ℝ
ht : Tendsto (fun T => P.real {ω | ∀ n < T, |noise n ω| ≤ bound}) atTop (𝓝 0)
⊢ P.real {ω | ∀ (n : ℕ), |noise n ω| ≤ bound} ≤ 0
