SafeLearning/CompleteModulesLandscapeRareSpike.lean:57:10: warning: This simp argument is unused:
  PMF.toOuterMeasure_ofFintype_apply

Hint: Omit it from the simp argument list.
  [apply] simp [tsum_fintype, peakLaw, sourcePeak, Fin.sum_univ_succ, Set.indicator, h59, not_le.mpr h59, h109]

Note: This linter can be disabled with `set_option linter.unusedSimpArgs false`
SafeLearning/CompleteModulesLandscapeRareSpike.lean:57:45: warning: This simp argument is unused:
  tsum_fintype

Hint: Omit it from the simp argument list.
  [apply] simp [PMF.toOuterMeasure_ofFintype_apply, peakLaw, sourcePeak, Fin.sum_univ_succ, Set.indicator, h59,
    not_le.mpr h59, h109]

Note: This linter can be disabled with `set_option linter.unusedSimpArgs false`
SafeLearning/CompleteModulesLandscapeRareSpike.lean:60:12: warning: This simp argument is unused:
  PMF.toOuterMeasure_ofFintype_apply

Hint: Omit it from the simp argument list.
  [apply] simp [tsum_fintype, peakLaw, sourcePeak, Fin.sum_univ_succ, Set.indicator, h59, le_of_not_gt h59, h109,
    not_le.mpr h109]

Note: This linter can be disabled with `set_option linter.unusedSimpArgs false`
SafeLearning/CompleteModulesLandscapeRareSpike.lean:60:47: warning: This simp argument is unused:
  tsum_fintype

Hint: Omit it from the simp argument list.
  [apply] simp [PMF.toOuterMeasure_ofFintype_apply, peakLaw, sourcePeak, Fin.sum_univ_succ, Set.indicator, h59,
    le_of_not_gt h59, h109, not_le.mpr h109]

Note: This linter can be disabled with `set_option linter.unusedSimpArgs false`
SafeLearning/CompleteModulesLandscapeRareSpike.lean:70:15: warning: `Set.mem_setOf_eq` has been deprecated: Use `Set.mem_ofPred_eq` instead
SafeLearning/CompleteModulesLandscapeRareSpike.lean:71:65: warning: this tactic is never executed

Note: This linter can be disabled with `set_option linter.unreachableTactic false`
SafeLearning/CompleteModulesLandscapeRareSpike.lean:71:65: warning: Unused tactic linter: `norm_num at h` does nothing

Note: This linter can be disabled with `set_option linter.unusedTactic false`
SafeLearning/CompleteModulesLandscapeRareSpike.lean:133:35: error(lean.unknownIdentifier): Unknown identifier `measurableSet_of_countable`
