SafeLearning/CompleteModulesLandscapeARGaussianAlgebra.lean:33:79: warning: try 'simp' instead of 'simpa'

Note: This linter can be disabled with `set_option linter.unnecessarySimpa false`
SafeLearning/CompleteModulesLandscapeARGaussianAlgebra.lean:55:27: warning: `if_pos` has been deprecated: Use `ite_eq_left` instead
SafeLearning/CompleteModulesLandscapeARGaussianAlgebra.lean:55:38: warning: `if_pos` has been deprecated: Use `ite_eq_left` instead
SafeLearning/CompleteModulesLandscapeARGaussianAlgebra.lean:55:50: warning: `if_neg` has been deprecated: Use `ite_eq_right` instead
SafeLearning/CompleteModulesLandscapeARGaussianAlgebra.lean:61:29: warning: `if_neg` has been deprecated: Use `ite_eq_right` instead
SafeLearning/CompleteModulesLandscapeARGaussianAlgebra.lean:61:40: warning: `if_neg` has been deprecated: Use `ite_eq_right` instead
SafeLearning/CompleteModulesLandscapeARGaussianAlgebra.lean:61:52: warning: `if_neg` has been deprecated: Use `ite_eq_right` instead
Try this:
  [apply] ring_nf
  
  The `ring` tactic failed to close the goal. Use `ring_nf` to obtain a normal form.
    
  Note that `ring` works primarily in *commutative* rings. If you have a noncommutative ring, abelian group or module, consider using `noncomm_ring`, `abel` or `module` instead.
SafeLearning/CompleteModulesLandscapeARGaussianAlgebra.lean:69:14: error: unsolved goals
case succ
T : ℕ
k goal sigma : ℝ
w : Fin T → ℝ
t : ℕ
ih : trajectory k goal sigma w t = trueMean k goal t + ∑ j, coefficient k sigma t ↑j * w j
hi : ∑ j, (if ↑j = t then sigma else 0) * w j = sigma * freshNoise w t
⊢ goal + goal * k * (1 - k) ^ t - goal * (1 - k) ^ t - k * ∑ x, coefficient k sigma t ↑x * w x +
        ∑ x, coefficient k sigma t ↑x * w x +
      sigma * freshNoise w t =
    goal + goal * k * (1 - k) ^ t - goal * (1 - k) ^ t + sigma * freshNoise w t +
      ∑ x, (-(k * coefficient k sigma t ↑x * w x) + coefficient k sigma t ↑x * w x)
SafeLearning/CompleteModulesLandscapeARGaussianAlgebra.lean:71:46: warning: This simp argument is unused:
  ← Finset.mul_sum

Hint: Omit it from the simp argument list.
  [apply] simp only [add_mul, Finset.sum_add_distrib]

Note: Simp arguments with `←` have the additional effect of removing the other direction from the simp set, even if the simp argument itself is unused. If the hint above does not work, try replacing `←` with `-` to only get that effect and silence this warning.

Note: This linter can be disabled with `set_option linter.unusedSimpArgs false`
SafeLearning/CompleteModulesLandscapeARGaussianAlgebra.lean:84:14: error: unexpected token '('; expected '↦', '=>'
SafeLearning/CompleteModulesLandscapeARGaussianAlgebra.lean:93:6: error: Tactic `rewrite` failed: Did not find an occurrence of the pattern
  ∑ i, ?f ↑i
in the target expression
  (∑ j, if ↑j < t then f ↑j else 0) = ∑ j ∈ Finset.range t, f j

T t : ℕ
ht : t ≤ T
f : ℕ → ℝ
⊢ (∑ j, if ↑j < t then f ↑j else 0) = ∑ j ∈ Finset.range t, f j
SafeLearning/CompleteModulesLandscapeARGaussianAlgebra.lean:120:6: error: Type mismatch
  finite_product_sum_truncates_to_the_actual_time_range T t ht ?m.159
has type
  (∑ j, if ↑j < t then ?m.159 ↑j else 0) = ∑ j ∈ Finset.range t, ?m.159 j
but is expected to have type
  (∑ j, if ↑j < t then sigma ^ 2 * (1 - k) ^ (2 * (t - 1 - ↑j)) else 0) =
    ∑ j ∈ Finset.range t, sigma ^ 2 * (1 - k) ^ (2 * (t - 1 - j))
SafeLearning/CompleteModulesLandscapeARGaussianAlgebra.lean:134:27: warning: `if_pos` has been deprecated: Use `ite_eq_left` instead
SafeLearning/CompleteModulesLandscapeARGaussianAlgebra.lean:134:38: warning: `if_pos` has been deprecated: Use `ite_eq_left` instead
SafeLearning/CompleteModulesLandscapeARGaussianAlgebra.lean:139:36: error: unexpected token '('; expected ')'
