SafeLearning/CompleteModulesSafeOptGPInformationBudget.lean:32:81: error(lean.invalidField): Invalid field `det`: The environment does not contain `Function.det`, so it is not possible to project the field `det` from an expression
  1 + lambda⁻¹ • fun i j => kernel (design i) (design j)
of type `Fin T → Fin T → ℝ`
SafeLearning/CompleteModulesSafeOptGPInformationBudget.lean:43:39: error(lean.invalidField): Invalid field `PosSemidef`: The environment does not contain `Function.PosSemidef`, so it is not possible to project the field `PosSemidef` from an expression
  kernel
of type `X → X → ℝ`
SafeLearning/CompleteModulesSafeOptGPInformationBudget.lean:45:11: error(lean.synthInstanceFailed): failed to synthesize instance of type class
  NonUnitalContinuousFunctionalCalculus ℝ (X → X → ℝ) IsSelfAdjoint

Hint: Type class instance resolution failures can be inspected with the `set_option trace.Meta.synthInstance true` command.
SafeLearning/CompleteModulesSafeOptGPInformationBudget.lean:48:7: error(lean.synthInstanceFailed): failed to synthesize instance of type class
  NonUnitalContinuousFunctionalCalculus ℝ (X → X → ℝ) IsSelfAdjoint

Hint: Type class instance resolution failures can be inspected with the `set_option trace.Meta.synthInstance true` command.
SafeLearning/CompleteModulesSafeOptGPInformationBudget.lean:49:18: error(lean.synthInstanceFailed): failed to synthesize instance of type class
  HMul (X → X → ℝ) (Matrix X X ℝ) ?m.56

Hint: Type class instance resolution failures can be inspected with the `set_option trace.Meta.synthInstance true` command.
SafeLearning/CompleteModulesSafeOptGPInformationBudget.lean:44:76: error: unsolved goals
X : Type u_1
inst✝¹ : Fintype X
inst✝ : DecidableEq X
kernel : X → X → ℝ
hkernel : sorry
A : X → X → ℝ := sorry
htranspose : Aᵀ = A
hproduct : sorry
x y : X
⊢ kernel x y = A x ⬝ᵥ A y
SafeLearning/CompleteModulesSafeOptGPInformationBudget.lean:72:11: error(lean.unknownIdentifier): Unknown identifier `div_nonneg_iff_of_pos`
SafeLearning/CompleteModulesSafeOptGPInformationBudget.lean:110:39: error(lean.invalidField): Invalid field `PosSemidef`: The environment does not contain `Function.PosSemidef`, so it is not possible to project the field `PosSemidef` from an expression
  kernel
of type `X → X → ℝ`
SafeLearning/CompleteModulesSafeOptGPInformationBudget.lean:126:39: error(lean.invalidField): Invalid field `PosSemidef`: The environment does not contain `Function.PosSemidef`, so it is not possible to project the field `PosSemidef` from an expression
  kernel
of type `X → X → ℝ`
SafeLearning/CompleteModulesSafeOptGPInformationBudget.lean:142:2: error: linarith failed to find a contradiction
case h1
X : Type u_1
inst✝¹ : Fintype X
inst✝ : DecidableEq X
kernel : X → X → ℝ
hkernel : sorry
lambda : ℝ
hlambda : 0 < lambda
query : ℕ → X
T : ℕ
features : X → X → ℝ
hfeatures : ∀ (x y : X), kernel x y = features x ⬝ᵥ features y
hgram : kernelGram (temporalFeatures (fun j => features (query j)) T) = fun i j => kernel (query ↑i) (query ↑j)
h :
  Real.log (1 + lambda⁻¹ • fun i j => kernel (query ↑i) (query ↑j)).det =
    ∑ x ∈ Finset.range T, Real.log (1 + actualKernelSequentialVariance kernel lambda query x / lambda)
a✝ :
  ∑ j ∈ Finset.range T, Real.log (1 + actualKernelSequentialVariance kernel lambda query j / lambda) <
    2 * (1 / 2 * Real.log sorry)
⊢ False
failed
SafeLearning/CompleteModulesSafeOptGPInformationBudget.lean:149:39: error(lean.invalidField): Invalid field `PosSemidef`: The environment does not contain `Function.PosSemidef`, so it is not possible to project the field `PosSemidef` from an expression
  kernel
of type `X → X → ℝ`
SafeLearning/CompleteModulesSafeOptGPInformationBudget.lean:159:31: error: Type mismatch
  hvariance j
has type
  actualKernelSequentialVariance kernel lambda query j ∈ Icc 0 1
but is expected to have type
  √(√(actualKernelSequentialVariance kernel lambda query j) ^ 2) ^ 2 ∈ Icc 0 1
