SafeLearning/CompleteModulesDesignCoupledDirections.lean:19:4: error: Type mismatch: After simplification, term
  actual_positive_diagonal_operator_norm_is_the_largest_entry 4 (1 / 4)
    (Mathlib.Meta.NormNum.isNat_le_true (Mathlib.Meta.NormNum.isNat_ofNat ℝ Nat.cast_zero)
      (Mathlib.Meta.NormNum.isNat_ofNat ℝ (Eq.refl 4)) (Eq.refl true))
    (Mathlib.Meta.NormNum.isRat_le_true
      (Mathlib.Meta.NormNum.IsNNRat.to_isRat
        (Mathlib.Meta.NormNum.IsNat.to_isNNRat (Mathlib.Meta.NormNum.isNat_ofNat ℝ Nat.cast_zero)))
      (Mathlib.Meta.NormNum.IsNNRat.to_isRat
        (Mathlib.Meta.NormNum.isNNRat_div
          (Mathlib.Meta.NormNum.isNNRat_mul (Eq.refl HMul.hMul)
            (Mathlib.Meta.NormNum.IsNat.to_isNNRat (Mathlib.Meta.NormNum.isNat_ofNat ℝ Nat.cast_one))
            (Mathlib.Meta.NormNum.isNNRat_inv_pos
              (Mathlib.Meta.NormNum.IsNat.to_isNNRat (Mathlib.Meta.NormNum.isNat_ofNat ℝ (Eq.refl 4))))
            (Eq.refl (Nat.mul 1 1)) (Eq.refl 4))))
      (Eq.refl true))
 has type
  ‖![4, 4⁻¹]‖ = max 4 4⁻¹
but is expected to have type
  ‖![4, 4⁻¹]‖ = 4
SafeLearning/CompleteModulesDesignCoupledDirections.lean:22:4: error: Type mismatch: After simplification, term
  actual_positive_diagonal_operator_norm_is_the_largest_entry (1 / 4) 4
    (Mathlib.Meta.NormNum.isRat_le_true
      (Mathlib.Meta.NormNum.IsNNRat.to_isRat
        (Mathlib.Meta.NormNum.IsNat.to_isNNRat (Mathlib.Meta.NormNum.isNat_ofNat ℝ Nat.cast_zero)))
      (Mathlib.Meta.NormNum.IsNNRat.to_isRat
        (Mathlib.Meta.NormNum.isNNRat_div
          (Mathlib.Meta.NormNum.isNNRat_mul (Eq.refl HMul.hMul)
            (Mathlib.Meta.NormNum.IsNat.to_isNNRat (Mathlib.Meta.NormNum.isNat_ofNat ℝ Nat.cast_one))
            (Mathlib.Meta.NormNum.isNNRat_inv_pos
              (Mathlib.Meta.NormNum.IsNat.to_isNNRat (Mathlib.Meta.NormNum.isNat_ofNat ℝ (Eq.refl 4))))
            (Eq.refl (Nat.mul 1 1)) (Eq.refl 4))))
      (Eq.refl true))
    (Mathlib.Meta.NormNum.isNat_le_true (Mathlib.Meta.NormNum.isNat_ofNat ℝ Nat.cast_zero)
      (Mathlib.Meta.NormNum.isNat_ofNat ℝ (Eq.refl 4)) (Eq.refl true))
 has type
  ‖![4⁻¹, 4]‖ = max 4⁻¹ 4
but is expected to have type
  ‖![4⁻¹, 4]‖ = 4
