SafeLearning/CompleteModulesGaussianSchurConsequences.lean:23:2: warning: Try this: 
  letI̵

The goal is a proposition, so `let` is preferred over `letI`.
The difference between `let` and `letI` is that `letI` inlines the value.
But this is not relevant for proofs because of proof irrelevance.

Note: This linter can be disabled with `set_option linter.style.haveILetI false`
SafeLearning/CompleteModulesGaussianSchurConsequences.lean:26:2: warning: Try this: 
  letI̵

The goal is a proposition, so `let` is preferred over `letI`.
The difference between `let` and `letI` is that `letI` inlines the value.
But this is not relevant for proofs because of proof irrelevance.

Note: This linter can be disabled with `set_option linter.style.haveILetI false`
SafeLearning/CompleteModulesGaussianSchurConsequences.lean:27:2: warning: Try this: 
  letI̵

The goal is a proposition, so `let` is preferred over `letI`.
The difference between `let` and `letI` is that `letI` inlines the value.
But this is not relevant for proofs because of proof irrelevance.

Note: This linter can be disabled with `set_option linter.style.haveILetI false`
SafeLearning/CompleteModulesGaussianSchurConsequences.lean:30:0: warning: automatically included section variable(s) unused in theorem `SafeLearning.CompleteModulesGaussianSchurConsequences.actual_observation_covariance_is_symmetric`:
  [Fintype I]
  [DecidableEq I]
consider restructuring your `variable` declarations so that the variables are not in scope or explicitly omit them:
  omit [Fintype I] [DecidableEq I] in theorem ...

Note: This linter can be disabled with `set_option linter.unusedSectionVars false`
SafeLearning/CompleteModulesGaussianSchurConsequences.lean:61:13: warning: This simp argument is unused:
  conditionalKernel

Hint: Omit it from the simp argument list.
  [apply] simp only [hY, hZ, mul_zero, Finset.sum_const_zero, sub_zero, zero_add]

Note: This linter can be disabled with `set_option linter.unusedSimpArgs false`
