SafeLearning/CompleteModulesLandscapeSafeOptQueryProtocol.lean:22:9: error(lean.synthInstanceFailed): failed to synthesize instance of type class
  DecidablePred fun x =>
    x ∈
      CompleteModulesSafeOptConfidenceIntersections.actualExpanders (↑safe) upper cost threshold ∪
        CompleteModulesSafeOptConfidenceIntersections.actualMaximizers (↑safe) lower upper

Hint: Type class instance resolution failures can be inspected with the `set_option trace.Meta.synthInstance true` command.
SafeLearning/CompleteModulesLandscapeSafeOptQueryProtocol.lean:30:16: error(lean.synthInstanceFailed): failed to synthesize instance of type class
  LE Type

Hint: Type class instance resolution failures can be inspected with the `set_option trace.Meta.synthInstance true` command.
SafeLearning/CompleteModulesLandscapeSafeOptQueryProtocol.lean:30:18: error(lean.synthInstanceFailed): failed to synthesize instance of type class
  OfNat Type 0
numerals are polymorphic in Lean, but the numeral `0` cannot be used in a context where the expected type is
  Type
due to the absence of the instance above

Hint: Type class instance resolution failures can be inspected with the `set_option trace.Meta.synthInstance true` command.
SafeLearning/CompleteModulesLandscapeSafeOptQueryProtocol.lean:48:52: error(lean.synthInstanceFailed): failed to synthesize instance of type class
  LE Type

Hint: Type class instance resolution failures can be inspected with the `set_option trace.Meta.synthInstance true` command.
SafeLearning/CompleteModulesLandscapeSafeOptQueryProtocol.lean:48:54: error(lean.synthInstanceFailed): failed to synthesize instance of type class
  OfNat Type 0
numerals are polymorphic in Lean, but the numeral `0` cannot be used in a context where the expected type is
  Type
due to the absence of the instance above

Hint: Type class instance resolution failures can be inspected with the `set_option trace.Meta.synthInstance true` command.
