SafeLearning/CompleteModulesSafeOptPositiveVariance.lean:25:8: error: Tactic `rewrite` failed: Did not find an occurrence of the pattern
  (?M * ?N) *ᵥ ?v
in the target expression
  A *ᵥ A⁻¹ *ᵥ c = c

D : Type u_1
I : Type u_2
inst✝² : Fintype D
inst✝¹ : Fintype I
inst✝ : DecidableEq I
kernel : D → D → ℝ
hkernel : (Matrix.of kernel).PosSemidef
input : I → D
target : D
regularizer : ℝ
hreg : 0 < regularizer
htarget : 0 < kernel target target
A : Matrix I I ℝ := actualGPMatrix kernel input regularizer
c : I → ℝ := actualGPCross kernel input target
w : I → ℝ := A⁻¹ *ᵥ c
hu : IsUnit A
⊢ A *ᵥ A⁻¹ *ᵥ c = c
SafeLearning/CompleteModulesSafeOptPositiveVariance.lean:29:4: error: Type mismatch: After simplification, term
  h
 has type
  ∑ x, (kernel (input i) (input x) + regularizer * 1 i x) * w x = kernel (input i) target
but is expected to have type
  ∑ j, kernel (input i) (input j) * w j + regularizer * w i = kernel (input i) target
SafeLearning/CompleteModulesSafeOptPositiveVariance.lean:31:29: error: Type mismatch
  Option.elim ?m.121 input
has type
  (?m.119 → I → D) → I → D
but is expected to have type
  Option I → D
