SafeLearning/CompleteModulesLandscapeRegularBoundaryPerturbation.lean:55:2: error: linarith failed to find a contradiction
E : Type u_1
inst✝¹ : NormedAddCommGroup E
inst✝ : NormedSpace ℝ E
F : E → E
h : E → ℝ
D : Set E
hD : IsOpen[PseudoMetricSpace.toUniformSpace.toTopologicalSpace] D
hh : ContDiffOn ℝ 1 h D
x₀ : E
hx₀ : x₀ ∈ D
hregular : fderiv ℝ h x₀ ≠ 0
hinward : ∀ z ∈ D, h z = 0 → 0 ≤ (fderiv ℝ h z) (F z)
v : E
hv : 0 < (fderiv ℝ h x₀) v
hgrad : ContinuousAt (fderiv ℝ h) x₀
hdir : ContinuousAt (fun z => (fderiv ℝ h z) v) x₀
hpositive : {z | 0 < (fderiv ℝ h z) v} ∈ 𝓝 x₀
r : ℝ
hr : r > 0
hball : ball x₀ r ⊆ D ∩ {z | 0 < (fderiv ℝ h z) v}
ε : ℝ
hε : ε > 0
z : E
hz : z ∈ ball x₀ r
hzero : h z = 0
hweak : 0 ≤ (fderiv ℝ h z) (F z)
hstrict : z ∈ {z | 0 < (fderiv ℝ h z) v}
a✝ : (fderiv ℝ h z) (F z) + ε * (fderiv ℝ h z) v ≤ 0
⊢ False
failed
SafeLearning/CompleteModulesLandscapeRegularBoundaryPerturbation.lean:89:32: error: Application type mismatch: The argument
  le_rfl
has type
  ?m.127 ≤ ?m.127
but is expected to have type
  1 ≠ 0
in the application
  ContDiffOn.differentiableOn hh le_rfl
SafeLearning/CompleteModulesLandscapeRegularBoundaryPerturbation.lean:91:15: error: Tactic `introN` failed: There are no additional binders or `let` bindings in the goal to introduce

E : Type u_1
inst✝¹ : NormedAddCommGroup E
inst✝ : NormedSpace ℝ E
F : E → E
h : E → ℝ
D : Set E
hD : IsOpen[PseudoMetricSpace.toUniformSpace.toTopologicalSpace] D
hh : ContDiffOn ℝ 1 h D
x : ℝ → E
a b : ℝ
hx : ContinuousOn x (Icc a b)
hxD : MapsTo x (Icc a b) D
hODE : ∀ t ∈ Ico a b, HasDerivWithinAt x (F (x t)) (Ici t) t
hinit : 0 ≤ h (x a)
hstrict : ∀ z ∈ D, h z = 0 → 0 < (fderiv ℝ h z) (F z)
t : ℝ
ht : t ∈ Ico a b
⊢ HasDerivWithinAt (fun t => h (x t)) ((fderiv ℝ h (x t)) (F (x t))) (Ici t) t
