SafeLearning/CompleteModulesLandscapeFiniteCounts.lean:15:0: warning: automatically included section variable(s) unused in theorem `SafeLearning.CompleteModulesLandscapeFiniteCounts.actual_step_cost_is_the_zero_one_source_indicator`:
  [MeasurableSpace Ω]
consider restructuring your `variable` declarations so that the variables are not in scope or explicitly omit them:
  omit [MeasurableSpace Ω] in theorem ...

Note: This linter can be disabled with `set_option linter.unusedSectionVars false`
SafeLearning/CompleteModulesLandscapeFiniteCounts.lean:49:10: warning: `MeasureTheory.integrable_finset_sum` has been deprecated: Use `MeasureTheory.integrable_finsetSum` instead
SafeLearning/CompleteModulesLandscapeFiniteCounts.lean:56:6: error: Failed to rewrite using equation theorems for `unsafeCount`
SafeLearning/CompleteModulesLandscapeFiniteCounts.lean:89:2: error: unsolved goals
case refine_2
Ω : Type u_1
inst✝ : MeasurableSpace Ω
T : ℕ
failure : Set Ω
ω : Ω
⊢ ∑ time, (if time = 0 then failure else ∅).indicator (fun x => 1) ω = failure.indicator (fun x => 1) ω
SafeLearning/CompleteModulesLandscapeFiniteCounts.lean:114:53: error: Application type mismatch: The argument
  hbudget
has type
  1 ≤ budget
but is expected to have type
  P.real univ ≤ budget
in the application
  LE.le.trans (Eq.le h.left) hbudget
