SafeLearning/CompleteModulesEllipsoidLagrange.lean:43:4: error: linarith failed to find a contradiction
case h1
Index : Type u_1
inst✝² : Fintype Index
inst✝¹ : DecidableEq Index
inst✝ : Nonempty Index
storage matrix : Matrix Index Index ℝ
hstorage : storage.PosDef
hmatrix : matrix.IsHermitian
optimum : ℝ
hprimal : IsGreatest (ellipsoidValues storage matrix) optimum
hdual : IsLeast (actualMultipliers storage matrix) optimum
vector : Index → ℝ
henergy : quadraticValue storage vector ≤ 1
hnonneg : 0 ≤ optimum
hpsd : (optimum • storage - matrix).PosSemidef
hquad : 0 ≤ optimum * vector ⬝ᵥ storage *ᵥ vector - vector ⬝ᵥ matrix *ᵥ vector
hupper : optimum * quadraticValue storage vector ≤ optimum * 1
hvalue : optimum = quadraticValue matrix vector
a✝ : optimum * quadraticValue storage vector - quadraticValue matrix vector < 0
⊢ False
failed
SafeLearning/CompleteModulesEllipsoidLagrange.lean:49:4: error: linarith failed to find a contradiction
case h1
Index : Type u_1
inst✝² : Fintype Index
inst✝¹ : DecidableEq Index
inst✝ : Nonempty Index
storage matrix : Matrix Index Index ℝ
hstorage : storage.PosDef
hmatrix : matrix.IsHermitian
optimum : ℝ
hprimal : IsGreatest (ellipsoidValues storage matrix) optimum
hdual : IsLeast (actualMultipliers storage matrix) optimum
vector : Index → ℝ
henergy : quadraticValue storage vector ≤ 1
hnonneg : 0 ≤ optimum
hpsd : (optimum • storage - matrix).PosSemidef
hquad : 0 ≤ optimum * vector ⬝ᵥ storage *ᵥ vector - vector ⬝ᵥ matrix *ᵥ vector
hupper : optimum * quadraticValue storage vector ≤ optimum * 1
hvalue : optimum = vector ⬝ᵥ matrix *ᵥ vector
hzero : vector ⬝ᵥ (optimum • storage - matrix) *ᵥ vector = 0
hkkt : (optimum • storage - matrix) *ᵥ vector = 0
a✝ : optimum * (quadraticValue storage vector - 1) < 0
⊢ False
failed
