Try this:
  [apply] ring_nf
  
  The `ring` tactic failed to close the goal. Use `ring_nf` to obtain a normal form.
    
  Note that `ring` works primarily in *commutative* rings. If you have a noncommutative ring, abelian group or module, consider using `noncomm_ring`, `abel` or `module` instead.
SafeLearning/CompleteModulesGPGaussianCoverageFailure.lean:32:2: error: unsolved goals
case left
lambda c epsilon : ℝ
hlambda : 0 < lambda
hc : 0 < c
hd : c + c * lambda ≠ 0
he : 1 + lambda ≠ 0
⊢ c * epsilon * lambda * (((fun x x_1 => c) + (c * lambda) • 1) 0 0)⁻¹ +
      c * epsilon * (((fun x x_1 => c) + (c * lambda) • 1) 0 0)⁻¹ =
    epsilon
Try this:
  [apply] ring_nf
  
  The `ring` tactic failed to close the goal. Use `ring_nf` to obtain a normal form.
    
  Note that `ring` works primarily in *commutative* rings. If you have a noncommutative ring, abelian group or module, consider using `noncomm_ring`, `abel` or `module` instead.
SafeLearning/CompleteModulesGPGaussianCoverageFailure.lean:34:2: error: unsolved goals
case right
lambda c epsilon : ℝ
hlambda : 0 < lambda
hc : 0 < c
hd : c + c * lambda ≠ 0
he : 1 + lambda ≠ 0
⊢ 1 - c * lambda * (((fun x x_1 => c) + (c * lambda) • 1) 0 0)⁻¹ - c * (((fun x x_1 => c) + (c * lambda) • 1) 0 0)⁻¹ +
      lambda =
    lambda
SafeLearning/CompleteModulesGPGaussianCoverageFailure.lean:29:52: warning: This simp argument is unused:
  Matrix.add_apply

Hint: Omit it from the simp argument list.
  [apply] simp [posteriorMean, posteriorVariance, ridgeMatrix, Matrix.inv_subsingleton, Ring.inverse_eq_inv',
    Matrix.mulVec, dotProduct, Matrix.smul_apply, Matrix.one_apply, CStarMatrix.add_apply, CStarMatrix.smul_apply,
    CStarMatrix.one_apply, Pi.add_apply, Pi.smul_apply, Pi.one_apply, Matrix.of_apply]

Note: This linter can be disabled with `set_option linter.unusedSimpArgs false`
SafeLearning/CompleteModulesGPGaussianCoverageFailure.lean:29:69: warning: This simp argument is unused:
  Matrix.smul_apply

Hint: Omit it from the simp argument list.
  [apply] simp [posteriorMean, posteriorVariance, ridgeMatrix, Matrix.inv_subsingleton, Ring.inverse_eq_inv',
    Matrix.mulVec, dotProduct, Matrix.add_apply, Matrix.one_apply, CStarMatrix.add_apply, CStarMatrix.smul_apply,
    CStarMatrix.one_apply, Pi.add_apply, Pi.smul_apply, Pi.one_apply, Matrix.of_apply]

Note: This linter can be disabled with `set_option linter.unusedSimpArgs false`
SafeLearning/CompleteModulesGPGaussianCoverageFailure.lean:29:87: warning: This simp argument is unused:
  Matrix.one_apply

Hint: Omit it from the simp argument list.
  [apply] simp [posteriorMean, posteriorVariance, ridgeMatrix, Matrix.inv_subsingleton, Ring.inverse_eq_inv',
    Matrix.mulVec, dotProduct, Matrix.add_apply, Matrix.smul_apply, CStarMatrix.add_apply, CStarMatrix.smul_apply,
    CStarMatrix.one_apply, Pi.add_apply, Pi.smul_apply, Pi.one_apply, Matrix.of_apply]

Note: This linter can be disabled with `set_option linter.unusedSimpArgs false`
SafeLearning/CompleteModulesGPGaussianCoverageFailure.lean:30:6: warning: This simp argument is unused:
  CStarMatrix.add_apply

Hint: Omit it from the simp argument list.
  [apply] simp [posteriorMean, posteriorVariance, ridgeMatrix, Matrix.inv_subsingleton, Ring.inverse_eq_inv',
    Matrix.mulVec, dotProduct, Matrix.add_apply, Matrix.smul_apply, Matrix.one_apply, CStarMatrix.smul_apply,
    CStarMatrix.one_apply, Pi.add_apply, Pi.smul_apply, Pi.one_apply, Matrix.of_apply]

Note: This linter can be disabled with `set_option linter.unusedSimpArgs false`
SafeLearning/CompleteModulesGPGaussianCoverageFailure.lean:30:28: warning: This simp argument is unused:
  CStarMatrix.smul_apply

Hint: Omit it from the simp argument list.
  [apply] simp [posteriorMean, posteriorVariance, ridgeMatrix, Matrix.inv_subsingleton, Ring.inverse_eq_inv',
    Matrix.mulVec, dotProduct, Matrix.add_apply, Matrix.smul_apply, Matrix.one_apply, CStarMatrix.add_apply,
    CStarMatrix.one_apply, Pi.add_apply, Pi.smul_apply, Pi.one_apply, Matrix.of_apply]

Note: This linter can be disabled with `set_option linter.unusedSimpArgs false`
SafeLearning/CompleteModulesGPGaussianCoverageFailure.lean:30:51: warning: This simp argument is unused:
  CStarMatrix.one_apply

Hint: Omit it from the simp argument list.
  [apply] simp [posteriorMean, posteriorVariance, ridgeMatrix, Matrix.inv_subsingleton, Ring.inverse_eq_inv',
    Matrix.mulVec, dotProduct, Matrix.add_apply, Matrix.smul_apply, Matrix.one_apply, CStarMatrix.add_apply,
    CStarMatrix.smul_apply, Pi.add_apply, Pi.smul_apply, Pi.one_apply, Matrix.of_apply]

Note: This linter can be disabled with `set_option linter.unusedSimpArgs false`
SafeLearning/CompleteModulesGPGaussianCoverageFailure.lean:31:6: warning: This simp argument is unused:
  Pi.add_apply

Hint: Omit it from the simp argument list.
  [apply] simp [posteriorMean, posteriorVariance, ridgeMatrix, Matrix.inv_subsingleton, Ring.inverse_eq_inv',
    Matrix.mulVec, dotProduct, Matrix.add_apply, Matrix.smul_apply, Matrix.one_apply, CStarMatrix.add_apply,
    CStarMatrix.smul_apply, CStarMatrix.one_apply, Pi.smul_apply, Pi.one_apply, Matrix.of_apply]

Note: This linter can be disabled with `set_option linter.unusedSimpArgs false`
SafeLearning/CompleteModulesGPGaussianCoverageFailure.lean:31:19: warning: This simp argument is unused:
  Pi.smul_apply

Hint: Omit it from the simp argument list.
  [apply] simp [posteriorMean, posteriorVariance, ridgeMatrix, Matrix.inv_subsingleton, Ring.inverse_eq_inv',
    Matrix.mulVec, dotProduct, Matrix.add_apply, Matrix.smul_apply, Matrix.one_apply, CStarMatrix.add_apply,
    CStarMatrix.smul_apply, CStarMatrix.one_apply, Pi.add_apply, Pi.one_apply, Matrix.of_apply]

Note: This linter can be disabled with `set_option linter.unusedSimpArgs false`
SafeLearning/CompleteModulesGPGaussianCoverageFailure.lean:31:33: warning: This simp argument is unused:
  Pi.one_apply

Hint: Omit it from the simp argument list.
  [apply] simp [posteriorMean, posteriorVariance, ridgeMatrix, Matrix.inv_subsingleton, Ring.inverse_eq_inv',
    Matrix.mulVec, dotProduct, Matrix.add_apply, Matrix.smul_apply, Matrix.one_apply, CStarMatrix.add_apply,
    CStarMatrix.smul_apply, CStarMatrix.one_apply, Pi.add_apply, Pi.smul_apply, Matrix.of_apply]

Note: This linter can be disabled with `set_option linter.unusedSimpArgs false`
SafeLearning/CompleteModulesGPGaussianCoverageFailure.lean:31:46: warning: This simp argument is unused:
  Matrix.of_apply

Hint: Omit it from the simp argument list.
  [apply] simp [posteriorMean, posteriorVariance, ridgeMatrix, Matrix.inv_subsingleton, Ring.inverse_eq_inv',
    Matrix.mulVec, dotProduct, Matrix.add_apply, Matrix.smul_apply, Matrix.one_apply, CStarMatrix.add_apply,
    CStarMatrix.smul_apply, CStarMatrix.one_apply, Pi.add_apply, Pi.smul_apply, Pi.one_apply]

Note: This linter can be disabled with `set_option linter.unusedSimpArgs false`
SafeLearning/CompleteModulesGPGaussianCoverageFailure.lean:45:15: warning: `Set.mem_setOf_eq` has been deprecated: Use `Set.mem_ofPred_eq` instead
SafeLearning/CompleteModulesGPGaussianCoverageFailure.lean:69:61: warning: This simp argument is unused:
  originalWidth

Hint: Omit it from the simp argument list.
  [apply] simp

Note: This linter can be disabled with `set_option linter.unusedSimpArgs false`
