SafeLearning/CompleteModulesGPSpectralPosterior.lean:25:12: warning: This simp argument is unused:
  diagonal_apply

Hint: Omit it from the simp argument list.
  [apply] simp [Matrix.one_apply, hij]

Note: This linter can be disabled with `set_option linter.unusedSimpArgs false`
SafeLearning/CompleteModulesGPSpectralPosterior.lean:25:28: warning: This simp argument is unused:
  Matrix.one_apply

Hint: Omit it from the simp argument list.
  [apply] simp [diagonal_apply, hij]

Note: This linter can be disabled with `set_option linter.unusedSimpArgs false`
SafeLearning/CompleteModulesGPSpectralPosterior.lean:29:23: warning: This simp argument is unused:
  Matrix.mul_smul

Hint: Omit it from the simp argument list.
  [apply] simp [ridgeMatrix, Matrix.smul_mul, hright]

Note: This linter can be disabled with `set_option linter.unusedSimpArgs false`
SafeLearning/CompleteModulesGPSpectralPosterior.lean:29:40: warning: This simp argument is unused:
  Matrix.smul_mul

Hint: Omit it from the simp argument list.
  [apply] simp [ridgeMatrix, Matrix.mul_smul, hright]

Note: This linter can be disabled with `set_option linter.unusedSimpArgs false`
SafeLearning/CompleteModulesGPSpectralPosterior.lean:38:12: warning: This simp argument is unused:
  diagonal_apply

Hint: Omit it from the simp argument list.
  [apply] simp [Matrix.one_apply, hij]

Note: This linter can be disabled with `set_option linter.unusedSimpArgs false`
SafeLearning/CompleteModulesGPSpectralPosterior.lean:38:28: warning: This simp argument is unused:
  Matrix.one_apply

Hint: Omit it from the simp argument list.
  [apply] simp [diagonal_apply, hij]

Note: This linter can be disabled with `set_option linter.unusedSimpArgs false`
SafeLearning/CompleteModulesGPSpectralPosterior.lean:58:6: error: Tactic `rewrite` failed: Did not find an occurrence of the pattern
  ?M *ᵥ ?N *ᵥ ?v
in the target expression
  queryDiagonal - query ⬝ᵥ ((Q * diagonal fun i => (eigenvalue i + lambda)⁻¹) * Qᵀ) *ᵥ query =
    queryDiagonal - ∑ i, (Qᵀ *ᵥ query) i ^ 2 / (eigenvalue i + lambda)

I : Type u_1
inst✝¹ : Fintype I
inst✝ : DecidableEq I
Q : Matrix I I ℝ
eigenvalue query : I → ℝ
queryDiagonal lambda : ℝ
hleft : Qᵀ * Q = 1
hright : Q * Qᵀ = 1
heigenvalue : ∀ (i : I), 0 ≤ eigenvalue i
hlambda : 0 < lambda
⊢ queryDiagonal - query ⬝ᵥ ((Q * diagonal fun i => (eigenvalue i + lambda)⁻¹) * Qᵀ) *ᵥ query =
    queryDiagonal - ∑ i, (Qᵀ *ᵥ query) i ^ 2 / (eigenvalue i + lambda)
