SafeLearning/CompleteModulesLandscapeKernelConfidence.lean:36:39: error: unsolved goals
X : Type u_1
inst✝⁴ : Fintype X
inst✝³ : DecidableEq X
inst✝² : MeasurableSpace X
inst✝¹ : MeasurableSingletonClass X
Ω : Type u_2
mΩ : MeasurableSpace Ω
μ : Measure Ω
inst✝ : IsProbabilityMeasure μ
F : Filtration ℕ mΩ
kernel : X → X → ℝ
hkernel : (of kernel).PosSemidef
hnormalized : ∀ (x : X), kernel x x ≤ 1
query : ℕ → Ω → X
hq : ∀ (i : ℕ), Measurable (query i)
Y : ℕ → Ω → ℝ
hY : ∀ (i : ℕ), StronglyMeasurable (Y i)
R : ℝ≥0
hR : 0 < ↑R
hYb : ∀ (i : ℕ), ∀ᵐ (omega : Ω) ∂μ, Y i omega ∈ Icc (-↑R) ↑R
hz : ∀ (i : ℕ), μ[Y i | ↑F i] =ᵐ[μ] 0
lambda : ℝ
hlambda : 0 < lambda
delta : ℝ
hd : 0 < delta
features : X → X → ℝ
hf : ∀ (x y : X), kernel x y = features x ⬝ᵥ features y
hb : ∀ (x j : X), |features x j| ≤ 1
hp : ∀ (i : ℕ) (j : X), StronglyMeasurable fun omega => queriedFeatures features query i omega j
hbound : ∀ (i : ℕ) (j : X), ∀ᵐ (omega : Ω) ∂μ, |queriedFeatures features query i omega j| ≤ ↑1
a : ℝ≥0 := actualGPIsotropicPriorVariance (↑R) lambda hR hlambda
he :
  1 - delta ≤
    μ.real
      {omega |
        ∀ (n : ℕ),
          ↑a *
              featureNoiseSum (queriedFeatures features query) Y n omega ⬝ᵥ
                (1 + ↑a • ↑R ^ 2 • featureQuadraticGram (queriedFeatures features query) n omega)⁻¹ *ᵥ
                  featureNoiseSum (queriedFeatures features query) Y n omega <
            Real.log (1 + ↑a • ↑R ^ 2 • featureQuadraticGram (queriedFeatures features query) n omega).det +
              2 * Real.log (1 / delta)}
omega : Ω
n : ℕ
⊢ (1 / ↑R ^ 2 *
        (fun i => Y (↑i) omega) ⬝ᵥ
          actualKernelPastGram kernel (fun i => query i omega) n *ᵥ
            (lambda • 1 + actualKernelPastGram kernel (fun i => query i omega) n)⁻¹ *ᵥ fun i => Y (↑i) omega) <
      Real.log (1 + lambda⁻¹ • actualKernelPastGram kernel (fun i => query i omega) n).det + 2 * Real.log (1 / delta) ↔
    1 / ↑R ^ 2 *
        finiteNoise Y n omega ⬝ᵥ
          actualKernelPastGram kernel (fun i => query i omega) n *ᵥ
            (lambda • 1 + actualKernelPastGram kernel (fun i => query i omega) n)⁻¹ *ᵥ finiteNoise Y n omega <
      Real.log (1 + lambda⁻¹ • actualKernelPastGram kernel (fun i => query i omega) n).det + 2 * Real.log (1 / delta)
SafeLearning/CompleteModulesLandscapeKernelConfidence.lean:54:41: warning: This simp argument is unused:
  finiteNoise

Hint: Omit it from the simp argument list.
  [apply] simp only [actualKernelNoiseQuadratic, noisyKernel,
    actual_query_sample_kernel_gram_is_the_actual_past_kernel_gram kernel features hf query n omega]

Note: This linter can be disabled with `set_option linter.unusedSimpArgs false`
