SafeLearning/CompleteModulesGoSafeToyBetweenGrid.lean:17:4: error: Type mismatch: After simplification, term
  hh
 has type
  HasDerivAt (Real.cos ∘ HMul.hMul (4 * Real.pi)) (-(Real.sin (4 * Real.pi * 8⁻¹) * (4 * Real.pi))) 8⁻¹
but is expected to have type
  HasDerivAt (fun a => Real.cos (4 * Real.pi * a)) (-(4 * Real.pi)) 8⁻¹
SafeLearning/CompleteModulesGoSafeToyBetweenGrid.lean:19:4: error: Application type mismatch: The argument
  HasDerivAt.div_const
    (HasDerivAt.add_const (3 / 5)
      (HasDerivAt.const_mul 8 (HasDerivAt.const_mul (4 / 5) (HasDerivAt.add (hasDerivAt_const (1 / 8) 1) hc))))
has type
  ∀ (d : ℝ),
    HasDerivAt (fun x => (8 * (4 / 5 * ((fun x => 1) + fun a => Real.cos (4 * Real.pi * a)) x) + 3 / 5) / d)
      (8 * (4 / 5 * (0 + -4 * Real.pi)) / d) (1 / 8)
but is expected to have type
  HasDerivAt ?m.190 ?m.192 (1 / 8)
in the application
  HasDerivAt.sub (hasDerivAt_const (1 / 8) 1)
    (HasDerivAt.div_const
      (HasDerivAt.add_const (3 / 5)
        (HasDerivAt.const_mul 8 (HasDerivAt.const_mul (4 / 5) (HasDerivAt.add (hasDerivAt_const (1 / 8) 1) hc)))))
SafeLearning/CompleteModulesGoSafeToyBetweenGrid.lean:12:66: error: unsolved goals
hangle : 4 * Real.pi * (1 / 8) = Real.pi / 2
hc : HasDerivAt (fun a => Real.cos (4 * Real.pi * a)) (-4 * Real.pi) (1 / 8)
⊢ HasDerivAt (actualSourceSafety 8) (128 * Real.pi / 45) (1 / 8)
SafeLearning/CompleteModulesGoSafeToyBetweenGrid.lean:33:45: error(lean.synthInstanceFailed): failed to synthesize instance of type class
  LE Type

Hint: Type class instance resolution failures can be inspected with the `set_option trace.Meta.synthInstance true` command.
SafeLearning/CompleteModulesGoSafeToyBetweenGrid.lean:33:47: error(lean.synthInstanceFailed): failed to synthesize instance of type class
  OfNat Type 0
numerals are polymorphic in Lean, but the numeral `0` cannot be used in a context where the expected type is
  Type
due to the absence of the instance above

Hint: Type class instance resolution failures can be inspected with the `set_option trace.Meta.synthInstance true` command.
SafeLearning/CompleteModulesGoSafeToyBetweenGrid.lean:39:47: warning: This simp argument is unused:
  NNReal.coe_mk

Hint: Omit it from the simp argument list.
  [apply] simp only [Real.norm_eq_abs, abs_of_nonneg hp] at hn

Note: This linter can be disabled with `set_option linter.unusedSimpArgs false`
