SafeLearning/CompleteModulesLandscapeVisitConfidence.lean:42:10: warning: this tactic is never executed

Note: This linter can be disabled with `set_option linter.unreachableTactic false`
SafeLearning/CompleteModulesLandscapeVisitConfidence.lean:42:10: warning: Unused tactic linter: `ring` does nothing

Note: This linter can be disabled with `set_option linter.unusedTactic false`
SafeLearning/CompleteModulesLandscapeVisitConfidence.lean:157:39: error: unsolved goals
case h₂
Ω : Type u_1
D : Type u_2
mΩ : MeasurableSpace Ω
inst✝⁵ : MeasurableSpace D
inst✝⁴ : MeasurableSingletonClass D
inst✝³ : DecidableEq D
inst✝² : Fintype D
inst✝¹ : Nonempty D
μ : Measure Ω
inst✝ : IsProbabilityMeasure μ
F : Filtration ℕ mΩ
query : ℕ → Ω → D
hquery : ∀ (i : ℕ), Measurable (query i)
Y : ℕ → Ω → ℝ
hY : ∀ (i : ℕ), StronglyMeasurable (Y i)
R : ℝ≥0
hb : ∀ (i : ℕ), ∀ᵐ (omega : Ω) ∂μ, Y i omega ∈ Icc (-↑R) ↑R
hz : ∀ (i : ℕ), μ[Y i | ↑F i] =ᵐ[μ] 0
lambda delta : ℝ
hl : 0 < lambda
hd : 0 < delta
hevent :
  1 - delta ≤
    μ.real
      {omega |
        ∀ (x : D) (n : ℕ),
          |collectedNoise query Y x n omega| < visitBoundary query x R lambda (delta / ↑(Fintype.card D)) n omega}
⊢ autoParam
    (μ
        {omega |
          ∀ (x : D) (n : ℕ),
            0 < visitCount query x n omega →
              |collectedNoise query Y x n omega / visitCount query x n omega| <
                Real.log (2 / (delta / ↑(Fintype.card D))) / lambda / visitCount query x n omega +
                  lambda * ↑R ^ 2 / 2} ≠
      ∞)
    measureReal_mono._auto_1
