SafeLearning/CompleteModulesGPLinearInformationStrictness.lean:60:76: error: No goals to be solved
SafeLearning/CompleteModulesGPLinearInformationStrictness.lean:60:33: error: unsolved goals
samples dimension lambda : ℝ
hSamples : 0 < samples
hOrder : samples < dimension
hlambda : 0 < lambda
hDim : 0 < dimension
ha : 0 < samples / dimension
hb : 0 < 1 - samples / dimension
hx : 0 < 1 + 1 / lambda
hp : 0 < 1 / lambda
⊢ 1 + 1 / lambda ≠ 1
SafeLearning/CompleteModulesGPLinearInformationStrictness.lean:61:42: error: Application type mismatch: The argument
  zero_lt_one
has type
  0 < 1
but is expected to have type
  1 ∈ Ioi 0
in the application
  strictConcaveOn_log_Ioi.right hx zero_lt_one
SafeLearning/CompleteModulesGPLinearInformationStrictness.lean:82:0: warning: automatically included section variable(s) unused in theorem `SafeLearning.CompleteModulesGPLinearInformationStrictness.actual_design_gram_rank_is_at_most_the_number_of_samples`:
  [DecidableEq D]
  [DecidableEq T]
consider restructuring your `variable` declarations so that the variables are not in scope or explicitly omit them:
  omit [DecidableEq D] [DecidableEq T] in theorem ...

Note: This linter can be disabled with `set_option linter.unusedSectionVars false`
