SafeLearning/CompleteModulesGPScaling.lean:25:0: warning: automatically included section variable(s) unused in theorem `SafeLearning.CompleteModulesGPScaling.actual_scaling_the_kernel_and_noise_scales_the_entire_ridge_matrix`:
  [Fintype I]
consider restructuring your `variable` declarations so that the variables are not in scope or explicitly omit them:
  omit [Fintype I] in theorem ...

Note: This linter can be disabled with `set_option linter.unusedSectionVars false`
SafeLearning/CompleteModulesGPScaling.lean:34:2: warning: Try this: 
  letI̵

The goal is a proposition, so `let` is preferred over `letI`.
The difference between `let` and `letI` is that `letI` inlines the value.
But this is not relevant for proofs because of proof irrelevance.

Note: This linter can be disabled with `set_option linter.style.haveILetI false`
SafeLearning/CompleteModulesGPScaling.lean:59:2: error: No goals to be solved
SafeLearning/CompleteModulesGPScaling.lean:64:16: error: Ambiguous term
  mul_inv_rev
Possible interpretations:
  _root_.mul_inv_rev : ∀ (a b : ?m.47), (a * b)⁻¹ = b⁻¹ * a⁻¹
  
  Matrix.mul_inv_rev : ∀ (A B : Matrix ?m.47 ?m.47 ?m.48), (A * B)⁻¹ = B⁻¹ * A⁻¹
SafeLearning/CompleteModulesGPScaling.lean:63:47: error: unsolved goals
I : Type u_1
inst✝¹ : Fintype I
inst✝ : DecidableEq I
K : Matrix I I ℝ
lambda c : ℝ
hc : 0 < c
⊢ 1 + ((c * lambda)⁻¹ * c) • K = 1 + lambda⁻¹ • K
SafeLearning/CompleteModulesGPScaling.lean:74:26: warning: Variable name `hlambda` is not explicitly referenced.

Hint: The binding can be removed (if unused) or named `_` (if used implicitly). Alternatively, prefix the name with `_` to silence this warning:
  [apply] _hlambda

Note: This linter can be disabled with `set_option linter.unusedVariables false`
SafeLearning/CompleteModulesGPScaling.lean:94:2: error: Type mismatch: After simplification, term
  Tendsto.comp (ContinuousAt.tendsto hl) hd
 has type
  @Tendsto ℝ ℝ (Real.log ∘ fun c => (1 + c • K).det) (𝓝 0) (𝓝 0)
but is expected to have type
  @Tendsto ℝ ℝ (fun c => Real.log (1 + c • K).det) (𝓝 0) (𝓝 0)
SafeLearning/CompleteModulesGPScaling.lean:100:13: error: don't know how to synthesize implicit argument `a`
  @Tendsto.const_mul ℝ PseudoMetricSpace.toUniformSpace.toTopologicalSpace Real.instMul
    (IsTopologicalRing.toIsSemitopologicalRing ℝ).toSeparatelyContinuousMul ℝ
    (fun x => √(Real.log (1 + x • K).det - ?m.66)) (𝓝 0) (√(0 - ?m.66)) R
    (Tendsto.sqrt
      (Tendsto.sub (actual_fixed_psd_kernel_scaled_to_zero_has_logdet_tending_to_zero K) tendsto_const_nhds))
context:
I : Type u_1
inst✝¹ : Fintype I
inst✝ : DecidableEq I
K : Matrix I I ℝ
R delta variance : ℝ
⊢ ℝ
SafeLearning/CompleteModulesGPScaling.lean:100:13: error: don't know how to synthesize implicit argument `f`
  @Tendsto.const_mul ℝ PseudoMetricSpace.toUniformSpace.toTopologicalSpace Real.instMul
    (IsTopologicalRing.toIsSemitopologicalRing ℝ).toSeparatelyContinuousMul ℝ
    (fun x => √(Real.log (1 + x • K).det - ?m.66)) (𝓝 0) (√(0 - ?m.66)) R
    (Tendsto.sqrt
      (Tendsto.sub (actual_fixed_psd_kernel_scaled_to_zero_has_logdet_tending_to_zero K) tendsto_const_nhds))
context:
I : Type u_1
inst✝¹ : Fintype I
inst✝ : DecidableEq I
K : Matrix I I ℝ
R delta variance : ℝ
⊢ ℝ → ℝ
SafeLearning/CompleteModulesGPScaling.lean:100:13: error: don't know how to synthesize implicit argument `x`
  @Tendsto.sqrt ℝ (fun x => Real.log (1 + x • K).det - ?m.66) (𝓝 0) (0 - ?m.66)
    (Tendsto.sub (actual_fixed_psd_kernel_scaled_to_zero_has_logdet_tending_to_zero K) tendsto_const_nhds)
context:
I : Type u_1
inst✝¹ : Fintype I
inst✝ : DecidableEq I
K : Matrix I I ℝ
R delta variance : ℝ
⊢ ℝ
SafeLearning/CompleteModulesGPScaling.lean:100:13: error: don't know how to synthesize implicit argument `f`
  @Tendsto.sqrt ℝ (fun x => Real.log (1 + x • K).det - ?m.66) (𝓝 0) (0 - ?m.66)
    (Tendsto.sub (actual_fixed_psd_kernel_scaled_to_zero_has_logdet_tending_to_zero K) tendsto_const_nhds)
context:
I : Type u_1
inst✝¹ : Fintype I
inst✝ : DecidableEq I
K : Matrix I I ℝ
R delta variance : ℝ
⊢ ℝ → ℝ
SafeLearning/CompleteModulesGPScaling.lean:100:14: error: don't know how to synthesize implicit argument `b`
  @Tendsto.sub ℝ ℝ PseudoMetricSpace.toUniformSpace.toTopologicalSpace Real.instSub
    IsTopologicalAddGroup.to_continuousSub (fun c => Real.log (1 + c • K).det) (fun x => ?m.66) (𝓝 0) 0 ?m.66
    (actual_fixed_psd_kernel_scaled_to_zero_has_logdet_tending_to_zero K) tendsto_const_nhds
context:
I : Type u_1
inst✝¹ : Fintype I
inst✝ : DecidableEq I
K : Matrix I I ℝ
R delta variance : ℝ
⊢ ℝ
SafeLearning/CompleteModulesGPScaling.lean:100:14: error: don't know how to synthesize implicit argument `g`
  @Tendsto.sub ℝ ℝ PseudoMetricSpace.toUniformSpace.toTopologicalSpace Real.instSub
    IsTopologicalAddGroup.to_continuousSub (fun c => Real.log (1 + c • K).det) (fun x => ?m.66) (𝓝 0) 0 ?m.66
    (actual_fixed_psd_kernel_scaled_to_zero_has_logdet_tending_to_zero K) tendsto_const_nhds
context:
I : Type u_1
inst✝¹ : Fintype I
inst✝ : DecidableEq I
K : Matrix I I ℝ
R delta variance : ℝ
⊢ ℝ → ℝ
SafeLearning/CompleteModulesGPScaling.lean:101:4: error: don't know how to synthesize implicit argument `x`
  @tendsto_const_nhds ℝ PseudoMetricSpace.toUniformSpace.toTopologicalSpace ℝ ?m.66 (𝓝 0)
context:
I : Type u_1
inst✝¹ : Fintype I
inst✝ : DecidableEq I
K : Matrix I I ℝ
R delta variance : ℝ
⊢ ℝ
SafeLearning/CompleteModulesGPScaling.lean:100:7: error: failed to infer `have` declaration type
SafeLearning/CompleteModulesGPScaling.lean:99:45: error: unsolved goals
I : Type u_1
inst✝¹ : Fintype I
inst✝ : DecidableEq I
K : Matrix I I ℝ
R delta variance : ℝ
⊢ Tendsto (fun c => R * √(Real.log (1 + c • K).det - 2 * Real.log delta) * √(c * variance)) (𝓝 0) (𝓝 0)
