SafeLearning/CompleteModulesGPSpectralPosterior.lean:60:13: error(lean.unknownIdentifier): Unknown identifier `diagonal_mulVec`
Try this:
  [apply] ring_nf
  
  The `ring` tactic failed to close the goal. Use `ring_nf` to obtain a normal form.
    
  Note that `ring` works primarily in *commutative* rings. If you have a noncommutative ring, abelian group or module, consider using `noncomm_ring`, `abel` or `module` instead.
SafeLearning/CompleteModulesGPSpectralPosterior.lean:54:72: error: unsolved goals
case e_a
I : Type u_1
inst✝¹ : Fintype I
inst✝ : DecidableEq I
Q : Matrix I I ℝ
eigenvalue query : I → ℝ
queryDiagonal lambda : ℝ
hleft : Qᵀ * Q = 1
hright : Q * Qᵀ = 1
heigenvalue : ∀ (i : I), 0 ≤ eigenvalue i
hlambda : 0 < lambda
i : I
hi : i ∈ Finset.univ
⊢ (Qᵀ *ᵥ query) i * ((diagonal fun i => (eigenvalue i + lambda)⁻¹) *ᵥ Qᵀ *ᵥ query) i =
    (Qᵀ *ᵥ query) i ^ 2 * (lambda + eigenvalue i)⁻¹
