SafeLearning/CompleteModulesGoSafeBackupConsequences.lean:10:53: error(lean.synthInstanceFailed): failed to synthesize instance of type class
  LE Type

Hint: Type class instance resolution failures can be inspected with the `set_option trace.Meta.synthInstance true` command.
SafeLearning/CompleteModulesGoSafeBackupConsequences.lean:10:55: error(lean.synthInstanceFailed): failed to synthesize instance of type class
  OfNat Type 0
numerals are polymorphic in Lean, but the numeral `0` cannot be used in a context where the expected type is
  Type
due to the absence of the instance above

Hint: Type class instance resolution failures can be inspected with the `set_option trace.Meta.synthInstance true` command.
SafeLearning/CompleteModulesGoSafeBackupConsequences.lean:25:2: error: linarith failed to find a contradiction
X : Type u_1
inst✝ : PseudoMetricSpace X
g : X → ℝ
L : sorry
hg : LipschitzWith sorry g
stored current activation : X
lower motion : ℝ
hstored : lower ≤ g stored
hmove : dist activation current ≤ motion
hcertificate : sorry * (dist current stored + motion) ≤ lower
hgdist : |g activation - g stored| ≤ ↑sorry * dist activation stored
htriangle : dist activation stored ≤ dist activation current + dist current stored
hbound : sorry * dist activation stored ≤ lower
habs : -(↑sorry * dist activation stored) ≤ g activation - g stored
a✝ : g activation < 0
⊢ False
failed
SafeLearning/CompleteModulesGoSafeBackupConsequences.lean:41:31: error: Tactic `rewrite` failed: Did not find an occurrence of the pattern
  F.path 0 ?x
in the target expression
  (fun time => margin (F.path time x)) 0 = margin x

X : Type u_1
F : ClosedLoop X
margin : X → ℝ
x : X
⊢ (fun time => margin (F.path time x)) 0 = margin x
SafeLearning/CompleteModulesGoSafeBackupConsequences.lean:41:14: error: Application type mismatch: The argument
  le_refl ?m.13
has type
  ?m.13 ≤ ?m.13
but is expected to have type
  0 ∈ Ici 0
in the application
  And.intro (le_refl ?m.13)
SafeLearning/CompleteModulesGoSafeBackupConsequences.lean:48:6: error: Tactic `rewrite` failed: Did not find an occurrence of the pattern
  F.path s (F.path time x)
in the target expression
  (fun time => margin (F.path time x)) (time + s) = (fun time_1 => margin (F.path time_1 (F.path time x))) s

X : Type u_1
F : ClosedLoop X
margin : X → ℝ
x : X
time : ℝ
ht : 0 ≤ time
s : ℝ
hs : s ∈ Ici 0
⊢ (fun time => margin (F.path time x)) (time + s) = (fun time_1 => margin (F.path time_1 (F.path time x))) s
