SafeLearning/CompleteModulesLandscapeRegularBoundaryDomainCountermodel.lean:28:4: error: Type mismatch: After simplification, term
  LipschitzWith.const 0
 has type
  @LipschitzWith ℝ ℝ MetricSpace.toEMetricSpace.toPseudoEMetricSpace MetricSpace.toEMetricSpace.toPseudoEMetricSpace 0
    fun x => 0
but is expected to have type
  @LipschitzWith ℝ ℝ MetricSpace.toEMetricSpace.toPseudoEMetricSpace MetricSpace.toEMetricSpace.toPseudoEMetricSpace 0
    controller
SafeLearning/CompleteModulesLandscapeRegularBoundaryDomainCountermodel.lean:52:4: error: Type mismatch: After simplification, term
  HasFDerivAt.neg (hasFDerivAt_id x)
 has type
  @HasFDerivAt ℝ DenselyNormedField.toNontriviallyNormedField ℝ Real.normedAddCommGroup.toAddCommGroup
    RCLike.toInnerProductSpaceReal.toModule PseudoMetricSpace.toUniformSpace.toTopologicalSpace ℝ
    Real.normedAddCommGroup.toAddCommGroup RCLike.toInnerProductSpaceReal.toModule
    PseudoMetricSpace.toUniformSpace.toTopologicalSpace (-id) (-ContinuousLinearMap.id ℝ ℝ) x
but is expected to have type
  @HasFDerivAt ℝ DenselyNormedField.toNontriviallyNormedField ℝ Real.instAddCommGroup Semiring.toModule
    PseudoMetricSpace.toUniformSpace.toTopologicalSpace ℝ Real.instAddCommGroup Semiring.toModule
    PseudoMetricSpace.toUniformSpace.toTopologicalSpace barrier (-ContinuousLinearMap.id ℝ ℝ) x
SafeLearning/CompleteModulesLandscapeRegularBoundaryDomainCountermodel.lean:70:4: error: Type mismatch: After simplification, term
  hx
 has type
  x ∈ domain
but is expected to have type
  x ≤ 0
SafeLearning/CompleteModulesLandscapeRegularBoundaryDomainCountermodel.lean:85:69: warning: Used `tac1 <;> tac2` where `(tac1; tac2)` would suffice

Note: This linter can be disabled with `set_option linter.unnecessarySeqFocus false`
SafeLearning/CompleteModulesLandscapeRegularBoundaryDomainCountermodel.lean:108:10: error: typeclass instance problem is stuck
  Preorder ?m.237

Note: Lean will not try to resolve this typeclass instance problem because the type argument to `Preorder` is a metavariable. This argument must be fully determined before Lean will try to resolve the typeclass.

Hint: Adding type annotations and supplying implicit arguments to functions can give Lean more information for typeclass resolution. For example, if you have a variable `x` that you intend to be a `Nat`, but Lean reports it as having an unresolved type like `?m`, replacing `x` with `(x : Nat)` can get typeclass resolution un-stuck.
