SafeLearning/CompleteModulesGaussianProductInformation.lean:17:2: error: Type mismatch: After simplification, term
  h
 has type
  klDiv (Measure.map (⇑e.symm) (Measure.map (⇑e) mu)) (Measure.map (⇑e.symm) (Measure.map (⇑e) nu)) ≤
    klDiv (Measure.map (⇑e) mu) (Measure.map (⇑e) nu)
but is expected to have type
  klDiv mu nu ≤ klDiv (Measure.map (⇑e) mu) (Measure.map (⇑e) nu)
SafeLearning/CompleteModulesGaussianProductInformation.lean:30:33: error: Function expected at
  MeasurableEquiv.prodComm ?m.90
but this term has type
  ?m.86 × ?m.85

Note: Expected a function because this term is being applied to the argument
  B
SafeLearning/CompleteModulesGaussianProductInformation.lean:30:58: error: Application type mismatch: The argument
  A
has type
  Type u_1
but is expected to have type
  ?m.85 × ?m.86
in the application
  MeasurableEquiv.prodComm A
SafeLearning/CompleteModulesGaussianProductInformation.lean:42:9: error: unsolved goals
case zero
A : Type u_1
inst✝² : MeasurableSpace A
mu nu : Fin 0 → Measure A
inst✝¹ : ∀ (i : Fin 0), IsProbabilityMeasure (mu i)
inst✝ : ∀ (i : Fin 0), IsProbabilityMeasure (nu i)
⊢ klDiv (Measure.pi mu) (Measure.pi nu) = 0
SafeLearning/CompleteModulesGaussianProductInformation.lean:42:18: warning: This simp argument is unused:
  Measure.pi_of_empty

Hint: Omit it from the simp argument list.
  [apply] simp

Note: This linter can be disabled with `set_option linter.unusedSimpArgs false`
