SafeLearning/CompleteModulesGPScaling.lean:25:0: warning: automatically included section variable(s) unused in theorem `SafeLearning.CompleteModulesGPScaling.actual_scaling_the_kernel_and_noise_scales_the_entire_ridge_matrix`:
  [Fintype I]
consider restructuring your `variable` declarations so that the variables are not in scope or explicitly omit them:
  omit [Fintype I] in theorem ...

Note: This linter can be disabled with `set_option linter.unusedSectionVars false`
SafeLearning/CompleteModulesGPScaling.lean:34:2: warning: Try this: 
  letI̵

The goal is a proposition, so `let` is preferred over `letI`.
The difference between `let` and `letI` is that `letI` inlines the value.
But this is not relevant for proofs because of proof irrelevance.

Note: This linter can be disabled with `set_option linter.style.haveILetI false`
SafeLearning/CompleteModulesGPScaling.lean:58:17: warning: this tactic is never executed

Note: This linter can be disabled with `set_option linter.unreachableTactic false`
SafeLearning/CompleteModulesGPScaling.lean:58:17: warning: Unused tactic linter: `ring` does nothing

Note: This linter can be disabled with `set_option linter.unusedTactic false`
SafeLearning/CompleteModulesGPScaling.lean:60:0: warning: automatically included section variable(s) unused in theorem `SafeLearning.CompleteModulesGPScaling.actual_joint_kernel_noise_scaling_keeps_the_normalized_information_matrix_unchanged`:
  [Fintype I]
consider restructuring your `variable` declarations so that the variables are not in scope or explicitly omit them:
  omit [Fintype I] in theorem ...

Note: This linter can be disabled with `set_option linter.unusedSectionVars false`
SafeLearning/CompleteModulesGPScaling.lean:73:26: warning: Variable name `hlambda` is not explicitly referenced.

Hint: The binding can be removed (if unused) or named `_` (if used implicitly). Alternatively, prefix the name with `_` to silence this warning:
  [apply] _hlambda

Note: This linter can be disabled with `set_option linter.unusedVariables false`
SafeLearning/CompleteModulesGPScaling.lean:104:4: error: Type mismatch: After simplification, term
  Tendsto.sqrt (Tendsto.const_mul variance tendsto_id)
 has type
  Tendsto (fun x => √(variance * id x)) (𝓝 0) (𝓝 √(variance * 0))
but is expected to have type
  Tendsto (fun c => √(variance * c)) (𝓝 0) (𝓝 0)
