SafeLearning/CompleteModulesGoSafeBackupGeometry.lean:26:17: error(lean.synthInstanceFailed): failed to synthesize instance of type class
  OfNat (Graph ?m.17 ?m.18) 0
numerals are polymorphic in Lean, but the numeral `0` cannot be used in a context where the expected type is
  Graph ?m.17 ?m.18
due to the absence of the instance above

Hint: Type class instance resolution failures can be inspected with the `set_option trace.Meta.synthInstance true` command.
SafeLearning/CompleteModulesGoSafeBackupGeometry.lean:26:20: error(lean.unknownIdentifier): Unknown identifier `ourceMargin`

Note: It is not possible to treat `ourceMargin` as an implicitly bound variable here because the `autoImplicit` option is set to `false`.
SafeLearning/CompleteModulesGoSafeBackupGeometry.lean:28:19: error(lean.synthInstanceFailed): failed to synthesize instance of type class
  OfNat (Graph ?m.46 ?m.47) 0
numerals are polymorphic in Lean, but the numeral `0` cannot be used in a context where the expected type is
  Graph ?m.46 ?m.47
due to the absence of the instance above

Hint: Type class instance resolution failures can be inspected with the `set_option trace.Meta.synthInstance true` command.
SafeLearning/CompleteModulesGoSafeBackupGeometry.lean:28:22: error(lean.unknownIdentifier): Unknown identifier `ourceMargin`

Note: It is not possible to treat `ourceMargin` as an implicitly bound variable here because the `autoImplicit` option is set to `false`.
SafeLearning/CompleteModulesGoSafeBackupGeometry.lean:40:2: error: unsolved goals
case right.right.right
hp :
  Continuous sourceSamplePath ∧
    sourceSamplePath 0 = 0 ∧
      sourceSamplePath 1 = 3 / 10 ∧
        sourceSamplePath 2 = 9 / 10 ∧ sourceSamplePath 3 = 2 / 5 ∧ sourceSamplePath (3 / 2) = 11 / 10
h : ∀ (t : ℝ), 0 ≤ t → sorry ≤s sorry
hc : True
⊢ False
SafeLearning/CompleteModulesGoSafeBackupGeometry.lean:47:6: error: Tactic `rewrite` failed: Did not find an occurrence of the pattern
  ?m.44 * L ≤ ?m.45
in the target expression
  L * (|x - center| + motion) ≤ lower ↔ |x - center| ≤ lower / L - motion

x center lower motion L : ℝ
hL : 0 < L
⊢ L * (|x - center| + motion) ≤ lower ↔ |x - center| ≤ lower / L - motion
SafeLearning/CompleteModulesGoSafeBackupGeometry.lean:54:13: warning: `Set.mem_setOf_eq` has been deprecated: Use `Set.mem_ofPred_eq` instead
SafeLearning/CompleteModulesGoSafeBackupGeometry.lean:67:15: warning: `Set.mem_setOf_eq` has been deprecated: Use `Set.mem_ofPred_eq` instead
SafeLearning/CompleteModulesGoSafeBackupGeometry.lean:70:4: error: Tactic `constructor` failed: target is not an inductive datatype

case right.left
x : ℝ
⊢ x ≤ 9 / 20 → (1 / 5 ≤ x + 1 / 4 ↔ -(1 / 20) ≤ x)
SafeLearning/CompleteModulesGoSafeBackupGeometry.lean:94:64: error(lean.unknownIdentifier): Unknown identifier `hsecond`
SafeLearning/CompleteModulesGoSafeBackupGeometry.lean:94:55: error(lean.unknownIdentifier): Unknown identifier `hfirst`
