SafeLearning/CompleteModulesRealHarmonicOrthogonality.lean:16:2: error: Type mismatch: After simplification, term
  AddChar.sum_mulShift k (ZMod.isPrimitive_stdAddChar n)
 has type
  ∑ x, ZMod.stdAddChar (k * x) = ↑(if k = 0 then n else 0)
but is expected to have type
  ∑ t, ZMod.stdAddChar (k * t) = if k = 0 then ↑n else 0
SafeLearning/CompleteModulesRealHarmonicOrthogonality.lean:23:2: error: Type mismatch: After simplification, term
  hs
 has type
  (characterValue k t).re * (characterValue k t).re + (characterValue k t).im * (characterValue k t).im = 1 * 1
but is expected to have type
  (characterValue k t).re * (characterValue k t).re + (characterValue k t).im * (characterValue k t).im = 1
SafeLearning/CompleteModulesRealHarmonicOrthogonality.lean:38:6: warning: `if_neg` has been deprecated: Use `ite_eq_right` instead
SafeLearning/CompleteModulesRealHarmonicOrthogonality.lean:48:33: error(lean.synthInstanceFailed): failed to synthesize instance of type class
  OfNat Prop 0
numerals are polymorphic in Lean, but the numeral `0` cannot be used in a context where the expected type is
  Prop
due to the absence of the instance above

Hint: Type class instance resolution failures can be inspected with the `set_option trace.Meta.synthInstance true` command.
SafeLearning/CompleteModulesRealHarmonicOrthogonality.lean:50:33: error(lean.synthInstanceFailed): failed to synthesize instance of type class
  OfNat Prop 0
numerals are polymorphic in Lean, but the numeral `0` cannot be used in a context where the expected type is
  Prop
due to the absence of the instance above

Hint: Type class instance resolution failures can be inspected with the `set_option trace.Meta.synthInstance true` command.
SafeLearning/CompleteModulesRealHarmonicOrthogonality.lean:55:45: warning: `if_neg` has been deprecated: Use `ite_eq_right` instead
SafeLearning/CompleteModulesRealHarmonicOrthogonality.lean:59:45: error: Tactic `rewrite` failed: motive is not type correct:
  fun _a => (if _a then ↑n else 0) = if k = l then ↑n else 0
Error: Application type mismatch: The argument
  ZMod.decidableEq n (k - l) 0
has type
  Decidable (k - l = 0)
but is expected to have type
  Decidable _a
in the application
  @ite ℂ _a (ZMod.decidableEq n (k - l) 0)

Explanation: The rewrite tactic rewrites an expression 'e' using an equality 'a = b' by the following process. First, it looks for all 'a' in 'e'. Second, it tries to abstract these occurrences of 'a' to create a function 'm := fun _a => ...', called the *motive*, with the property that 'm a' is definitionally equal to 'e'. Third, we observe that 'congrArg' implies that 'm a = m b', which can be used with lemmas such as 'Eq.mpr' to change the goal. However, if 'e' depends on specific properties of 'a', then the motive 'm' might not typecheck.

Possible solutions: use rewrite's 'occs' configuration option to limit which occurrences are rewritten, or use 'simp' or 'conv' mode, which have strategies for certain kinds of dependencies (these tactics can handle proofs and 'Decidable' instances whose types depend on the rewritten term, and 'simp' can apply user-defined '@[congr]' theorems as well).

n : ℕ
inst✝ : NeZero n
k l : ZMod n
hplus : k + l ≠ 0
hp : ∑ t, characterValue k t * characterValue l t = 0
⊢ (if k - l = 0 then ↑n else 0) = if k = l then ↑n else 0
SafeLearning/CompleteModulesRealHarmonicOrthogonality.lean:69:15: warning: `if_pos` has been deprecated: Use `ite_eq_left` instead
SafeLearning/CompleteModulesRealHarmonicOrthogonality.lean:70:15: warning: `if_pos` has been deprecated: Use `ite_eq_left` instead
SafeLearning/CompleteModulesRealHarmonicOrthogonality.lean:71:10: error: Insufficient number of fields for `⟨...⟩` constructor: Constructor `Eq.refl` does not have explicit fields, but 4 were provided
SafeLearning/CompleteModulesRealHarmonicOrthogonality.lean:72:15: warning: `if_neg` has been deprecated: Use `ite_eq_right` instead
SafeLearning/CompleteModulesRealHarmonicOrthogonality.lean:73:15: warning: `if_neg` has been deprecated: Use `ite_eq_right` instead
SafeLearning/CompleteModulesRealHarmonicOrthogonality.lean:74:10: error: Insufficient number of fields for `⟨...⟩` constructor: Constructor `Eq.refl` does not have explicit fields, but 4 were provided
