SafeLearning/CompleteModulesGPCoefficientObjective.lean:22:0: warning: automatically included section variable(s) unused in theorem `SafeLearning.CompleteModulesGPCoefficientObjective.actual_row_linear_map_is_the_true_matrix_action`:
  [DecidableEq I]
consider restructuring your `variable` declarations so that the variables are not in scope or explicitly omit them:
  omit [DecidableEq I] in theorem ...

Note: This linter can be disabled with `set_option linter.unusedSectionVars false`
SafeLearning/CompleteModulesGPCoefficientObjective.lean:46:8: error: Tactic `rewrite` failed: Did not find an occurrence of the pattern
  (rowCLM ?K ?i) ?x
in the target expression
  (fun x => x i * (rowCLM K i) x) = ⇑?convert_1 * ⇑(rowCLM K i)

case e'_11
I : Type u_1
inst✝¹ : Fintype I
inst✝ : DecidableEq I
K : Matrix I I ℝ
alpha : I → ℝ
i : I
⊢ (fun x => x i * (rowCLM K i) x) = ⇑?convert_1 * ⇑(rowCLM K i)
SafeLearning/CompleteModulesGPCoefficientObjective.lean:74:33: warning: `ContinuousLinearMap.sum_apply` has been deprecated: Use `_root_.sum_apply` instead

Note: The updated constant is in a different namespace. Dot notation may need to be changed (e.g., from `x.sum_apply` to `_root_.sum_apply x`).
SafeLearning/CompleteModulesGPCoefficientObjective.lean:74:63: warning: `ContinuousLinearMap.add_apply` has been deprecated: Use `_root_.add_apply` instead

Note: The updated constant is in a different namespace. Dot notation may need to be changed (e.g., from `x.add_apply` to `_root_.add_apply x`).
SafeLearning/CompleteModulesGPCoefficientObjective.lean:75:4: warning: `ContinuousLinearMap.smul_apply` has been deprecated: Use `_root_.smul_apply` instead

Note: The updated constant is in a different namespace. Dot notation may need to be changed (e.g., from `x.smul_apply` to `_root_.smul_apply x`).
SafeLearning/CompleteModulesGPCoefficientObjective.lean:89:33: warning: `ContinuousLinearMap.add_apply` has been deprecated: Use `_root_.add_apply` instead

Note: The updated constant is in a different namespace. Dot notation may need to be changed (e.g., from `x.add_apply` to `_root_.add_apply x`).
SafeLearning/CompleteModulesGPCoefficientObjective.lean:89:63: warning: `ContinuousLinearMap.sum_apply` has been deprecated: Use `_root_.sum_apply` instead

Note: The updated constant is in a different namespace. Dot notation may need to be changed (e.g., from `x.sum_apply` to `_root_.sum_apply x`).
SafeLearning/CompleteModulesGPCoefficientObjective.lean:90:4: warning: `ContinuousLinearMap.smul_apply` has been deprecated: Use `_root_.smul_apply` instead

Note: The updated constant is in a different namespace. Dot notation may need to be changed (e.g., from `x.smul_apply` to `_root_.smul_apply x`).
SafeLearning/CompleteModulesGPCoefficientObjective.lean:90:35: warning: `ContinuousLinearMap.neg_apply` has been deprecated: Use `_root_.neg_apply` instead

Note: The updated constant is in a different namespace. Dot notation may need to be changed (e.g., from `x.neg_apply` to `_root_.neg_apply x`).
SafeLearning/CompleteModulesGPCoefficientObjective.lean:114:37: warning: `ContinuousLinearMap.zero_apply` has been deprecated: Use `_root_.zero_apply` instead

Note: The updated constant is in a different namespace. Dot notation may need to be changed (e.g., from `x.zero_apply` to `_root_.zero_apply x`).
SafeLearning/CompleteModulesGPCoefficientObjective.lean:134:45: error: Type mismatch
  posSemidef_conjTranspose_mul_self K
has type
  (Kᴴ * K).PosSemidef
but is expected to have type
  (Kᴴ * Kᴴ).PosSemidef
