⚠ [8924/8925] Replayed SafeLearning.CompleteModulesGaussianRegressionFinite
warning: SafeLearning/CompleteModulesGaussianRegressionFinite.lean:24:0: automatically included section variable(s) unused in theorem `SafeLearning.CompleteModulesGaussianRegressionFinite.actual_finite_gaussian_observations_and_regression_residual_are_jointly_gaussian`:
  [DecidableEq I]
  [IsProbabilityMeasure P]
consider restructuring your `variable` declarations so that the variables are not in scope or explicitly omit them:
  omit [DecidableEq I] [IsProbabilityMeasure P] in theorem ...

Note: This linter can be disabled with `set_option linter.unusedSectionVars false`
warning: SafeLearning/CompleteModulesGaussianRegressionFinite.lean:29:0: automatically included section variable(s) unused in theorem `SafeLearning.CompleteModulesGaussianRegressionFinite.actual_inverse_covariance_coefficients_solve_the_true_covariance_system`:
  [IsProbabilityMeasure P]
consider restructuring your `variable` declarations so that the variables are not in scope or explicitly omit them:
  omit [IsProbabilityMeasure P] in theorem ...

Note: This linter can be disabled with `set_option linter.unusedSectionVars false`
warning: SafeLearning/CompleteModulesGaussianRegressionFinite.lean:35:0: automatically included section variable(s) unused in theorem `SafeLearning.CompleteModulesGaussianRegressionFinite.actual_finite_regression_residual_has_zero_covariance_with_every_observation`:
  [DecidableEq I]
consider restructuring your `variable` declarations so that the variables are not in scope or explicitly omit them:
  omit [DecidableEq I] in theorem ...

Note: This linter can be disabled with `set_option linter.unusedSectionVars false`
warning: SafeLearning/CompleteModulesGaussianRegressionFinite.lean:93:37: This simp argument is unused:
  covariance_const_mul_right

Hint: Omit it from the simp argument list.
  [apply] simp [dotProduct, crossCovariance, covariance_const_mul_left, covariance_comm Z]

Note: This linter can be disabled with `set_option linter.unusedSimpArgs false`
warning: SafeLearning/CompleteModulesGaussianRegressionFinite.lean:102:0: automatically included section variable(s) unused in theorem `SafeLearning.CompleteModulesGaussianRegressionFinite.actual_vector_observation_independent_gaussian_residual_product_derives_the_conditional_joint`:
  [DecidableEq I]
consider restructuring your `variable` declarations so that the variables are not in scope or explicitly omit them:
  omit [DecidableEq I] in theorem ...

Note: This linter can be disabled with `set_option linter.unusedSectionVars false`
warning: SafeLearning/CompleteModulesGaussianRegressionFinite.lean:134:2: Try this: 
  haveI̵

The goal is a proposition, so `have` is preferred over `haveI`.
The difference between `have` and `haveI` is that `haveI` inlines the value.
But this is not relevant for proofs because of proof irrelevance.

Note: This linter can be disabled with `set_option linter.style.haveILetI false`
⚠ [8925/8925] Built SafeLearning.CompleteModulesGaussianSchurConsequences (4.7s)
warning: SafeLearning/CompleteModulesGaussianSchurConsequences.lean:23:2: Try this: 
  letI̵

The goal is a proposition, so `let` is preferred over `letI`.
The difference between `let` and `letI` is that `letI` inlines the value.
But this is not relevant for proofs because of proof irrelevance.

Note: This linter can be disabled with `set_option linter.style.haveILetI false`
warning: SafeLearning/CompleteModulesGaussianSchurConsequences.lean:26:2: Try this: 
  letI̵

The goal is a proposition, so `let` is preferred over `letI`.
The difference between `let` and `letI` is that `letI` inlines the value.
But this is not relevant for proofs because of proof irrelevance.

Note: This linter can be disabled with `set_option linter.style.haveILetI false`
warning: SafeLearning/CompleteModulesGaussianSchurConsequences.lean:27:2: Try this: 
  letI̵

The goal is a proposition, so `let` is preferred over `letI`.
The difference between `let` and `letI` is that `letI` inlines the value.
But this is not relevant for proofs because of proof irrelevance.

Note: This linter can be disabled with `set_option linter.style.haveILetI false`
warning: SafeLearning/CompleteModulesGaussianSchurConsequences.lean:30:0: automatically included section variable(s) unused in theorem `SafeLearning.CompleteModulesGaussianSchurConsequences.actual_observation_covariance_is_symmetric`:
  [Fintype I]
  [DecidableEq I]
consider restructuring your `variable` declarations so that the variables are not in scope or explicitly omit them:
  omit [Fintype I] [DecidableEq I] in theorem ...

Note: This linter can be disabled with `set_option linter.unusedSectionVars false`
warning: SafeLearning/CompleteModulesGaussianSchurConsequences.lean:61:13: This simp argument is unused:
  conditionalKernel

Hint: Omit it from the simp argument list.
  [apply] simp only [hY, hZ, mul_zero, Finset.sum_const_zero, sub_zero, zero_add]

Note: This linter can be disabled with `set_option linter.unusedSimpArgs false`
Build completed successfully (8925 jobs).
