SafeLearning/CompleteModulesLandscapeSuiFeatureConfidence.lean:37:8: error(lean.unknownIdentifier): Unknown constant `NNReal.ext`
SafeLearning/CompleteModulesLandscapeSuiFeatureConfidence.lean:38:2: error: No goals to be solved
SafeLearning/CompleteModulesLandscapeSuiFeatureConfidence.lean:48:0: warning: automatically included section variable(s) unused in theorem `SafeLearning.CompleteModulesLandscapeSuiFeatureConfidence.actual_zero_cumulative_feature_gram_forces_the_actual_noise_sum_to_vanish`:
  [Fintype feature]
  [DecidableEq feature]
consider restructuring your `variable` declarations so that the variables are not in scope or explicitly omit them:
  omit [Fintype feature] [DecidableEq feature] in theorem ...

Note: This linter can be disabled with `set_option linter.unusedSectionVars false`
SafeLearning/CompleteModulesLandscapeSuiFeatureConfidence.lean:95:4: error: `simp` made no progress
SafeLearning/CompleteModulesLandscapeSuiFeatureConfidence.lean:106:8: error: Tactic `rewrite` failed: Did not find an occurrence of the pattern
  ↑(actualGPIsotropicPriorVariance (↑R) (actualSourceInformationRegularizer lambda (Gamma (m + 2))) hR hr) *
    ?m.442 ⬝ᵥ
      (1 +
            ↑(actualGPIsotropicPriorVariance (↑R) (actualSourceInformationRegularizer lambda (Gamma (m + 2))) hR hr) •
              ↑R ^ 2 • featureQuadraticGram phi (m + 1) omega)⁻¹ *ᵥ
        ?m.442
in the target expression
  ↑(actualGPIsotropicPriorVariance (↑R) (actualSourceInformationRegularizer lambda (Gamma (m + 2))) hR ⋯) *
      featureNoiseSum phi Y (m + 1) omega ⬝ᵥ
        (1 + ↑(a m) • ↑R ^ 2 • featureQuadraticGram phi (m + 1) omega)⁻¹ *ᵥ featureNoiseSum phi Y (m + 1) omega <
    Real.log (1 + ↑(a m) • ↑R ^ 2 • featureQuadraticGram phi (m + 1) omega).det +
      2 * Real.log (1 / failureShare delta m)

case pos
feature : Type u_1
inst✝² : Fintype feature
inst✝¹ : DecidableEq feature
Ω : Type u_2
mΩ : MeasurableSpace Ω
μ : Measure Ω
inst✝ : IsProbabilityMeasure μ
F : Filtration ℕ mΩ
phi : ℕ → Ω → feature → ℝ
Y : ℕ → Ω → ℝ
hphi : ∀ (i : ℕ) (j : feature), StronglyMeasurable fun omega => phi i omega j
hY : ∀ (i : ℕ), StronglyMeasurable (Y i)
K R : ℝ≥0
hb : ∀ (i : ℕ) (j : feature), ∀ᵐ (omega : Ω) ∂μ, |phi i omega j| ≤ ↑K
hYb : ∀ (i : ℕ), ∀ᵐ (omega : Ω) ∂μ, Y i omega ∈ Icc (-↑R) ↑R
hz : ∀ (i : ℕ), μ[Y i | ↑F i] =ᵐ[μ] 0
hR : 0 < ↑R
lambda : ℝ
hlambda : 0 < lambda
hscale : ↑R ^ 2 ≤ lambda
Gamma : ℕ → ℝ
hGamma : ∀ (t : ℕ), 0 ≤ Gamma t
hinfo : ∀ (n : ℕ) (omega : Ω), Real.log (1 + lambda⁻¹ • featureQuadraticGram phi n omega).det ≤ 2 * Gamma (n + 1)
delta : ℝ
hd : 0 < delta
hdone : delta < 1
a : ℕ → ℝ≥0 := fun m => actualSourceInformationPrior (↑R) lambda (Gamma (m + 2))
he :
  1 - delta ≤
    μ.real
      {omega |
        ∀ (m n : ℕ),
          ↑(a m) *
              featureNoiseSum phi Y n omega ⬝ᵥ
                (1 + ↑(a m) • ↑R ^ 2 • featureQuadraticGram phi n omega)⁻¹ *ᵥ featureNoiseSum phi Y n omega <
            Real.log (1 + ↑(a m) • ↑R ^ 2 • featureQuadraticGram phi n omega).det +
              2 * Real.log (1 / failureShare delta m)}
omega : Ω
hw :
  omega ∈
    {omega |
      ∀ (m n : ℕ),
        ↑(a m) *
            featureNoiseSum phi Y n omega ⬝ᵥ
              (1 + ↑(a m) • ↑R ^ 2 • featureQuadraticGram phi n omega)⁻¹ *ᵥ featureNoiseSum phi Y n omega <
          Real.log (1 + ↑(a m) • ↑R ^ 2 • featureQuadraticGram phi n omega).det +
            2 * Real.log (1 / failureShare delta m)}
m : ℕ
hG : (featureQuadraticGram phi (m + 1) omega).PosSemidef
hg : 0 < Gamma (m + 2)
hr : 0 < actualSourceInformationRegularizer lambda (Gamma (m + 2))
hn :
  ↑(actualGPIsotropicPriorVariance (↑R) (actualSourceInformationRegularizer lambda (Gamma (m + 2))) hR ⋯) *
      featureNoiseSum phi Y (m + 1) omega ⬝ᵥ
        (1 + ↑(a m) • ↑R ^ 2 • featureQuadraticGram phi (m + 1) omega)⁻¹ *ᵥ featureNoiseSum phi Y (m + 1) omega <
    Real.log (1 + ↑(a m) • ↑R ^ 2 • featureQuadraticGram phi (m + 1) omega).det +
      2 * Real.log (1 / failureShare delta m)
⊢ 2 *
      (featureNoiseSum phi Y (m + 1) omega ⬝ᵥ
          (lambda • 1 + featureQuadraticGram phi (m + 1) omega)⁻¹ *ᵥ featureNoiseSum phi Y (m + 1) omega /
        lambda) ≤
    300 * Gamma (m + 1 + 1) * Real.log (↑(m + 1 + 1) / delta) ^ 3
SafeLearning/CompleteModulesLandscapeSuiFeatureConfidence.lean:131:6: error: `simp` made no progress
