SafeLearning/CompleteModulesGPExamples.lean:15:72: warning: This simp argument is unused:
  Fin.sum_univ_two

Hint: Omit it from the simp argument list.
  [apply] simp [twoGram, Matrix.mulVec]

Note: This linter can be disabled with `set_option linter.unusedSimpArgs false`
SafeLearning/CompleteModulesGPExamples.lean:75:29: warning: Used `tac1 <;> tac2` where `(tac1; tac2)` would suffice

Note: This linter can be disabled with `set_option linter.unnecessarySeqFocus false`
SafeLearning/CompleteModulesGPExamples.lean:85:6: warning: this tactic is never executed

Note: This linter can be disabled with `set_option linter.unreachableTactic false`
SafeLearning/CompleteModulesGPExamples.lean:85:6: warning: Unused tactic linter: `ring` does nothing

Note: This linter can be disabled with `set_option linter.unusedTactic false`
SafeLearning/CompleteModulesGPExamples.lean:160:7: warning: Variable name `i` is not explicitly referenced.

Hint: The binding can be removed (if unused) or named `_` (if used implicitly). Alternatively, prefix the name with `_` to silence this warning:
  [apply] _i

Note: This linter can be disabled with `set_option linter.unusedVariables false`
SafeLearning/CompleteModulesGPExamples.lean:167:8: warning: this tactic is never executed

Note: This linter can be disabled with `set_option linter.unreachableTactic false`
SafeLearning/CompleteModulesGPExamples.lean:170:4: warning: Used `tac1 <;> tac2` where `(tac1; tac2)` would suffice

Note: This linter can be disabled with `set_option linter.unnecessarySeqFocus false`
SafeLearning/CompleteModulesGPExamples.lean:167:8: warning: Unused tactic linter: `ring` does nothing

Note: This linter can be disabled with `set_option linter.unusedTactic false`
