SafeLearning/CompleteModulesThreeTapTransfer.lean:20:105: warning: This simp argument is unused:
  smul_smul

Hint: Omit it from the simp argument list.
  [apply] simp only [Matrix.sub_mul, Matrix.mul_add, Matrix.smul_mul, Matrix.mul_smul, Matrix.one_mul, Matrix.mul_one,
    hzero, smul_zero]

Note: This linter can be disabled with `set_option linter.unusedSimpArgs false`
SafeLearning/CompleteModulesThreeTapTransfer.lean:20:121: warning: This simp argument is unused:
  smul_zero

Hint: Omit it from the simp argument list.
  [apply] simp only [Matrix.sub_mul, Matrix.mul_add, Matrix.smul_mul, Matrix.mul_smul, Matrix.one_mul, Matrix.mul_one,
    smul_smul, hzero]

Note: This linter can be disabled with `set_option linter.unusedSimpArgs false`
SafeLearning/CompleteModulesThreeTapTransfer.lean:25:0: warning: automatically included section variable(s) unused in theorem `SafeLearning.CompleteModulesThreeTapTransfer.actual_three_tap_current_delay_matrix_product`:
  [Fintype O]
consider restructuring your `variable` declarations so that the variables are not in scope or explicitly omit them:
  omit [Fintype O] in theorem ...

Note: This linter can be disabled with `set_option linter.unusedSectionVars false`
SafeLearning/CompleteModulesThreeTapTransfer.lean:29:0: warning: automatically included section variable(s) unused in theorem `SafeLearning.CompleteModulesThreeTapTransfer.actual_three_tap_second_delay_matrix_product`:
  [Fintype O]
consider restructuring your `variable` declarations so that the variables are not in scope or explicitly omit them:
  omit [Fintype O] in theorem ...

Note: This linter can be disabled with `set_option linter.unusedSectionVars false`
SafeLearning/CompleteModulesThreeTapTransfer.lean:47:0: warning: automatically included section variable(s) unused in theorem `SafeLearning.CompleteModulesThreeTapTransfer.actual_three_tap_state_and_layer_lmi_index_dimensions`:
  [DecidableEq I]
consider restructuring your `variable` declarations so that the variables are not in scope or explicitly omit them:
  omit [DecidableEq I] in theorem ...

Note: This linter can be disabled with `set_option linter.unusedSectionVars false`
