SafeLearning/CompleteModulesLandscapeHalfspaceQP.lean:97:74: error: unsolved goals
case e'_5
U : Type u_1
inst✝² : NormedAddCommGroup U
inst✝¹ : InnerProductSpace ℝ U
X : Type u_2
inst✝ : PseudoMetricSpace X
D : Set X
q nominal : X → U
b : X → ℝ
hq : LocallyLipschitzOn D q
hn : LocallyLipschitzOn D nominal
hb : LocallyLipschitzOn D b
hnz : ∀ x ∈ D, q x ≠ 0
hi : LocallyLipschitz fun p => inner ℝ p.1 p.2
hqn : LocallyLipschitz fun x => inner ℝ (q ↑x) (nominal ↑x)
hqq : LocallyLipschitz fun x => inner ℝ (q ↑x) (q ↑x)
hinv : LocallyLipschitz fun x => (inner ℝ (q ↑x) (q ↑x))⁻¹
hnum : LocallyLipschitz fun x => max 0 (b ↑x - inner ℝ (q ↑x) (nominal ↑x))
hmul : LocallyLipschitz fun p => p.1 * p.2
hfactor : LocallyLipschitz fun x => max 0 (b ↑x - inner ℝ (q ↑x) (nominal ↑x)) * (inner ℝ (q ↑x) (q ↑x))⁻¹
hsmul : LocallyLipschitz fun p => p.1 • p.2
hout :
  LocallyLipschitz fun x =>
    D.domRestrict nominal x +
      ((fun p => p.1 • p.2) ∘ fun x =>
          (max 0 (b ↑x - inner ℝ (q ↑x) (nominal ↑x)) * (inner ℝ (q ↑x) (q ↑x))⁻¹, D.domRestrict q x))
        x
⊢ (D.domRestrict fun x => nominal x + (max 0 (b x - inner ℝ (q x) (nominal x)) * (‖q x‖ ^ 2)⁻¹) • q x) = fun x =>
    nominal ↑x + (max 0 (b ↑x - inner ℝ (q ↑x) (nominal ↑x)) * (‖q ↑x‖ ^ 2)⁻¹) • q ↑x
