SafeLearning/CompleteModulesLoSBOGaussianProbabilityBindings.lean:37:15: warning: `Set.mem_setOf_eq` has been deprecated: Use `Set.mem_ofPred_eq` instead
SafeLearning/CompleteModulesLoSBOGaussianProbabilityBindings.lean:41:15: warning: `Set.mem_setOf_eq` has been deprecated: Use `Set.mem_ofPred_eq` instead
SafeLearning/CompleteModulesLoSBOGaussianProbabilityBindings.lean:73:122: warning: `Set.mem_setOf_eq` has been deprecated: Use `Set.mem_ofPred_eq` instead
SafeLearning/CompleteModulesLoSBOGaussianProbabilityBindings.lean:75:47: error: aesop: exceeded maximum number of normalisation iterations (100). This means normalisation probably got stuck in an infinite loop.
SafeLearning/CompleteModulesLoSBOGaussianProbabilityBindings.lean:75:32: error: Application type mismatch: The argument
  fun n x => ?m.398
has type
  (n : ?m.395) → (x : ?m.399 n) → ?m.400 n x
but is expected to have type
  Set.Countable ?m.394
in the application
  MeasurableSet.biInter fun n x => ?m.398
SafeLearning/CompleteModulesLoSBOGaussianProbabilityBindings.lean:78:95: warning: `Set.mem_setOf_eq` has been deprecated: Use `Set.mem_ofPred_eq` instead
SafeLearning/CompleteModulesLoSBOGaussianProbabilityBindings.lean:78:119: error(lean.unknownIdentifier): Unknown identifier `not_implies`
SafeLearning/CompleteModulesLoSBOGaussianProbabilityBindings.lean:78:57: error: unsolved goals
Ω : Type u_1
inst✝¹ : MeasurableSpace Ω
P : Measure Ω
inst✝ : IsProbabilityMeasure P
noise : ℕ → Ω → ℝ
hmeas : ∀ (n : ℕ), Measurable (noise n)
hind : iIndepFun noise P
sigma : ℝ≥0
hs : 0 < sigma
hlaw : ∀ (n : ℕ), HasLaw (noise n) (gaussianReal 0 (sigma ^ 2)) P
hp : P.real {ω | ∀ n < 25, |noise n ω| ≤ 2 * ↑sigma} = (1 - actualSingleExceedanceProbability) ^ 25
hi : (gaussianReal 0 (sigma ^ 2)).real (actualBoundEvent (2 * ↑sigma)) = 2 * standardCDF 2 - 1
hdiv : 2 * ↑sigma / ↑sigma = 2
he : (gaussianReal 0 (sigma ^ 2)).real (actualBoundEvent (2 * ↑sigma)) = 1 - actualSingleExceedanceProbability
hm : MeasurableSet {omega | ∀ n < 25, |noise n omega| ≤ 2 * ↑sigma}
hc :
  P.real {omega | ∀ n < 25, |noise n omega| ≤ 2 * ↑sigma} + P.real {omega | ∀ n < 25, |noise n omega| ≤ 2 * ↑sigma}ᶜ = 1
omega : Ω
⊢ (∃ x, ∃ (_ : x < 25), 2 * ↑sigma < |noise x omega|) ↔ ∃ n < 25, 2 * ↑sigma < |noise n omega|
SafeLearning/CompleteModulesLoSBOGaussianProbabilityBindings.lean:98:21: warning: Used `tac1 <;> tac2` where `(tac1; tac2)` would suffice

Note: This linter can be disabled with `set_option linter.unnecessarySeqFocus false`
