SafeLearning/CompleteModulesLandscapeIndependentStates.lean:43:18: warning: `if_neg` has been deprecated: Use `ite_eq_right` instead
SafeLearning/CompleteModulesLandscapeIndependentStates.lean:47:63: error: Type mismatch: After simplification, term
  hv
 has type
  trueVariance 1 sigma (↑t + 1) = sigma ^ 2 / (2 - 1)
but is expected to have type
  trueVariance 1 sigma (↑t + 1) = sigma ^ 2
SafeLearning/CompleteModulesLandscapeIndependentStates.lean:58:4: error: Type mismatch: After simplification, term
  hprod
 has type
  (noiseLaw T) (⋂ i, {w | stateAt 1 goal sigma i w ≤ 1}) = ∏ x, (noiseLaw T) {w | stateAt 1 goal sigma x w ≤ 1}
but is expected to have type
  (noiseLaw T) {w | ∀ (t : Fin T), stateAt 1 goal sigma t w ≤ 1} = ∏ t, (noiseLaw T) {w | stateAt 1 goal sigma t w ≤ 1}
SafeLearning/CompleteModulesLandscapeIndependentStates.lean:37:52: error: unsolved goals
goal sigma : ℝ
T : ℕ
hsigma : sigma ≠ 0
p : ℝ := 1 - standardCDF ((1 - goal) / |sigma|)
he : ∀ (t : Fin T), (noiseLaw T).real {w | 1 < stateAt 1 goal sigma t w} = p
hind : iIndepFun (fun t => stateAt 1 goal sigma t) (noiseLaw T)
hprod :
  (noiseLaw T) (⋂ i ∈ Finset.univ, stateAt 1 goal sigma i ⁻¹' Iic 1) =
    ∏ i, (noiseLaw T) (stateAt 1 goal sigma i ⁻¹' Iic 1)
hsafeSet : ⋂ i, stateAt 1 goal sigma i ⁻¹' Iic 1 = {w | ∀ (t : Fin T), stateAt 1 goal sigma t w ≤ 1}
hpre : ∀ (i : Fin T), stateAt 1 goal sigma i ⁻¹' Iic 1 = {w | stateAt 1 goal sigma i w ≤ 1}
hi :
  (noiseLaw T) {w | ∀ (t : Fin T), stateAt 1 goal sigma t w ≤ 1} = ∏ t, (noiseLaw T) {w | stateAt 1 goal sigma t w ≤ 1}
hsafe : ∀ (t : Fin T), (noiseLaw T).real {w | stateAt 1 goal sigma t w ≤ 1} = 1 - p
hr : (noiseLaw T).real {w | ∀ (t : Fin T), stateAt 1 goal sigma t w ≤ 1} = (1 - p) ^ T
hm : MeasurableSet {w | ∀ (t : Fin T), stateAt 1 goal sigma t w ≤ 1}
⊢ (noiseLaw T).real {w | ∃ t, 1 < stateAt 1 goal sigma t w} = 1 - (1 - (1 - standardCDF ((1 - goal) / |sigma|))) ^ T
