SafeLearning/CompleteModulesLandscapeDelayFailure.lean:17:35: error(lean.synthInstanceFailed): failed to synthesize instance of type class
  Decidable (actualClockTrajectory time ∉ actualSafeBefore delay)

Hint: Type class instance resolution failures can be inspected with the `set_option trace.Meta.synthInstance true` command.
SafeLearning/CompleteModulesLandscapeDelayFailure.lean:18:52: warning: `Set.mem_setOf_eq` has been deprecated: Use `Set.mem_ofPred_eq` instead
SafeLearning/CompleteModulesLandscapeDelayFailure.lean:17:105: error: unsolved goals
delay time : ℕ
⊢ True ∧ (if delay ≤ time then 1 else 0) = sorry
SafeLearning/CompleteModulesLandscapeDelayFailure.lean:18:35: warning: This simp argument is unused:
  actualSafeBefore

Hint: Omit it from the simp argument list.
  [apply] simp only [actualClockTrajectory, Set.mem_setOf_eq, not_lt, actualViolationCost, and_self]

Note: This linter can be disabled with `set_option linter.unusedSimpArgs false`
SafeLearning/CompleteModulesLandscapeDelayFailure.lean:18:52: warning: This simp argument is unused:
  Set.mem_setOf_eq

Hint: Omit it from the simp argument list.
  [apply] simp only [actualClockTrajectory, actualSafeBefore, not_lt, actualViolationCost, and_self]

Note: This linter can be disabled with `set_option linter.unusedSimpArgs false`
SafeLearning/CompleteModulesLandscapeDelayFailure.lean:18:69: warning: This simp argument is unused:
  not_lt

Hint: Omit it from the simp argument list.
  [apply] simp only [actualClockTrajectory, actualSafeBefore, Set.mem_setOf_eq, actualViolationCost, and_self]

Note: This linter can be disabled with `set_option linter.unusedSimpArgs false`
SafeLearning/CompleteModulesLandscapeDelayFailure.lean:18:96: warning: This simp argument is unused:
  and_self

Hint: Omit it from the simp argument list.
  [apply] simp only [actualClockTrajectory, actualSafeBefore, Set.mem_setOf_eq, not_lt, actualViolationCost]

Note: This linter can be disabled with `set_option linter.unusedSimpArgs false`
SafeLearning/CompleteModulesLandscapeDelayFailure.lean:27:94: warning: Used `tac1 <;> tac2` where `(tac1; tac2)` would suffice

Note: This linter can be disabled with `set_option linter.unnecessarySeqFocus false`
SafeLearning/CompleteModulesLandscapeDelayFailure.lean:79:30: error(lean.unknownIdentifier): Unknown identifier `measureReal_univ_eq_one`
SafeLearning/CompleteModulesLandscapeDelayFailure.lean:81:6: error: Tactic `rewrite` failed: Did not find an occurrence of the pattern
  ?m.86 / (1 - gamma) ≤ ?m.85
in the target expression
  P.real univ • (gamma ^ delay / (1 - gamma)) ≤ budget

case refine_1
Ω : Type u_1
inst✝¹ : MeasurableSpace Ω
P : Measure Ω
inst✝ : IsProbabilityMeasure P
gamma budget : ℝ
hgamma : 0 < gamma
hgamma1 : gamma < 1
hbudget : 0 < budget
delay : ℕ
hdelay : gamma ^ delay < budget * (1 - gamma)
⊢ P.real univ • (gamma ^ delay / (1 - gamma)) ≤ budget
SafeLearning/CompleteModulesLandscapeDelayFailure.lean:85:17: warning: `Set.mem_setOf_eq` has been deprecated: Use `Set.mem_ofPred_eq` instead
SafeLearning/CompleteModulesLandscapeDelayFailure.lean:79:54: warning: This simp argument is unused:
  one_smul

Hint: Omit it from the simp argument list.
  [apply] simp only [integral_const, measureReal_univ_eq_one]

Note: This linter can be disabled with `set_option linter.unusedSimpArgs false`
