SafeLearning/CompleteModulesSandwichHalf.lean:22:0: warning: automatically included section variable(s) unused in theorem `SafeLearning.CompleteModulesSandwichHalf.actual_half_multiplier_is_half_of_full_multiplier`:
  [Fintype K]
consider restructuring your `variable` declarations so that the variables are not in scope or explicitly omit them:
  omit [Fintype K] in theorem ...

Note: This linter can be disabled with `set_option linter.unusedSectionVars false`
SafeLearning/CompleteModulesSandwichHalf.lean:29:10: warning: This simp argument is unused:
  actualHalfMultiplier

Hint: Omit it from the simp argument list.
  [apply] simp [actualSandwichMultiplier, he]

Note: This linter can be disabled with `set_option linter.unusedSimpArgs false`
SafeLearning/CompleteModulesSandwichHalf.lean:29:31: warning: This simp argument is unused:
  actualSandwichMultiplier

Hint: Omit it from the simp argument list.
  [apply] simp [actualHalfMultiplier, he]

Note: This linter can be disabled with `set_option linter.unusedSimpArgs false`
SafeLearning/CompleteModulesSandwichHalf.lean:84:25: warning: This simp argument is unused:
  Matrix.sub_mul

Hint: Omit it from the simp argument list.
  [apply] simp [Matrix.mul_sub, Matrix.mul_smul, Matrix.smul_mul, actualSandwichMultiplier, pow_two]

Note: This linter can be disabled with `set_option linter.unusedSimpArgs false`
SafeLearning/CompleteModulesSandwichHalf.lean:84:40: warning: This simp argument is unused:
  Matrix.mul_smul

Hint: Omit it from the simp argument list.
  [apply] simp [Matrix.mul_sub, Matrix.sub_mul, Matrix.smul_mul, actualSandwichMultiplier, pow_two]

Note: This linter can be disabled with `set_option linter.unusedSimpArgs false`
SafeLearning/CompleteModulesSandwichHalf.lean:84:56: warning: This simp argument is unused:
  Matrix.smul_mul

Hint: Omit it from the simp argument list.
  [apply] simp [Matrix.mul_sub, Matrix.sub_mul, Matrix.mul_smul, actualSandwichMultiplier, pow_two]

Note: This linter can be disabled with `set_option linter.unusedSimpArgs false`
SafeLearning/CompleteModulesSandwichHalf.lean:84:72: warning: This simp argument is unused:
  actualSandwichMultiplier

Hint: Omit it from the simp argument list.
  [apply] simp [Matrix.mul_sub, Matrix.sub_mul, Matrix.mul_smul, Matrix.smul_mul, pow_two]

Note: This linter can be disabled with `set_option linter.unusedSimpArgs false`
SafeLearning/CompleteModulesSandwichHalf.lean:84:97: warning: This simp argument is unused:
  pow_two

Hint: Omit it from the simp argument list.
  [apply] simp [Matrix.mul_sub, Matrix.sub_mul, Matrix.mul_smul, Matrix.smul_mul, actualSandwichMultiplier]

Note: This linter can be disabled with `set_option linter.unusedSimpArgs false`
SafeLearning/CompleteModulesSandwichHalf.lean:86:25: warning: This simp argument is unused:
  Matrix.sub_mul

Hint: Omit it from the simp argument list.
  [apply] simp [Matrix.mul_sub, Matrix.mul_smul, Matrix.smul_mul, actualSandwichMultiplier, he]

Note: This linter can be disabled with `set_option linter.unusedSimpArgs false`
SafeLearning/CompleteModulesSandwichHalf.lean:86:40: warning: This simp argument is unused:
  Matrix.mul_smul

Hint: Omit it from the simp argument list.
  [apply] simp [Matrix.mul_sub, Matrix.sub_mul, Matrix.smul_mul, actualSandwichMultiplier, he]

Note: This linter can be disabled with `set_option linter.unusedSimpArgs false`
SafeLearning/CompleteModulesSandwichHalf.lean:86:56: warning: This simp argument is unused:
  Matrix.smul_mul

Hint: Omit it from the simp argument list.
  [apply] simp [Matrix.mul_sub, Matrix.sub_mul, Matrix.mul_smul, actualSandwichMultiplier, he]

Note: This linter can be disabled with `set_option linter.unusedSimpArgs false`
SafeLearning/CompleteModulesSandwichHalf.lean:86:72: warning: This simp argument is unused:
  actualSandwichMultiplier

Hint: Omit it from the simp argument list.
  [apply] simp [Matrix.mul_sub, Matrix.sub_mul, Matrix.mul_smul, Matrix.smul_mul, he]

Note: This linter can be disabled with `set_option linter.unusedSimpArgs false`
