SafeLearning/CompleteModulesGPRepeatedJoint.lean:25:17: warning: Try this: 
  letI̵

The goal is a proposition, so `let` is preferred over `letI`.
The difference between `let` and `letI` is that `letI` inlines the value.
But this is not relevant for proofs because of proof irrelevance.

Note: This linter can be disabled with `set_option linter.style.haveILetI false`
SafeLearning/CompleteModulesGPRepeatedJoint.lean:33:17: warning: Try this: 
  letI̵

The goal is a proposition, so `let` is preferred over `letI`.
The difference between `let` and `letI` is that `letI` inlines the value.
But this is not relevant for proofs because of proof irrelevance.

Note: This linter can be disabled with `set_option linter.style.haveILetI false`
SafeLearning/CompleteModulesGPRepeatedJoint.lean:71:15: error: don't know how to synthesize implicit argument `f`
  @Measurable.comp (Readings n × ?m.70) (Readings n) ℝ Prod.instMeasurableSpace (readingsMeasurable n)
    Real.measurableSpace (readingMean n) Prod.fst (readingMean_measurable n) measurable_fst
context:
n : ℕ
ih : Measurable (evidence n)
⊢ Readings n × ?m.70 → Readings n
SafeLearning/CompleteModulesGPRepeatedJoint.lean:71:15: error: don't know how to synthesize implicit argument
  @Measurable.comp (Readings n × ?m.70) (Readings n) ℝ Prod.instMeasurableSpace (readingsMeasurable n)
    Real.measurableSpace (readingMean n) Prod.fst (readingMean_measurable n) measurable_fst
context:
n : ℕ
ih : Measurable (evidence n)
⊢ MeasurableSpace (Readings n × ?m.70)
SafeLearning/CompleteModulesGPRepeatedJoint.lean:71:15: error: don't know how to synthesize implicit argument `α`
  @Measurable.comp (Readings n × ?m.70) (Readings n) ℝ Prod.instMeasurableSpace (readingsMeasurable n)
    Real.measurableSpace (readingMean n) Prod.fst (readingMean_measurable n) measurable_fst
context:
n : ℕ
ih : Measurable (evidence n)
⊢ Type ?u.34
SafeLearning/CompleteModulesGPRepeatedJoint.lean:71:47: error: don't know how to synthesize implicit argument
  @measurable_fst (Readings n) ?m.70 (readingsMeasurable n) ?m.72
context:
n : ℕ
ih : Measurable (evidence n)
⊢ MeasurableSpace ?m.70
SafeLearning/CompleteModulesGPRepeatedJoint.lean:71:47: error: don't know how to synthesize implicit argument `β`
  @measurable_fst (Readings n) ?m.70 (readingsMeasurable n) ?m.72
context:
n : ℕ
ih : Measurable (evidence n)
⊢ Type ?u.34
SafeLearning/CompleteModulesGPRepeatedJoint.lean:71:9: error: failed to infer `have` declaration type
SafeLearning/CompleteModulesGPRepeatedJoint.lean:101:4: error: 'change' tactic failed, pattern
  (((sourceKernel n) latent).prod (gaussianReal latent 1)) event = ?m.112
is not definitionally equal to target
  ((sourceKernel (n + 1)) latent) event =
    ∫⁻ (b : Readings (n + 1)) in event, likelihood (n + 1) b latent ∂readingVolume (n + 1)
SafeLearning/CompleteModulesGPRepeatedJoint.lean:144:2: warning: Try this: 
  haveI̵

The goal is a proposition, so `have` is preferred over `haveI`.
The difference between `have` and `haveI` is that `haveI` inlines the value.
But this is not relevant for proofs because of proof irrelevance.

Note: This linter can be disabled with `set_option linter.style.haveILetI false`
SafeLearning/CompleteModulesGPRepeatedJoint.lean:184:2: warning: Try this: 
  haveI̵

The goal is a proposition, so `have` is preferred over `haveI`.
The difference between `have` and `haveI` is that `haveI` inlines the value.
But this is not relevant for proofs because of proof irrelevance.

Note: This linter can be disabled with `set_option linter.style.haveILetI false`
SafeLearning/CompleteModulesGPRepeatedJoint.lean:194:17: error: don't know how to synthesize implicit argument `f`
  @Measurable.comp (Readings n × ?m.155) (Readings n) ℝ Prod.instMeasurableSpace (readingsMeasurable n)
    Real.measurableSpace (readingMean n) Prod.fst (readingMean_measurable n) measurable_fst
context:
n : ℕ
this :
  IsSFiniteKernel
    ((Kernel.const (Readings n) ℙ).withDensity fun y latent => gaussianPDF (readingMean n y) (readingVariance n) latent)
⊢ Readings n × ?m.155 → Readings n
SafeLearning/CompleteModulesGPRepeatedJoint.lean:194:17: error: don't know how to synthesize implicit argument
  @Measurable.comp (Readings n × ?m.155) (Readings n) ℝ Prod.instMeasurableSpace (readingsMeasurable n)
    Real.measurableSpace (readingMean n) Prod.fst (readingMean_measurable n) measurable_fst
context:
n : ℕ
this :
  IsSFiniteKernel
    ((Kernel.const (Readings n) ℙ).withDensity fun y latent => gaussianPDF (readingMean n y) (readingVariance n) latent)
⊢ MeasurableSpace (Readings n × ?m.155)
SafeLearning/CompleteModulesGPRepeatedJoint.lean:194:17: error: don't know how to synthesize implicit argument `α`
  @Measurable.comp (Readings n × ?m.155) (Readings n) ℝ Prod.instMeasurableSpace (readingsMeasurable n)
    Real.measurableSpace (readingMean n) Prod.fst (readingMean_measurable n) measurable_fst
context:
n : ℕ
this :
  IsSFiniteKernel
    ((Kernel.const (Readings n) ℙ).withDensity fun y latent => gaussianPDF (readingMean n y) (readingVariance n) latent)
⊢ Type ?u.68
SafeLearning/CompleteModulesGPRepeatedJoint.lean:194:49: error: don't know how to synthesize implicit argument
  @measurable_fst (Readings n) ?m.155 (readingsMeasurable n) ?m.157
context:
n : ℕ
this :
  IsSFiniteKernel
    ((Kernel.const (Readings n) ℙ).withDensity fun y latent => gaussianPDF (readingMean n y) (readingVariance n) latent)
⊢ MeasurableSpace ?m.155
SafeLearning/CompleteModulesGPRepeatedJoint.lean:194:49: error: don't know how to synthesize implicit argument `β`
  @measurable_fst (Readings n) ?m.155 (readingsMeasurable n) ?m.157
context:
n : ℕ
this :
  IsSFiniteKernel
    ((Kernel.const (Readings n) ℙ).withDensity fun y latent => gaussianPDF (readingMean n y) (readingVariance n) latent)
⊢ Type ?u.68
SafeLearning/CompleteModulesGPRepeatedJoint.lean:194:11: error: failed to infer `have` declaration type
SafeLearning/CompleteModulesGPRepeatedJoint.lean:192:70: error: unsolved goals
n : ℕ
this :
  IsSFiniteKernel
    ((Kernel.const (Readings n) ℙ).withDensity fun y latent => gaussianPDF (readingMean n y) (readingVariance n) latent)
⊢ Measurable fun pair => gaussianPDF (readingMean n pair.1) (readingVariance n) pair.2
