Try this:
  [apply] ring_nf
  
  The `ring` tactic failed to close the goal. Use `ring_nf` to obtain a normal form.
    
  Note that `ring` works primarily in *commutative* rings. If you have a noncommutative ring, abelian group or module, consider using `noncomm_ring`, `abel` or `module` instead.
SafeLearning/CompleteModulesGaussianNumericConsequences.lean:38:87: error: unsolved goals
i : Fin 11
hc :
  |actualGaussianCross actualSourceInput (1 / 5) i - actualCrossApproximation i| ≤ 1 / 10000000000000000000000000000000
ht :
  |actualCrossApproximation i -
        (ridgeMatrix actualGramApproximation (1 / 10000000000) *ᵥ actualWeightApproximation) i| ≤
    1 / 100000000000000000000000000000
hw : ∑ i, |actualWeightApproximation i| ≤ 90
hg :
  |∑ i_1, actualGramApproximation i i_1 * actualWeightApproximation i_1 -
        ∑ i_1, actualGaussianGram actualSourceInput i i_1 * actualWeightApproximation i_1| ≤
    1 / 10000000000000000000000000000000 * ∑ i, |actualWeightApproximation i|
⊢ ∑ x, (actualGramApproximation + (1 / 10000000000) • 1) i x * actualWeightApproximation x -
      ∑ x, (actualGaussianGram actualSourceInput + (1 / 10000000000) • 1) i x * actualWeightApproximation x =
    ∑ x, actualGramApproximation i x * actualWeightApproximation x -
      ∑ x, actualGaussianGram actualSourceInput i x * actualWeightApproximation x
SafeLearning/CompleteModulesGaussianNumericConsequences.lean:39:27: warning: This simp argument is unused:
  Matrix.add_mulVec

Hint: Omit it from the simp argument list.
  [apply] simp only [ridgeMatrix, Matrix.smul_mulVec, Matrix.one_mulVec, Pi.add_apply, Pi.smul_apply, smul_eq_mul,
    Matrix.mulVec, dotProduct]

Note: This linter can be disabled with `set_option linter.unusedSimpArgs false`
SafeLearning/CompleteModulesGaussianNumericConsequences.lean:39:45: warning: This simp argument is unused:
  Matrix.smul_mulVec

Hint: Omit it from the simp argument list.
  [apply] simp only [ridgeMatrix, Matrix.add_mulVec, Matrix.one_mulVec, Pi.add_apply, Pi.smul_apply, smul_eq_mul,
    Matrix.mulVec, dotProduct]

Note: This linter can be disabled with `set_option linter.unusedSimpArgs false`
SafeLearning/CompleteModulesGaussianNumericConsequences.lean:39:64: warning: This simp argument is unused:
  Matrix.one_mulVec

Hint: Omit it from the simp argument list.
  [apply] simp only [ridgeMatrix, Matrix.add_mulVec, Matrix.smul_mulVec, Pi.add_apply, Pi.smul_apply, smul_eq_mul,
    Matrix.mulVec, dotProduct]

Note: This linter can be disabled with `set_option linter.unusedSimpArgs false`
SafeLearning/CompleteModulesGaussianNumericConsequences.lean:40:6: warning: This simp argument is unused:
  Pi.add_apply

Hint: Omit it from the simp argument list.
  [apply] simp only [ridgeMatrix, Matrix.add_mulVec, Matrix.smul_mulVec, Matrix.one_mulVec, Pi.smul_apply, smul_eq_mul,
    Matrix.mulVec, dotProduct]

Note: This linter can be disabled with `set_option linter.unusedSimpArgs false`
SafeLearning/CompleteModulesGaussianNumericConsequences.lean:40:19: warning: This simp argument is unused:
  Pi.smul_apply

Hint: Omit it from the simp argument list.
  [apply] simp only [ridgeMatrix, Matrix.add_mulVec, Matrix.smul_mulVec, Matrix.one_mulVec, Pi.add_apply, smul_eq_mul,
    Matrix.mulVec, dotProduct]

Note: This linter can be disabled with `set_option linter.unusedSimpArgs false`
SafeLearning/CompleteModulesGaussianNumericConsequences.lean:40:33: warning: This simp argument is unused:
  smul_eq_mul

Hint: Omit it from the simp argument list.
  [apply] simp only [ridgeMatrix, Matrix.add_mulVec, Matrix.smul_mulVec, Matrix.one_mulVec, Pi.add_apply, Pi.smul_apply,
    Matrix.mulVec, dotProduct]

Note: This linter can be disabled with `set_option linter.unusedSimpArgs false`
SafeLearning/CompleteModulesGaussianNumericConsequences.lean:74:2: error: Type mismatch
  h
has type
  |((ridgeMatrix (actualGaussianGram actualSourceInput) (1 / 10000000000))⁻¹ *ᵥ
            actualGaussianCross actualSourceInput (1 / 5))
          i -
        actualWeightApproximation i| ≤
    1 / 250000000000000000
but is expected to have type
  |actualSourceWeight i - actualWeightApproximation i| ≤ 4 / 1000000000000000000
SafeLearning/CompleteModulesGaussianNumericConsequences.lean:90:68: error: unexpected token '|*'; expected '|' or '|ₘ'
SafeLearning/CompleteModulesGaussianNumericConsequences.lean:89:8: error: Unexpected syntax
  failed to pretty print term (use 'set_option pp.rawOnError true' for raw representation)
SafeLearning/CompleteModulesGaussianNumericConsequences.lean:80:2: error: unsolved goals
case left.calc.step
⊢ ∑ _i, 2 ≤ 22
SafeLearning/CompleteModulesGaussianNumericConsequences.lean:78:69: error: unsolved goals
case right
⊢ ∑ i, |actualGaussianCross actualSourceInput (1 / 5) i| ≤ 11
SafeLearning/CompleteModulesGaussianNumericConsequences.lean:167:20: error: Application type mismatch: The argument
  hsig.left
has type
  4399 / 10000000 < √(actualGaussianVariance actualSourceInput (1 / 10000000000) (1 / 5))
but is expected to have type
  4399 / 10000000 ≤ √(actualGaussianVariance actualSourceInput (1 / 10000000000) (1 / 5))
in the application
  mul_lt_mul hB.left hsig.left
SafeLearning/CompleteModulesGaussianNumericConsequences.lean:171:20: error: Application type mismatch: The argument
  hsig.right
has type
  √(actualGaussianVariance actualSourceInput (1 / 10000000000) (1 / 5)) < 11 / 25000
but is expected to have type
  √(actualGaussianVariance actualSourceInput (1 / 10000000000) (1 / 5)) ≤ 11 / 25000
in the application
  mul_lt_mul hB.right hsig.right
