SafeLearning/CompleteModulesSafeOptRKHSPosteriorError.lean:21:64: error(lean.unknownIdentifier): Unknown identifier `X`
SafeLearning/CompleteModulesSafeOptRKHSPosteriorError.lean:22:5: error(lean.synthInstanceFailed): failed to synthesize instance of type class
  RKHS ℝ H ?m.54 ?m.55

Hint: Type class instance resolution failures can be inspected with the `set_option trace.Meta.synthInstance true` command.
SafeLearning/CompleteModulesSafeOptRKHSPosteriorError.lean:32:67: error: Invalid argument name `X` for function `actual_finite_domain_rkhs_is_finite_dimensional`
SafeLearning/CompleteModulesSafeOptRKHSPosteriorError.lean:31:79: error: unsolved goals
H : Type u_1
X : Type u_2
inst✝⁴ : NormedAddCommGroup H
inst✝³ : InnerProductSpace ℝ H
inst✝² : CompleteSpace H
inst✝¹ : RKHS ℝ H X ℝ
inst✝ : Fintype X
f : H
⊢ ∃ features theta,
    (∀ (x y : X), scalarKernel x y = features x ⬝ᵥ features y) ∧
      (∀ (x : X), f x = features x ⬝ᵥ theta) ∧ √(theta ⬝ᵥ theta) = ‖f‖
SafeLearning/CompleteModulesSafeOptRKHSPosteriorError.lean:80:4: error: Type mismatch: After simplification, term
  Eq.symm (hkernel (input i) (input j))
 has type
  @Eq ℝ (∑ i_1, features (input i) i_1 * features (input j) i_1) (scalarKernel (input i) (input j))
but is expected to have type
  @Eq ℝ (((fun i j => features (input i) j) * (fun i j => features (input i) j)ᵀ) i j)
    (scalarKernel (input i) (input j))
SafeLearning/CompleteModulesSafeOptRKHSPosteriorError.lean:95:11: error: ambiguous term, use fully qualified name, possible interpretations [@CompleteFoundationsSequentialLogDet.posteriorVariance,
 @CompleteModulesKernel.posteriorVariance]
