SafeLearning/CompleteModulesLandscapeGaussianVectorIntegral.lean:20:0: warning: automatically included section variable(s) unused in theorem `SafeLearning.CompleteModulesLandscapeGaussianVectorIntegral.actual_isotropic_gaussian_is_the_scaled_standard_gaussian`:
  [DecidableEq ι]
consider restructuring your `variable` declarations so that the variables are not in scope or explicitly omit them:
  omit [DecidableEq ι] in theorem ...

Note: This linter can be disabled with `set_option linter.unusedSectionVars false`
SafeLearning/CompleteModulesLandscapeGaussianVectorIntegral.lean:43:23: error: Ambiguous term
  smul_apply
Possible interpretations:
  _root_.smul_apply : ∀ (f : ?m.23) (r : ?m.22) (x : ?m.24), (r • f) x = r • f x
  
  Matrix.smul_apply : ∀ (r : ?m.25) (A : Matrix ?m.22 ?m.23 ?m.24) (i : ?m.22) (j : ?m.23), (r • A) i j = r • A i j
SafeLearning/CompleteModulesLandscapeGaussianVectorIntegral.lean:48:2: error: linarith failed to find a contradiction
case h1
ι : Type u_1
inst✝¹ : Fintype ι
inst✝ : DecidableEq ι
a : ℝ≥0
V : Matrix ι ι ℝ
S theta : EuclideanSpace ℝ ι
hh : √↑a ^ 2 * ⟪theta, (toEuclideanCLM V) theta⟫ = ↑a * ⟪theta, (toEuclideanCLM V) theta⟫
a✝ :
  √↑a * ⟪theta, S⟫ - √↑a * (√↑a * ⟪theta, (toEuclideanCLM V) theta⟫) / 2 <
    √↑a * ⟪theta, S⟫ - ⟪theta, (↑a • toEuclideanCLM V) theta⟫ / 2
⊢ False
failed
SafeLearning/CompleteModulesLandscapeGaussianVectorIntegral.lean:84:59: error: unsolved goals
ι : Type u_1
inst✝¹ : Fintype ι
inst✝ : DecidableEq ι
V : Matrix ι ι ℝ
S theta : ι → ℝ
⊢ S ⬝ᵥ theta = theta ⬝ᵥ S
