SafeLearning/CompleteModulesLandscapeQuadraticWeights.lean:25:2: warning: Try this: 
  letI̵

The goal is a proposition, so `let` is preferred over `letI`.
The difference between `let` and `letI` is that `letI` inlines the value.
But this is not relevant for proofs because of proof irrelevance.

Note: This linter can be disabled with `set_option linter.style.haveILetI false`
SafeLearning/CompleteModulesLandscapeQuadraticWeights.lean:35:44: error: Application type mismatch: The argument
  m.prod inferInstance
has type
  MeasurableSpace (Ω × ?m.290)
of sort `Type (max ?u.177 u_1)` but is expected to have type
  TopologicalSpace ℝ
of sort `Type` in the application
  @StronglyMeasurable (Ω × ℝ) ℝ (m.prod inferInstance)
SafeLearning/CompleteModulesLandscapeQuadraticWeights.lean:48:2: error: Type mismatch: After simplification, term
  h
 has type
  @LE.le ℝ Real.instLE (∫ (x : ℝ), Real.exp (lambda * q omega * id x) ∂(realConditionalLaw μ m Y) omega)
    (Real.exp (lambda ^ 2 * ↑R ^ 2 * q omega ^ 2 / 2))
but is expected to have type
  @LE.le ℝ Real.instLE (∫ (y : ℝ), Real.exp (lambda * q omega * y) ∂(realConditionalLaw μ m Y) omega)
    (Real.exp (lambda ^ 2 * ↑R ^ 2 * q omega ^ 2 / 2))
SafeLearning/CompleteModulesLandscapeQuadraticWeights.lean:127:63: error: numerals are data in Lean, but the expected type is a proposition
  Measurable ?m.249 : Prop
SafeLearning/CompleteModulesLandscapeQuadraticWeights.lean:146:6: error: `simp` made no progress
