SafeLearning/CompleteModulesGPPosteriorRegularizerCalculus.lean:26:26: error: `simp` made no progress
SafeLearning/CompleteModulesGPPosteriorRegularizerCalculus.lean:55:12: error: don't know how to synthesize implicit argument `s`
  @Finset.sum_le_sum I ℝ Real.instAddCommMonoid Real.instPreorder (fun i => coordinate i ^ 2 / (eigenvalue i + large))
    (fun i => coordinate i ^ 2 / (eigenvalue i + small)) ?m.103 IsOrderedAddMonoid.toAddLeftMono fun i x => heach i
context:
I : Type u_1
inst✝ : Fintype I
eigenvalue coordinate : I → ℝ
queryDiagonal small large : ℝ
heigenvalue : ∀ (i : I), 0 ≤ eigenvalue i
hsmall : 0 < small
horder : small ≤ large
heach : ∀ (i : I), coordinate i ^ 2 / (eigenvalue i + large) ≤ coordinate i ^ 2 / (eigenvalue i + small)
⊢ Finset I
SafeLearning/CompleteModulesGPPosteriorRegularizerCalculus.lean:55:37: error(lean.inferBinderTypeFailed): Failed to infer binder type
SafeLearning/CompleteModulesGPPosteriorRegularizerCalculus.lean:49:68: error: unsolved goals
I : Type u_1
inst✝ : Fintype I
eigenvalue coordinate : I → ℝ
queryDiagonal small large : ℝ
heigenvalue : ∀ (i : I), 0 ≤ eigenvalue i
hsmall : 0 < small
horder : small ≤ large
heach : ∀ (i : I), coordinate i ^ 2 / (eigenvalue i + large) ≤ coordinate i ^ 2 / (eigenvalue i + small)
⊢ queryDiagonal - ∑ i, coordinate i ^ 2 / (eigenvalue i + small) ≤
    queryDiagonal - ∑ i, coordinate i ^ 2 / (eigenvalue i + large)
SafeLearning/CompleteModulesGPPosteriorRegularizerCalculus.lean:65:4: error: Type mismatch
  isUnit_iff_ne_zero.mpr hden
has type
  IsUnit (1 + lambda)
but is expected to have type
  ¬1 + lambda = 0
Try this:
  [apply] ring_nf
  
  The `ring` tactic failed to close the goal. Use `ring_nf` to obtain a normal form.
    
  Note that `ring` works primarily in *commutative* rings. If you have a noncommutative ring, abelian group or module, consider using `noncomm_ring`, `abel` or `module` instead.
SafeLearning/CompleteModulesGPPosteriorRegularizerCalculus.lean:67:56: error: unsolved goals
case «0»
cross lambda : ℝ
hlambda : 0 < lambda
hden : 1 + lambda ≠ 0
hu : IsUnit (ridgeMatrix 1 lambda).det
⊢ ((fun j => 1 0 j + 1 0 j * lambda) ⬝ᵥ fun x => cross * (1 + lambda)⁻¹) = cross
SafeLearning/CompleteModulesGPPosteriorRegularizerCalculus.lean:70:36: warning: This simp argument is unused:
  Fin.sum_univ_one

Hint: Omit it from the simp argument list.
  [apply] simp [ridgeMatrix, Matrix.mulVec]

Note: This linter can be disabled with `set_option linter.unusedSimpArgs false`
