⚠ [8924/8936] Replayed SafeLearning.CompleteModulesLandscapeCompactEndpoint
warning: SafeLearning/CompleteModulesLandscapeCompactEndpoint.lean:14:0: automatically included section variable(s) unused in theorem `SafeLearning.CompleteModulesLandscapeCompactEndpoint.actual_continuous_field_has_a_uniform_norm_bound_on_a_compact_set`:
  [NormedSpace ℝ E]
  [FiniteDimensional ℝ E]
consider restructuring your `variable` declarations so that the variables are not in scope or explicitly omit them:
  omit [NormedSpace ℝ E] [FiniteDimensional ℝ E] in theorem ...

Note: This linter can be disabled with `set_option linter.unusedSectionVars false`
⚠ [8926/8936] Replayed SafeLearning.CompleteModulesLandscapeCompactContinuation
warning: SafeLearning/CompleteModulesLandscapeCompactContinuation.lean:28:26: `if_true` has been deprecated: Use `ite_true` instead
warning: SafeLearning/CompleteModulesLandscapeCompactContinuation.lean:29:17: `if_neg` has been deprecated: Use `ite_eq_right` instead
⚠ [8930/8936] Replayed SafeLearning.CompleteBarrierAbsolutelyContinuous
warning: SafeLearning/CompleteBarrierAbsolutelyContinuous.lean:28:18: Used `tac1 <;> tac2` where `(tac1; tac2)` would suffice

Note: This linter can be disabled with `set_option linter.unnecessarySeqFocus false`
warning: SafeLearning/CompleteBarrierAbsolutelyContinuous.lean:28:32: Used `tac1 <;> tac2` where `(tac1; tac2)` would suffice

Note: This linter can be disabled with `set_option linter.unnecessarySeqFocus false`
⚠ [8931/8936] Replayed SafeLearning.CompleteBarrierAEComparison
warning: SafeLearning/CompleteBarrierAEComparison.lean:52:18: Used `tac1 <;> tac2` where `(tac1; tac2)` would suffice

Note: This linter can be disabled with `set_option linter.unnecessarySeqFocus false`
warning: SafeLearning/CompleteBarrierAEComparison.lean:52:32: Used `tac1 <;> tac2` where `(tac1; tac2)` would suffice

Note: This linter can be disabled with `set_option linter.unnecessarySeqFocus false`
⚠ [8934/8936] Replayed SafeLearning.CompleteBarrierNonlinearDomainComparison
warning: SafeLearning/CompleteBarrierNonlinearDomainComparison.lean:91:2: `push_neg` has been deprecated. Prefer using `push Not` instead.
If you'd rather continue using `push_neg` in your project, you can implement it as follows:
```
open Lean.Parser.Tactic in
macro "push_neg" cfg:optConfig loc:(location)? : tactic =>
  `(tactic| push $cfg:optConfig Not $[$loc]?)
```
✔ [8936/8936] Built SafeLearning.CompleteModulesLandscapeControlAffineGlobal (6.3s)
Build completed successfully (8936 jobs).
