SafeLearning/CompleteModulesLandscapeIndependentStates.lean:43:18: warning: `if_neg` has been deprecated: Use `ite_eq_right` instead
SafeLearning/CompleteModulesLandscapeIndependentStates.lean:46:39: error: unsolved goals
goal sigma : ℝ
T : ℕ
hsigma : sigma ≠ 0
p : ℝ := 1 - standardCDF ((1 - goal) / |sigma|)
t : Fin T
hm : trueMean 1 goal (↑t + 1) = goal
⊢ ℕ
SafeLearning/CompleteModulesLandscapeIndependentStates.lean:46:15: error: Type mismatch
  ↑t + 1
has type
  ℕ
of sort `Type` but is expected to have type
  0 < 1
of sort `Prop`
SafeLearning/CompleteModulesLandscapeIndependentStates.lean:56:4: error: Type mismatch: After simplification, term
  hprod
 has type
  @Eq ENNReal ((noiseLaw T) {w | ∀ (t : Fin T), stateAt 1 goal sigma t w ≤ 1})
    (∏ i, (noiseLaw T) (stateAt 1 goal sigma i ⁻¹' Iic 1))
but is expected to have type
  @Eq ENNReal ((noiseLaw T) {w | ∀ (t : Fin T), stateAt 1 goal sigma t w ≤ 1})
    (∏ t, (noiseLaw T) {w | stateAt 1 goal sigma t w ≤ 1})
SafeLearning/CompleteModulesLandscapeIndependentStates.lean:37:52: error: unsolved goals
goal sigma : ℝ
T : ℕ
hsigma : sigma ≠ 0
p : ℝ := 1 - standardCDF ((1 - goal) / |sigma|)
he : ∀ (t : Fin T), (noiseLaw T).real {w | 1 < stateAt 1 goal sigma t w} = p
hind : iIndepFun (fun t => stateAt 1 goal sigma t) (noiseLaw T)
hprod :
  (noiseLaw T) (⋂ i ∈ Finset.univ, stateAt 1 goal sigma i ⁻¹' Iic 1) =
    ∏ i, (noiseLaw T) (stateAt 1 goal sigma i ⁻¹' Iic 1)
hsafeSet : ⋂ i, stateAt 1 goal sigma i ⁻¹' Iic 1 = {w | ∀ (t : Fin T), stateAt 1 goal sigma t w ≤ 1}
hi :
  (noiseLaw T) {w | ∀ (t : Fin T), stateAt 1 goal sigma t w ≤ 1} = ∏ t, (noiseLaw T) {w | stateAt 1 goal sigma t w ≤ 1}
hsafe : ∀ (t : Fin T), (noiseLaw T).real {w | stateAt 1 goal sigma t w ≤ 1} = 1 - p
hr : (noiseLaw T).real {w | ∀ (t : Fin T), stateAt 1 goal sigma t w ≤ 1} = (1 - p) ^ T
hm : MeasurableSet {w | ∀ (t : Fin T), stateAt 1 goal sigma t w ≤ 1}
⊢ (noiseLaw T).real {w | ∃ t, 1 < stateAt 1 goal sigma t w} = 1 - (1 - (1 - standardCDF ((1 - goal) / |sigma|))) ^ T
SafeLearning/CompleteModulesLandscapeIndependentStates.lean:97:17: error: Application type mismatch: The argument
  hzero
has type
  1 - k = 0
but is expected to have type
  sigma = 0
in the application
  hsigma hzero
SafeLearning/CompleteModulesLandscapeIndependentStates.lean:98:13: error: Application type mismatch: The argument
  hzero
has type
  sigma = 0
but is expected to have type
  1 - k = 0
in the application
  ha hzero
