SafeLearning/CompleteFiniteCMDPLinearProgram.lean:67:0: warning: automatically included section variable(s) unused in theorem `SafeLearning.CompleteFiniteCMDPLinearProgram.actual_cost_feasible_closed`:
  [Fintype I]
consider restructuring your `variable` declarations so that the variables are not in scope or explicitly omit them:
  omit [Fintype I] in theorem ...

Note: This linter can be disabled with `set_option linter.unusedSectionVars false`
SafeLearning/CompleteFiniteCMDPLinearProgram.lean:86:0: warning: automatically included section variable(s) unused in theorem `SafeLearning.CompleteFiniteCMDPLinearProgram.actual_cost_feasible_convex`:
  [Fintype I]
consider restructuring your `variable` declarations so that the variables are not in scope or explicitly omit them:
  omit [Fintype I] in theorem ...

Note: This linter can be disabled with `set_option linter.unusedSectionVars false`
SafeLearning/CompleteFiniteCMDPLinearProgram.lean:98:0: warning: automatically included section variable(s) unused in theorem `SafeLearning.CompleteFiniteCMDPLinearProgram.actual_policy_cost_feasible_iff`:
  [Fintype I]
consider restructuring your `variable` declarations so that the variables are not in scope or explicitly omit them:
  omit [Fintype I] in theorem ...

Note: This linter can be disabled with `set_option linter.unusedSectionVars false`
SafeLearning/CompleteFiniteCMDPLinearProgram.lean:183:0: warning: automatically included section variable(s) unused in theorem `SafeLearning.CompleteFiniteCMDPLinearProgram.actual_cost_feasible_finite_linear_halfspaces`:
  [Fintype I]
consider restructuring your `variable` declarations so that the variables are not in scope or explicitly omit them:
  omit [Fintype I] in theorem ...

Note: This linter can be disabled with `set_option linter.unusedSectionVars false`
