SafeLearning/CompleteModulesDynamicLayer.lean:68:13: warning: This simp argument is unused:
  actual_bilinear_matrix_pullback

Hint: Omit it from the simp argument list.
  [apply] simp only [← Matrix.mulVec_mulVec, Matrix.dotProduct_transpose_mulVec, Matrix.mulVec_add, add_dotProduct,
    dotProduct_add]

Note: This linter can be disabled with `set_option linter.unusedSimpArgs false`
SafeLearning/CompleteModulesDynamicLayer.lean:69:57: warning: This simp argument is unused:
  add_dotProduct

Hint: Omit it from the simp argument list.
  [apply] simp only [actual_bilinear_matrix_pullback, ← Matrix.mulVec_mulVec, Matrix.dotProduct_transpose_mulVec,
    Matrix.mulVec_add, dotProduct_add]

Note: This linter can be disabled with `set_option linter.unusedSimpArgs false`
SafeLearning/CompleteModulesDynamicLayer.lean:70:47: warning: This simp argument is unused:
  Pi.mul_apply

Hint: Omit it from the simp argument list.
  [apply] simp only [Matrix.mulVec_diagonal, dotProduct, Pi.add_apply, Finset.sum_add_distrib, Finset.sum_sub_distrib,
    Finset.mul_sum, Finset.sum_mul]

Note: This linter can be disabled with `set_option linter.unusedSimpArgs false`
SafeLearning/CompleteModulesDynamicLayer.lean:70:60: warning: This simp argument is unused:
  Pi.add_apply

Hint: Omit it from the simp argument list.
  [apply] simp only [Matrix.mulVec_diagonal, dotProduct, Pi.mul_apply, Finset.sum_add_distrib, Finset.sum_sub_distrib,
    Finset.mul_sum, Finset.sum_mul]

Note: This linter can be disabled with `set_option linter.unusedSimpArgs false`
SafeLearning/CompleteModulesDynamicLayer.lean:70:73: warning: This simp argument is unused:
  Finset.sum_add_distrib

Hint: Omit it from the simp argument list.
  [apply] simp only [Matrix.mulVec_diagonal, dotProduct, Pi.mul_apply, Pi.add_apply, Finset.sum_sub_distrib,
    Finset.mul_sum, Finset.sum_mul]

Note: This linter can be disabled with `set_option linter.unusedSimpArgs false`
SafeLearning/CompleteModulesDynamicLayer.lean:71:4: warning: This simp argument is unused:
  Finset.sum_sub_distrib

Hint: Omit it from the simp argument list.
  [apply] simp only [Matrix.mulVec_diagonal, dotProduct, Pi.mul_apply, Pi.add_apply, Finset.sum_add_distrib,
    Finset.mul_sum, Finset.sum_mul]

Note: This linter can be disabled with `set_option linter.unusedSimpArgs false`
SafeLearning/CompleteModulesDynamicLayer.lean:71:42: warning: This simp argument is unused:
  Finset.sum_mul

Hint: Omit it from the simp argument list.
  [apply] simp only [Matrix.mulVec_diagonal, dotProduct, Pi.mul_apply, Pi.add_apply, Finset.sum_add_distrib,
    Finset.sum_sub_distrib, Finset.mul_sum]

Note: This linter can be disabled with `set_option linter.unusedSimpArgs false`
