SafeLearning/CompleteFiniteControlledPathFlow.lean:80:0: warning: automatically included section variable(s) unused in theorem `SafeLearning.CompleteFiniteControlledPathFlow.actual_joint_discounted_series_summable`:
  [Fintype S]
  [Fintype A]
consider restructuring your `variable` declarations so that the variables are not in scope or explicitly omit them:
  omit [Fintype S] [Fintype A] in theorem ...

Note: This linter can be disabled with `set_option linter.unusedSectionVars false`
SafeLearning/CompleteFiniteControlledPathFlow.lean:88:0: warning: automatically included section variable(s) unused in theorem `SafeLearning.CompleteFiniteControlledPathFlow.actual_state_discounted_series_summable`:
  [Fintype S]
consider restructuring your `variable` declarations so that the variables are not in scope or explicitly omit them:
  omit [Fintype S] in theorem ...

Note: This linter can be disabled with `set_option linter.unusedSectionVars false`
SafeLearning/CompleteFiniteControlledPathFlow.lean:109:29: warning: This simp argument is unused:
  mul_assoc

Hint: Omit it from the simp argument list.
  [apply] simp only [Finset.mul_sum]

Note: This linter can be disabled with `set_option linter.unusedSimpArgs false`
SafeLearning/CompleteFiniteControlledPathFlow.lean:158:0: warning: automatically included section variable(s) unused in theorem `SafeLearning.CompleteFiniteControlledPathFlow.actual_controlled_occupancy_is_the_path_event_occupancy`:
  [Fintype S]
  [Fintype A]
  [IsProbabilityMeasure μ]
consider restructuring your `variable` declarations so that the variables are not in scope or explicitly omit them:
  omit [Fintype S] [Fintype A] [IsProbabilityMeasure μ] in theorem ...

Note: This linter can be disabled with `set_option linter.unusedSectionVars false`
