SafeLearning/CompleteModulesWeightedSeminorm.lean:22:10: warning: This simp argument is unused:
  Matrix.star_eq_conjTranspose

Hint: Omit it from the simp argument list.
  [apply] simp [Matrix.conjTranspose_apply]

Note: This linter can be disabled with `set_option linter.unusedSimpArgs false`
SafeLearning/CompleteModulesWeightedSeminorm.lean:22:39: warning: This simp argument is unused:
  Matrix.conjTranspose_apply

Hint: Omit it from the simp argument list.
  [apply] simp [Matrix.star_eq_conjTranspose]

Note: This linter can be disabled with `set_option linter.unusedSimpArgs false`
SafeLearning/CompleteModulesWeightedSeminorm.lean:26:0: warning: automatically included section variable(s) unused in theorem `SafeLearning.CompleteModulesWeightedSeminorm.actual_weighted_magnitude_is_norm_of_gram_image`:
  [DecidableEq I]
consider restructuring your `variable` declarations so that the variables are not in scope or explicitly omit them:
  omit [DecidableEq I] in theorem ...

Note: This linter can be disabled with `set_option linter.unusedSectionVars false`
SafeLearning/CompleteModulesWeightedSeminorm.lean:60:0: warning: automatically included section variable(s) unused in theorem `SafeLearning.CompleteModulesWeightedSeminorm.actual_weighted_magnitude_vanishes_iff_in_matrix_kernel`:
  [DecidableEq I]
consider restructuring your `variable` declarations so that the variables are not in scope or explicitly omit them:
  omit [DecidableEq I] in theorem ...

Note: This linter can be disabled with `set_option linter.unusedSectionVars false`
