⚠ [8924/8924] Built SafeLearning.CompleteFiniteTrajectoryReturns (5.8s)
warning: SafeLearning/CompleteFiniteTrajectoryReturns.lean:24:0: automatically included section variable(s) unused in theorem `SafeLearning.CompleteFiniteTrajectoryReturns.finite_reward_indicator_decomposition`:
  [MeasurableSpace Ω]
consider restructuring your `variable` declarations so that the variables are not in scope or explicitly omit them:
  omit [MeasurableSpace Ω] in theorem ...

Note: This linter can be disabled with `set_option linter.unusedSectionVars false`
warning: SafeLearning/CompleteFiniteTrajectoryReturns.lean:51:0: automatically included section variable(s) unused in theorem `SafeLearning.CompleteFiniteTrajectoryReturns.actual_path_reward_series_summable`:
  [MeasurableSpace Ω]
consider restructuring your `variable` declarations so that the variables are not in scope or explicitly omit them:
  omit [MeasurableSpace Ω] in theorem ...

Note: This linter can be disabled with `set_option linter.unusedSectionVars false`
warning: SafeLearning/CompleteFiniteTrajectoryReturns.lean:91:0: automatically included section variable(s) unused in theorem `SafeLearning.CompleteFiniteTrajectoryReturns.actual_atom_discounted_series_summable`:
  [Fintype F]
consider restructuring your `variable` declarations so that the variables are not in scope or explicitly omit them:
  omit [Fintype F] in theorem ...

Note: This linter can be disabled with `set_option linter.unusedSectionVars false`
warning: SafeLearning/CompleteFiniteTrajectoryReturns.lean:126:0: automatically included section variable(s) unused in theorem `SafeLearning.CompleteFiniteTrajectoryReturns.actual_path_occupancy_nonnegative`:
  [Fintype F]
  [IsProbabilityMeasure μ]
consider restructuring your `variable` declarations so that the variables are not in scope or explicitly omit them:
  omit [Fintype F] [IsProbabilityMeasure μ] in theorem ...

Note: This linter can be disabled with `set_option linter.unusedSectionVars false`
Build completed successfully (8924 jobs).
