SafeLearning/CompleteModulesRoesserThreeByThree.lean:52:0: warning: automatically included section variable(s) unused in theorem `SafeLearning.CompleteModulesRoesserThreeByThree.actual_roesser_vertical_zero_boundary`:
  [Fintype O]
  [DecidableEq I]
  [DecidableEq O]
consider restructuring your `variable` declarations so that the variables are not in scope or explicitly omit them:
  omit [Fintype O] [DecidableEq I] [DecidableEq O] in theorem ...

Note: This linter can be disabled with `set_option linter.unusedSectionVars false`
SafeLearning/CompleteModulesRoesserThreeByThree.lean:58:0: warning: automatically included section variable(s) unused in theorem `SafeLearning.CompleteModulesRoesserThreeByThree.actual_roesser_horizontal_zero_boundary`:
  [Fintype I]
  [DecidableEq I]
consider restructuring your `variable` declarations so that the variables are not in scope or explicitly omit them:
  omit [Fintype I] [DecidableEq I] in theorem ...

Note: This linter can be disabled with `set_option linter.unusedSectionVars false`
SafeLearning/CompleteModulesRoesserThreeByThree.lean:63:0: warning: automatically included section variable(s) unused in theorem `SafeLearning.CompleteModulesRoesserThreeByThree.actual_roesser_vertical_state_space_recursion`:
  [DecidableEq I]
consider restructuring your `variable` declarations so that the variables are not in scope or explicitly omit them:
  omit [DecidableEq I] in theorem ...

Note: This linter can be disabled with `set_option linter.unusedSectionVars false`
SafeLearning/CompleteModulesRoesserThreeByThree.lean:82:0: warning: automatically included section variable(s) unused in theorem `SafeLearning.CompleteModulesRoesserThreeByThree.actual_roesser_output_is_zero_padded_three_by_three_convolution`:
  [DecidableEq I]
consider restructuring your `variable` declarations so that the variables are not in scope or explicitly omit them:
  omit [DecidableEq I] in theorem ...

Note: This linter can be disabled with `set_option linter.unusedSectionVars false`
SafeLearning/CompleteModulesRoesserThreeByThree.lean:95:0: warning: automatically included section variable(s) unused in theorem `SafeLearning.CompleteModulesRoesserThreeByThree.actual_roesser_three_by_three_state_dimensions`:
  [DecidableEq I]
  [DecidableEq O]
consider restructuring your `variable` declarations so that the variables are not in scope or explicitly omit them:
  omit [DecidableEq I] [DecidableEq O] in theorem ...

Note: This linter can be disabled with `set_option linter.unusedSectionVars false`
