SafeLearning/CompleteModulesGammaLMI.lean:30:8: warning: This simp argument is unused:
  Matrix.smul_mul

Hint: Omit it from the simp argument list.
  [apply] simp [Matrix.mul_smul, smul_smul, hgain.ne']

Note: This linter can be disabled with `set_option linter.unusedSimpArgs false`
SafeLearning/CompleteModulesGammaLMI.lean:30:24: warning: This simp argument is unused:
  Matrix.mul_smul

Hint: Omit it from the simp argument list.
  [apply] simp [Matrix.smul_mul, smul_smul, hgain.ne']

Note: This linter can be disabled with `set_option linter.unusedSimpArgs false`
SafeLearning/CompleteModulesGammaLMI.lean:32:0: warning: automatically included section variable(s) unused in theorem `SafeLearning.CompleteModulesGammaLMI.actual_gamma_matrix_output_reassociation`:
  [Fintype I]
  [Fintype O]
consider restructuring your `variable` declarations so that the variables are not in scope or explicitly omit them:
  omit [Fintype I] [Fintype O] in theorem ...

Note: This linter can be disabled with `set_option linter.unusedSectionVars false`
SafeLearning/CompleteModulesGammaLMI.lean:42:21: warning: This simp argument is unused:
  Matrix.conjTranspose_apply

Hint: Omit it from the simp argument list.
  [apply] simp [actualGammaCertificate, actualGammaLeading, outputBarrierCross, Matrix.submatrix_apply, Equiv.sumAssoc]

Note: This linter can be disabled with `set_option linter.unusedSimpArgs false`
SafeLearning/CompleteModulesGammaLMI.lean:55:0: warning: automatically included section variable(s) unused in theorem `SafeLearning.CompleteModulesGammaLMI.actual_gamma_output_schur_is_literal_source_block`:
  [Fintype I]
consider restructuring your `variable` declarations so that the variables are not in scope or explicitly omit them:
  omit [Fintype I] in theorem ...

Note: This linter can be disabled with `set_option linter.unusedSectionVars false`
SafeLearning/CompleteModulesGammaLMI.lean:68:55: warning: This simp argument is unused:
  Matrix.conjTranspose_conjTranspose

Hint: Omit it from the simp argument list.
  [apply] simp only [Matrix.mul_smul, Matrix.smul_mul, Matrix.mul_one,
    Matrix.conjTranspose_fromRows_eq_fromCols_conjTranspose, Matrix.fromRows_mul_fromCols, Matrix.conjTranspose_zero,
    Matrix.conjTranspose_neg, Matrix.zero_mul, Matrix.mul_zero, Matrix.neg_mul, Matrix.mul_neg, neg_neg]

Note: This linter can be disabled with `set_option linter.unusedSimpArgs false`
SafeLearning/CompleteModulesGammaLMI.lean:71:42: warning: this tactic is never executed

Note: This linter can be disabled with `set_option linter.unreachableTactic false`
SafeLearning/CompleteModulesGammaLMI.lean:71:42: warning: Unused tactic linter: `ring` does nothing

Note: This linter can be disabled with `set_option linter.unusedTactic false`
SafeLearning/CompleteModulesGammaLMI.lean:73:0: warning: automatically included section variable(s) unused in theorem `SafeLearning.CompleteModulesGammaLMI.actual_gamma_scaled_schur_is_negative_lipsdp`:
  [Fintype I]
  [DecidableEq O]
consider restructuring your `variable` declarations so that the variables are not in scope or explicitly omit them:
  omit [Fintype I] [DecidableEq O] in theorem ...

Note: This linter can be disabled with `set_option linter.unusedSectionVars false`
SafeLearning/CompleteModulesGammaLMI.lean:83:62: warning: Used `tac1 <;> tac2` where `(tac1; tac2)` would suffice

Note: This linter can be disabled with `set_option linter.unnecessarySeqFocus false`
SafeLearning/CompleteModulesGammaLMI.lean:91:2: warning: Try this: 
  letI̵

The goal is a proposition, so `let` is preferred over `letI`.
The difference between `let` and `letI` is that `letI` inlines the value.
But this is not relevant for proofs because of proof irrelevance.

Note: This linter can be disabled with `set_option linter.style.haveILetI false`
