⚠ [8924/8931] Replayed SafeLearning.CompleteFiniteTrajectoryReturns
warning: SafeLearning/CompleteFiniteTrajectoryReturns.lean:24:0: automatically included section variable(s) unused in theorem `SafeLearning.CompleteFiniteTrajectoryReturns.finite_reward_indicator_decomposition`:
  [MeasurableSpace Ω]
consider restructuring your `variable` declarations so that the variables are not in scope or explicitly omit them:
  omit [MeasurableSpace Ω] in theorem ...

Note: This linter can be disabled with `set_option linter.unusedSectionVars false`
warning: SafeLearning/CompleteFiniteTrajectoryReturns.lean:51:0: automatically included section variable(s) unused in theorem `SafeLearning.CompleteFiniteTrajectoryReturns.actual_path_reward_series_summable`:
  [MeasurableSpace Ω]
consider restructuring your `variable` declarations so that the variables are not in scope or explicitly omit them:
  omit [MeasurableSpace Ω] in theorem ...

Note: This linter can be disabled with `set_option linter.unusedSectionVars false`
warning: SafeLearning/CompleteFiniteTrajectoryReturns.lean:91:0: automatically included section variable(s) unused in theorem `SafeLearning.CompleteFiniteTrajectoryReturns.actual_atom_discounted_series_summable`:
  [Fintype F]
consider restructuring your `variable` declarations so that the variables are not in scope or explicitly omit them:
  omit [Fintype F] in theorem ...

Note: This linter can be disabled with `set_option linter.unusedSectionVars false`
warning: SafeLearning/CompleteFiniteTrajectoryReturns.lean:126:0: automatically included section variable(s) unused in theorem `SafeLearning.CompleteFiniteTrajectoryReturns.actual_path_occupancy_nonnegative`:
  [Fintype F]
  [IsProbabilityMeasure μ]
consider restructuring your `variable` declarations so that the variables are not in scope or explicitly omit them:
  omit [Fintype F] [IsProbabilityMeasure μ] in theorem ...

Note: This linter can be disabled with `set_option linter.unusedSectionVars false`
⚠ [8925/8931] Replayed SafeLearning.CompleteFiniteCMDPOccupancy
warning: SafeLearning/CompleteFiniteCMDPOccupancy.lean:131:29: This simp argument is unused:
  mul_assoc

Hint: Omit it from the simp argument list.
  [apply] simp only [Finset.mul_sum]

Note: This linter can be disabled with `set_option linter.unusedSimpArgs false`
⚠ [8927/8931] Replayed SafeLearning.CompleteFiniteCMDPRecovery
warning: SafeLearning/CompleteFiniteCMDPRecovery.lean:46:0: automatically included section variable(s) unused in theorem `SafeLearning.CompleteFiniteCMDPRecovery.actual_nonnegative_row_marginal`:
  [Fintype S]
consider restructuring your `variable` declarations so that the variables are not in scope or explicitly omit them:
  omit [Fintype S] in theorem ...

Note: This linter can be disabled with `set_option linter.unusedSectionVars false`
warning: SafeLearning/CompleteFiniteCMDPRecovery.lean:50:0: automatically included section variable(s) unused in theorem `SafeLearning.CompleteFiniteCMDPRecovery.actual_zero_nonnegative_row_has_zero_coordinates`:
  [Fintype S]
consider restructuring your `variable` declarations so that the variables are not in scope or explicitly omit them:
  omit [Fintype S] in theorem ...

Note: This linter can be disabled with `set_option linter.unusedSectionVars false`
warning: SafeLearning/CompleteFiniteCMDPRecovery.lean:57:0: automatically included section variable(s) unused in theorem `SafeLearning.CompleteFiniteCMDPRecovery.actual_recovered_action_nonneg`:
  [Fintype S]
consider restructuring your `variable` declarations so that the variables are not in scope or explicitly omit them:
  omit [Fintype S] in theorem ...

Note: This linter can be disabled with `set_option linter.unusedSectionVars false`
warning: SafeLearning/CompleteFiniteCMDPRecovery.lean:69:32: `if_pos` has been deprecated: Use `ite_eq_left` instead
warning: SafeLearning/CompleteFiniteCMDPRecovery.lean:65:0: automatically included section variable(s) unused in theorem `SafeLearning.CompleteFiniteCMDPRecovery.actual_recovered_action_normalized`:
  [Fintype S]
consider restructuring your `variable` declarations so that the variables are not in scope or explicitly omit them:
  omit [Fintype S] in theorem ...

Note: This linter can be disabled with `set_option linter.unusedSectionVars false`
warning: SafeLearning/CompleteFiniteCMDPRecovery.lean:66:5: Variable name `hρ` is not explicitly referenced.

Hint: The binding can be removed (if unused) or named `_` (if used implicitly). Alternatively, prefix the name with `_` to silence this warning:
  [apply] _hρ

Note: This linter can be disabled with `set_option linter.unusedVariables false`
warning: SafeLearning/CompleteFiniteCMDPRecovery.lean:77:32: `if_pos` has been deprecated: Use `ite_eq_left` instead
⚠ [8928/8931] Replayed SafeLearning.CompleteFiniteControlledPathFlow
warning: SafeLearning/CompleteFiniteControlledPathFlow.lean:80:0: automatically included section variable(s) unused in theorem `SafeLearning.CompleteFiniteControlledPathFlow.actual_joint_discounted_series_summable`:
  [Fintype S]
  [Fintype A]
consider restructuring your `variable` declarations so that the variables are not in scope or explicitly omit them:
  omit [Fintype S] [Fintype A] in theorem ...

Note: This linter can be disabled with `set_option linter.unusedSectionVars false`
warning: SafeLearning/CompleteFiniteControlledPathFlow.lean:88:0: automatically included section variable(s) unused in theorem `SafeLearning.CompleteFiniteControlledPathFlow.actual_state_discounted_series_summable`:
  [Fintype S]
consider restructuring your `variable` declarations so that the variables are not in scope or explicitly omit them:
  omit [Fintype S] in theorem ...

Note: This linter can be disabled with `set_option linter.unusedSectionVars false`
warning: SafeLearning/CompleteFiniteControlledPathFlow.lean:109:29: This simp argument is unused:
  mul_assoc

Hint: Omit it from the simp argument list.
  [apply] simp only [Finset.mul_sum]

Note: This linter can be disabled with `set_option linter.unusedSimpArgs false`
warning: SafeLearning/CompleteFiniteControlledPathFlow.lean:158:0: automatically included section variable(s) unused in theorem `SafeLearning.CompleteFiniteControlledPathFlow.actual_controlled_occupancy_is_the_path_event_occupancy`:
  [Fintype S]
  [Fintype A]
  [IsProbabilityMeasure μ]
consider restructuring your `variable` declarations so that the variables are not in scope or explicitly omit them:
  omit [Fintype S] [Fintype A] [IsProbabilityMeasure μ] in theorem ...

Note: This linter can be disabled with `set_option linter.unusedSectionVars false`
⚠ [8930/8931] Replayed SafeLearning.CompleteFiniteControlledPathMeasureLaws
warning: SafeLearning/CompleteFiniteControlledPathMeasureLaws.lean:57:22: This simp argument is unused:
  PMF.ofFintype_apply

Hint: Omit it from the simp argument list.
  [apply] simp only [stepPMF]

Note: This linter can be disabled with `set_option linter.unusedSimpArgs false`
✔ [8931/8931] Built SafeLearning.CompleteFiniteMarkovPathCorrespondence (5.1s)
Build completed successfully (8931 jobs).
