SafeLearning/CompleteModulesFIRBase.lean:51:46: warning: This simp argument is unused:
  Matrix.smul_mul

Hint: Omit it from the simp argument list.
  [apply] simp [actualFIRGramian, actualFIRStateMatrix, Matrix.mul_smul]

Note: This linter can be disabled with `set_option linter.unusedSimpArgs false`
SafeLearning/CompleteModulesFIRBase.lean:51:62: warning: This simp argument is unused:
  Matrix.mul_smul

Hint: Omit it from the simp argument list.
  [apply] simp [actualFIRGramian, actualFIRStateMatrix, Matrix.smul_mul]

Note: This linter can be disabled with `set_option linter.unusedSimpArgs false`
SafeLearning/CompleteModulesFIRBase.lean:66:2: warning: Used `tac1 <;> tac2` where `(tac1; tac2)` would suffice

Note: This linter can be disabled with `set_option linter.unnecessarySeqFocus false`
SafeLearning/CompleteModulesFIRBase.lean:76:25: warning: This simp argument is unused:
  Matrix.smul_mul

Hint: Omit it from the simp argument list.
  [apply] simp [actualFIRStorage, Matrix.mul_smul, smul_smul, hn]

Note: This linter can be disabled with `set_option linter.unusedSimpArgs false`
SafeLearning/CompleteModulesFIRBase.lean:76:41: warning: This simp argument is unused:
  Matrix.mul_smul

Hint: Omit it from the simp argument list.
  [apply] simp [actualFIRStorage, Matrix.smul_mul, smul_smul, hn]

Note: This linter can be disabled with `set_option linter.unusedSimpArgs false`
SafeLearning/CompleteModulesFIRBase.lean:99:54: warning: This simp argument is unused:
  Fin.sum_univ_one

Hint: Omit it from the simp argument list.
  [apply] simp [actualFIRDissipationMatrix, Matrix.mul_apply]

Note: This linter can be disabled with `set_option linter.unusedSimpArgs false`
