SafeLearning/CompleteModulesLandscapeDiscountedFailure.lean:11:41: error: expected token
SafeLearning/CompleteModulesLandscapeDiscountedFailure.lean:11:38: error(lean.synthInstanceFailed): failed to synthesize instance of type class
  LE Type

Hint: Type class instance resolution failures can be inspected with the `set_option trace.Meta.synthInstance true` command.
SafeLearning/CompleteModulesLandscapeDiscountedFailure.lean:11:40: error(lean.synthInstanceFailed): failed to synthesize instance of type class
  OfNat Type 0
numerals are polymorphic in Lean, but the numeral `0` cannot be used in a context where the expected type is
  Type
due to the absence of the instance above

Hint: Type class instance resolution failures can be inspected with the `set_option trace.Meta.synthInstance true` command.
SafeLearning/CompleteModulesLandscapeDiscountedFailure.lean:15:53: warning: Used `tac1 <;> tac2` where `(tac1; tac2)` would suffice

Note: This linter can be disabled with `set_option linter.unnecessarySeqFocus false`
SafeLearning/CompleteModulesLandscapeDiscountedFailure.lean:22:84: warning: Used `tac1 <;> tac2` where `(tac1; tac2)` would suffice

Note: This linter can be disabled with `set_option linter.unnecessarySeqFocus false`
SafeLearning/CompleteModulesLandscapeDiscountedFailure.lean:25:66: error: unsolved goals
case this
⊢ ?m.31

this : ?m.31
⊢ ∑' (t : ℕ), sourceDiscountedTerm t = ∑' (t : ℕ), (9 / 10) ^ (t + 50)
SafeLearning/CompleteModulesLandscapeDiscountedFailure.lean:26:15: error: unexpected token '∑'; expected prec
SafeLearning/CompleteModulesLandscapeDiscountedFailure.lean:34:12: error: unexpected token ','; expected ':'
SafeLearning/CompleteModulesLandscapeDiscountedFailure.lean:53:21: warning: `Set.mem_setOf_eq` has been deprecated: Use `Set.mem_ofPred_eq` instead
SafeLearning/CompleteModulesLandscapeDiscountedFailure.lean:58:40: error: expected token
