SafeLearning/CompleteModulesFIROperator.lean:33:0: warning: automatically included section variable(s) unused in theorem `SafeLearning.CompleteModulesFIROperator.actual_unit_row_cholesky_certificate_identity`:
  [Fintype N]
  [DecidableEq N]
consider restructuring your `variable` declarations so that the variables are not in scope or explicitly omit them:
  omit [Fintype N] [DecidableEq N] in theorem ...

Note: This linter can be disabled with `set_option linter.unusedSectionVars false`
SafeLearning/CompleteModulesFIROperator.lean:54:67: warning: This simp argument is unused:
  Matrix.mul_apply

Hint: Omit it from the simp argument list.
  [apply] simp [quadratic, actualFIRKernelRow, actualFIROutput, Matrix.mulVec, Fin.sum_univ_two, Fin.sum_univ_one,
    dotProduct]

Note: This linter can be disabled with `set_option linter.unusedSimpArgs false`
SafeLearning/CompleteModulesFIROperator.lean:55:21: warning: This simp argument is unused:
  Fin.sum_univ_one

Hint: Omit it from the simp argument list.
  [apply] simp [quadratic, actualFIRKernelRow, actualFIROutput, Matrix.mulVec, Matrix.mul_apply, Fin.sum_univ_two,
    dotProduct]

Note: This linter can be disabled with `set_option linter.unusedSimpArgs false`
SafeLearning/CompleteModulesFIROperator.lean:70:48: warning: Variable name `hstorage` is not explicitly referenced.

Hint: The binding can be removed (if unused) or named `_` (if used implicitly). Alternatively, prefix the name with `_` to silence this warning:
  [apply] _hstorage

Note: This linter can be disabled with `set_option linter.unusedVariables false`
