Try this:
  [apply] ring_nf
  
  The `ring` tactic failed to close the goal. Use `ring_nf` to obtain a normal form.
    
  Note that `ring` works primarily in *commutative* rings. If you have a noncommutative ring, abelian group or module, consider using `noncomm_ring`, `abel` or `module` instead.
Try this:
  [apply] ring_nf
  
  The `ring` tactic failed to close the goal. Use `ring_nf` to obtain a normal form.
    
  Note that `ring` works primarily in *commutative* rings. If you have a noncommutative ring, abelian group or module, consider using `noncomm_ring`, `abel` or `module` instead.
SafeLearning/CompleteModulesNetworks.lean:49:25: warning: Used `tac1 <;> tac2` where `(tac1; tac2)` would suffice

Note: This linter can be disabled with `set_option linter.unnecessarySeqFocus false`
SafeLearning/CompleteModulesNetworks.lean:52:25: warning: Used `tac1 <;> tac2` where `(tac1; tac2)` would suffice

Note: This linter can be disabled with `set_option linter.unnecessarySeqFocus false`
Try this:
  [apply] ring_nf
  
  The `ring` tactic failed to close the goal. Use `ring_nf` to obtain a normal form.
    
  Note that `ring` works primarily in *commutative* rings. If you have a noncommutative ring, abelian group or module, consider using `noncomm_ring`, `abel` or `module` instead.
Try this:
  [apply] ring_nf
  
  The `ring` tactic failed to close the goal. Use `ring_nf` to obtain a normal form.
    
  Note that `ring` works primarily in *commutative* rings. If you have a noncommutative ring, abelian group or module, consider using `noncomm_ring`, `abel` or `module` instead.
SafeLearning/CompleteModulesNetworks.lean:72:25: warning: Used `tac1 <;> tac2` where `(tac1; tac2)` would suffice

Note: This linter can be disabled with `set_option linter.unnecessarySeqFocus false`
SafeLearning/CompleteModulesNetworks.lean:75:25: warning: Used `tac1 <;> tac2` where `(tac1; tac2)` would suffice

Note: This linter can be disabled with `set_option linter.unnecessarySeqFocus false`
SafeLearning/CompleteModulesNetworks.lean:124:20: warning: Used `tac1 <;> tac2` where `(tac1; tac2)` would suffice

Note: This linter can be disabled with `set_option linter.unnecessarySeqFocus false`
SafeLearning/CompleteModulesNetworks.lean:140:29: warning: `if_true` has been deprecated: Use `ite_true` instead
SafeLearning/CompleteModulesNetworks.lean:140:37: warning: `if_false` has been deprecated: Use `ite_false` instead
SafeLearning/CompleteModulesNetworks.lean:140:29: warning: `if_true` has been deprecated: Use `ite_true` instead
SafeLearning/CompleteModulesNetworks.lean:140:37: warning: `if_false` has been deprecated: Use `ite_false` instead
SafeLearning/CompleteModulesNetworks.lean:140:29: warning: `if_true` has been deprecated: Use `ite_true` instead
SafeLearning/CompleteModulesNetworks.lean:140:37: warning: `if_false` has been deprecated: Use `ite_false` instead
SafeLearning/CompleteModulesNetworks.lean:140:29: warning: `if_true` has been deprecated: Use `ite_true` instead
SafeLearning/CompleteModulesNetworks.lean:140:37: warning: `if_false` has been deprecated: Use `ite_false` instead
SafeLearning/CompleteModulesNetworks.lean:127:5: warning: Variable name `ha` is not explicitly referenced.

Hint: The binding can be removed (if unused) or named `_` (if used implicitly). Alternatively, prefix the name with `_` to silence this warning:
  [apply] _ha

Note: This linter can be disabled with `set_option linter.unusedVariables false`
