SafeLearning/CompleteModulesClassificationNorm.lean:22:14: warning: This simp argument is unused:
  Pi.single_apply

Hint: Omit it from the simp argument list.
  [apply] simp [hf, hs, hdistinct, hdistinct.symm]

Note: This linter can be disabled with `set_option linter.unusedSimpArgs false`
SafeLearning/CompleteModulesClassificationNorm.lean:22:33: warning: This simp argument is unused:
  hs

Hint: Omit it from the simp argument list.
  [apply] simp [Pi.single_apply, hf, hdistinct, hdistinct.symm]

Note: This linter can be disabled with `set_option linter.unusedSimpArgs false`
SafeLearning/CompleteModulesClassificationNorm.lean:22:46: warning: This simp argument is unused:
  hdistinct.symm

Hint: Omit it from the simp argument list.
  [apply] simp [Pi.single_apply, hf, hs, hdistinct]

Note: This linter can be disabled with `set_option linter.unusedSimpArgs false`
SafeLearning/CompleteModulesClassificationNorm.lean:23:14: warning: This simp argument is unused:
  Pi.single_apply

Hint: Omit it from the simp argument list.
  [apply] simp [hf, hs, hdistinct, hdistinct.symm]

Note: This linter can be disabled with `set_option linter.unusedSimpArgs false`
SafeLearning/CompleteModulesClassificationNorm.lean:23:30: warning: This simp argument is unused:
  hf

Hint: Omit it from the simp argument list.
  [apply] simp [Pi.single_apply, hs, hdistinct, hdistinct.symm]

Note: This linter can be disabled with `set_option linter.unusedSimpArgs false`
SafeLearning/CompleteModulesClassificationNorm.lean:23:36: warning: This simp argument is unused:
  hdistinct

Hint: Omit it from the simp argument list.
  [apply] simp [Pi.single_apply, hf, hs, hdistinct.symm]

Note: This linter can be disabled with `set_option linter.unusedSimpArgs false`
SafeLearning/CompleteModulesClassificationNorm.lean:24:14: warning: This simp argument is unused:
  Pi.single_apply

Hint: Omit it from the simp argument list.
  [apply] simp [hf, hs, hdistinct, hdistinct.symm]

Note: This linter can be disabled with `set_option linter.unusedSimpArgs false`
SafeLearning/CompleteModulesClassificationNorm.lean:24:36: warning: This simp argument is unused:
  hdistinct

Hint: Omit it from the simp argument list.
  [apply] simp [Pi.single_apply, hf, hs, hdistinct.symm]

Note: This linter can be disabled with `set_option linter.unusedSimpArgs false`
SafeLearning/CompleteModulesClassificationNorm.lean:24:46: warning: This simp argument is unused:
  hdistinct.symm

Hint: Omit it from the simp argument list.
  [apply] simp [Pi.single_apply, hf, hs, hdistinct]

Note: This linter can be disabled with `set_option linter.unusedSimpArgs false`
SafeLearning/CompleteModulesClassificationNorm.lean:31:0: warning: automatically included section variable(s) unused in theorem `SafeLearning.CompleteModulesClassificationNorm.actual_class_row_difference_is_adjoint_basis_difference`:
  [Fintype I]
  [DecidableEq I]
consider restructuring your `variable` declarations so that the variables are not in scope or explicitly omit them:
  omit [Fintype I] [DecidableEq I] in theorem ...

Note: This linter can be disabled with `set_option linter.unusedSectionVars false`
SafeLearning/CompleteModulesClassificationNorm.lean:36:47: warning: This simp argument is unused:
  Matrix.transpose_apply

Hint: Omit it from the simp argument list.
  [apply] simp [Matrix.mulVec_sub, Matrix.mulVec_single]

Note: This linter can be disabled with `set_option linter.unusedSimpArgs false`
SafeLearning/CompleteModulesClassificationNorm.lean:51:26: warning: Variable name `hglobal` is not explicitly referenced.

Hint: The binding can be removed (if unused) or named `_` (if used implicitly). Alternatively, prefix the name with `_` to silence this warning:
  [apply] _hglobal

Note: This linter can be disabled with `set_option linter.unusedVariables false`
SafeLearning/CompleteModulesClassificationNorm.lean:59:0: warning: automatically included section variable(s) unused in theorem `SafeLearning.CompleteModulesClassificationNorm.actual_quarter_scale_normalizer_increment`:
  [Fintype I]
  [DecidableEq I]
consider restructuring your `variable` declarations so that the variables are not in scope or explicitly omit them:
  omit [Fintype I] [DecidableEq I] in theorem ...

Note: This linter can be disabled with `set_option linter.unusedSectionVars false`
