⚠ [8924/8924] Built SafeLearning.CompleteFiniteNonnegativeAffineExtrema (5.2s)
warning: SafeLearning/CompleteFiniteNonnegativeAffineExtrema.lean:21:4: Try this: 
  letI̵

The goal is a proposition, so `let` is preferred over `letI`.
The difference between `let` and `letI` is that `letI` inlines the value.
But this is not relevant for proofs because of proof irrelevance.

Note: This linter can be disabled with `set_option linter.style.haveILetI false`
warning: SafeLearning/CompleteFiniteNonnegativeAffineExtrema.lean:24:4: Try this: 
  letI̵

The goal is a proposition, so `let` is preferred over `letI`.
The difference between `let` and `letI` is that `letI` inlines the value.
But this is not relevant for proofs because of proof irrelevance.

Note: This linter can be disabled with `set_option linter.style.haveILetI false`
warning: SafeLearning/CompleteFiniteNonnegativeAffineExtrema.lean:42:29: `if_pos` has been deprecated: Use `ite_eq_left` instead
warning: SafeLearning/CompleteFiniteNonnegativeAffineExtrema.lean:46:0: automatically included section variable(s) unused in theorem `SafeLearning.CompleteFiniteNonnegativeAffineExtrema.actual_extreme_nonnegative_affine_point_has_no_supported_kernel_direction`:
  [Fintype J]
consider restructuring your `variable` declarations so that the variables are not in scope or explicitly omit them:
  omit [Fintype J] in theorem ...

Note: This linter can be disabled with `set_option linter.unusedSectionVars false`
warning: SafeLearning/CompleteFiniteNonnegativeAffineExtrema.lean:105:0: automatically included section variable(s) unused in theorem `SafeLearning.CompleteFiniteNonnegativeAffineExtrema.actual_support_extension_is_injective`:
  [Fintype I]
consider restructuring your `variable` declarations so that the variables are not in scope or explicitly omit them:
  omit [Fintype I] in theorem ...

Note: This linter can be disabled with `set_option linter.unusedSectionVars false`
Build completed successfully (8924 jobs).
