⚠ [8924/8929] Replayed SafeLearning.CompleteDualPILinearModel
warning: SafeLearning/CompleteDualPILinearModel.lean:20:58: This simp argument is unused:
  Fin.sum_univ_two

Hint: Omit it from the simp argument list.
  [apply] simp [loopMatrix, loopStep, Matrix.mulVec]

Note: This linter can be disabled with `set_option linter.unusedSimpArgs false`
warning: SafeLearning/CompleteDualPILinearModel.lean:30:4: Used `tac1 <;> tac2` where `(tac1; tac2)` would suffice

Note: This linter can be disabled with `set_option linter.unnecessarySeqFocus false`
warning: SafeLearning/CompleteDualPILinearModel.lean:51:2: Unused tactic linter: `push_cast` does nothing

Note: This linter can be disabled with `set_option linter.unusedTactic false`
⚠ [8927/8929] Replayed SafeLearning.CompleteDualPIStability
warning: SafeLearning/CompleteDualPIStability.lean:73:20: Used `tac1 <;> tac2` where `(tac1; tac2)` would suffice

Note: This linter can be disabled with `set_option linter.unnecessarySeqFocus false`
ℹ [8928/8929] Replayed SafeLearning.CompleteDualPIOscillation
info: SafeLearning/CompleteDualPIOscillation.lean:85:4: Try this:
  [apply] ring_nf
  
  The `ring` tactic failed to close the goal. Use `ring_nf` to obtain a normal form.
    
  Note that `ring` works primarily in *commutative* rings. If you have a noncommutative ring, abelian group or module, consider using `noncomm_ring`, `abel` or `module` instead.
⚠ [8929/8929] Built SafeLearning.CompleteAppliedMultiplierLoop (6.5s)
warning: SafeLearning/CompleteAppliedMultiplierLoop.lean:101:41: this tactic is never executed

Note: This linter can be disabled with `set_option linter.unreachableTactic false`
warning: SafeLearning/CompleteAppliedMultiplierLoop.lean:101:41: Unused tactic linter: `ring` does nothing

Note: This linter can be disabled with `set_option linter.unusedTactic false`
Build completed successfully (8929 jobs).
