⚠ [8924/8930] Replayed SafeLearning.CompleteAppliedGlobalLipschitzPicard
warning: SafeLearning/CompleteAppliedGlobalLipschitzPicard.lean:17:8: automatically included section variable(s) unused in theorem `SafeLearning.CompleteAppliedGlobalLipschitzPicard.extendPath_of_mem`:
  [NormedSpace ℝ E]
  [CompleteSpace E]
consider restructuring your `variable` declarations so that the variables are not in scope or explicitly omit them:
  omit [NormedSpace ℝ E] [CompleteSpace E] in theorem ...

Note: This linter can be disabled with `set_option linter.unusedSectionVars false`
warning: SafeLearning/CompleteAppliedGlobalLipschitzPicard.lean:23:12: automatically included section variable(s) unused in theorem `SafeLearning.CompleteAppliedGlobalLipschitzPicard.extendPath_continuous`:
  [NormedSpace ℝ E]
  [CompleteSpace E]
consider restructuring your `variable` declarations so that the variables are not in scope or explicitly omit them:
  omit [NormedSpace ℝ E] [CompleteSpace E] in theorem ...

Note: This linter can be disabled with `set_option linter.unusedSectionVars false`
⚠ [8926/8930] Replayed SafeLearning.CompleteBarrierAbsolutelyContinuous
warning: SafeLearning/CompleteBarrierAbsolutelyContinuous.lean:28:18: Used `tac1 <;> tac2` where `(tac1; tac2)` would suffice

Note: This linter can be disabled with `set_option linter.unnecessarySeqFocus false`
warning: SafeLearning/CompleteBarrierAbsolutelyContinuous.lean:28:32: Used `tac1 <;> tac2` where `(tac1; tac2)` would suffice

Note: This linter can be disabled with `set_option linter.unnecessarySeqFocus false`
⚠ [8927/8930] Replayed SafeLearning.CompleteAppliedSmallGainStorage
warning: SafeLearning/CompleteAppliedSmallGainStorage.lean:57:40: Used `tac1 <;> tac2` where `(tac1; tac2)` would suffice

Note: This linter can be disabled with `set_option linter.unnecessarySeqFocus false`
⚠ [8930/8930] Built SafeLearning.CompleteAppliedSmallGainSource (4.2s)
warning: SafeLearning/CompleteAppliedSmallGainSource.lean:19:29: Used `tac1 <;> tac2` where `(tac1; tac2)` would suffice

Note: This linter can be disabled with `set_option linter.unnecessarySeqFocus false`
warning: SafeLearning/CompleteAppliedSmallGainSource.lean:19:53: Used `tac1 <;> tac2` where `(tac1; tac2)` would suffice

Note: This linter can be disabled with `set_option linter.unnecessarySeqFocus false`
Build completed successfully (8930 jobs).
