⚠ [8925/8941] Replayed SafeLearning.CompleteFiniteTrajectoryReturns
warning: SafeLearning/CompleteFiniteTrajectoryReturns.lean:24:0: automatically included section variable(s) unused in theorem `SafeLearning.CompleteFiniteTrajectoryReturns.finite_reward_indicator_decomposition`:
  [MeasurableSpace Ω]
consider restructuring your `variable` declarations so that the variables are not in scope or explicitly omit them:
  omit [MeasurableSpace Ω] in theorem ...

Note: This linter can be disabled with `set_option linter.unusedSectionVars false`
warning: SafeLearning/CompleteFiniteTrajectoryReturns.lean:51:0: automatically included section variable(s) unused in theorem `SafeLearning.CompleteFiniteTrajectoryReturns.actual_path_reward_series_summable`:
  [MeasurableSpace Ω]
consider restructuring your `variable` declarations so that the variables are not in scope or explicitly omit them:
  omit [MeasurableSpace Ω] in theorem ...

Note: This linter can be disabled with `set_option linter.unusedSectionVars false`
warning: SafeLearning/CompleteFiniteTrajectoryReturns.lean:91:0: automatically included section variable(s) unused in theorem `SafeLearning.CompleteFiniteTrajectoryReturns.actual_atom_discounted_series_summable`:
  [Fintype F]
consider restructuring your `variable` declarations so that the variables are not in scope or explicitly omit them:
  omit [Fintype F] in theorem ...

Note: This linter can be disabled with `set_option linter.unusedSectionVars false`
warning: SafeLearning/CompleteFiniteTrajectoryReturns.lean:126:0: automatically included section variable(s) unused in theorem `SafeLearning.CompleteFiniteTrajectoryReturns.actual_path_occupancy_nonnegative`:
  [Fintype F]
  [IsProbabilityMeasure μ]
consider restructuring your `variable` declarations so that the variables are not in scope or explicitly omit them:
  omit [Fintype F] [IsProbabilityMeasure μ] in theorem ...

Note: This linter can be disabled with `set_option linter.unusedSectionVars false`
⚠ [8926/8941] Replayed SafeLearning.CompleteFiniteCMDPOccupancy
warning: SafeLearning/CompleteFiniteCMDPOccupancy.lean:131:29: This simp argument is unused:
  mul_assoc

Hint: Omit it from the simp argument list.
  [apply] simp only [Finset.mul_sum]

Note: This linter can be disabled with `set_option linter.unusedSimpArgs false`
⚠ [8928/8941] Replayed SafeLearning.CompleteFiniteCMDPRecovery
warning: SafeLearning/CompleteFiniteCMDPRecovery.lean:46:0: automatically included section variable(s) unused in theorem `SafeLearning.CompleteFiniteCMDPRecovery.actual_nonnegative_row_marginal`:
  [Fintype S]
consider restructuring your `variable` declarations so that the variables are not in scope or explicitly omit them:
  omit [Fintype S] in theorem ...

Note: This linter can be disabled with `set_option linter.unusedSectionVars false`
warning: SafeLearning/CompleteFiniteCMDPRecovery.lean:50:0: automatically included section variable(s) unused in theorem `SafeLearning.CompleteFiniteCMDPRecovery.actual_zero_nonnegative_row_has_zero_coordinates`:
  [Fintype S]
consider restructuring your `variable` declarations so that the variables are not in scope or explicitly omit them:
  omit [Fintype S] in theorem ...

Note: This linter can be disabled with `set_option linter.unusedSectionVars false`
warning: SafeLearning/CompleteFiniteCMDPRecovery.lean:57:0: automatically included section variable(s) unused in theorem `SafeLearning.CompleteFiniteCMDPRecovery.actual_recovered_action_nonneg`:
  [Fintype S]
consider restructuring your `variable` declarations so that the variables are not in scope or explicitly omit them:
  omit [Fintype S] in theorem ...

Note: This linter can be disabled with `set_option linter.unusedSectionVars false`
warning: SafeLearning/CompleteFiniteCMDPRecovery.lean:69:32: `if_pos` has been deprecated: Use `ite_eq_left` instead
warning: SafeLearning/CompleteFiniteCMDPRecovery.lean:65:0: automatically included section variable(s) unused in theorem `SafeLearning.CompleteFiniteCMDPRecovery.actual_recovered_action_normalized`:
  [Fintype S]
consider restructuring your `variable` declarations so that the variables are not in scope or explicitly omit them:
  omit [Fintype S] in theorem ...

Note: This linter can be disabled with `set_option linter.unusedSectionVars false`
warning: SafeLearning/CompleteFiniteCMDPRecovery.lean:66:5: Variable name `hρ` is not explicitly referenced.

Hint: The binding can be removed (if unused) or named `_` (if used implicitly). Alternatively, prefix the name with `_` to silence this warning:
  [apply] _hρ

Note: This linter can be disabled with `set_option linter.unusedVariables false`
warning: SafeLearning/CompleteFiniteCMDPRecovery.lean:77:32: `if_pos` has been deprecated: Use `ite_eq_left` instead
⚠ [8929/8941] Replayed SafeLearning.CompleteFiniteControlledPathFlow
warning: SafeLearning/CompleteFiniteControlledPathFlow.lean:80:0: automatically included section variable(s) unused in theorem `SafeLearning.CompleteFiniteControlledPathFlow.actual_joint_discounted_series_summable`:
  [Fintype S]
  [Fintype A]
consider restructuring your `variable` declarations so that the variables are not in scope or explicitly omit them:
  omit [Fintype S] [Fintype A] in theorem ...

Note: This linter can be disabled with `set_option linter.unusedSectionVars false`
warning: SafeLearning/CompleteFiniteControlledPathFlow.lean:88:0: automatically included section variable(s) unused in theorem `SafeLearning.CompleteFiniteControlledPathFlow.actual_state_discounted_series_summable`:
  [Fintype S]
consider restructuring your `variable` declarations so that the variables are not in scope or explicitly omit them:
  omit [Fintype S] in theorem ...

Note: This linter can be disabled with `set_option linter.unusedSectionVars false`
warning: SafeLearning/CompleteFiniteControlledPathFlow.lean:109:29: This simp argument is unused:
  mul_assoc

Hint: Omit it from the simp argument list.
  [apply] simp only [Finset.mul_sum]

Note: This linter can be disabled with `set_option linter.unusedSimpArgs false`
warning: SafeLearning/CompleteFiniteControlledPathFlow.lean:158:0: automatically included section variable(s) unused in theorem `SafeLearning.CompleteFiniteControlledPathFlow.actual_controlled_occupancy_is_the_path_event_occupancy`:
  [Fintype S]
  [Fintype A]
  [IsProbabilityMeasure μ]
consider restructuring your `variable` declarations so that the variables are not in scope or explicitly omit them:
  omit [Fintype S] [Fintype A] [IsProbabilityMeasure μ] in theorem ...

Note: This linter can be disabled with `set_option linter.unusedSectionVars false`
⚠ [8931/8941] Replayed SafeLearning.CompleteFiniteControlledPathMeasureLaws
warning: SafeLearning/CompleteFiniteControlledPathMeasureLaws.lean:57:22: This simp argument is unused:
  PMF.ofFintype_apply

Hint: Omit it from the simp argument list.
  [apply] simp only [stepPMF]

Note: This linter can be disabled with `set_option linter.unusedSimpArgs false`
⚠ [8933/8941] Replayed SafeLearning.CompleteFiniteCMDPLinearProgram
warning: SafeLearning/CompleteFiniteCMDPLinearProgram.lean:67:0: automatically included section variable(s) unused in theorem `SafeLearning.CompleteFiniteCMDPLinearProgram.actual_cost_feasible_closed`:
  [Fintype I]
consider restructuring your `variable` declarations so that the variables are not in scope or explicitly omit them:
  omit [Fintype I] in theorem ...

Note: This linter can be disabled with `set_option linter.unusedSectionVars false`
warning: SafeLearning/CompleteFiniteCMDPLinearProgram.lean:86:0: automatically included section variable(s) unused in theorem `SafeLearning.CompleteFiniteCMDPLinearProgram.actual_cost_feasible_convex`:
  [Fintype I]
consider restructuring your `variable` declarations so that the variables are not in scope or explicitly omit them:
  omit [Fintype I] in theorem ...

Note: This linter can be disabled with `set_option linter.unusedSectionVars false`
warning: SafeLearning/CompleteFiniteCMDPLinearProgram.lean:98:0: automatically included section variable(s) unused in theorem `SafeLearning.CompleteFiniteCMDPLinearProgram.actual_policy_cost_feasible_iff`:
  [Fintype I]
consider restructuring your `variable` declarations so that the variables are not in scope or explicitly omit them:
  omit [Fintype I] in theorem ...

Note: This linter can be disabled with `set_option linter.unusedSectionVars false`
warning: SafeLearning/CompleteFiniteCMDPLinearProgram.lean:183:0: automatically included section variable(s) unused in theorem `SafeLearning.CompleteFiniteCMDPLinearProgram.actual_cost_feasible_finite_linear_halfspaces`:
  [Fintype I]
consider restructuring your `variable` declarations so that the variables are not in scope or explicitly omit them:
  omit [Fintype I] in theorem ...

Note: This linter can be disabled with `set_option linter.unusedSectionVars false`
⚠ [8934/8941] Replayed SafeLearning.CompleteFiniteHistoryPathLinearProgram
warning: SafeLearning/CompleteFiniteHistoryPathLinearProgram.lean:53:0: automatically included section variable(s) unused in theorem `SafeLearning.CompleteFiniteHistoryPathLinearProgram.actual_history_path_cost_feasible_iff`:
  [Fintype I]
consider restructuring your `variable` declarations so that the variables are not in scope or explicitly omit them:
  omit [Fintype I] in theorem ...

Note: This linter can be disabled with `set_option linter.unusedSectionVars false`
⚠ [8935/8941] Replayed SafeLearning.CompleteFiniteCMDPDeterministicVertices
warning: SafeLearning/CompleteFiniteCMDPDeterministicVertices.lean:18:0: automatically included section variable(s) unused in theorem `SafeLearning.CompleteFiniteCMDPDeterministicVertices.actual_pure_action_nonnegative`:
  [Fintype S]
  [Fintype A]
consider restructuring your `variable` declarations so that the variables are not in scope or explicitly omit them:
  omit [Fintype S] [Fintype A] in theorem ...

Note: This linter can be disabled with `set_option linter.unusedSectionVars false`
warning: SafeLearning/CompleteFiniteCMDPDeterministicVertices.lean:24:0: automatically included section variable(s) unused in theorem `SafeLearning.CompleteFiniteCMDPDeterministicVertices.actual_pure_action_normalized`:
  [Fintype S]
consider restructuring your `variable` declarations so that the variables are not in scope or explicitly omit them:
  omit [Fintype S] in theorem ...

Note: This linter can be disabled with `set_option linter.unusedSectionVars false`
⚠ [8936/8941] Replayed SafeLearning.CompleteAppliedBellmanReturns
warning: SafeLearning/CompleteAppliedBellmanReturns.lean:51:0: automatically included section variable(s) unused in theorem `SafeLearning.CompleteAppliedBellmanReturns.actual_flow_potential_identity`:
  [Nonempty A]
consider restructuring your `variable` declarations so that the variables are not in scope or explicitly omit them:
  omit [Nonempty A] in theorem ...

Note: This linter can be disabled with `set_option linter.unusedSectionVars false`
warning: SafeLearning/CompleteAppliedBellmanReturns.lean:71:30: This simp argument is unused:
  mul_assoc

Hint: Omit it from the simp argument list.
  [apply] simp only [Finset.mul_sum]

Note: This linter can be disabled with `set_option linter.unusedSimpArgs false`
⚠ [8939/8941] Replayed SafeLearning.CompleteAppliedHarvestThreshold
warning: SafeLearning/CompleteAppliedHarvestThreshold.lean:107:69: Used `tac1 <;> tac2` where `(tac1; tac2)` would suffice

Note: This linter can be disabled with `set_option linter.unnecessarySeqFocus false`
warning: SafeLearning/CompleteAppliedHarvestThreshold.lean:107:84: Used `tac1 <;> tac2` where `(tac1; tac2)` would suffice

Note: This linter can be disabled with `set_option linter.unnecessarySeqFocus false`
warning: SafeLearning/CompleteAppliedHarvestThreshold.lean:124:71: Used `tac1 <;> tac2` where `(tac1; tac2)` would suffice

Note: This linter can be disabled with `set_option linter.unnecessarySeqFocus false`
warning: SafeLearning/CompleteAppliedHarvestThreshold.lean:124:86: Used `tac1 <;> tac2` where `(tac1; tac2)` would suffice

Note: This linter can be disabled with `set_option linter.unnecessarySeqFocus false`
warning: SafeLearning/CompleteAppliedHarvestThreshold.lean:140:71: Used `tac1 <;> tac2` where `(tac1; tac2)` would suffice

Note: This linter can be disabled with `set_option linter.unnecessarySeqFocus false`
warning: SafeLearning/CompleteAppliedHarvestThreshold.lean:140:86: Used `tac1 <;> tac2` where `(tac1; tac2)` would suffice

Note: This linter can be disabled with `set_option linter.unnecessarySeqFocus false`
warning: SafeLearning/CompleteAppliedHarvestThreshold.lean:146:29: Used `tac1 <;> tac2` where `(tac1; tac2)` would suffice

Note: This linter can be disabled with `set_option linter.unnecessarySeqFocus false`
warning: SafeLearning/CompleteAppliedHarvestThreshold.lean:107:16: Unused tactic linter: `(try simp only [← one_div])` does nothing

Note: This linter can be disabled with `set_option linter.unusedTactic false`
⚠ [8940/8941] Replayed SafeLearning.CompleteAppliedHarvestConstrained
warning: SafeLearning/CompleteAppliedHarvestConstrained.lean:37:25: Used `tac1 <;> tac2` where `(tac1; tac2)` would suffice

Note: This linter can be disabled with `set_option linter.unnecessarySeqFocus false`
warning: SafeLearning/CompleteAppliedHarvestConstrained.lean:47:19: this tactic is never executed

Note: This linter can be disabled with `set_option linter.unreachableTactic false`
warning: SafeLearning/CompleteAppliedHarvestConstrained.lean:49:15: Used `tac1 <;> tac2` where `(tac1; tac2)` would suffice

Note: This linter can be disabled with `set_option linter.unnecessarySeqFocus false`
warning: SafeLearning/CompleteAppliedHarvestConstrained.lean:47:19: Unused tactic linter: `ring` does nothing

Note: This linter can be disabled with `set_option linter.unusedTactic false`
warning: SafeLearning/CompleteAppliedHarvestConstrained.lean:76:44: this tactic is never executed

Note: This linter can be disabled with `set_option linter.unreachableTactic false`
warning: SafeLearning/CompleteAppliedHarvestConstrained.lean:76:25: Used `tac1 <;> tac2` where `(tac1; tac2)` would suffice

Note: This linter can be disabled with `set_option linter.unnecessarySeqFocus false`
warning: SafeLearning/CompleteAppliedHarvestConstrained.lean:76:44: Unused tactic linter: `ring` does nothing

Note: This linter can be disabled with `set_option linter.unusedTactic false`
✔ [8941/8941] Built SafeLearning.CompleteAppliedHarvestConsequences (4.8s)
Build completed successfully (8941 jobs).
