SafeLearning/CompleteFoundationsContractionApplications.lean:32:6: error: Application type mismatch: The argument
  successorMaximum next f s
has type
  ℝ
but is expected to have type
  Graph ?m.37 ?m.38
in the application
  Graph.IsSpanningSubgraph (successorMaximum next f s)
SafeLearning/CompleteFoundationsContractionApplications.lean:32:33: error(lean.unknownIdentifier): Unknown identifier `uccessorMaximum`
SafeLearning/CompleteFoundationsContractionApplications.lean:29:77: error: unsolved goals
S : Type u_1
A : Type u_2
inst✝² : Fintype S
inst✝¹ : Fintype A
inst✝ : Nonempty A
next : S → A → S
value other : S → ℝ
epsilon : ℝ
he : ∀ (s : S), |value s - other s| ≤ epsilon
s : S
⊢ |successorMaximum next value s - successorMaximum next other s| ≤ epsilon
SafeLearning/CompleteFoundationsContractionApplications.lean:54:44: error: Application type mismatch: The argument
  abs_nonneg ?m.94
has type
  @LE.le ?m.89 (@Preorder.toLE ?m.89 (@PartialOrder.toPreorder ?m.89 Lattice.toSemilatticeInf.toPartialOrder)) 0 |?m.94|
but is expected to have type
  @LE.le ?m.85 (@Preorder.toLE ?m.85 (@PartialOrder.toPreorder ?m.85 LinearOrder.toPartialOrder)) ?m.87 ?m.88
in the application
  max_eq_right (abs_nonneg ?m.94)
SafeLearning/CompleteFoundationsContractionApplications.lean:59:46: error: Application type mismatch: The argument
  hm
has type
  |successorMaximum next value s - successorMaximum next other s| ≤ dist value other
but is expected to have type
  max 0 |successorMaximum next value s - successorMaximum next other s| ≤ dist value other
in the application
  LE.le.trans hmin hm
SafeLearning/CompleteFoundationsContractionApplications.lean:67:6: error: Tactic `rewrite` failed: Did not find an occurrence of the pattern
  min (-?a) (-?b)
in the target expression
  (1 - gamma) * violation s + gamma * max (violation s) (-successorMaximum next (fun t => -value t) s) =
    -((1 - gamma) * (fun t => -violation t) s +
        gamma * min ((fun t => -violation t) s) (successorMaximum next (fun t => -value t) s))

S : Type u_1
A : Type u_2
inst✝² : Fintype S
inst✝¹ : Fintype A
inst✝ : Nonempty A
next : S → A → S
violation : S → ℝ
gamma : ℝ
value : S → ℝ
s : S
⊢ (1 - gamma) * violation s + gamma * max (violation s) (-successorMaximum next (fun t => -value t) s) =
    -((1 - gamma) * (fun t => -violation t) s +
        gamma * min ((fun t => -violation t) s) (successorMaximum next (fun t => -value t) s))
SafeLearning/CompleteFoundationsContractionApplications.lean:105:0: warning: automatically included section variable(s) unused in theorem `SafeLearning.CompleteFoundationsContractionApplications.actual_one_lipschitz_activation_and_linear_norm_make_the_equilibrium_map_lipschitz`:
  [CompleteSpace E]
consider restructuring your `variable` declarations so that the variables are not in scope or explicitly omit them:
  omit [CompleteSpace E] in theorem ...

Note: This linter can be disabled with `set_option linter.unusedSectionVars false`
