SafeLearning/CompleteFoundationsNotation.lean:90:58: error: unsolved goals
case e'_8
rows columns : ℕ
f : EuclideanSpace ℝ (Fin columns) → EuclideanSpace ℝ (Fin rows)
x : EuclideanSpace ℝ (Fin columns)
hf : DifferentiableAt ℝ f x
output : Fin rows
input : Fin columns
hs : HasDerivAt (fun t => x + t • PiLp.single 2 input 1) (PiLp.single 2 input 1) 0
hf' : HasFDerivAt f (fderiv ℝ f x) (x + 0 • PiLp.single 2 input 1)
hvec : HasDerivAt (f ∘ fun t => x + t • PiLp.single 2 input 1) ((fderiv ℝ f x) (PiLp.single 2 input 1)) 0
⊢ (fun t => (f (x + t • PiLp.single 2 input 1)).ofLp output) = ⇑?m.265 ∘ f ∘ fun t => x + t • PiLp.single 2 input 1

case e'_9
rows columns : ℕ
f : EuclideanSpace ℝ (Fin columns) → EuclideanSpace ℝ (Fin rows)
x : EuclideanSpace ℝ (Fin columns)
hf : DifferentiableAt ℝ f x
output : Fin rows
input : Fin columns
hs : HasDerivAt (fun t => x + t • PiLp.single 2 input 1) (PiLp.single 2 input 1) 0
hf' : HasFDerivAt f (fderiv ℝ f x) (x + 0 • PiLp.single 2 input 1)
hvec : HasDerivAt (f ∘ fun t => x + t • PiLp.single 2 input 1) ((fderiv ℝ f x) (PiLp.single 2 input 1)) 0
⊢ sourceJacobian rows columns f x output input = ?m.265 ((fderiv ℝ f x) (PiLp.single 2 input 1))

rows columns : ℕ
f : EuclideanSpace ℝ (Fin columns) → EuclideanSpace ℝ (Fin rows)
x : EuclideanSpace ℝ (Fin columns)
hf : DifferentiableAt ℝ f x
output : Fin rows
input : Fin columns
hs : HasDerivAt (fun t => x + t • PiLp.single 2 input 1) (PiLp.single 2 input 1) 0
hf' : HasFDerivAt f (fderiv ℝ f x) (x + 0 • PiLp.single 2 input 1)
hvec : HasDerivAt (f ∘ fun t => x + t • PiLp.single 2 input 1) ((fderiv ℝ f x) (PiLp.single 2 input 1)) 0
⊢ EuclideanSpace ℝ (Fin rows) →L[ℝ] ℝ
