SafeLearning/CompleteFoundationsNeumannLesson.lean:15:63: error(lean.unknownIdentifier): Unknown identifier `mul_geom_sum_neg`
SafeLearning/CompleteFoundationsNeumannLesson.lean:44:6: error: Tactic `rewrite` failed: Did not find an occurrence of the pattern
  fun i => ∑ j, ‖P i j‖
in the target expression
  ↑(Finset.univ.sup fun i => ∑ j, ‖P i j‖₊) = 1

S : Type u_1
inst✝² : Fintype S
inst✝¹ : DecidableEq S
inst✝ : Nonempty S
P : Matrix S S ℝ
hP0 : ∀ (i j : S), 0 ≤ P i j
hP1 : ∀ (i : S), ∑ j, P i j = 1
hr : (fun i => ∑ j, ‖P i j‖) = fun x => 1
⊢ ↑(Finset.univ.sup fun i => ∑ j, ‖P i j‖₊) = 1

Note: The target expression is not type-correct under the `implicit` transparency level, which may have triggered the failure. This is usually caused by unfolding of semireducible definitions in prior tactic steps. Use `set_option linter.tacticCheckInstances true` to investigate the source of the issue.
Full error:
  function expected
    P i
SafeLearning/CompleteFoundationsNeumannLesson.lean:58:16: error: Type mismatch: After simplification, term
  h.right.right.left
 has type
  @HasSum (Matrix S S ℝ) ℕ Matrix.linftyOpNormedRing.toAddCommMonoid PseudoMetricSpace.toUniformSpace.toTopologicalSpace
    (fun t => A ^ t) (Ring.inverse (1 - A)) (SummationFilter.unconditional ℕ)
but is expected to have type
  @HasSum (Matrix S S ℝ) ℕ Matrix.addCommMonoid instTopologicalSpaceMatrix (fun t => A ^ t) (Ring.inverse (1 - A))
    (SummationFilter.unconditional ℕ)
