SafeLearning/CompleteFoundationsNotation.lean:62:2: error: Type mismatch: After simplification, term
  HasFDerivAt.comp_hasDerivAt 0 hf' hs
 has type
  @HasDerivAt ℝ DenselyNormedField.toNontriviallyNormedField ℝ Real.normedAddCommGroup.toAddCommGroup
    RCLike.toInnerProductSpaceReal.toModule PseudoMetricSpace.toUniformSpace.toTopologicalSpace ⋯
    (f ∘ fun t => x + t • PiLp.single 2 coordinate 1) ((fderiv ℝ f x) (PiLp.single 2 coordinate 1)) 0
but is expected to have type
  @HasDerivAt ℝ DenselyNormedField.toNontriviallyNormedField ℝ Real.instAddCommGroup Semiring.toModule
    PseudoMetricSpace.toUniformSpace.toTopologicalSpace ⋯ (fun t => f (x + t • PiLp.single 2 coordinate 1))
    ((fderiv ℝ f x) (PiLp.single 2 coordinate 1)) 0
SafeLearning/CompleteFoundationsNotation.lean:97:2: error: Type mismatch: After simplification, term
  HasFDerivAt.comp_hasDerivAt 0 (ContinuousLinearMap.hasFDerivAt (EuclideanSpace.proj output)) hvec
 has type
  @HasDerivAt ℝ DenselyNormedField.toNontriviallyNormedField ℝ Real.normedAddCommGroup.toAddCommGroup
    RCLike.toInnerProductSpaceReal.toModule PseudoMetricSpace.toUniformSpace.toTopologicalSpace ⋯
    ((fun x => x.ofLp output) ∘ f ∘ fun t => x + t • PiLp.single 2 input 1)
    (((fderiv ℝ f x) (PiLp.single 2 input 1)).ofLp output) 0
but is expected to have type
  @HasDerivAt ℝ DenselyNormedField.toNontriviallyNormedField ℝ Real.instAddCommGroup Semiring.toModule
    PseudoMetricSpace.toUniformSpace.toTopologicalSpace ⋯ (fun t => (f (x + t • PiLp.single 2 input 1)).ofLp output)
    (((fderiv ℝ f x) (PiLp.single 2 input 1)).ofLp output) 0
