/tmp/modules-safeopt-finite-information-growth19-axiom-probe-v1.lean:31:8: warning: automatically included section variable(s) unused in theorem `_private._stdin.0.SafeLearning.CompleteModulesSafeOptFiniteInformationGrowth.actual_envelope_nonnegative`:
  [DecidableEq X]
consider restructuring your `variable` declarations so that the variables are not in scope or explicitly omit them:
  omit [DecidableEq X] in theorem ...

Note: This linter can be disabled with `set_option linter.unusedSectionVars false`
/tmp/modules-safeopt-finite-information-growth19-axiom-probe-v1.lean:49:28: warning: Variable name `hB` is not explicitly referenced.

Hint: The binding can be removed (if unused) or named `_` (if used implicitly). Alternatively, prefix the name with `_` to silence this warning:
  [apply] _hB

Note: This linter can be disabled with `set_option linter.unusedVariables false`
'SafeLearning.CompleteModulesSafeOptFiniteInformationBound.actual_positive_semidefinite_normalized_determinant_is_a_positive_spectral_product' depends on axioms: [propext,
 Classical.choice,
 Quot.sound]
'SafeLearning.CompleteModulesSafeOptFiniteInformationBound.actual_normalized_finite_kernel_every_design_information_has_the_cardinality_log_bound' depends on axioms: [propext,
 Classical.choice,
 Quot.sound]
'SafeLearning.CompleteModulesSafeOptFiniteInformationBound.actual_normalized_finite_kernel_maximum_information_has_the_cardinality_log_bound' depends on axioms: [propext,
 Classical.choice,
 Quot.sound]
'SafeLearning.CompleteModulesSafeOptLogPowerGrowth.actual_shifted_scaled_log_power_divided_by_integer_time_tends_to_zero' depends on axioms: [propext,
 Classical.choice,
 Quot.sound]
'SafeLearning.CompleteModulesSafeOptLogPowerGrowth.actual_sublinear_width_budget_has_an_exact_positive_rounded_integer_horizon' depends on axioms: [propext,
 Classical.choice,
 Quot.sound]
'SafeLearning.CompleteModulesSafeOptFiniteInformationGrowth.actual_source_sui_squared_width_is_bounded_by_the_finite_horizon_envelope' depends on axioms: [propext,
 Classical.choice,
 Quot.sound]
'SafeLearning.CompleteModulesSafeOptFiniteInformationGrowth.actual_finite_sui_width_envelope_times_maximum_information_is_sublinear' depends on axioms: [propext,
 Classical.choice,
 Quot.sound]
'SafeLearning.CompleteModulesSafeOptFiniteInformationGrowth.actual_source_sui_squared_width_times_maximum_information_is_sublinear' depends on axioms: [propext,
 Classical.choice,
 Quot.sound]
'SafeLearning.CompleteModulesSafeOptFiniteInformationGrowth.actual_finite_source_sui_run_has_a_positive_exact_integer_budget_horizon' depends on axioms: [propext,
 Classical.choice,
 Quot.sound]
