{
  "status": "passed_read_only_actual_explorer_execution",
  "source_sha256": "7160f47739e0fd8b02128d5d2c796e7c3e378333828e5b86929d91d4ea07f2e5",
  "all_rollouts": {
    "steps_per_rollout": 1200,
    "samples": 1201,
    "worst_closed_form_deviation": 2.7755575615628914e-15,
    "worst_prefix_infimum_gap": 0.000007808494083549888,
    "violating_rollouts": 275,
    "safe_parameters": 350,
    "first_island": 175,
    "second_island": 175
  },
  "finite_grid_constants": {
    "implementation_LA_float32_distance": 8.533333079020199,
    "independent_float64_hypot_LA": 8.533333333333339,
    "attainer": [
      249,
      274
    ],
    "mathematical_candidate": 8.533333333333333,
    "implementation_XI": 0.0605
  },
  "gp_initial": {
    "observations": 1,
    "effective_kernel_diagonal": 1.00040001,
    "declared_noise_standard_deviation": 0.02,
    "additional_jitter": 1e-8,
    "cholesky_pivot_floor": 1e-12,
    "max_closed_form_posterior_deviation": 8.881784197001252e-16
  },
  "trace_counts": {
    "safeopt": 24,
    "gosafeopt": 32
  }
}
