/tmp/modules-landscape-sui-kernel-confidence19-independent-axiom-probe-v1.lean:21:0: warning: automatically included section variable(s) unused in theorem `SafeLearning.CompleteModulesLandscapeSuiKernelConfidence.actual_finite_psd_kernel_noise_quadratic_is_nonnegative`:
  [Nonempty X]
consider restructuring your `variable` declarations so that the variables are not in scope or explicitly omit them:
  omit [Nonempty X] in theorem ...

Note: This linter can be disabled with `set_option linter.unusedSectionVars false`
/tmp/modules-landscape-sui-kernel-confidence19-independent-axiom-probe-v1.lean:109:54: warning: This simp argument is unused:
  finiteNoise

Hint: Omit it from the simp argument list.
  [apply] simp only [noisyKernel, actualKernelNoiseQuadratic,
    actual_query_sample_kernel_gram_is_the_actual_past_kernel_gram kernel features hf query n omega]

Note: This linter can be disabled with `set_option linter.unusedSimpArgs false`
'SafeLearning.CompleteModulesLandscapeSuiKernelConfidence.actual_finite_psd_kernel_noise_quadratic_is_nonnegative' depends on axioms: [propext,
 Classical.choice,
 Quot.sound]
'SafeLearning.CompleteModulesLandscapeSuiKernelConfidence.actual_finite_psd_kernel_noise_has_the_source_information_log_cubed_budget' depends on axioms: [propext,
 Classical.choice,
 Quot.sound]
'SafeLearning.CompleteModulesLandscapeSuiKernelConfidence.actual_finite_rkhs_posterior_has_the_source_information_log_cubed_confidence' depends on axioms: [propext,
 Classical.choice,
 Quot.sound]
