'SafeLearning.CompleteModulesSafeOptGPInformationBudget.actual_finite_positive_semidefinite_kernel_has_real_features' depends on axioms: [propext,
 Classical.choice,
 Quot.sound]
'SafeLearning.CompleteModulesSafeOptGPInformationBudget.actual_regularized_finite_feature_posterior_variance_lies_between_zero_and_the_prior' depends on axioms: [propext,
 Classical.choice,
 Quot.sound]
'SafeLearning.CompleteModulesSafeOptGPInformationBudget.actual_real_features_give_the_actual_queried_kernel_posterior_variance' depends on axioms: [propext,
 Classical.choice,
 Quot.sound]
'SafeLearning.CompleteModulesSafeOptGPInformationBudget.actual_finite_maximum_kernel_information_gain_is_attained_and_bounds_every_design' depends on axioms: [propext,
 Classical.choice,
 Quot.sound]
'SafeLearning.CompleteModulesSafeOptGPInformationBudget.actual_normalized_finite_kernel_sequential_posterior_variance_is_in_the_unit_interval' depends on axioms: [propext,
 Classical.choice,
 Quot.sound]
'SafeLearning.CompleteModulesSafeOptGPInformationBudget.actual_finite_kernel_sequential_log_factors_equal_the_realized_design_logdet' depends on axioms: [propext,
 Classical.choice,
 Quot.sound]
'SafeLearning.CompleteModulesSafeOptGPInformationBudget.actual_normalized_finite_kernel_standard_deviations_satisfy_the_actual_maximum_information_budget' depends on axioms: [propext,
 Classical.choice,
 Quot.sound]
'SafeLearning.CompleteModulesSafeOptKernelRunOptimality.actual_normalized_finite_kernel_information_budget_certifies_the_actual_safeopt_run' depends on axioms: [propext,
 Classical.choice,
 Quot.sound]
'SafeLearning.CompleteModulesSafeOptIntegerHorizon.actual_floor_window_width_budget_is_equivalent_to_the_ceiling_horizon_condition' depends on axioms: [propext,
 Classical.choice,
 Quot.sound]
'SafeLearning.CompleteModulesSafeOptIntegerHorizon.actual_rounded_integer_horizon_guarantees_a_positive_window_and_its_width_budget' depends on axioms: [propext,
 Classical.choice,
 Quot.sound]
'SafeLearning.CompleteModulesSafeOptIntegerHorizon.actual_real_quotient_budget_does_not_by_itself_imply_the_floor_window_budget' depends on axioms: [propext,
 Classical.choice,
 Quot.sound]
