SafeLearning/CompletePolicyQuadraticPerspective.lean:21:2: error: 'change' tactic failed, pattern
  whiten H v ⬝ᵥ whiten H v = ?m.181
is not definitionally equal to target
  ∑ i, (WithLp.toLp 2 (whiten H v)).ofLp i ^ 2 = v ⬝ᵥ H⁻¹ *ᵥ v
SafeLearning/CompletePolicyQuadraticPerspective.lean:33:2: error: ring failed, ring expressions not equal
ι : Type u_1
inst✝¹ : Fintype ι
inst✝ : DecidableEq ι
H : Matrix ι ι ℝ
g b : ι → ℝ
u v a z : ℝ
haz : a + z = 1
⊢ 1 = a + z
SafeLearning/CompletePolicyQuadraticPerspective.lean:44:4: error: Type mismatch: After simplification, term
  ht
 has type
  t ∈ perspectiveDomain
but is expected to have type
  0 < t.2
SafeLearning/CompletePolicyQuadraticPerspective.lean:56:6: error: Tactic `rewrite` failed: Did not find an occurrence of the pattern
  (a • p + z • t).1 ⬝ᵥ H⁻¹ *ᵥ (a • p + z • t).1 / (2 * (a • p + z • t).2)
in the target expression
  (fun p => p.1 ⬝ᵥ H⁻¹ *ᵥ p.1 / (2 * p.2)) (a • p + z • t) ≤
    a • (fun p => p.1 ⬝ᵥ H⁻¹ *ᵥ p.1 / (2 * p.2)) p + z • (fun p => p.1 ⬝ᵥ H⁻¹ *ᵥ p.1 / (2 * p.2)) t

ι : Type u_1
inst✝¹ : Fintype ι
inst✝ : DecidableEq ι
H : Matrix ι ι ℝ
hH : H.PosDef
he : ∀ (p : (ι → ℝ) × ℝ), 0 < p.2 → actualDual H p.1 0 0 0 (p.2, 0) = p.1 ⬝ᵥ H⁻¹ *ᵥ p.1 / (2 * p.2)
p : (ι → ℝ) × ℝ
hp : p ∈ perspectiveDomain
t : (ι → ℝ) × ℝ
ht : t ∈ perspectiveDomain
a z : ℝ
ha : 0 ≤ a
hz : 0 ≤ z
haz : a + z = 1
hnew : a • p + z • t ∈ perspectiveDomain
⊢ (fun p => p.1 ⬝ᵥ H⁻¹ *ᵥ p.1 / (2 * p.2)) (a • p + z • t) ≤
    a • (fun p => p.1 ⬝ᵥ H⁻¹ *ᵥ p.1 / (2 * p.2)) p + z • (fun p => p.1 ⬝ᵥ H⁻¹ *ᵥ p.1 / (2 * p.2)) t
SafeLearning/CompletePolicyQuadraticPerspective.lean:79:6: error(lean.unknownIdentifier): Unknown constant `Matrix.inv_one`
SafeLearning/CompletePolicyQuadraticPerspective.lean:75:64: error: unsolved goals
ι : Type u_1
inst✝¹ : Fintype ι
inst✝ : DecidableEq ι
h : ConvexOn ℝ perspectiveDomain fun p => p.1 ⬝ᵥ 1⁻¹ *ᵥ p.1 / (2 * p.2)
p : (ι → ℝ) × ℝ
a✝ : p ∈ perspectiveDomain
⊢ (fun p => p.1 ⬝ᵥ 1⁻¹ *ᵥ p.1 / (2 * p.2)) p = (fun p => ‖WithLp.toLp 2 p.1‖ ^ 2 / (2 * p.2)) p
