SafeLearning/CompletePolicyQuadraticPerspective.lean:21:13: warning: This simp argument is unused:
  WithLp.ofLp_toLp

Hint: Omit it from the simp argument list.
  [apply] simp only [pow_two]

Note: This linter can be disabled with `set_option linter.unusedSimpArgs false`
SafeLearning/CompletePolicyQuadraticPerspective.lean:40:0: warning: automatically included section variable(s) unused in theorem `SafeLearning.CompletePolicyQuadraticPerspective.actual_perspective_domain_is_convex`:
  [Fintype ι]
  [DecidableEq ι]
consider restructuring your `variable` declarations so that the variables are not in scope or explicitly omit them:
  omit [Fintype ι] [DecidableEq ι] in theorem ...

Note: This linter can be disabled with `set_option linter.unusedSectionVars false`
SafeLearning/CompletePolicyQuadraticPerspective.lean:85:14: error: Tactic `rewrite` failed: Did not find an occurrence of the pattern
  1 *ᵥ ?v
in the target expression
  (fun p => p.1 ⬝ᵥ 1 *ᵥ p.1 / (2 * p.2)) p = (fun p => ‖WithLp.toLp 2 p.1‖ ^ 2 / (2 * p.2)) p

ι : Type u_1
inst✝¹ : Fintype ι
inst✝ : DecidableEq ι
h : ConvexOn ℝ perspectiveDomain fun p => p.1 ⬝ᵥ 1⁻¹ *ᵥ p.1 / (2 * p.2)
p : (ι → ℝ) × ℝ
a✝ : p ∈ perspectiveDomain
⊢ (fun p => p.1 ⬝ᵥ 1 *ᵥ p.1 / (2 * p.2)) p = (fun p => ‖WithLp.toLp 2 p.1‖ ^ 2 / (2 * p.2)) p
