SafeLearning/CompletePolicyQuadraticCalculus.lean:15:0: warning: automatically included section variable(s) unused in theorem `SafeLearning.CompletePolicyQuadraticCalculus.actual_linear_form_apply`:
  [DecidableEq ι]
consider restructuring your `variable` declarations so that the variables are not in scope or explicitly omit them:
  omit [DecidableEq ι] in theorem ...

Note: This linter can be disabled with `set_option linter.unusedSectionVars false`
SafeLearning/CompletePolicyQuadraticCalculus.lean:20:2: error: Type mismatch: After simplification, term
  ContinuousLinearMap.hasFDerivAt (dotCLM v)
 has type
  HasFDerivAt (⇑(dotCLM v)) (dotCLM v) ?m.33
but is expected to have type
  HasFDerivAt (fun y => v ⬝ᵥ y) (dotCLM v) x
SafeLearning/CompletePolicyQuadraticCalculus.lean:31:15: warning: `ContinuousLinearMap.sum_apply` has been deprecated: Use `_root_.sum_apply` instead

Note: The updated constant is in a different namespace. Dot notation may need to be changed (e.g., from `x.sum_apply` to `_root_.sum_apply x`).
SafeLearning/CompletePolicyQuadraticCalculus.lean:31:46: warning: `ContinuousLinearMap.add_apply` has been deprecated: Use `_root_.add_apply` instead

Note: The updated constant is in a different namespace. Dot notation may need to be changed (e.g., from `x.add_apply` to `_root_.add_apply x`).
SafeLearning/CompletePolicyQuadraticCalculus.lean:32:6: warning: `ContinuousLinearMap.smul_apply` has been deprecated: Use `_root_.smul_apply` instead

Note: The updated constant is in a different namespace. Dot notation may need to be changed (e.g., from `x.smul_apply` to `_root_.smul_apply x`).
SafeLearning/CompletePolicyQuadraticCalculus.lean:34:4: error: 'change' tactic failed, pattern
  2 • H *ᵥ x ⬝ᵥ d = x ⬝ᵥ H *ᵥ d + d ⬝ᵥ H *ᵥ x
is not definitionally equal to target
  2 • H *ᵥ x ⬝ᵥ d = ∑ x_1, x x_1 * H x_1 ⬝ᵥ d + ∑ i, H i ⬝ᵥ x * d i
Try this:
  [apply] ring_nf
  
  The `ring` tactic failed to close the goal. Use `ring_nf` to obtain a normal form.
    
  Note that `ring` works primarily in *commutative* rings. If you have a noncommutative ring, abelian group or module, consider using `noncomm_ring`, `abel` or `module` instead.
SafeLearning/CompletePolicyQuadraticCalculus.lean:50:2: error: unsolved goals
case e'_12
ι : Type u_1
inst✝¹ : Fintype ι
inst✝ : DecidableEq ι
H : Matrix ι ι ℝ
hH : H.PosDef
g b : ι → ℝ
c δ lam nu : ℝ
x : ι → ℝ
hq : HasFDerivAt (fun y => y ⬝ᵥ H *ᵥ y * (1 / 2)) ((1 / 2) • dotCLM (2 • H *ᵥ x)) x
hcost : HasFDerivAt (fun y => nu * (c + b ⬝ᵥ y)) (nu • dotCLM b) x
htrust : HasFDerivAt (fun y => lam * (y ⬝ᵥ H *ᵥ y * (1 / 2) - δ)) (lam • (1 / 2) • dotCLM (2 • H *ᵥ x)) x
hd :
  HasFDerivAt (((fun y => g ⬝ᵥ y) - fun y => nu * (c + b ⬝ᵥ y)) - fun y => lam * (y ⬝ᵥ H *ᵥ y * (1 / 2) - δ))
    (dotCLM g - nu • dotCLM b - lam • (1 / 2) • dotCLM (2 • H *ᵥ x)) x
e_4✝ : Pi.addCommGroup = Pi.normedAddCommGroup.toAddCommGroup
he✝¹ : Pi.Function.module ι ℝ ℝ = Pi.normedSpace.toModule
e_6✝ : Pi.topologicalSpace = PseudoMetricSpace.toUniformSpace.toTopologicalSpace
e_8✝ : Real.instAddCommGroup = Real.normedAddCommGroup.toAddCommGroup
he✝ : Semiring.toModule = RCLike.toInnerProductSpaceReal.toModule
d : ι → ℝ
⊢ H *ᵥ x ⬝ᵥ d = (H *ᵥ x * 2) ⬝ᵥ d * (1 / 2) ∨ lam = 0
Try this:
  [apply] ring_nf
  
  The `ring` tactic failed to close the goal. Use `ring_nf` to obtain a normal form.
    
  Note that `ring` works primarily in *commutative* rings. If you have a noncommutative ring, abelian group or module, consider using `noncomm_ring`, `abel` or `module` instead.
SafeLearning/CompletePolicyQuadraticCalculus.lean:91:66: error: unsolved goals
case e'_8
ι : Type u_1
inst✝¹ : Fintype ι
inst✝ : DecidableEq ι
H : Matrix ι ι ℝ
hH : H.PosDef
g b : ι → ℝ
c δ lam nu : ℝ
hlam : 0 < lam
hd :
  HasDerivAt
    ((fun x => ((fun x => (g - nu • b) ⬝ᵥ H⁻¹ *ᵥ (g - nu • b)) / fun y => 2 * id y) x - nu * c) + fun y => id y * δ)
    ((0 * (2 * id lam) - (g - nu • b) ⬝ᵥ H⁻¹ *ᵥ (g - nu • b) * (2 * 1)) / (2 * id lam) ^ 2 + 1 * δ) lam
⊢ (fun t =>
      nu * b ⬝ᵥ H⁻¹ *ᵥ (g - nu • b) * t⁻¹ * (-1 / 2) - nu * c + g ⬝ᵥ H⁻¹ *ᵥ (g - nu • b) * t⁻¹ * (1 / 2) + t * δ) =
    (fun x => nu * b ⬝ᵥ H⁻¹ *ᵥ (g - nu • b) * x⁻¹ * (-1 / 2) - nu * c + g ⬝ᵥ H⁻¹ *ᵥ (g - nu • b) * x⁻¹ * (1 / 2)) +
      fun y => δ * y

case e'_9
ι : Type u_1
inst✝¹ : Fintype ι
inst✝ : DecidableEq ι
H : Matrix ι ι ℝ
hH : H.PosDef
g b : ι → ℝ
c δ lam nu : ℝ
hlam : 0 < lam
hd :
  HasDerivAt
    ((fun x => ((fun x => (g - nu • b) ⬝ᵥ H⁻¹ *ᵥ (g - nu • b)) / fun y => 2 * id y) x - nu * c) + fun y => id y * δ)
    ((0 * (2 * id lam) - (g - nu • b) ⬝ᵥ H⁻¹ *ᵥ (g - nu • b) * (2 * 1)) / (2 * id lam) ^ 2 + 1 * δ) lam
⊢ (nu * b ⬝ᵥ H⁻¹ *ᵥ (g - nu • b) - g ⬝ᵥ H⁻¹ *ᵥ (g - nu • b)) / (2 * lam ^ 2) =
    -((g ⬝ᵥ H⁻¹ *ᵥ (g - nu • b) - nu * b ⬝ᵥ H⁻¹ *ᵥ (g - nu • b)) * 2) / (2 * lam) ^ 2
Try this:
  [apply] ring_nf
  
  The `ring` tactic failed to close the goal. Use `ring_nf` to obtain a normal form.
    
  Note that `ring` works primarily in *commutative* rings. If you have a noncommutative ring, abelian group or module, consider using `noncomm_ring`, `abel` or `module` instead.
SafeLearning/CompletePolicyQuadraticCalculus.lean:101:61: error: unsolved goals
case e'_8
ι : Type u_1
inst✝¹ : Fintype ι
inst✝ : DecidableEq ι
H : Matrix ι ι ℝ
hH : H.PosDef
g b : ι → ℝ
c δ lam nu : ℝ
hlam : 0 < lam
hd :
  HasDerivAt
    (fun x =>
      (((fun x => g ⬝ᵥ H⁻¹ *ᵥ g) - fun y => 2 * g ⬝ᵥ H⁻¹ *ᵥ b * id y) + fun y => (id ^ 2) y * b ⬝ᵥ H⁻¹ *ᵥ b) x /
        (2 * lam))
    ((0 - 2 * g ⬝ᵥ H⁻¹ *ᵥ b * 1 + ↑2 * id nu ^ (2 - 1) * 1 * b ⬝ᵥ H⁻¹ *ᵥ b) / (2 * lam)) nu
hp :
  HasDerivAt
    (fun x =>
      ((fun x =>
              (((fun x => g ⬝ᵥ H⁻¹ *ᵥ g) - fun y => 2 * g ⬝ᵥ H⁻¹ *ᵥ b * id y) + fun y => (id ^ 2) y * b ⬝ᵥ H⁻¹ *ᵥ b) x /
                (2 * lam)) -
            fun y => id y * c)
          x +
        lam * δ)
    ((0 - 2 * g ⬝ᵥ H⁻¹ *ᵥ b * 1 + ↑2 * id nu ^ (2 - 1) * 1 * b ⬝ᵥ H⁻¹ *ᵥ b) / (2 * lam) - 1 * c) nu
he :
  (fun t => actualDual H g b c δ (lam, t)) = fun t =>
    (g ⬝ᵥ H⁻¹ *ᵥ g - 2 * t * g ⬝ᵥ H⁻¹ *ᵥ b + t ^ 2 * b ⬝ᵥ H⁻¹ *ᵥ b) / (2 * lam) - t * c + lam * δ
⊢ (fun t =>
      g ⬝ᵥ H⁻¹ *ᵥ g * lam⁻¹ * (1 / 2) - t * g ⬝ᵥ H⁻¹ *ᵥ b * lam⁻¹ - t * lam * c * lam⁻¹ +
          t ^ 2 * b ⬝ᵥ H⁻¹ *ᵥ b * lam⁻¹ * (1 / 2) +
        lam ^ 2 * δ * lam⁻¹) =
    fun x =>
    g ⬝ᵥ H⁻¹ *ᵥ g * lam⁻¹ * (1 / 2) - g ⬝ᵥ H⁻¹ *ᵥ b * lam⁻¹ * x + b ⬝ᵥ H⁻¹ *ᵥ b * lam⁻¹ * x ^ 2 * (1 / 2) -
        lam * c * lam⁻¹ * x +
      lam ^ 2 * δ * lam⁻¹

case e'_9
ι : Type u_1
inst✝¹ : Fintype ι
inst✝ : DecidableEq ι
H : Matrix ι ι ℝ
hH : H.PosDef
g b : ι → ℝ
c δ lam nu : ℝ
hlam : 0 < lam
hd :
  HasDerivAt
    (fun x =>
      (((fun x => g ⬝ᵥ H⁻¹ *ᵥ g) - fun y => 2 * g ⬝ᵥ H⁻¹ *ᵥ b * id y) + fun y => (id ^ 2) y * b ⬝ᵥ H⁻¹ *ᵥ b) x /
        (2 * lam))
    ((0 - 2 * g ⬝ᵥ H⁻¹ *ᵥ b * 1 + ↑2 * id nu ^ (2 - 1) * 1 * b ⬝ᵥ H⁻¹ *ᵥ b) / (2 * lam)) nu
hp :
  HasDerivAt
    (fun x =>
      ((fun x =>
              (((fun x => g ⬝ᵥ H⁻¹ *ᵥ g) - fun y => 2 * g ⬝ᵥ H⁻¹ *ᵥ b * id y) + fun y => (id ^ 2) y * b ⬝ᵥ H⁻¹ *ᵥ b) x /
                (2 * lam)) -
            fun y => id y * c)
          x +
        lam * δ)
    ((0 - 2 * g ⬝ᵥ H⁻¹ *ᵥ b * 1 + ↑2 * id nu ^ (2 - 1) * 1 * b ⬝ᵥ H⁻¹ *ᵥ b) / (2 * lam) - 1 * c) nu
he :
  (fun t => actualDual H g b c δ (lam, t)) = fun t =>
    (g ⬝ᵥ H⁻¹ *ᵥ g - 2 * t * g ⬝ᵥ H⁻¹ *ᵥ b + t ^ 2 * b ⬝ᵥ H⁻¹ *ᵥ b) / (2 * lam) - t * c + lam * δ
⊢ (nu * b ⬝ᵥ H⁻¹ *ᵥ b - g ⬝ᵥ H⁻¹ *ᵥ b) / lam - c =
    (0 - 2 * g ⬝ᵥ H⁻¹ *ᵥ b * 1 + ↑2 * id nu ^ (2 - 1) * 1 * b ⬝ᵥ H⁻¹ *ᵥ b) / (2 * lam) - 1 * c
