SafeLearning/CompletePolicyTRPOCalculus.lean:23:33: error: Invalid `←` modifier: `q` is a declaration name to be unfolded

Hint: The simplifier cannot "refold" definitions by name. Use `rw` for this instead,
                      or use the `←` simp modifier with an equational lemma for `q`.
SafeLearning/CompletePolicyTRPOCalculus.lean:23:2: error: Type mismatch: After simplification, term
  hd
 has type
  HasDerivAt (fun t => actualDual H g b c δ (t, 0)) (-(g ⬝ᵥ H⁻¹ *ᵥ g) / (2 * lambdaZero H g δ ^ 2) + δ)
    (lambdaZero H g δ)
but is expected to have type
  HasDerivAt (fun t => actualDual H g b c δ (t, 0)) 0 (lambdaZero H g δ)
SafeLearning/CompletePolicyTRPOCalculus.lean:45:31: error: Invalid `←` modifier: `r` is a declaration name to be unfolded

Hint: The simplifier cannot "refold" definitions by name. Use `rw` for this instead,
                      or use the `←` simp modifier with an equational lemma for `r`.
Try this:
  [apply] ring_nf
  
  The `ring` tactic failed to close the goal. Use `ring_nf` to obtain a normal form.
    
  Note that `ring` works primarily in *commutative* rings. If you have a noncommutative ring, abelian group or module, consider using `noncomm_ring`, `abel` or `module` instead.
SafeLearning/CompletePolicyTRPOCalculus.lean:32:38: error: unsolved goals
ι : Type u_1
inst✝¹ : Fintype ι
inst✝ : DecidableEq ι
H : Matrix ι ι ℝ
hH : H.PosDef
g b : ι → ℝ
hg : g ≠ 0
c δ : ℝ
hδ : 0 < δ
hf : c + r H g b * √(2 * δ / q H g) ≤ 0
hp : 0 < lambdaZero H g δ
hscale : 1 / lambdaZero H g δ = √(2 * δ / q H g)
hmul : lambdaZero H g δ * c + r H g b ≤ 0
he : lambdaZero H g δ * (c + r H g b * √(2 * δ / q H g)) = lambdaZero H g δ * c + r H g b
hd :
  HasDerivAt (fun t => actualDual H g b c δ (lambdaZero H g δ, t))
    ((0 * b ⬝ᵥ H⁻¹ *ᵥ b - g ⬝ᵥ H⁻¹ *ᵥ b) / lambdaZero H g δ - c) 0
⊢ -(lambdaZero H g δ * c) - r H g b = -(lambdaZero H g δ * c) - g ⬝ᵥ H⁻¹ *ᵥ b
SafeLearning/CompletePolicyTRPOCalculus.lean:62:8: warning: this tactic is never executed

Note: This linter can be disabled with `set_option linter.unreachableTactic false`
SafeLearning/CompletePolicyTRPOCalculus.lean:62:8: warning: Unused tactic linter: `ring` does nothing

Note: This linter can be disabled with `set_option linter.unusedTactic false`
