SafeLearning/CompletePolicyQuadraticPerspective.lean:27:4: error: Tactic `rewrite` failed: Did not find an occurrence of the pattern
  (?M * ?N) *ᵥ ?v
in the target expression
  v ⬝ᵥ CFC.sqrt H⁻¹ *ᵥ CFC.sqrt H⁻¹ *ᵥ v = v ⬝ᵥ H⁻¹ *ᵥ v

ι : Type u_1
inst✝¹ : Fintype ι
inst✝ : DecidableEq ι
H : Matrix ι ι ℝ
hH : H.PosDef
v : ι → ℝ
hn : 0 ≤ H⁻¹
hs : CFC.sqrt H⁻¹ * CFC.sqrt H⁻¹ = H⁻¹
hh : (CFC.sqrt H⁻¹).IsHermitian
he : v ⬝ᵥ CFC.sqrt H⁻¹ *ᵥ CFC.sqrt H⁻¹ *ᵥ v = CFC.sqrt H⁻¹ *ᵥ v ⬝ᵥ CFC.sqrt H⁻¹ *ᵥ v
⊢ v ⬝ᵥ CFC.sqrt H⁻¹ *ᵥ CFC.sqrt H⁻¹ *ᵥ v = v ⬝ᵥ H⁻¹ *ᵥ v
SafeLearning/CompletePolicyQuadraticPerspective.lean:21:13: warning: This simp argument is unused:
  WithLp.ofLp_toLp

Hint: Omit it from the simp argument list.
  [apply] simp only [pow_two]

Note: This linter can be disabled with `set_option linter.unusedSimpArgs false`
SafeLearning/CompletePolicyQuadraticPerspective.lean:34:2: error: ring failed, ring expressions not equal
ι : Type u_1
inst✝¹ : Fintype ι
inst✝ : DecidableEq ι
H : Matrix ι ι ℝ
g b : ι → ℝ
u v a z : ℝ
haz : a + z = 1
⊢ 1 = a + z
SafeLearning/CompletePolicyQuadraticPerspective.lean:39:0: warning: automatically included section variable(s) unused in theorem `SafeLearning.CompletePolicyQuadraticPerspective.actual_perspective_domain_is_convex`:
  [Fintype ι]
  [DecidableEq ι]
consider restructuring your `variable` declarations so that the variables are not in scope or explicitly omit them:
  omit [Fintype ι] [DecidableEq ι] in theorem ...

Note: This linter can be disabled with `set_option linter.unusedSectionVars false`
SafeLearning/CompletePolicyQuadraticPerspective.lean:84:6: error(lean.unknownIdentifier): Unknown constant `Matrix.nonsing_inv_one`
SafeLearning/CompletePolicyQuadraticPerspective.lean:80:64: error: unsolved goals
ι : Type u_1
inst✝¹ : Fintype ι
inst✝ : DecidableEq ι
h : ConvexOn ℝ perspectiveDomain fun p => p.1 ⬝ᵥ 1⁻¹ *ᵥ p.1 / (2 * p.2)
p : (ι → ℝ) × ℝ
a✝ : p ∈ perspectiveDomain
⊢ (fun p => p.1 ⬝ᵥ 1⁻¹ *ᵥ p.1 / (2 * p.2)) p = (fun p => ‖WithLp.toLp 2 p.1‖ ^ 2 / (2 * p.2)) p
