SafeLearning.CompleteModulesLandscapeMaximalExistence.ForwardSolution.{u_1} {E : Type u_1} [NormedAddCommGroup E]
  [NormedSpace ℝ E] (f : E → E) (D : Set E) (x₀ : E) : Type u_1
SafeLearning.CompleteModulesLandscapeMaximalExistence.ForwardSolution.Extends.{u_1} {E : Type u_1}
  [NormedAddCommGroup E] [NormedSpace ℝ E] {f : E → E} {D : Set E} {x₀ : E}
  (p q : SafeLearning.CompleteModulesLandscapeMaximalExistence.ForwardSolution f D x₀) : Prop
SafeLearning.CompleteModulesLandscapeMaximalExistence.ForwardSolution.extends_refl.{u_1} {E : Type u_1}
  [NormedAddCommGroup E] [NormedSpace ℝ E] {f : E → E} {D : Set E} {x₀ : E}
  (p : SafeLearning.CompleteModulesLandscapeMaximalExistence.ForwardSolution f D x₀) : p.Extends p
SafeLearning.CompleteModulesLandscapeMaximalExistence.ForwardSolution.extends_trans.{u_1} {E : Type u_1}
  [NormedAddCommGroup E] [NormedSpace ℝ E] {f : E → E} {D : Set E} {x₀ : E}
  {p q r : SafeLearning.CompleteModulesLandscapeMaximalExistence.ForwardSolution f D x₀} (hpq : p.Extends q)
  (hqr : q.Extends r) : p.Extends r
SafeLearning.CompleteModulesLandscapeMaximalExistence.ForwardSolution.actual_nonempty_chain_has_a_forward_solution_upper_bound.{u_1}
  {E : Type u_1} [NormedAddCommGroup E] [NormedSpace ℝ E] {f : E → E} {D : Set E} {x₀ : E}
  (c : Set (SafeLearning.CompleteModulesLandscapeMaximalExistence.ForwardSolution f D x₀))
  (hc : IsChain SafeLearning.CompleteModulesLandscapeMaximalExistence.ForwardSolution.Extends c) (hne : c.Nonempty) :
  ∃ u, ∀ p ∈ c, p.Extends u
SafeLearning.CompleteModulesLandscapeMaximalExistence.actual_forward_solution_exists_locally.{u_1} {E : Type u_1}
  [NormedAddCommGroup E] [NormedSpace ℝ E] [CompleteSpace E] (f : E → E) (D : Set E) (hD : IsOpen D)
  (hf : LocallyLipschitzOn D f) (x₀ : E) (hx₀ : x₀ ∈ D) :
  Nonempty (SafeLearning.CompleteModulesLandscapeMaximalExistence.ForwardSolution f D x₀)
SafeLearning.CompleteModulesLandscapeMaximalExistence.actual_locally_lipschitz_field_has_a_forward_maximal_solution_from_every_domain_point.{u_1}
  {E : Type u_1} [NormedAddCommGroup E] [NormedSpace ℝ E] [CompleteSpace E] (f : E → E) (D : Set E) (hD : IsOpen D)
  (hf : LocallyLipschitzOn D f) (x₀ : E) (hx₀ : x₀ ∈ D) :
  ∃ B,
    0 < B ∧
      ∃ x,
        x 0 = x₀ ∧
          Set.MapsTo x (SafeLearning.CompleteModulesLandscapeMaximalEndpoint.forwardTimeDomain B) D ∧
            (∀ t ∈ SafeLearning.CompleteModulesLandscapeMaximalEndpoint.forwardTimeDomain B,
                HasDerivWithinAt x (f (x t)) (SafeLearning.CompleteModulesLandscapeMaximalEndpoint.forwardTimeDomain B)
                  t) ∧
              SafeLearning.CompleteModulesLandscapeMaximalEndpoint.IsForwardMaximal f D x B
