SafeLearning/CompletePolicyQuadraticCalculus.lean:15:0: warning: automatically included section variable(s) unused in theorem `SafeLearning.CompletePolicyQuadraticCalculus.actual_linear_form_apply`:
  [DecidableEq ι]
consider restructuring your `variable` declarations so that the variables are not in scope or explicitly omit them:
  omit [DecidableEq ι] in theorem ...

Note: This linter can be disabled with `set_option linter.unusedSectionVars false`
SafeLearning/CompletePolicyQuadraticCalculus.lean:33:15: warning: `ContinuousLinearMap.sum_apply` has been deprecated: Use `_root_.sum_apply` instead

Note: The updated constant is in a different namespace. Dot notation may need to be changed (e.g., from `x.sum_apply` to `_root_.sum_apply x`).
SafeLearning/CompletePolicyQuadraticCalculus.lean:33:46: warning: `ContinuousLinearMap.add_apply` has been deprecated: Use `_root_.add_apply` instead

Note: The updated constant is in a different namespace. Dot notation may need to be changed (e.g., from `x.add_apply` to `_root_.add_apply x`).
SafeLearning/CompletePolicyQuadraticCalculus.lean:34:6: warning: `ContinuousLinearMap.smul_apply` has been deprecated: Use `_root_.smul_apply` instead

Note: The updated constant is in a different namespace. Dot notation may need to be changed (e.g., from `x.smul_apply` to `_root_.smul_apply x`).
SafeLearning/CompletePolicyQuadraticCalculus.lean:42:4: error: `simp` made no progress
SafeLearning/CompletePolicyQuadraticCalculus.lean:57:15: warning: `ContinuousLinearMap.sub_apply` has been deprecated: Use `_root_.sub_apply` instead

Note: The updated constant is in a different namespace. Dot notation may need to be changed (e.g., from `x.sub_apply` to `_root_.sub_apply x`).
SafeLearning/CompletePolicyQuadraticCalculus.lean:57:46: warning: `ContinuousLinearMap.smul_apply` has been deprecated: Use `_root_.smul_apply` instead

Note: The updated constant is in a different namespace. Dot notation may need to be changed (e.g., from `x.smul_apply` to `_root_.smul_apply x`).
SafeLearning/CompletePolicyQuadraticCalculus.lean:104:10: warning: this tactic is never executed

Note: This linter can be disabled with `set_option linter.unreachableTactic false`
SafeLearning/CompletePolicyQuadraticCalculus.lean:104:10: warning: Unused tactic linter: `ring` does nothing

Note: This linter can be disabled with `set_option linter.unusedTactic false`
SafeLearning/CompletePolicyQuadraticCalculus.lean:126:31: warning: This simp argument is unused:
  zero_mul

Hint: Omit it from the simp argument list.
  [apply] simp only [id_eq, mul_one, zero_sub]

Note: This linter can be disabled with `set_option linter.unusedSimpArgs false`
SafeLearning/CompletePolicyQuadraticCalculus.lean:129:4: warning: Used `tac1 <;> tac2` where `(tac1; tac2)` would suffice

Note: This linter can be disabled with `set_option linter.unnecessarySeqFocus false`
