'SafeLearning.CompleteModulesLandscapeHalfspaceQP.actual_single_halfspace_QP_controller_satisfies_the_constraint' depends on axioms: [propext,
 Classical.choice,
 Quot.sound]
'SafeLearning.CompleteModulesLandscapeHalfspaceQP.actual_single_halfspace_QP_controller_has_the_strong_squared_distance_minimum' depends on axioms: [propext,
 Classical.choice,
 Quot.sound]
'SafeLearning.CompleteModulesLandscapeHalfspaceQP.actual_single_halfspace_QP_controller_is_the_unique_squared_distance_minimizer' depends on axioms: [propext,
 Classical.choice,
 Quot.sound]
'SafeLearning.CompleteModulesLandscapeHalfspaceQP.actual_single_halfspace_QP_optimizer_is_locally_lipschitz_under_nonzero_coefficient_regularity' depends on axioms: [propext,
 Classical.choice,
 Quot.sound]
'SafeLearning.CompleteModulesLandscapeHalfspaceQPInactive.actual_inactive_halfspace_QP_returns_the_nominal_input' depends on axioms: [propext,
 Classical.choice,
 Quot.sound]
'SafeLearning.CompleteModulesLandscapeHalfspaceQPInactive.actual_halfspace_QP_is_feasible_and_unique_when_nondegenerate_or_nominally_feasible' depends on axioms: [propext,
 Classical.choice,
 Quot.sound]
'SafeLearning.CompleteModulesLandscapeHalfspaceQPInactive.actual_halfspace_QP_is_locally_lipschitz_with_nondegenerate_or_strictly_inactive_constraints' depends on axioms: [propext,
 Classical.choice,
 Quot.sound]
'SafeLearning.CompleteModulesLandscapeCBFQP.actual_Riesz_halfspace_is_exactly_the_control_affine_barrier_constraint' depends on axioms: [propext,
 Classical.choice,
 Quot.sound]
'SafeLearning.CompleteModulesLandscapeCBFQP.actual_regular_input_Lie_QP_is_feasible_and_the_unique_minimum_change_policy' depends on axioms: [propext,
 Classical.choice,
 Quot.sound]
'SafeLearning.CompleteModulesLandscapeCBFQP.actual_CBF_QP_policy_is_locally_lipschitz_from_regular_Lie_data' depends on axioms: [propext,
 Classical.choice,
 Quot.sound]
'SafeLearning.CompleteModulesLandscapeCBFQP.actual_regular_CBF_QP_on_a_compact_safe_set_has_a_global_safe_solution' depends on axioms: [propext,
 Classical.choice,
 Quot.sound]
'SafeLearning.CompleteModulesLandscapeUniqueForward.actual_two_forward_solutions_from_the_same_initial_state_agree_on_their_common_time_domain' depends on axioms: [propext,
 Classical.choice,
 Quot.sound]
'SafeLearning.CompleteModulesLandscapeUniqueForward.actual_locally_lipschitz_global_forward_solution_is_unique_on_all_nonnegative_times' depends on axioms: [propext,
 Classical.choice,
 Quot.sound]
'SafeLearning.CompleteModulesLandscapeUniqueForward.actual_compact_control_affine_barrier_constructs_a_unique_global_safe_forward_solution' depends on axioms: [propext,
 Classical.choice,
 Quot.sound]
