SafeLearning/CompleteAppliedControlAffineQuadratic.lean:16:0: warning: automatically included section variable(s) unused in theorem `SafeLearning.CompleteAppliedControlAffineQuadratic.actual_control_affine_lie_derivative_has_the_literal_linear_input_row`:
  [DecidableEq m]
consider restructuring your `variable` declarations so that the variables are not in scope or explicitly omit them:
  omit [DecidableEq m] in theorem ...

Note: This linter can be disabled with `set_option linter.unusedSectionVars false`
SafeLearning/CompleteAppliedControlAffineQuadratic.lean:23:0: warning: automatically included section variable(s) unused in theorem `SafeLearning.CompleteAppliedControlAffineQuadratic.actual_all_derivative_constraints_have_the_literal_matrix_inequality_form`:
  [Fintype constraints]
consider restructuring your `variable` declarations so that the variables are not in scope or explicitly omit them:
  omit [Fintype constraints] in theorem ...

Note: This linter can be disabled with `set_option linter.unusedSectionVars false`
SafeLearning/CompleteAppliedControlAffineQuadratic.lean:45:0: warning: automatically included section variable(s) unused in theorem `SafeLearning.CompleteAppliedControlAffineQuadratic.actual_closest_input_squared_distance_is_a_quadratic_polynomial`:
  [DecidableEq m]
consider restructuring your `variable` declarations so that the variables are not in scope or explicitly omit them:
  omit [DecidableEq m] in theorem ...

Note: This linter can be disabled with `set_option linter.unusedSectionVars false`
SafeLearning/CompleteAppliedControlAffineQuadratic.lean:58:0: warning: automatically included section variable(s) unused in theorem `SafeLearning.CompleteAppliedControlAffineQuadratic.actual_minimizing_that_quadratic_is_exactly_choosing_a_closest_input`:
  [DecidableEq m]
consider restructuring your `variable` declarations so that the variables are not in scope or explicitly omit them:
  omit [DecidableEq m] in theorem ...

Note: This linter can be disabled with `set_option linter.unusedSectionVars false`
