{
  "output": "/tmp/applied-independent-losbo-explorer55-replay19-result.json",
  "sha256": "f84ebe1673ea0dbce973893f8488cae24453f2812d45699a78290c261f959542",
  "total": {
    "safeopt": {
      "totalQueries": 20000,
      "unsafeQueries": 326,
      "absoluteNoiseExceedances": 919,
      "positiveNoiseExceedances": 470,
      "negativeNoiseExceedances": 449
    },
    "realbeta": {
      "totalQueries": 20000,
      "unsafeQueries": 0,
      "absoluteNoiseExceedances": 886,
      "positiveNoiseExceedances": 449,
      "negativeNoiseExceedances": 437
    },
    "losbo": {
      "totalQueries": 20000,
      "unsafeQueries": 1,
      "absoluteNoiseExceedances": 915,
      "positiveNoiseExceedances": 434,
      "negativeNoiseExceedances": 481
    }
  },
  "seeds": [
    11,
    12,
    13,
    14,
    15,
    16,
    17,
    18,
    19,
    20,
    21,
    22,
    23,
    24,
    25,
    26,
    27,
    28,
    29,
    30
  ]
}
