⚠ [8924/8931] Replayed SafeLearning.CompleteAppliedPendulumLinear
warning: SafeLearning/CompleteAppliedPendulumLinear.lean:49:80: Used `tac1 <;> tac2` where `(tac1; tac2)` would suffice

Note: This linter can be disabled with `set_option linter.unnecessarySeqFocus false`
warning: SafeLearning/CompleteAppliedPendulumLinear.lean:105:30: This simp argument is unused:
  zero_mul

Hint: Omit it from the simp argument list.
  [apply] simp only [hangingPlus, hangingMinus, Complex.add_re, Complex.sub_re, Complex.mul_re, Complex.add_im,
    Complex.sub_im, Complex.mul_im, Complex.ofReal_re, Complex.ofReal_im, Complex.I_re, Complex.I_im, mul_zero,
    sub_zero, add_zero, mul_one, zero_add]

Note: This linter can be disabled with `set_option linter.unusedSimpArgs false`
warning: SafeLearning/CompleteAppliedPendulumLinear.lean:105:74: This simp argument is unused:
  zero_add

Hint: Omit it from the simp argument list.
  [apply] simp only [hangingPlus, hangingMinus, Complex.add_re, Complex.sub_re, Complex.mul_re, Complex.add_im,
    Complex.sub_im, Complex.mul_im, Complex.ofReal_re, Complex.ofReal_im, Complex.I_re, Complex.I_im, zero_mul,
    mul_zero, sub_zero, add_zero, mul_one]

Note: This linter can be disabled with `set_option linter.unusedSimpArgs false`
warning: SafeLearning/CompleteAppliedPendulumLinear.lean:106:34: Used `tac1 <;> tac2` where `(tac1; tac2)` would suffice

Note: This linter can be disabled with `set_option linter.unnecessarySeqFocus false`
⚠ [8925/8931] Replayed SafeLearning.CompleteAppliedGlobalLipschitzPicard
warning: SafeLearning/CompleteAppliedGlobalLipschitzPicard.lean:17:8: automatically included section variable(s) unused in theorem `SafeLearning.CompleteAppliedGlobalLipschitzPicard.extendPath_of_mem`:
  [NormedSpace ℝ E]
  [CompleteSpace E]
consider restructuring your `variable` declarations so that the variables are not in scope or explicitly omit them:
  omit [NormedSpace ℝ E] [CompleteSpace E] in theorem ...

Note: This linter can be disabled with `set_option linter.unusedSectionVars false`
warning: SafeLearning/CompleteAppliedGlobalLipschitzPicard.lean:23:12: automatically included section variable(s) unused in theorem `SafeLearning.CompleteAppliedGlobalLipschitzPicard.extendPath_continuous`:
  [NormedSpace ℝ E]
  [CompleteSpace E]
consider restructuring your `variable` declarations so that the variables are not in scope or explicitly omit them:
  omit [NormedSpace ℝ E] [CompleteSpace E] in theorem ...

Note: This linter can be disabled with `set_option linter.unusedSectionVars false`
⚠ [8927/8931] Replayed SafeLearning.CompleteAppliedPendulumLocalField
warning: SafeLearning/CompleteAppliedPendulumLocalField.lean:58:66: this tactic is never executed

Note: This linter can be disabled with `set_option linter.unreachableTactic false`
warning: SafeLearning/CompleteAppliedPendulumLocalField.lean:57:70: Used `tac1 <;> tac2` where `(tac1; tac2)` would suffice

Note: This linter can be disabled with `set_option linter.unnecessarySeqFocus false`
warning: SafeLearning/CompleteAppliedPendulumLocalField.lean:58:66: Unused tactic linter: `ring` does nothing

Note: This linter can be disabled with `set_option linter.unusedTactic false`
⚠ [8928/8931] Replayed SafeLearning.CompleteBarrierAbsolutelyContinuous
warning: SafeLearning/CompleteBarrierAbsolutelyContinuous.lean:28:18: Used `tac1 <;> tac2` where `(tac1; tac2)` would suffice

Note: This linter can be disabled with `set_option linter.unnecessarySeqFocus false`
warning: SafeLearning/CompleteBarrierAbsolutelyContinuous.lean:28:32: Used `tac1 <;> tac2` where `(tac1; tac2)` would suffice

Note: This linter can be disabled with `set_option linter.unnecessarySeqFocus false`
⚠ [8929/8931] Replayed SafeLearning.CompleteAppliedPendulumStability
warning: SafeLearning/CompleteAppliedPendulumStability.lean:35:24: this tactic is never executed

Note: This linter can be disabled with `set_option linter.unreachableTactic false`
warning: SafeLearning/CompleteAppliedPendulumStability.lean:36:39: Used `tac1 <;> tac2` where `(tac1; tac2)` would suffice

Note: This linter can be disabled with `set_option linter.unnecessarySeqFocus false`
warning: SafeLearning/CompleteAppliedPendulumStability.lean:35:24: Unused tactic linter: `ring` does nothing

Note: This linter can be disabled with `set_option linter.unusedTactic false`
⚠ [8931/8931] Built SafeLearning.CompleteAppliedPendulumInstability (6.5s)
info: SafeLearning/CompleteAppliedPendulumInstability.lean:102:38: Try this:
  [apply] ring_nf
  
  The `ring` tactic failed to close the goal. Use `ring_nf` to obtain a normal form.
    
  Note that `ring` works primarily in *commutative* rings. If you have a noncommutative ring, abelian group or module, consider using `noncomm_ring`, `abel` or `module` instead.
warning: SafeLearning/CompleteAppliedPendulumInstability.lean:102:22: Used `tac1 <;> tac2` where `(tac1; tac2)` would suffice

Note: This linter can be disabled with `set_option linter.unnecessarySeqFocus false`
Build completed successfully (8931 jobs).
