SafeLearning/CompleteAppliedCorrelation.lean:17:0: warning: automatically included section variable(s) unused in theorem `SafeLearning.CompleteAppliedCorrelation.actual_variance_of_standardized_quantity`:
  [IsProbabilityMeasure μ]
consider restructuring your `variable` declarations so that the variables are not in scope or explicitly omit them:
  omit [IsProbabilityMeasure μ] in theorem ...

Note: This linter can be disabled with `set_option linter.unusedSectionVars false`
SafeLearning/CompleteAppliedCorrelation.lean:24:0: warning: automatically included section variable(s) unused in theorem `SafeLearning.CompleteAppliedCorrelation.actual_correlation_is_the_covariance_of_standardized_variables`:
  [IsProbabilityMeasure μ]
consider restructuring your `variable` declarations so that the variables are not in scope or explicitly omit them:
  omit [IsProbabilityMeasure μ] in theorem ...

Note: This linter can be disabled with `set_option linter.unusedSectionVars false`
SafeLearning/CompleteAppliedCorrelation.lean:62:0: warning: automatically included section variable(s) unused in theorem `SafeLearning.CompleteAppliedCorrelation.actual_covariance_respects_almost_sure_equality_on_the_right`:
  [IsProbabilityMeasure μ]
consider restructuring your `variable` declarations so that the variables are not in scope or explicitly omit them:
  omit [IsProbabilityMeasure μ] in theorem ...

Note: This linter can be disabled with `set_option linter.unusedSectionVars false`
SafeLearning/CompleteAppliedCorrelation.lean:153:0: warning: automatically included section variable(s) unused in theorem `SafeLearning.CompleteAppliedCorrelation.actual_pair_covariance_matrix_has_the_literal_correlation_entries`:
  [IsProbabilityMeasure μ]
consider restructuring your `variable` declarations so that the variables are not in scope or explicitly omit them:
  omit [IsProbabilityMeasure μ] in theorem ...

Note: This linter can be disabled with `set_option linter.unusedSectionVars false`
