⚠ [8924/8924] Built SafeLearning.CompleteAppliedPendulumLinear (5.9s)
warning: SafeLearning/CompleteAppliedPendulumLinear.lean:49:80: Used `tac1 <;> tac2` where `(tac1; tac2)` would suffice

Note: This linter can be disabled with `set_option linter.unnecessarySeqFocus false`
warning: SafeLearning/CompleteAppliedPendulumLinear.lean:105:30: This simp argument is unused:
  zero_mul

Hint: Omit it from the simp argument list.
  [apply] simp only [hangingPlus, hangingMinus, Complex.add_re, Complex.sub_re, Complex.mul_re, Complex.add_im,
    Complex.sub_im, Complex.mul_im, Complex.ofReal_re, Complex.ofReal_im, Complex.I_re, Complex.I_im, mul_zero,
    sub_zero, add_zero, mul_one, zero_add]

Note: This linter can be disabled with `set_option linter.unusedSimpArgs false`
warning: SafeLearning/CompleteAppliedPendulumLinear.lean:105:74: This simp argument is unused:
  zero_add

Hint: Omit it from the simp argument list.
  [apply] simp only [hangingPlus, hangingMinus, Complex.add_re, Complex.sub_re, Complex.mul_re, Complex.add_im,
    Complex.sub_im, Complex.mul_im, Complex.ofReal_re, Complex.ofReal_im, Complex.I_re, Complex.I_im, zero_mul,
    mul_zero, sub_zero, add_zero, mul_one]

Note: This linter can be disabled with `set_option linter.unusedSimpArgs false`
warning: SafeLearning/CompleteAppliedPendulumLinear.lean:106:34: Used `tac1 <;> tac2` where `(tac1; tac2)` would suffice

Note: This linter can be disabled with `set_option linter.unnecessarySeqFocus false`
Build completed successfully (8924 jobs).
