⚠ [8924/8924] Built SafeLearning.CompleteAppliedCovarianceMatrix (5.5s)
warning: SafeLearning/CompleteAppliedCovarianceMatrix.lean:20:0: automatically included section variable(s) unused in theorem `SafeLearning.CompleteAppliedCovarianceMatrix.actual_linear_combination_has_finite_second_moment`:
  [DecidableEq I]
  [IsProbabilityMeasure μ]
consider restructuring your `variable` declarations so that the variables are not in scope or explicitly omit them:
  omit [DecidableEq I] [IsProbabilityMeasure μ] in theorem ...

Note: This linter can be disabled with `set_option linter.unusedSectionVars false`
warning: SafeLearning/CompleteAppliedCovarianceMatrix.lean:25:0: automatically included section variable(s) unused in theorem `SafeLearning.CompleteAppliedCovarianceMatrix.actual_covariance_matrix_is_the_true_expected_centered_outer_product`:
  [Fintype I]
  [DecidableEq I]
  [IsProbabilityMeasure μ]
consider restructuring your `variable` declarations so that the variables are not in scope or explicitly omit them:
  omit [Fintype I] [DecidableEq I] [IsProbabilityMeasure μ] in theorem ...

Note: This linter can be disabled with `set_option linter.unusedSectionVars false`
warning: SafeLearning/CompleteAppliedCovarianceMatrix.lean:30:0: automatically included section variable(s) unused in theorem `SafeLearning.CompleteAppliedCovarianceMatrix.actual_source_covariance_is_the_true_bilinear_matrix_form`:
  [DecidableEq I]
consider restructuring your `variable` declarations so that the variables are not in scope or explicitly omit them:
  omit [DecidableEq I] in theorem ...

Note: This linter can be disabled with `set_option linter.unusedSectionVars false`
warning: SafeLearning/CompleteAppliedCovarianceMatrix.lean:94:0: automatically included section variable(s) unused in theorem `SafeLearning.CompleteAppliedCovarianceMatrix.actual_affine_random_vector_has_the_true_transformed_covariance`:
  [Fintype J]
  [DecidableEq J]
consider restructuring your `variable` declarations so that the variables are not in scope or explicitly omit them:
  omit [Fintype J] [DecidableEq J] in theorem ...

Note: This linter can be disabled with `set_option linter.unusedSectionVars false`
Build completed successfully (8924 jobs).
