⚠ [8924/8925] Replayed SafeLearning.CompleteAppliedCovarianceMatrix
warning: SafeLearning/CompleteAppliedCovarianceMatrix.lean:20:0: automatically included section variable(s) unused in theorem `SafeLearning.CompleteAppliedCovarianceMatrix.actual_linear_combination_has_finite_second_moment`:
  [DecidableEq I]
  [IsProbabilityMeasure μ]
consider restructuring your `variable` declarations so that the variables are not in scope or explicitly omit them:
  omit [DecidableEq I] [IsProbabilityMeasure μ] in theorem ...

Note: This linter can be disabled with `set_option linter.unusedSectionVars false`
warning: SafeLearning/CompleteAppliedCovarianceMatrix.lean:25:0: automatically included section variable(s) unused in theorem `SafeLearning.CompleteAppliedCovarianceMatrix.actual_covariance_matrix_is_the_true_expected_centered_outer_product`:
  [Fintype I]
  [DecidableEq I]
  [IsProbabilityMeasure μ]
consider restructuring your `variable` declarations so that the variables are not in scope or explicitly omit them:
  omit [Fintype I] [DecidableEq I] [IsProbabilityMeasure μ] in theorem ...

Note: This linter can be disabled with `set_option linter.unusedSectionVars false`
warning: SafeLearning/CompleteAppliedCovarianceMatrix.lean:30:0: automatically included section variable(s) unused in theorem `SafeLearning.CompleteAppliedCovarianceMatrix.actual_source_covariance_is_the_true_bilinear_matrix_form`:
  [DecidableEq I]
consider restructuring your `variable` declarations so that the variables are not in scope or explicitly omit them:
  omit [DecidableEq I] in theorem ...

Note: This linter can be disabled with `set_option linter.unusedSectionVars false`
warning: SafeLearning/CompleteAppliedCovarianceMatrix.lean:94:0: automatically included section variable(s) unused in theorem `SafeLearning.CompleteAppliedCovarianceMatrix.actual_affine_random_vector_has_the_true_transformed_covariance`:
  [Fintype J]
  [DecidableEq J]
consider restructuring your `variable` declarations so that the variables are not in scope or explicitly omit them:
  omit [Fintype J] [DecidableEq J] in theorem ...

Note: This linter can be disabled with `set_option linter.unusedSectionVars false`
⚠ [8925/8925] Built SafeLearning.CompleteAppliedCovarianceConsequences (5.5s)
warning: SafeLearning/CompleteAppliedCovarianceConsequences.lean:14:0: automatically included section variable(s) unused in theorem `SafeLearning.CompleteAppliedCovarianceConsequences.actual_linear_combination_mean_is_the_same_combination_of_coordinate_means`:
  [DecidableEq I]
consider restructuring your `variable` declarations so that the variables are not in scope or explicitly omit them:
  omit [DecidableEq I] in theorem ...

Note: This linter can be disabled with `set_option linter.unusedSectionVars false`
warning: SafeLearning/CompleteAppliedCovarianceConsequences.lean:39:2: Try this: 
  letI̵

The goal is a proposition, so `let` is preferred over `letI`.
The difference between `let` and `letI` is that `letI` inlines the value.
But this is not relevant for proofs because of proof irrelevance.

Note: This linter can be disabled with `set_option linter.style.haveILetI false`
warning: SafeLearning/CompleteAppliedCovarianceConsequences.lean:68:0: automatically included section variable(s) unused in theorem `SafeLearning.CompleteAppliedCovarianceConsequences.actual_standard_deviation_is_nonnegative_and_squared_equals_variance`:
  [IsProbabilityMeasure μ]
consider restructuring your `variable` declarations so that the variables are not in scope or explicitly omit them:
  omit [IsProbabilityMeasure μ] in theorem ...

Note: This linter can be disabled with `set_option linter.unusedSectionVars false`
Build completed successfully (8925 jobs).
