⚠ [8924/8938] Replayed SafeLearning.CompleteAppliedGaussianBayesGeneral
warning: SafeLearning/CompleteAppliedGaussianBayesGeneral.lean:42:4: Used `tac1 <;> tac2` where `(tac1; tac2)` would suffice

Note: This linter can be disabled with `set_option linter.unnecessarySeqFocus false`
⚠ [8932/8938] Replayed SafeLearning.CompleteAppliedGaussianCDF
warning: SafeLearning/CompleteAppliedGaussianCDF.lean:22:2: Try this: 
  haveI̵

The goal is a proposition, so `have` is preferred over `haveI`.
The difference between `have` and `haveI` is that `haveI` inlines the value.
But this is not relevant for proofs because of proof irrelevance.

Note: This linter can be disabled with `set_option linter.style.haveILetI false`
⚠ [8934/8938] Replayed SafeLearning.CompleteAppliedGaussianQuantile
warning: SafeLearning/CompleteAppliedGaussianQuantile.lean:81:15: `Set.mem_setOf_eq` has been deprecated: Use `Set.mem_ofPred_eq` instead
⚠ [8935/8938] Replayed SafeLearning.CompleteAppliedGaussianChanceConstraint
warning: SafeLearning/CompleteAppliedGaussianChanceConstraint.lean:19:2: Try this: 
  haveI̵

The goal is a proposition, so `have` is preferred over `haveI`.
The difference between `have` and `haveI` is that `haveI` inlines the value.
But this is not relevant for proofs because of proof irrelevance.

Note: This linter can be disabled with `set_option linter.style.haveILetI false`
warning: SafeLearning/CompleteAppliedGaussianChanceConstraint.lean:53:15: `Set.mem_setOf_eq` has been deprecated: Use `Set.mem_ofPred_eq` instead
⚠ [8936/8938] Replayed SafeLearning.CompleteAppliedGaussianStandardization
warning: SafeLearning/CompleteAppliedGaussianStandardization.lean:14:2: Try this: 
  haveI̵

The goal is a proposition, so `have` is preferred over `haveI`.
The difference between `have` and `haveI` is that `haveI` inlines the value.
But this is not relevant for proofs because of proof irrelevance.

Note: This linter can be disabled with `set_option linter.style.haveILetI false`
warning: SafeLearning/CompleteAppliedGaussianStandardization.lean:33:2: Try this: 
  haveI̵

The goal is a proposition, so `have` is preferred over `haveI`.
The difference between `have` and `haveI` is that `haveI` inlines the value.
But this is not relevant for proofs because of proof irrelevance.

Note: This linter can be disabled with `set_option linter.style.haveILetI false`
warning: SafeLearning/CompleteAppliedGaussianStandardization.lean:65:21: `Set.mem_setOf_eq` has been deprecated: Use `Set.mem_ofPred_eq` instead
warning: SafeLearning/CompleteAppliedGaussianStandardization.lean:68:21: `Set.mem_setOf_eq` has been deprecated: Use `Set.mem_ofPred_eq` instead
⚠ [8937/8938] Replayed SafeLearning.CompleteAppliedGaussianFourSource
warning: SafeLearning/CompleteAppliedGaussianFourSource.lean:105:4: Used `tac1 <;> tac2` where `(tac1; tac2)` would suffice

Note: This linter can be disabled with `set_option linter.unnecessarySeqFocus false`
warning: SafeLearning/CompleteAppliedGaussianFourSource.lean:110:4: Used `tac1 <;> tac2` where `(tac1; tac2)` would suffice

Note: This linter can be disabled with `set_option linter.unnecessarySeqFocus false`
✔ [8938/8938] Built SafeLearning.CompleteAppliedGaussianFourNumbers (6.3s)
Build completed successfully (8938 jobs).
