SafeLearning/CompleteAppliedHingeDifferentiability.lean:22:15: warning: `Set.mem_setOf_eq` has been deprecated: Use `Set.mem_ofPred_eq` instead
SafeLearning/CompleteAppliedHingeDifferentiability.lean:33:15: warning: `Set.mem_setOf_eq` has been deprecated: Use `Set.mem_ofPred_eq` instead
SafeLearning/CompleteAppliedHingeDifferentiability.lean:19:88: error: unsolved goals
case h₁
Omega : Type u_1
inst✝¹ : MeasurableSpace Omega
P : Measure Omega
inst✝ : IsProbabilityMeasure P
loss : Omega → ℝ
hm : Measurable loss
center : ℝ
hs : {o | center ≤ loss o} = {o | loss o = center} ∪ {o | center < loss o}
⊢ autoParam (P {o | loss o = center} ≠ ⊤) measureReal_union._auto_1

case h₂
Omega : Type u_1
inst✝¹ : MeasurableSpace Omega
P : Measure Omega
inst✝ : IsProbabilityMeasure P
loss : Omega → ℝ
hm : Measurable loss
center : ℝ
hs : {o | center ≤ loss o} = {o | loss o = center} ∪ {o | center < loss o}
⊢ autoParam (P {o | center < loss o} ≠ ⊤) measureReal_union._auto_3
SafeLearning/CompleteAppliedHingeDifferentiability.lean:43:2: error: Type mismatch: After simplification, term
  actual_bounded_convergence_moves_both_one_sided_hinge_quotients_through_expectation loss hm hi center
 has type
  Tendsto
      (fun threshold =>
        (∫ (omega : Omega), hinge (loss omega) threshold ∂P - ∫ (omega : Omega), hinge (loss omega) center ∂P) /
          (threshold - center))
      (𝓝[>] center) (𝓝 (-P.real {omega | center < loss omega})) ∧
    Tendsto
      (fun threshold =>
        (∫ (omega : Omega), hinge (loss omega) threshold ∂P - ∫ (omega : Omega), hinge (loss omega) center ∂P) /
          (threshold - center))
      (𝓝[<] center) (𝓝 (-P.real {omega | center ≤ loss omega}))
but is expected to have type
  Tendsto (slope (hingeExpectation P loss) center) (𝓝[>] center) (𝓝 (-P.real {o | center < loss o})) ∧
    Tendsto (slope (hingeExpectation P loss) center) (𝓝[<] center) (𝓝 (-P.real {o | center ≤ loss o}))
