SafeLearning/CompleteAppliedMeasuresIntegrals.lean:21:29: error(lean.unknownIdentifier): Unknown constant `MeasureTheory.Measure.count_apply_singleton`
SafeLearning/CompleteAppliedMeasuresIntegrals.lean:19:41: error: unsolved goals
alpha : Type u_1
inst✝² : MeasurableSpace alpha
inst✝¹ : MeasurableSingletonClass alpha
inst✝ : Countable alpha
f : alpha → ℝ
hi : Integrable f Measure.count
⊢ ∑' (x : alpha), (Measure.count {x}).toReal • f x = ∑' (x : alpha), f x
SafeLearning/CompleteAppliedMeasuresIntegrals.lean:21:59: warning: This simp argument is unused:
  ENNReal.toReal_one

Hint: Omit it from the simp argument list.
  [apply] simp only [measureReal_def, Measure.count_apply_singleton, one_smul]

Note: This linter can be disabled with `set_option linter.unusedSimpArgs false`
SafeLearning/CompleteAppliedMeasuresIntegrals.lean:21:78: warning: This simp argument is unused:
  one_smul

Hint: Omit it from the simp argument list.
  [apply] simp only [measureReal_def, Measure.count_apply_singleton, ENNReal.toReal_one]

Note: This linter can be disabled with `set_option linter.unusedSimpArgs false`
SafeLearning/CompleteAppliedMeasuresIntegrals.lean:40:33: error: typeclass instance problem is stuck
  NormedSpace ℝ ?m.37

Note: Lean will not try to resolve this typeclass instance problem because the second and fourth type arguments to `NormedSpace` contain metavariables. These arguments must be fully determined before Lean will try to resolve the typeclass.

Hint: Adding type annotations and supplying implicit arguments to functions can give Lean more information for typeclass resolution. For example, if you have a variable `x` that you intend to be a `Nat`, but Lean reports it as having an unresolved type like `?m`, replacing `x` with `(x : Nat)` can get typeclass resolution un-stuck.
SafeLearning/CompleteAppliedMeasuresIntegrals.lean:54:91: error: unsolved goals
⊢ 2⁻¹ + 2⁻¹ = 1
SafeLearning/CompleteAppliedMeasuresIntegrals.lean:75:53: error: unsolved goals
p : ℝ → ℝ≥0∞
hp : mixedLaw = ℙ.withDensity p
ha : 0 = 2⁻¹
⊢ False
SafeLearning/CompleteAppliedMeasuresIntegrals.lean:89:16: error(lean.unknownIdentifier): Unknown constant `MeasureTheory.Measure.count_apply_singleton`
SafeLearning/CompleteAppliedMeasuresIntegrals.lean:89:4: error: Type mismatch: After simplification, term
  hs
 has type
  p x * Measure.count {x} = 0
but is expected to have type
  p x = 0
SafeLearning/CompleteAppliedMeasuresIntegrals.lean:94:10: error(lean.unknownIdentifier): Unknown identifier `tsum_eq_zero`
SafeLearning/CompleteAppliedMeasuresIntegrals.lean:95:10: error: No goals to be solved
SafeLearning/CompleteAppliedMeasuresIntegrals.lean:83:60: error: unsolved goals
p : ℝ → ℝ≥0∞
hp : mixedLaw = Measure.count.withDensity p
hz : ∀ x ∈ Ioi 0, p x = 0
he : ∫⁻ (x : ℝ) in Ioi 0, p x ∂Measure.count = 0
ha : 0 = 2⁻¹
⊢ False
