SafeLearning/CompleteAppliedLookahead.lean:22:2: warning: Try this: 
  letI̵

The goal is a proposition, so `let` is preferred over `letI`.
The difference between `let` and `letI` is that `letI` inlines the value.
But this is not relevant for proofs because of proof irrelevance.

Note: This linter can be disabled with `set_option linter.style.haveILetI false`
SafeLearning/CompleteAppliedLookahead.lean:26:2: error: No goals to be solved
SafeLearning/CompleteAppliedLookahead.lean:76:4: error: No goals to be solved
SafeLearning/CompleteAppliedLookahead.lean:81:4: error: linarith failed to find a contradiction
Ω : Type u_1
inst✝¹ : MeasurableSpace Ω
μ : Measure Ω
inst✝ : IsProbabilityMeasure μ
epsilon : ℕ → Ω → ℝ
hm : ∀ (i : ℕ), Measurable (epsilon i)
hlaw : ∀ (i : ℕ), HasLaw (epsilon i) fairSignLaw μ
hmart : Martingale (lookaheadWalk epsilon) (pastFiltration epsilon hm) μ
hone : lookaheadWalk epsilon 1 =ᵐ[μ] 1
hc : μ[lookaheadWalk epsilon 1 | ↑(pastFiltration epsilon hm) 0] =ᵐ[μ] 1
hm0 : μ[lookaheadWalk epsilon 1 | ↑(pastFiltration epsilon hm) 0] =ᵐ[μ] lookaheadWalk epsilon 0
omega : Ω
hcone : μ[lookaheadWalk epsilon 1 | ↑(pastFiltration epsilon hm) 0] omega = 1 omega
hmartone : μ[lookaheadWalk epsilon 1 | ↑(pastFiltration epsilon hm) 0] omega = 0
⊢ False
failed
