SafeLearning/CompleteAppliedTwoAtomRisk.lean:13:6: warning: This simp argument is unused:
  Fin.sum_univ_zero

Hint: Omit it from the simp argument list.
  [apply] simp only [Fin.sum_univ_two, Matrix.cons_val_zero, Matrix.cons_val_one, add_zero]

Note: This linter can be disabled with `set_option linter.unusedSimpArgs false`
SafeLearning/CompleteAppliedTwoAtomRisk.lean:13:24: warning: This simp argument is unused:
  add_zero

Hint: Omit it from the simp argument list.
  [apply] simp only [Fin.sum_univ_two, Matrix.cons_val_zero, Matrix.cons_val_one, Fin.sum_univ_zero]

Note: This linter can be disabled with `set_option linter.unusedSimpArgs false`
SafeLearning/CompleteAppliedTwoAtomRisk.lean:25:24: warning: This simp argument is unused:
  Fin.sum_univ_zero

Hint: Omit it from the simp argument list.
  [apply] simp only [costLaw, PMF.ofFintype_apply, Fin.sum_univ_two, Matrix.cons_val_zero, Matrix.cons_val_one,
    add_zero]

Note: This linter can be disabled with `set_option linter.unusedSimpArgs false`
SafeLearning/CompleteAppliedTwoAtomRisk.lean:25:42: warning: This simp argument is unused:
  add_zero

Hint: Omit it from the simp argument list.
  [apply] simp only [costLaw, PMF.ofFintype_apply, Fin.sum_univ_two, Matrix.cons_val_zero, Matrix.cons_val_one,
    Fin.sum_univ_zero]

Note: This linter can be disabled with `set_option linter.unusedSimpArgs false`
SafeLearning/CompleteAppliedTwoAtomRisk.lean:50:49: warning: `Set.mem_setOf_eq` has been deprecated: Use `Set.mem_ofPred_eq` instead
SafeLearning/CompleteAppliedTwoAtomRisk.lean:51:40: warning: `if_pos` has been deprecated: Use `ite_eq_left` instead
SafeLearning/CompleteAppliedTwoAtomRisk.lean:51:47: warning: `if_neg` has been deprecated: Use `ite_eq_right` instead
SafeLearning/CompleteAppliedTwoAtomRisk.lean:42:10: warning: This simp argument is unused:
  PMF.toOuterMeasure_ofFintype_apply

Hint: Omit it from the simp argument list.
  [apply] simp [tsum_fintype, costLaw, costValue, Fin.sum_univ_two, Set.indicator, hz, not_le.mpr hz, hc]

Note: This linter can be disabled with `set_option linter.unusedSimpArgs false`
SafeLearning/CompleteAppliedTwoAtomRisk.lean:42:45: warning: This simp argument is unused:
  tsum_fintype

Hint: Omit it from the simp argument list.
  [apply] simp [PMF.toOuterMeasure_ofFintype_apply, costLaw, costValue, Fin.sum_univ_two, Set.indicator, hz,
    not_le.mpr hz, hc]

Note: This linter can be disabled with `set_option linter.unusedSimpArgs false`
SafeLearning/CompleteAppliedTwoAtomRisk.lean:45:12: warning: This simp argument is unused:
  PMF.toOuterMeasure_ofFintype_apply

Hint: Omit it from the simp argument list.
  [apply] simp [tsum_fintype, costLaw, costValue, Fin.sum_univ_two, Set.indicator, hz, le_of_not_gt hz, hc,
    not_le.mpr hc, ENNReal.toReal_ofReal (sub_nonneg.mpr q.2.2)]

Note: This linter can be disabled with `set_option linter.unusedSimpArgs false`
SafeLearning/CompleteAppliedTwoAtomRisk.lean:45:47: warning: This simp argument is unused:
  tsum_fintype

Hint: Omit it from the simp argument list.
  [apply] simp [PMF.toOuterMeasure_ofFintype_apply, costLaw, costValue, Fin.sum_univ_two, Set.indicator, hz,
    le_of_not_gt hz, hc, not_le.mpr hc, ENNReal.toReal_ofReal (sub_nonneg.mpr q.2.2)]

Note: This linter can be disabled with `set_option linter.unusedSimpArgs false`
SafeLearning/CompleteAppliedTwoAtomRisk.lean:48:73: warning: This simp argument is unused:
  PMF.ofFintype_apply

Hint: Omit it from the simp argument list.
  [apply] simp only [PMF.toOuterMeasure_ofFintype_apply, tsum_fintype, costLaw, costValue, Fin.sum_univ_two,
    Matrix.cons_val_zero, Matrix.cons_val_one, Fin.sum_univ_zero, add_zero, Set.indicator, Set.mem_setOf_eq,
    le_of_not_gt hz, le_of_not_gt hc, if_pos, if_neg, hz, hc]

Note: This linter can be disabled with `set_option linter.unusedSimpArgs false`
SafeLearning/CompleteAppliedTwoAtomRisk.lean:50:8: warning: This simp argument is unused:
  Fin.sum_univ_zero

Hint: Omit it from the simp argument list.
  [apply] simp only [PMF.toOuterMeasure_ofFintype_apply, tsum_fintype, costLaw, PMF.ofFintype_apply, costValue,
    Fin.sum_univ_two, Matrix.cons_val_zero, Matrix.cons_val_one, add_zero, Set.indicator, Set.mem_setOf_eq,
    le_of_not_gt hz, le_of_not_gt hc, if_pos, if_neg, hz, hc]

Note: This linter can be disabled with `set_option linter.unusedSimpArgs false`
SafeLearning/CompleteAppliedTwoAtomRisk.lean:50:26: warning: This simp argument is unused:
  add_zero

Hint: Omit it from the simp argument list.
  [apply] simp only [PMF.toOuterMeasure_ofFintype_apply, tsum_fintype, costLaw, PMF.ofFintype_apply, costValue,
    Fin.sum_univ_two, Matrix.cons_val_zero, Matrix.cons_val_one, Fin.sum_univ_zero, Set.indicator, Set.mem_setOf_eq,
    le_of_not_gt hz, le_of_not_gt hc, if_pos, if_neg, hz, hc]

Note: This linter can be disabled with `set_option linter.unusedSimpArgs false`
SafeLearning/CompleteAppliedTwoAtomRisk.lean:51:47: warning: This simp argument is unused:
  if_neg

Hint: Omit it from the simp argument list.
  [apply] simp only [PMF.toOuterMeasure_ofFintype_apply, tsum_fintype, costLaw, PMF.ofFintype_apply, costValue,
    Fin.sum_univ_two, Matrix.cons_val_zero, Matrix.cons_val_one, Fin.sum_univ_zero, add_zero, Set.indicator,
    Set.mem_setOf_eq, le_of_not_gt hz, le_of_not_gt hc, if_pos, hz, hc]

Note: This linter can be disabled with `set_option linter.unusedSimpArgs false`
SafeLearning/CompleteAppliedTwoAtomRisk.lean:59:15: warning: `Set.mem_setOf_eq` has been deprecated: Use `Set.mem_ofPred_eq` instead
SafeLearning/CompleteAppliedTwoAtomRisk.lean:67:15: warning: `Set.mem_setOf_eq` has been deprecated: Use `Set.mem_ofPred_eq` instead
