SafeLearning/CompleteAppliedControlAffineDefinitions.lean:16:0: warning: automatically included section variable(s) unused in theorem `SafeLearning.CompleteAppliedControlAffineDefinitions.actual_input_contribution_is_linear_at_every_fixed_state`:
  [Fintype n]
consider restructuring your `variable` declarations so that the variables are not in scope or explicitly omit them:
  omit [Fintype n] in theorem ...

Note: This linter can be disabled with `set_option linter.unusedSectionVars false`
SafeLearning/CompleteAppliedControlAffineDefinitions.lean:39:77: warning: This simp argument is unused:
  Matrix.mulVec

Hint: Omit it from the simp argument list.
  [apply] simp [controlAffineField, pendulumDrift, pendulumInputMatrix, dotProduct, Fin.sum_univ_succ]

Note: This linter can be disabled with `set_option linter.unusedSimpArgs false`
SafeLearning/CompleteAppliedControlAffineDefinitions.lean:40:15: warning: This simp argument is unused:
  Fin.sum_univ_succ

Hint: Omit it from the simp argument list.
  [apply] simp [controlAffineField, pendulumDrift, pendulumInputMatrix, Matrix.mulVec, dotProduct]

Note: This linter can be disabled with `set_option linter.unusedSimpArgs false`
SafeLearning/CompleteAppliedControlAffineDefinitions.lean:49:63: warning: This simp argument is unused:
  Matrix.mulVec

Hint: Omit it from the simp argument list.
  [apply] simp [controlAffineField, unicycleInputMatrix, dotProduct, Fin.sum_univ_succ, mul_comm]

Note: This linter can be disabled with `set_option linter.unusedSimpArgs false`
SafeLearning/CompleteAppliedControlAffineDefinitions.lean:108:15: warning: `Set.mem_setOf_eq` has been deprecated: Use `Set.mem_ofPred_eq` instead
SafeLearning/CompleteAppliedControlAffineDefinitions.lean:111:15: warning: `Set.mem_setOf_eq` has been deprecated: Use `Set.mem_ofPred_eq` instead
SafeLearning/CompleteAppliedControlAffineDefinitions.lean:111:49: warning: This simp argument is unused:
  ContinuousLinearMap.map_add

Hint: Omit it from the simp argument list.
  [apply] simp only [Set.mem_setOf_eq, map_add, map_smul] at *

Note: This linter can be disabled with `set_option linter.unusedSimpArgs false`
