SafeLearning/CompleteAppliedEnsembleCovariance.lean:23:0: warning: automatically included section variable(s) unused in theorem `SafeLearning.CompleteAppliedEnsembleCovariance.actual_empirical_covariance_is_the_literal_average_centered_outer_product`:
  [Nonempty E]
  [DecidableEq E]
  [Fintype I]
  [DecidableEq I]
consider restructuring your `variable` declarations so that the variables are not in scope or explicitly omit them:
  omit [Nonempty E] [DecidableEq E] [Fintype I] [DecidableEq I] in theorem ...

Note: This linter can be disabled with `set_option linter.unusedSectionVars false`
SafeLearning/CompleteAppliedEnsembleCovariance.lean:32:0: warning: automatically included section variable(s) unused in theorem `SafeLearning.CompleteAppliedEnsembleCovariance.actual_centered_ensemble_columns_sum_to_zero`:
  [DecidableEq E]
  [Fintype I]
  [DecidableEq I]
consider restructuring your `variable` declarations so that the variables are not in scope or explicitly omit them:
  omit [DecidableEq E] [Fintype I] [DecidableEq I] in theorem ...

Note: This linter can be disabled with `set_option linter.unusedSectionVars false`
SafeLearning/CompleteAppliedEnsembleCovariance.lean:37:0: warning: automatically included section variable(s) unused in theorem `SafeLearning.CompleteAppliedEnsembleCovariance.actual_ones_column_has_rank_one`:
  [Fintype E]
  [DecidableEq E]
consider restructuring your `variable` declarations so that the variables are not in scope or explicitly omit them:
  omit [Fintype E] [DecidableEq E] in theorem ...

Note: This linter can be disabled with `set_option linter.unusedSectionVars false`
SafeLearning/CompleteAppliedEnsembleCovariance.lean:64:0: warning: automatically included section variable(s) unused in theorem `SafeLearning.CompleteAppliedEnsembleCovariance.actual_empirical_covariance_is_positive_semidefinite`:
  [DecidableEq E]
  [DecidableEq I]
consider restructuring your `variable` declarations so that the variables are not in scope or explicitly omit them:
  omit [DecidableEq E] [DecidableEq I] in theorem ...

Note: This linter can be disabled with `set_option linter.unusedSectionVars false`
SafeLearning/CompleteAppliedEnsembleCovariance.lean:110:0: warning: automatically included section variable(s) unused in theorem `SafeLearning.CompleteAppliedEnsembleCovariance.actual_fusion_of_positive_definite_member_covariances_is_positive_definite`:
  [DecidableEq E]
consider restructuring your `variable` declarations so that the variables are not in scope or explicitly omit them:
  omit [DecidableEq E] in theorem ...

Note: This linter can be disabled with `set_option linter.unusedSectionVars false`
