SafeLearning/CompleteFoundationsTemporalLogDet.lean:31:2: error: Type mismatch
  Fin.sum_univ_eq_sum_range (fun k => φ k i * φ k j) t
has type
  ∑ i_1, φ (↑i_1) i * φ (↑i_1) j = ∑ i_1 ∈ Finset.range t, φ i_1 i * φ i_1 j
but is expected to have type
  ∑ j_1, φ (↑j_1) i * φ (↑j_1) j = (∑ i ∈ Finset.range t, Matrix.of fun x y => φ i x * φ i y) i j
SafeLearning/CompleteFoundationsTemporalLogDet.lean:30:21: warning: This simp argument is unused:
  Finset.sum_apply

Hint: Omit it from the simp argument list.
  [apply] simp only [featureGram, temporalFeatures, Matrix.mul_apply, Matrix.transpose_apply, Matrix.vecMulVec,
    Matrix.of_apply]

Note: This linter can be disabled with `set_option linter.unusedSimpArgs false`
SafeLearning/CompleteFoundationsTemporalLogDet.lean:30:38: warning: This simp argument is unused:
  Matrix.of_apply

Hint: Omit it from the simp argument list.
  [apply] simp only [featureGram, temporalFeatures, Matrix.mul_apply, Matrix.transpose_apply, Matrix.vecMulVec,
    Finset.sum_apply]

Note: This linter can be disabled with `set_option linter.unusedSimpArgs false`
SafeLearning/CompleteFoundationsTemporalLogDet.lean:39:0: warning: automatically included section variable(s) unused in theorem `SafeLearning.CompleteFoundationsTemporalLogDet.actual_temporal_covariance_update`:
  [Fintype feature]
consider restructuring your `variable` declarations so that the variables are not in scope or explicitly omit them:
  omit [Fintype feature] in theorem ...

Note: This linter can be disabled with `set_option linter.unusedSectionVars false`
SafeLearning/CompleteFoundationsTemporalLogDet.lean:45:0: warning: automatically included section variable(s) unused in theorem `SafeLearning.CompleteFoundationsTemporalLogDet.actual_temporal_initial_covariance`:
  [Fintype feature]
consider restructuring your `variable` declarations so that the variables are not in scope or explicitly omit them:
  omit [Fintype feature] in theorem ...

Note: This linter can be disabled with `set_option linter.unusedSectionVars false`
SafeLearning/CompleteFoundationsTemporalLogDet.lean:108:70: warning: Used `tac1 <;> tac2` where `(tac1; tac2)` would suffice

Note: This linter can be disabled with `set_option linter.unnecessarySeqFocus false`
SafeLearning/CompleteFoundationsTemporalLogDet.lean:125:16: warning: Used `tac1 <;> tac2` where `(tac1; tac2)` would suffice

Note: This linter can be disabled with `set_option linter.unnecessarySeqFocus false`
