SafeLearning/CompleteFoundationsParsevalModels.lean:29:0: warning: automatically included section variable(s) unused in theorem `SafeLearning.CompleteFoundationsParsevalModels.actual_frobenius_squared`:
  [DecidableEq M]
  [DecidableEq N]
consider restructuring your `variable` declarations so that the variables are not in scope or explicitly omit them:
  omit [DecidableEq M] [DecidableEq N] in theorem ...

Note: This linter can be disabled with `set_option linter.unusedSectionVars false`
SafeLearning/CompleteFoundationsParsevalModels.lean:32:10: warning: This simp argument is unused:
  Real.rpow_two

Hint: Omit it from the simp argument list.
  [apply] simp [Real.norm_eq_abs, sq_abs]

Note: This linter can be disabled with `set_option linter.unusedSimpArgs false`
SafeLearning/CompleteFoundationsParsevalModels.lean:35:0: warning: automatically included section variable(s) unused in theorem `SafeLearning.CompleteFoundationsParsevalModels.actual_error_entries`:
  [DecidableEq N]
consider restructuring your `variable` declarations so that the variables are not in scope or explicitly omit them:
  omit [DecidableEq N] in theorem ...

Note: This linter can be disabled with `set_option linter.unusedSectionVars false`
SafeLearning/CompleteFoundationsParsevalModels.lean:44:0: warning: automatically included section variable(s) unused in theorem `SafeLearning.CompleteFoundationsParsevalModels.actual_error_is_symmetric`:
  [DecidableEq N]
consider restructuring your `variable` declarations so that the variables are not in scope or explicitly omit them:
  omit [DecidableEq N] in theorem ...

Note: This linter can be disabled with `set_option linter.unusedSectionVars false`
SafeLearning/CompleteFoundationsParsevalModels.lean:47:0: warning: automatically included section variable(s) unused in theorem `SafeLearning.CompleteFoundationsParsevalModels.actual_entry_differential`:
  [DecidableEq N]
consider restructuring your `variable` declarations so that the variables are not in scope or explicitly omit them:
  omit [DecidableEq N] in theorem ...

Note: This linter can be disabled with `set_option linter.unusedSectionVars false`
SafeLearning/CompleteFoundationsParsevalModels.lean:56:0: warning: automatically included section variable(s) unused in theorem `SafeLearning.CompleteFoundationsParsevalModels.actual_symmetric_trace_identity`:
  [DecidableEq M]
  [DecidableEq N]
consider restructuring your `variable` declarations so that the variables are not in scope or explicitly omit them:
  omit [DecidableEq M] [DecidableEq N] in theorem ...

Note: This linter can be disabled with `set_option linter.unusedSectionVars false`
SafeLearning/CompleteFoundationsParsevalModels.lean:86:0: warning: automatically included section variable(s) unused in theorem `SafeLearning.CompleteFoundationsParsevalModels.actual_inner_coordinates`:
  [DecidableEq M]
  [DecidableEq N]
consider restructuring your `variable` declarations so that the variables are not in scope or explicitly omit them:
  omit [DecidableEq M] [DecidableEq N] in theorem ...

Note: This linter can be disabled with `set_option linter.unusedSectionVars false`
SafeLearning/CompleteFoundationsParsevalModels.lean:107:13: warning: `ContinuousLinearMap.smul_apply` has been deprecated: Use `_root_.smul_apply` instead

Note: The updated constant is in a different namespace. Dot notation may need to be changed (e.g., from `x.smul_apply` to `_root_.smul_apply x`).
SafeLearning/CompleteFoundationsParsevalModels.lean:107:44: warning: `ContinuousLinearMap.sum_apply` has been deprecated: Use `_root_.sum_apply` instead

Note: The updated constant is in a different namespace. Dot notation may need to be changed (e.g., from `x.sum_apply` to `_root_.sum_apply x`).
