SafeLearning/CompleteFoundationsTemporalLogDet.lean:27:90: error: unsolved goals
feature : Type u_1
inst✝¹ : Fintype feature
inst✝ : DecidableEq feature
φ : ℕ → feature → ℝ
t : ℕ
i j : feature
⊢ ∑ j_1, φ (↑j_1) i * φ (↑j_1) j = (∑ i ∈ Finset.range t, Matrix.of fun x y => φ i x * φ i y) i j
SafeLearning/CompleteFoundationsTemporalLogDet.lean:30:4: warning: This simp argument is unused:
  Fin.sum_univ_eq_sum_range

Hint: Omit it from the simp argument list.
  [apply] simp [featureGram, temporalFeatures, Matrix.mul_apply, Matrix.vecMulVec]

Note: This linter can be disabled with `set_option linter.unusedSimpArgs false`
SafeLearning/CompleteFoundationsTemporalLogDet.lean:38:0: warning: automatically included section variable(s) unused in theorem `SafeLearning.CompleteFoundationsTemporalLogDet.actual_temporal_covariance_update`:
  [Fintype feature]
consider restructuring your `variable` declarations so that the variables are not in scope or explicitly omit them:
  omit [Fintype feature] in theorem ...

Note: This linter can be disabled with `set_option linter.unusedSectionVars false`
SafeLearning/CompleteFoundationsTemporalLogDet.lean:44:0: warning: automatically included section variable(s) unused in theorem `SafeLearning.CompleteFoundationsTemporalLogDet.actual_temporal_initial_covariance`:
  [Fintype feature]
consider restructuring your `variable` declarations so that the variables are not in scope or explicitly omit them:
  omit [Fintype feature] in theorem ...

Note: This linter can be disabled with `set_option linter.unusedSectionVars false`
SafeLearning/CompleteFoundationsTemporalLogDet.lean:107:70: warning: Used `tac1 <;> tac2` where `(tac1; tac2)` would suffice

Note: This linter can be disabled with `set_option linter.unnecessarySeqFocus false`
SafeLearning/CompleteFoundationsTemporalLogDet.lean:130:2: error: linarith failed to find a contradiction
case h1
hf : temporalFeatures sourceFeature 1 = !![1, 0]
hs : √3 ^ 2 = 3
a✝ : 1 / 4 + √3 / 2 * (√3 / 2) - 1 / 2 * ((1 / 2 + (![1, 0] ᵥ* !![1, 0]ᵀ) 0)⁻¹ * (1 / 2)) < 5 / 6
⊢ False
failed
