SafeLearning/CompleteFoundationsHolderGrid.lean:189:25: error: Invalid projection: Projections extract constructor fields for one-constructor inductive types. The expression
  h
has type
  Real.le✝ 0 (holderCone (3 / 2) 0 (1 / 2) x)
which is not a one-constructor inductive type.
SafeLearning/CompleteFoundationsHolderGrid.lean:190:27: error: Application type mismatch: The argument
  h
has type
  0 ≤ holderCone (3 / 2) (1 / 2) (9 / 20) x
but is expected to have type
  41 / 100 ≤ x ∧ x ≤ 59 / 100
in the application
  Or.inl h
SafeLearning/CompleteFoundationsHolderGrid.lean:191:35: error: Application type mismatch: The argument
  h
has type
  0 ≤ holderCone (3 / 2) 1 (3 / 10) x
but is expected to have type
  24 / 25 ≤ x ∧ x ≤ 26 / 25
in the application
  Or.inl h
SafeLearning/CompleteFoundationsHolderGrid.lean:192:43: error: Application type mismatch: The argument
  h
has type
  0 ≤ holderCone (3 / 2) (3 / 2) (1 / 5) x
but is expected to have type
  667 / 450 ≤ x ∧ x ≤ 683 / 450
in the application
  Or.inl h
SafeLearning/CompleteFoundationsHolderGrid.lean:193:44: error: Invalid projection: Projections extract constructor fields for one-constructor inductive types. The expression
  h
has type
  Real.le✝ 0 (holderCone (3 / 2) 2 (3 / 5) x)
which is not a one-constructor inductive type.
SafeLearning/CompleteFoundationsHolderGrid.lean:195:19: error: Invalid `⟨...⟩` notation: The expected type
  Real.le✝ 0 (holderCone (3 / 2) 0 (1 / 2) x)
is not an inductive type

Note: This notation can only be used when the expected type is an inductive type with a single constructor
SafeLearning/CompleteFoundationsHolderGrid.lean:196:27: error: Application type mismatch: The argument
  h
has type
  41 / 100 ≤ x ∧ x ≤ 59 / 100
but is expected to have type
  0 ≤ holderCone (3 / 2) (1 / 2) (9 / 20) x
in the application
  Or.inl h
SafeLearning/CompleteFoundationsHolderGrid.lean:197:35: error: Application type mismatch: The argument
  h
has type
  24 / 25 ≤ x ∧ x ≤ 26 / 25
but is expected to have type
  0 ≤ holderCone (3 / 2) 1 (3 / 10) x
in the application
  Or.inl h
SafeLearning/CompleteFoundationsHolderGrid.lean:198:43: error: Application type mismatch: The argument
  h
has type
  667 / 450 ≤ x ∧ x ≤ 683 / 450
but is expected to have type
  0 ≤ holderCone (3 / 2) (3 / 2) (1 / 5) x
in the application
  Or.inl h
SafeLearning/CompleteFoundationsHolderGrid.lean:199:43: error: Invalid `⟨...⟩` notation: The expected type
  Real.le✝ 0 (holderCone (3 / 2) 2 (3 / 5) x)
is not an inductive type

Note: This notation can only be used when the expected type is an inductive type with a single constructor
SafeLearning/CompleteFoundationsHolderGrid.lean:183:13: warning: This simp argument is unused:
  hi

Hint: Omit it from the simp argument list.
  [apply] simp only [Fin.exists_fin_succ, Fin.exists_fin_zero, or_false, sourceGrid, sourceLower, Matrix.cons_val_zero,
    Matrix.cons_val_succ]

Note: This linter can be disabled with `set_option linter.unusedSimpArgs false`
