SafeLearning/CompleteFoundationsRankOneSchur.lean:46:76: error: linarith failed to find a contradiction
case «0».«0».h1
B : Matrix (Fin 2) (Fin 2) ℝ
hB : moorePenrose sourceC B
h0 : (![1, 2] ᵥ* B) 0 + (![1, 2] ᵥ* B) 1 * 2 = 1
h1 : (![2, 4] ᵥ* B) 0 = B 0 1 + 2 * B 1 1
h2 : B 1 0 + B 1 1 * 2 = B 0 0 * 2 + B 0 1 * 4
a✝ : B 0 0 + 2 * B 1 0 < 5⁻¹
⊢ False
failed
SafeLearning/CompleteFoundationsRankOneSchur.lean:46:76: error: linarith failed to find a contradiction
case «0».«1».h1
B : Matrix (Fin 2) (Fin 2) ℝ
hB : moorePenrose sourceC B
h0 : (![1, 2] ᵥ* B) 0 + (![1, 2] ᵥ* B) 1 * 2 = 1
h1 : (![2, 4] ᵥ* B) 0 = B 0 1 + 2 * B 1 1
h2 : B 1 0 + B 1 1 * 2 = B 0 0 * 2 + B 0 1 * 4
a✝ : B 0 1 + 2 * B 1 1 < 2 / 5
⊢ False
failed
SafeLearning/CompleteFoundationsRankOneSchur.lean:46:76: error: linarith failed to find a contradiction
case «1».«0».h1
B : Matrix (Fin 2) (Fin 2) ℝ
hB : moorePenrose sourceC B
h0 : (![1, 2] ᵥ* B) 0 + (![1, 2] ᵥ* B) 1 * 2 = 1
h1 : (![2, 4] ᵥ* B) 0 = B 0 1 + 2 * B 1 1
h2 : B 1 0 + B 1 1 * 2 = B 0 0 * 2 + B 0 1 * 4
a✝ : 2 * B 0 0 + 4 * B 1 0 < 2 / 5
⊢ False
failed
SafeLearning/CompleteFoundationsRankOneSchur.lean:46:76: error: linarith failed to find a contradiction
case «1».«1».h1
B : Matrix (Fin 2) (Fin 2) ℝ
hB : moorePenrose sourceC B
h0 : (![1, 2] ᵥ* B) 0 + (![1, 2] ᵥ* B) 1 * 2 = 1
h1 : (![2, 4] ᵥ* B) 0 = B 0 1 + 2 * B 1 1
h2 : B 1 0 + B 1 1 * 2 = B 0 0 * 2 + B 0 1 * 4
a✝ : 2 * B 0 1 + 4 * B 1 1 < 4 / 5
⊢ False
failed
SafeLearning/CompleteFoundationsRankOneSchur.lean:50:76: error: linarith failed to find a contradiction
case «0».«0».h1
B : Matrix (Fin 2) (Fin 2) ℝ
hB : moorePenrose sourceC B
h0 : (![1, 2] ᵥ* B) 0 + (![1, 2] ᵥ* B) 1 * 2 = 1
h1 : (![2, 4] ᵥ* B) 0 = B 0 1 + 2 * B 1 1
h2 : B 1 0 + B 1 1 * 2 = B 0 0 * 2 + B 0 1 * 4
hCB : sourceC * B = rangeProjection
a✝ : B 0 0 + B 0 1 * 2 < 5⁻¹
⊢ False
failed
SafeLearning/CompleteFoundationsRankOneSchur.lean:50:76: error: linarith failed to find a contradiction
case «0».«1».h1
B : Matrix (Fin 2) (Fin 2) ℝ
hB : moorePenrose sourceC B
h0 : (![1, 2] ᵥ* B) 0 + (![1, 2] ᵥ* B) 1 * 2 = 1
h1 : (![2, 4] ᵥ* B) 0 = B 0 1 + 2 * B 1 1
h2 : B 1 0 + B 1 1 * 2 = B 0 0 * 2 + B 0 1 * 4
hCB : sourceC * B = rangeProjection
a✝ : B 0 0 * 2 + B 0 1 * 4 < 2 / 5
⊢ False
failed
SafeLearning/CompleteFoundationsRankOneSchur.lean:50:76: error: linarith failed to find a contradiction
case «1».«0».h1
B : Matrix (Fin 2) (Fin 2) ℝ
hB : moorePenrose sourceC B
h0 : (![1, 2] ᵥ* B) 0 + (![1, 2] ᵥ* B) 1 * 2 = 1
h1 : (![2, 4] ᵥ* B) 0 = B 0 1 + 2 * B 1 1
h2 : B 1 0 + B 1 1 * 2 = B 0 0 * 2 + B 0 1 * 4
hCB : sourceC * B = rangeProjection
a✝ : B 1 0 + B 1 1 * 2 < 2 / 5
⊢ False
failed
SafeLearning/CompleteFoundationsRankOneSchur.lean:50:76: error: linarith failed to find a contradiction
case «1».«1».h1
B : Matrix (Fin 2) (Fin 2) ℝ
hB : moorePenrose sourceC B
h0 : (![1, 2] ᵥ* B) 0 + (![1, 2] ᵥ* B) 1 * 2 = 1
h1 : (![2, 4] ᵥ* B) 0 = B 0 1 + 2 * B 1 1
h2 : B 1 0 + B 1 1 * 2 = B 0 0 * 2 + B 0 1 * 4
hCB : sourceC * B = rangeProjection
a✝ : B 1 0 * 2 + B 1 1 * 4 < 4 / 5
⊢ False
failed
SafeLearning/CompleteFoundationsRankOneSchur.lean:95:21: error: linarith failed to find a contradiction
case «0».«0».h1
hs : √5 ^ 2 = 5
hn : √5 ≠ 0
a✝ :
  (![1 / √5, -(2 / √5)] ᵥ* Matrix.diagonal ![5, 0]) 0 + -(2 * (![1 / √5, -(2 / √5)] ᵥ* Matrix.diagonal ![5, 0]) 1) < √5
⊢ False
failed
SafeLearning/CompleteFoundationsRankOneSchur.lean:95:21: error: linarith failed to find a contradiction
case «0».«1».h1
hs : √5 ^ 2 = 5
hn : √5 ≠ 0
a✝ :
  2 * (![1 / √5, -(2 / √5)] ᵥ* Matrix.diagonal ![5, 0]) 0 + (![1 / √5, -(2 / √5)] ᵥ* Matrix.diagonal ![5, 0]) 1 < √5 * 2
⊢ False
failed
SafeLearning/CompleteFoundationsRankOneSchur.lean:95:21: error: linarith failed to find a contradiction
case «1».«0».h1
hs : √5 ^ 2 = 5
hn : √5 ≠ 0
a✝ : (![2 / √5, 1 / √5] ᵥ* Matrix.diagonal ![5, 0]) 0 + -(2 * (![2 / √5, 1 / √5] ᵥ* Matrix.diagonal ![5, 0]) 1) < 2 * √5
⊢ False
failed
SafeLearning/CompleteFoundationsRankOneSchur.lean:95:21: error: linarith failed to find a contradiction
case «1».«1».h1
hs : √5 ^ 2 = 5
hn : √5 ≠ 0
a✝ : 2 * (![2 / √5, 1 / √5] ᵥ* Matrix.diagonal ![5, 0]) 0 + (![2 / √5, 1 / √5] ᵥ* Matrix.diagonal ![5, 0]) 1 < √5 * 4
⊢ False
failed
SafeLearning/CompleteFoundationsRankOneSchur.lean:102:30: error: unsolved goals
case «0».«0»
S : Matrix (Fin 2) (Fin 2) ℝ := !![1, -2; 2, 1]
D : Matrix (Fin 2) (Fin 2) ℝ := Matrix.diagonal ![1, 0]
hS : S.det ≠ 0
hST : Sᵀ.det ≠ 0
⊢ 1 = (![1, -2] ᵥ* Matrix.diagonal ![1, 0]) 0 + -((![1, -2] ᵥ* Matrix.diagonal ![1, 0]) 1 * 2)

case «0».«1»
S : Matrix (Fin 2) (Fin 2) ℝ := !![1, -2; 2, 1]
D : Matrix (Fin 2) (Fin 2) ℝ := Matrix.diagonal ![1, 0]
hS : S.det ≠ 0
hST : Sᵀ.det ≠ 0
⊢ 2 = (![1, -2] ᵥ* Matrix.diagonal ![1, 0]) 0 * 2 + (![1, -2] ᵥ* Matrix.diagonal ![1, 0]) 1

case «1».«0»
S : Matrix (Fin 2) (Fin 2) ℝ := !![1, -2; 2, 1]
D : Matrix (Fin 2) (Fin 2) ℝ := Matrix.diagonal ![1, 0]
hS : S.det ≠ 0
hST : Sᵀ.det ≠ 0
⊢ 2 = (![2, 1] ᵥ* Matrix.diagonal ![1, 0]) 0 + -((![2, 1] ᵥ* Matrix.diagonal ![1, 0]) 1 * 2)

case «1».«1»
S : Matrix (Fin 2) (Fin 2) ℝ := !![1, -2; 2, 1]
D : Matrix (Fin 2) (Fin 2) ℝ := Matrix.diagonal ![1, 0]
hS : S.det ≠ 0
hST : Sᵀ.det ≠ 0
⊢ 4 = (![2, 1] ᵥ* Matrix.diagonal ![1, 0]) 0 * 2 + (![2, 1] ᵥ* Matrix.diagonal ![1, 0]) 1
SafeLearning/CompleteFoundationsRankOneSchur.lean:97:40: error: unsolved goals
S : Matrix (Fin 2) (Fin 2) ℝ := !![1, -2; 2, 1]
D : Matrix (Fin 2) (Fin 2) ℝ := Matrix.diagonal ![1, 0]
hS : S.det ≠ 0
hST : Sᵀ.det ≠ 0
hC : sourceC = S * D * Sᵀ
⊢ {x | ¬![1, 0] x = 0}.card = 1
SafeLearning/CompleteFoundationsRankOneSchur.lean:118:2: error: unsolved goals
case mpr.«1»
s : ℝ
⊢ 2 * s = s * 2
SafeLearning/CompleteFoundationsRankOneSchur.lean:194:6: error: linarith failed to find a contradiction
a : ℝ
β : Fin 2 → ℝ
hM : (sourceBlock a β).PosSemidef
hform : ∀ (z : Fin 3 → ℝ), 0 ≤ z ⬝ᵥ sourceBlock a β *ᵥ z
hn : ¬2 * β 0 - β 1 = 0
t : ℝ := -(a + 1) / (2 * (2 * β 0 - β 1))
hh : 0 ≤ a * 1 ^ 2 + 2 * 1 * (β 0 * (2 * t) + β 1 * ![1, 2 * t, -t] 2) + (2 * t + 2 * ![1, 2 * t, -t] 2) ^ 2
he : a + 2 * (β 0 * (2 * t) + β 1 * -t) = -1
⊢ False
failed
SafeLearning/CompleteFoundationsRankOneSchur.lean:201:4: error: Type mismatch: After simplification, term
  hh
 has type
  0 ≤ a - β 0 ^ 2 + (β 0 + -(β 0 * direction 0)) ^ 2
but is expected to have type
  β 0 ^ 2 ≤ a
SafeLearning/CompleteFoundationsRankOneSchur.lean:189:70: warning: This simp argument is unused:
  Matrix.cons_val_fin_one

Hint: Omit it from the simp argument list.
  [apply] simp only [Matrix.cons_val_zero, Matrix.cons_val_one, Fin.isValue] at hh

Note: This linter can be disabled with `set_option linter.unusedSimpArgs false`
SafeLearning/CompleteFoundationsRankOneSchur.lean:243:2: error: Type mismatch: After simplification, term
  hn
 has type
  0 ≤
    Matrix.vecHead (sourceBlock a sourceB *ᵥ ![1, 2 * ((-1 + -a) / 4), -((-1 + -a) / 4)]) +
      (2 * ((-1 + -a) / 4) *
          Matrix.vecHead (Matrix.vecTail (sourceBlock a sourceB *ᵥ ![1, 2 * ((-1 + -a) / 4), -((-1 + -a) / 4)])) +
        -((-1 + -a) / 4 *
            Matrix.vecHead
              (Matrix.vecTail (Matrix.vecTail (sourceBlock a sourceB *ᵥ ![1, 2 * ((-1 + -a) / 4), -((-1 + -a) / 4)])))))
but is expected to have type
  False
