SafeLearning/CompleteFoundationsNormDuality.lean:19:0: warning: automatically included section variable(s) unused in theorem `SafeLearning.CompleteFoundationsNormDuality.actual_l1_norm_is_sum_absolute_values`:
  [DecidableEq n]
consider restructuring your `variable` declarations so that the variables are not in scope or explicitly omit them:
  omit [DecidableEq n] in theorem ...

Note: This linter can be disabled with `set_option linter.unusedSectionVars false`
SafeLearning/CompleteFoundationsNormDuality.lean:23:0: warning: automatically included section variable(s) unused in theorem `SafeLearning.CompleteFoundationsNormDuality.actual_l2_norm_squared`:
  [DecidableEq n]
consider restructuring your `variable` declarations so that the variables are not in scope or explicitly omit them:
  omit [DecidableEq n] in theorem ...

Note: This linter can be disabled with `set_option linter.unusedSectionVars false`
SafeLearning/CompleteFoundationsNormDuality.lean:29:0: warning: automatically included section variable(s) unused in theorem `SafeLearning.CompleteFoundationsNormDuality.actual_euclidean_pairing_is_dot`:
  [DecidableEq n]
consider restructuring your `variable` declarations so that the variables are not in scope or explicitly omit them:
  omit [DecidableEq n] in theorem ...

Note: This linter can be disabled with `set_option linter.unusedSectionVars false`
SafeLearning/CompleteFoundationsNormDuality.lean:142:0: warning: automatically included section variable(s) unused in theorem `SafeLearning.CompleteFoundationsNormDuality.actual_largest_absolute_coordinate_exists`:
  [DecidableEq n]
consider restructuring your `variable` declarations so that the variables are not in scope or explicitly omit them:
  omit [DecidableEq n] in theorem ...

Note: This linter can be disabled with `set_option linter.unusedSectionVars false`
