SafeLearning/CompleteFoundationsRankOneSchur.lean:112:6: error: Tactic `rewrite` failed: Did not find an occurrence of the pattern
  {i | ![1, 0] i ≠ 0}
in the target expression
  {x | ![1, 0] x ≠ 0}.card = 1

S : Matrix (Fin 2) (Fin 2) ℝ := !![1, -2; 2, 1]
D : Matrix (Fin 2) (Fin 2) ℝ := Matrix.diagonal ![1, 0]
hS : S.det ≠ 0
hST : Sᵀ.det ≠ 0
hC : sourceC = S * D * Sᵀ
he : {i | ![1, 0] i ≠ 0} = {0}
⊢ {x | ![1, 0] x ≠ 0}.card = 1
SafeLearning/CompleteFoundationsRankOneSchur.lean:117:33: error: unsolved goals
case mpr
y : Fin 2 → ℝ
⊢ (∃ s, y = s • direction) → y ∈ Set.range fun x => sourceC *ᵥ x
SafeLearning/CompleteFoundationsRankOneSchur.lean:140:32: error: unexpected token 'λ'; expected '_' or identifier
SafeLearning/CompleteFoundationsRankOneSchur.lean:172:11: error(lean.unknownIdentifier): Unknown identifier `actual_all_eigenvalues`
SafeLearning/CompleteFoundationsRankOneSchur.lean:172:55: error: Tactic `rcases` failed: `x✝ : ?m.421` is not an inductive datatype
SafeLearning/CompleteFoundationsRankOneSchur.lean:190:2: error: No goals to be solved
SafeLearning/CompleteFoundationsRankOneSchur.lean:269:39: warning: Used `tac1 <;> tac2` where `(tac1; tac2)` would suffice

Note: This linter can be disabled with `set_option linter.unnecessarySeqFocus false`
