SafeLearning/CompleteFoundationsLogicHints.lean:12:32: error: unsolved goals
X : Type u_1
A B : Set X
⊢ (∃ x, ∃ (_ : x ∈ B), x ∉ A) ↔ ∃ x ∈ B, x ∉ A
SafeLearning/CompleteFoundationsLogicHints.lean:14:41: warning: This simp argument is unused:
  not_imp

Hint: Omit it from the simp argument list.
  [apply] simp only [Set.subset_def, not_forall]

Note: This linter can be disabled with `set_option linter.unusedSimpArgs false`
SafeLearning/CompleteFoundationsLogicHints.lean:17:17: error: unexpected token 'universe'; expected '_' or identifier
SafeLearning/CompleteFoundationsLogicHints.lean:17:30: error: unexpected token ':'; expected command
SafeLearning/CompleteFoundationsLogicHints.lean:20:19: error: unexpected token '\'; expected identifier
SafeLearning/CompleteFoundationsLogicHints.lean:20:38: error: unexpected token '∧'; expected identifier
SafeLearning/CompleteFoundationsLogicHints.lean:39:51: error: unsolved goals
X : Type u_1
U : Type u_2
states : Set X
inputs : Set U
relation : X → U → Prop
⊢ (∃ x, ∃ (_ : x ∈ states), ∀ x_1 ∈ inputs, ¬relation x x_1) ↔ ∃ x ∈ states, ∀ u ∈ inputs, ¬relation x u
SafeLearning/CompleteFoundationsLogicHints.lean:41:46: warning: This simp argument is unused:
  not_imp

Hint: Omit it from the simp argument list.
  [apply] simp only [not_forall, not_exists, not_and]

Note: This linter can be disabled with `set_option linter.unusedSimpArgs false`
SafeLearning/CompleteFoundationsLogicHints.lean:89:47: warning: `Set.mem_setOf_eq` has been deprecated: Use `Set.mem_ofPred_eq` instead
SafeLearning/CompleteFoundationsLogicHints.lean:103:24: error: No goals to be solved
