SafeLearning/CompleteFoundationsRelationExamples.lean:21:8: error: Tactic `rewrite` failed: Did not find an occurrence of the pattern
  (a, b).2
in the target expression
  -1 ≤ b ∧ b ≤ 1

case inl
a b : ℝ
ha : 0 < (a, b).1
hb : (a, b).2 = 1
⊢ -1 ≤ b ∧ b ≤ 1
SafeLearning/CompleteFoundationsRelationExamples.lean:23:8: error: Tactic `rewrite` failed: Did not find an occurrence of the pattern
  (a, b).2
in the target expression
  -1 ≤ b ∧ b ≤ 1

case inr.inr
a b : ℝ
ha : (a, b).1 < 0
hb : (a, b).2 = -1
⊢ -1 ≤ b ∧ b ≤ 1
SafeLearning/CompleteFoundationsRelationExamples.lean:68:2: error: unsolved goals
case mp
dimension : ℕ
alpha beta : ℝ
input output : Fin dimension → ℝ
D : Matrix (Fin dimension) (Fin dimension) ℝ
hd : D.IsDiag
hbounds : ∀ (i : Fin dimension), alpha ≤ D i i ∧ D i i ≤ beta
heq : D *ᵥ input = output
i : Fin dimension
⊢ (Matrix.diagonal D.diag *ᵥ input) i = D i i * input i
SafeLearning/CompleteFoundationsRelationExamples.lean:76:13: error: Type mismatch: After simplification, term
  Eq.symm (heq i)
 has type
  slopes i * input i = output i
but is expected to have type
  (Matrix.diagonal slopes *ᵥ input) i = output i
