SafeLearning/CompleteFoundationsNonlinearNumerics.lean:52:4: error: No goals to be solved
SafeLearning/CompleteFoundationsNonlinearNumerics.lean:1109:36: error: Invalid projection: Projections extract constructor fields for one-constructor inductive types. The expression
  h10.right
has type
  Real.le✝ (sourceOrbit 10) (2088245883 / 10000000000)
which is not a one-constructor inductive type.
SafeLearning/CompleteFoundationsNonlinearNumerics.lean:1109:36: error: Invalid projection: Projections extract constructor fields for one-constructor inductive types. The expression
  h10.right
has type
  Real.le✝ (sourceOrbit 10) (2088245883 / 10000000000)
which is not a one-constructor inductive type.
SafeLearning/CompleteFoundationsNonlinearNumerics.lean:1111:37: error: Invalid projection: Projections extract constructor fields for one-constructor inductive types. The expression
  h100.right
has type
  Real.le✝ (sourceOrbit 100) (175020223 / 2500000000)
which is not a one-constructor inductive type.
SafeLearning/CompleteFoundationsNonlinearNumerics.lean:1111:37: error: Invalid projection: Projections extract constructor fields for one-constructor inductive types. The expression
  h100.right
has type
  Real.le✝ (sourceOrbit 100) (175020223 / 2500000000)
which is not a one-constructor inductive type.
SafeLearning/CompleteFoundationsNonlinearNumerics.lean:1112:38: error: Invalid projection: Projections extract constructor fields for one-constructor inductive types. The expression
  h1000.right
has type
  Real.le✝ (sourceOrbit 1000) (223318089 / 10000000000)
which is not a one-constructor inductive type.
SafeLearning/CompleteFoundationsNonlinearNumerics.lean:1112:38: error: Invalid projection: Projections extract constructor fields for one-constructor inductive types. The expression
  h1000.right
has type
  Real.le✝ (sourceOrbit 1000) (223318089 / 10000000000)
which is not a one-constructor inductive type.
SafeLearning/CompleteFoundationsNonlinearNumerics.lean:1124:22: error: Invalid projection: Projections extract constructor fields for one-constructor inductive types. The expression
  h10.right
has type
  Real.le✝ (sourceOrbit 10) (2088245883 / 10000000000)
which is not a one-constructor inductive type.
