SafeLearning/CompleteFoundationsNonlinearNumerics.lean:15:50: error: Application type mismatch: The argument
  sourceMap x
has type
  ℝ
but is expected to have type
  Graph ?m.11 ?m.12
in the application
  Graph.IsSpanningSubgraph (sourceMap x)
SafeLearning/CompleteFoundationsNonlinearNumerics.lean:15:63: error(lean.unknownIdentifier): Unknown identifier `ourceMap`

Note: It is not possible to treat `ourceMap` as an implicitly bound variable here because the `autoImplicit` option is set to `false`.
SafeLearning/CompleteFoundationsNonlinearNumerics.lean:25:12: error(lean.synthInstanceFailed): failed to synthesize instance of type class
  OfNat (Graph ?m.176 ?m.177) 0
numerals are polymorphic in Lean, but the numeral `0` cannot be used in a context where the expected type is
  Graph ?m.176 ?m.177
due to the absence of the instance above

Hint: Type class instance resolution failures can be inspected with the `set_option trace.Meta.synthInstance true` command.
SafeLearning/CompleteFoundationsNonlinearNumerics.lean:25:15: error(lean.unknownIdentifier): Unknown identifier `ourceMap`
SafeLearning/CompleteFoundationsNonlinearNumerics.lean:15:77: error: unsolved goals
x y : ℝ
hx : 0 ≤ x
hxy : x ≤ y
hy : y ≤ 1
hxn : x ≤ 1
hyn : 0 ≤ y
hprod : x * y ≤ 1
hd : sourceMap y - sourceMap x = (y - x) * (1 - x * y) / ((1 + x ^ 2) * (1 + y ^ 2))
hp : 0 ≤ (y - x) * (1 - x * y)
⊢ sorry ≤s sorry
SafeLearning/CompleteFoundationsNonlinearNumerics.lean:29:12: error: Application type mismatch: The argument
  b.2
has type
  ℕ
but is expected to have type
  Graph ?m.7 ?m.8
in the application
  Graph.IsSpanningSubgraph b.2
SafeLearning/CompleteFoundationsNonlinearNumerics.lean:29:17: error(lean.unknownIdentifier): Unknown identifier `cale`
SafeLearning/CompleteFoundationsNonlinearNumerics.lean:35:37: error: Application type mismatch: The argument
  a.2
has type
  ℕ
but is expected to have type
  Graph ?m.17 ?m.18
in the application
  Graph.IsSpanningSubgraph a.2
SafeLearning/CompleteFoundationsNonlinearNumerics.lean:35:42: error(lean.unknownIdentifier): Unknown identifier `cale`

Note: It is not possible to treat `cale` as an implicitly bound variable here because the `autoImplicit` option is set to `false`.
SafeLearning/CompleteFoundationsNonlinearNumerics.lean:36:4: error: Type mismatch
  ↑b.1 / ↑scale
has type
  ℝ
but is expected to have type
  Graph ?m.21 ?m.22
SafeLearning/CompleteFoundationsNonlinearNumerics.lean:36:23: error(lean.unknownIdentifier): Unknown identifier `ourceMap`

Note: It is not possible to treat `ourceMap` as an implicitly bound variable here because the `autoImplicit` option is set to `false`.
SafeLearning/CompleteFoundationsNonlinearNumerics.lean:40:14: error(lean.unknownIdentifier): Unknown identifier `actual_source_map_is_monotone_on_the_unit_interval`
SafeLearning/CompleteFoundationsNonlinearNumerics.lean:36:69: error: unsolved goals
a b : ℕ × ℕ
x : ℝ
hl : ↑a.1 / ↑scale ≤ x
hu : x ≤ ↑a.2 / ↑scale
ha : sorry ≤s sorry
hs : integerStep a b
hd : 0 < ↑scale
hau : ↑a.2 / ↑scale ≤ 1
hx : 0 ≤ x
⊢ sorry ≤s sorry ∧ sourceMap x ≤ ↑b.2 / ↑scale
SafeLearning/CompleteFoundationsNonlinearNumerics.lean:1068:2: error: failed to synthesize
  Decidable (List.IsChain integerStep schedule)

Hint: Additional diagnostic information may be available using the `set_option diagnostics true` command.
SafeLearning/CompleteFoundationsNonlinearNumerics.lean:1074:6: error: Type mismatch
  ↑rows[n].1 / ↑scale
has type
  ℝ
but is expected to have type
  Graph ?m.23 ?m.24
SafeLearning/CompleteFoundationsNonlinearNumerics.lean:1074:31: error(lean.unknownIdentifier): Unknown identifier `ourceOrbit`

Note: It is not possible to treat `ourceOrbit` as an implicitly bound variable here because the `autoImplicit` option is set to `false`.
SafeLearning/CompleteFoundationsNonlinearNumerics.lean:1075:68: error: Application type mismatch: The argument
  rows[n].2
has type
  ℕ
but is expected to have type
  Graph ?m.69 ?m.70
in the application
  Graph.IsSpanningSubgraph rows[n].2
SafeLearning/CompleteFoundationsNonlinearNumerics.lean:1075:79: error(lean.unknownIdentifier): Unknown identifier `cale`

Note: It is not possible to treat `cale` as an implicitly bound variable here because the `autoImplicit` option is set to `false`.
SafeLearning/CompleteFoundationsNonlinearNumerics.lean:1087:15: error(lean.unknownIdentifier): Unknown identifier `actual_verified_integer_step_bounds_the_true_real_map`
SafeLearning/CompleteFoundationsNonlinearNumerics.lean:1097:15: error(lean.unknownIdentifier): Unknown identifier `actual_source_orbit_is_enclosed_by_every_verified_schedule_row`
SafeLearning/CompleteFoundationsNonlinearNumerics.lean:1094:44: error: unsolved goals
h0 : 0 < schedule.length
hi : schedule[0] = (scale, scale)
⊢ |sourceOrbit 10 - 209 / 1000| < 1 / 2000 ∧
    |sourceOrbit 100 - 7 / 100| < 1 / 20000 ∧ |sourceOrbit 1000 - 223 / 10000| < 1 / 20000
SafeLearning/CompleteFoundationsNonlinearNumerics.lean:1114:15: error(lean.unknownIdentifier): Unknown identifier `actual_source_orbit_is_enclosed_by_every_verified_schedule_row`
SafeLearning/CompleteFoundationsNonlinearNumerics.lean:1111:84: error: unsolved goals
h0 : 0 < schedule.length
hi : schedule[0] = (scale, scale)
⊢ sourceOrbit 10 < 209 / 1000 ∧ sourceOrbit 100 > 7 / 100 ∧ sourceOrbit 1000 > 223 / 10000
