/tmp/modules-sui-safeopt-algorithm-independent-three-export-probe-v1.lean:116:146: error: Tactic `assumption` failed

case hscale
X : Type u_1
inst✝¹⁰ : PseudoMetricSpace X
inst✝⁹ : Fintype X
H : Type u_2
inst✝⁸ : DecidableEq X
inst✝⁷ : Nonempty X
inst✝⁶ : MeasurableSpace X
inst✝⁵ : MeasurableSingletonClass X
inst✝⁴ : NormedAddCommGroup H
inst✝³ : InnerProductSpace ℝ H
inst✝² : CompleteSpace H
inst✝¹ : RKHS ℝ H X ℝ
Ω : Type u_3
mΩ : MeasurableSpace Ω
μ : Measure Ω
inst✝ : IsProbabilityMeasure μ
F : Filtration ℕ mΩ
kernel : X → X → ℝ
hkernel : ∀ (x y : X), kernel x y = CompleteModulesKernel.scalarKernel x y
query : ℕ → Ω → X
hq : ∀ (i : ℕ), Measurable (query i)
Y : ℕ → Ω → ℝ
hY : ∀ (i : ℕ), StronglyMeasurable (Y i)
R : ℝ≥0
hYb : ∀ (i : ℕ), ∀ᵐ (omega : Ω) ∂μ, Y i omega ∈ Icc (-↑R) ↑R
hz : ∀ (i : ℕ), μ[Y i | ↑F i] =ᵐ[μ] 0
lambda : ℝ
hlambda : 0 < lambda
hscale : ↑R ^ 2 ≤ lambda
f : H
B : ℝ
hB : ‖f‖ ^ 2 ≤ B
delta : ℝ
hd : 0 < delta
hdone : delta < 1
constant : ℝ≥0
hf : LipschitzWith constant fun x => f x
threshold : ℝ
seed : Set X
hseed_nonempty : seed.Nonempty
hseed : ∀ x ∈ seed, threshold ≤ f x
hprotocol :
  ∀ (omega : Ω) (n : ℕ)
    (hs :
      (actualInitializedSafeFinset seed threshold
          (actualSourceRawLower kernel lambda B delta (fun i => query i omega) (fun x => f x) fun i => Y i omega)
          constant n).Nonempty)
    (hb :
      ∀
        x ∈
          actualInitializedSafeFinset seed threshold
            (actualSourceRawLower kernel lambda B delta (fun i => query i omega) (fun x => f x) fun i => Y i omega)
            constant n,
        actualContainedLower seed threshold
            (actualSourceRawLower kernel lambda B delta (fun i => query i omega) (fun x => f x) fun i => Y i omega) n
            x ≤
          actualContainedUpper
            (actualSourceRawUpper kernel lambda B delta (fun i => query i omega) (fun x => f x) fun i => Y i omega) n
            x),
    query n omega =
      actualFiniteQuery
        (actualInitializedSafeFinset seed threshold
          (actualSourceRawLower kernel lambda B delta (fun i => query i omega) (fun x => f x) fun i => Y i omega)
          constant n)
        (actualContainedLower seed threshold
          (actualSourceRawLower kernel lambda B delta (fun i => query i omega) (fun x => f x) fun i => Y i omega) n)
        (actualContainedUpper
          (actualSourceRawUpper kernel lambda B delta (fun i => query i omega) (fun x => f x) fun i => Y i omega) n)
        (fun x y => ↑constant * dist x y) threshold hs hb
⊢ ↑R ^ 2 ≤ delta
/tmp/modules-sui-safeopt-algorithm-independent-three-export-probe-v1.lean:116:146: error: Tactic `assumption` failed

case hprotocol
X : Type u_1
inst✝¹⁰ : PseudoMetricSpace X
inst✝⁹ : Fintype X
H : Type u_2
inst✝⁸ : DecidableEq X
inst✝⁷ : Nonempty X
inst✝⁶ : MeasurableSpace X
inst✝⁵ : MeasurableSingletonClass X
inst✝⁴ : NormedAddCommGroup H
inst✝³ : InnerProductSpace ℝ H
inst✝² : CompleteSpace H
inst✝¹ : RKHS ℝ H X ℝ
Ω : Type u_3
mΩ : MeasurableSpace Ω
μ : Measure Ω
inst✝ : IsProbabilityMeasure μ
F : Filtration ℕ mΩ
kernel : X → X → ℝ
hkernel : ∀ (x y : X), kernel x y = CompleteModulesKernel.scalarKernel x y
query : ℕ → Ω → X
hq : ∀ (i : ℕ), Measurable (query i)
Y : ℕ → Ω → ℝ
hY : ∀ (i : ℕ), StronglyMeasurable (Y i)
R : ℝ≥0
hYb : ∀ (i : ℕ), ∀ᵐ (omega : Ω) ∂μ, Y i omega ∈ Icc (-↑R) ↑R
hz : ∀ (i : ℕ), μ[Y i | ↑F i] =ᵐ[μ] 0
lambda : ℝ
hlambda : 0 < lambda
hscale : ↑R ^ 2 ≤ lambda
f : H
B : ℝ
hB : ‖f‖ ^ 2 ≤ B
delta : ℝ
hd : 0 < delta
hdone : delta < 1
constant : ℝ≥0
hf : LipschitzWith constant fun x => f x
threshold : ℝ
seed : Set X
hseed_nonempty : seed.Nonempty
hseed : ∀ x ∈ seed, threshold ≤ f x
hprotocol :
  ∀ (omega : Ω) (n : ℕ)
    (hs :
      (actualInitializedSafeFinset seed threshold
          (actualSourceRawLower kernel lambda B delta (fun i => query i omega) (fun x => f x) fun i => Y i omega)
          constant n).Nonempty)
    (hb :
      ∀
        x ∈
          actualInitializedSafeFinset seed threshold
            (actualSourceRawLower kernel lambda B delta (fun i => query i omega) (fun x => f x) fun i => Y i omega)
            constant n,
        actualContainedLower seed threshold
            (actualSourceRawLower kernel lambda B delta (fun i => query i omega) (fun x => f x) fun i => Y i omega) n
            x ≤
          actualContainedUpper
            (actualSourceRawUpper kernel lambda B delta (fun i => query i omega) (fun x => f x) fun i => Y i omega) n
            x),
    query n omega =
      actualFiniteQuery
        (actualInitializedSafeFinset seed threshold
          (actualSourceRawLower kernel lambda B delta (fun i => query i omega) (fun x => f x) fun i => Y i omega)
          constant n)
        (actualContainedLower seed threshold
          (actualSourceRawLower kernel lambda B delta (fun i => query i omega) (fun x => f x) fun i => Y i omega) n)
        (actualContainedUpper
          (actualSourceRawUpper kernel lambda B delta (fun i => query i omega) (fun x => f x) fun i => Y i omega) n)
        (fun x y => ↑constant * dist x y) threshold hs hb
⊢ ∀ (omega : Ω) (n : ℕ)
    (hs :
      (actualInitializedSafeFinset seed threshold
          (actualSourceRawLower kernel delta B delta (fun i => query i omega) (fun x => f x) fun i => Y i omega)
          constant n).Nonempty)
    (hb :
      ∀
        x ∈
          actualInitializedSafeFinset seed threshold
            (actualSourceRawLower kernel delta B delta (fun i => query i omega) (fun x => f x) fun i => Y i omega)
            constant n,
        actualContainedLower seed threshold
            (actualSourceRawLower kernel delta B delta (fun i => query i omega) (fun x => f x) fun i => Y i omega) n x ≤
          actualContainedUpper
            (actualSourceRawUpper kernel delta B delta (fun i => query i omega) (fun x => f x) fun i => Y i omega) n x),
    query n omega =
      actualFiniteQuery
        (actualInitializedSafeFinset seed threshold
          (actualSourceRawLower kernel delta B delta (fun i => query i omega) (fun x => f x) fun i => Y i omega)
          constant n)
        (actualContainedLower seed threshold
          (actualSourceRawLower kernel delta B delta (fun i => query i omega) (fun x => f x) fun i => Y i omega) n)
        (actualContainedUpper
          (actualSourceRawUpper kernel delta B delta (fun i => query i omega) (fun x => f x) fun i => Y i omega) n)
        (fun x y => ↑constant * dist x y) threshold hs hb
'SafeLearning.CompleteModulesLandscapeSuiSafeOptAlgorithm.actual_initialized_width_maximizing_protocol_is_safe_on_true_raw_bands' depends on axioms: [propext,
 Classical.choice,
 Quot.sound]
'SafeLearning.CompleteModulesLandscapeSuiSafeOptAlgorithm.actual_source_beta_width_maximizing_safeopt_has_one_measurable_alltime_safety_event' depends on axioms: [propext,
 Classical.choice,
 Quot.sound]
'SafeLearning.CompleteModulesLandscapeSuiSafeOptAlgorithm.actual_source_beta_width_maximizing_safeopt_alltime_query_safety_probability' depends on axioms: [propext,
 Classical.choice,
 Quot.sound]
