'SafeLearning.CompleteModulesLandscapeGaussianDiagonalIntegral.actual_finite_diagonal_gaussian_quadratic_exponential_is_integrable' depends on axioms: [propext,
 Classical.choice,
 Quot.sound]
'SafeLearning.CompleteModulesLandscapeGaussianDiagonalIntegral.actual_finite_diagonal_gaussian_quadratic_integral_has_the_exact_product_value' depends on axioms: [propext,
 Classical.choice,
 Quot.sound]
'SafeLearning.CompleteModulesLandscapeGaussianQuadraticIntegral.actual_psd_normalized_inverse_quadratic_has_the_exact_spectral_sum' depends on axioms: [propext,
 Classical.choice,
 Quot.sound]
'SafeLearning.CompleteModulesLandscapeGaussianQuadraticIntegral.actual_psd_standard_gaussian_quadratic_exponential_is_integrable' depends on axioms: [propext,
 Classical.choice,
 Quot.sound]
'SafeLearning.CompleteModulesLandscapeGaussianQuadraticIntegral.actual_psd_standard_gaussian_quadratic_integral_has_the_exact_determinant_value' depends on axioms: [propext,
 Classical.choice,
 Quot.sound]
'SafeLearning.CompleteModulesLandscapeGaussianVectorIntegral.actual_isotropic_gaussian_is_the_scaled_standard_gaussian' depends on axioms: [propext,
 Classical.choice,
 Quot.sound]
'SafeLearning.CompleteModulesLandscapeGaussianVectorIntegral.actual_isotropic_psd_gaussian_quadratic_exponential_is_integrable' depends on axioms: [propext,
 Classical.choice,
 Quot.sound]
'SafeLearning.CompleteModulesLandscapeGaussianVectorIntegral.actual_isotropic_psd_gaussian_quadratic_integral_has_the_exact_determinant_value' depends on axioms: [propext,
 Classical.choice,
 Quot.sound]
'SafeLearning.CompleteModulesLandscapeGaussianVectorIntegral.actual_finite_coordinate_psd_gaussian_quadratic_exponential_is_integrable' depends on axioms: [propext,
 Classical.choice,
 Quot.sound]
'SafeLearning.CompleteModulesLandscapeGaussianVectorIntegral.actual_finite_coordinate_psd_gaussian_quadratic_integral_has_the_exact_determinant_value' depends on axioms: [propext,
 Classical.choice,
 Quot.sound]
