{
  "cases": [
    {
      "name": "default-seed1",
      "analyticEN": 0.2322106736094697,
      "jointEstimate": 0.18,
      "sampleMeanCount": 0.23,
      "noiseSHA256": "628a684280900024d02405c251648bba17ea63b56c3e460ada375d2155414015"
    },
    {
      "name": "exercise-sigma01-seed1",
      "analyticEN": 1.4842303759100304,
      "jointEstimate": 0.72,
      "sampleMeanCount": 1.495,
      "noiseSHA256": "628a684280900024d02405c251648bba17ea63b56c3e460ada375d2155414015"
    },
    {
      "name": "exercise-sigma01-T5-seed1",
      "analyticEN": 0.04523478798148311,
      "jointEstimate": 0.07,
      "sampleMeanCount": 0.07,
      "noiseSHA256": "628a684280900024d02405c251648bba17ea63b56c3e460ada375d2155414015"
    },
    {
      "name": "exercise-sigma01-seed2",
      "analyticEN": 1.4842303759100304,
      "jointEstimate": 0.64,
      "sampleMeanCount": 1.41,
      "noiseSHA256": "439548af27db1ff75c1f4075a53dbe31d90d3ebb5baead5b4e1fdeb6ae1b2925"
    },
    {
      "name": "zero-noise-k05-seed2",
      "analyticEN": 0,
      "jointEstimate": 0,
      "sampleMeanCount": 0,
      "noiseSHA256": "439548af27db1ff75c1f4075a53dbe31d90d3ebb5baead5b4e1fdeb6ae1b2925"
    },
    {
      "name": "zero-noise-k125-boundary-equality-seed2",
      "analyticEN": 0,
      "jointEstimate": 0,
      "sampleMeanCount": 0,
      "noiseSHA256": "439548af27db1ff75c1f4075a53dbe31d90d3ebb5baead5b4e1fdeb6ae1b2925"
    },
    {
      "name": "zero-noise-k15-seed2",
      "analyticEN": 1,
      "jointEstimate": 1,
      "sampleMeanCount": 1,
      "noiseSHA256": "439548af27db1ff75c1f4075a53dbe31d90d3ebb5baead5b4e1fdeb6ae1b2925"
    },
    {
      "name": "tiny-noise-k1-sigma001-zero-budget-seed2",
      "analyticEN": 1.1014496357081121e-87,
      "jointEstimate": 0,
      "sampleMeanCount": 0,
      "noiseSHA256": "439548af27db1ff75c1f4075a53dbe31d90d3ebb5baead5b4e1fdeb6ae1b2925"
    },
    {
      "name": "tiny-noise-k005-sigma001-zero-budget-seed2",
      "analyticEN": 9.098665946844766e-22,
      "jointEstimate": 0,
      "sampleMeanCount": 0,
      "noiseSHA256": "439548af27db1ff75c1f4075a53dbe31d90d3ebb5baead5b4e1fdeb6ae1b2925"
    },
    {
      "name": "default-seed3",
      "analyticEN": 0.2322106736094697,
      "jointEstimate": 0.195,
      "sampleMeanCount": 0.245,
      "noiseSHA256": "a390d374d45bb1d42dd3e47b249034af783fd705c367fd401725656f26d92625"
    }
  ],
  "aggregate": {
    "settings": {
      "k": 0.5,
      "sigma": 0.1,
      "T": 40,
      "goal": 0.8,
      "boundary": 1
    },
    "batchCount": 1000,
    "episodes": 200000,
    "seeds": {
      "first": 1,
      "last": 1000
    },
    "totalViolations": 137711,
    "totalCounts": 297827,
    "jointEstimate": 0.688555,
    "nominalBernoulliSE": 0.0010354878366620247,
    "meanViolatingSteps": 1.489135,
    "nominalMeanCountSE": 0.0033827085260867305
  },
  "tailValues": [
    {
      "z": 0,
      "directQ": 0.5000000150000002,
      "subtractFromRoundedCDF": 0.5000000150000002,
      "format": "0.500"
    },
    {
      "z": 1,
      "directQ": 0.15865526139567468,
      "subtractFromRoundedCDF": 0.15865526139567465,
      "format": "0.159"
    },
    {
      "z": 1.7320508075688772,
      "directQ": 0.041632256223879796,
      "subtractFromRoundedCDF": 0.04163225622387978,
      "format": "0.042"
    },
    {
      "z": 6,
      "directQ": 9.865875570030517e-10,
      "subtractFromRoundedCDF": 9.86587589402177e-10,
      "format": "9.87e-10"
    },
    {
      "z": 8,
      "directQ": 6.220960149695457e-16,
      "subtractFromRoundedCDF": 6.661338147750939e-16,
      "format": "6.22e-16"
    },
    {
      "z": 8.2,
      "directQ": 1.2019350838591328e-16,
      "subtractFromRoundedCDF": 1.1102230246251565e-16,
      "format": "1.20e-16"
    },
    {
      "z": 8.3,
      "directQ": 5.205569466039154e-17,
      "subtractFromRoundedCDF": 0,
      "format": "5.21e-17"
    },
    {
      "z": 9,
      "directQ": 1.1285883867219023e-19,
      "subtractFromRoundedCDF": 0,
      "format": "1.13e-19"
    },
    {
      "z": 20,
      "directQ": 2.7536240892701253e-89,
      "subtractFromRoundedCDF": 0,
      "format": "2.75e-89"
    },
    {
      "z": 38,
      "directQ": 2.88542805e-316,
      "subtractFromRoundedCDF": 0,
      "format": "2.89e-316"
    },
    {
      "z": 39,
      "directQ": 0,
      "subtractFromRoundedCDF": 0,
      "format": "positive, below the double-precision range"
    },
    {
      "z": 96,
      "directQ": 0,
      "subtractFromRoundedCDF": 0,
      "format": "positive, below the double-precision range"
    },
    {
      "z": -1,
      "directQ": 0.8413447386043253,
      "subtractFromRoundedCDF": 0.8413447386043253,
      "format": "0.841"
    },
    {
      "z": -9,
      "directQ": 1,
      "subtractFromRoundedCDF": 1,
      "format": "1.000"
    }
  ]
}
