'SafeLearning.CompleteModulesLandscapeCompactEndpoint.actual_compact_trapped_solution_has_a_true_safe_endpoint_and_left_derivative' depends on axioms: [propext,
 Classical.choice,
 Quot.sound]
'SafeLearning.CompleteModulesLandscapeLocalExistence.actual_locally_lipschitz_autonomous_field_on_an_open_domain_has_a_local_solution' depends on axioms: [propext,
 Classical.choice,
 Quot.sound]
'SafeLearning.CompleteModulesLandscapeCompactContinuation.actual_matching_one_sided_derivatives_glue' depends on axioms: [propext,
 Classical.choice,
 Quot.sound]
'SafeLearning.CompleteModulesLandscapeCompactContinuation.actual_compact_trapped_solution_of_a_locally_lipschitz_field_continues_past_finite_time' depends on axioms: [propext,
 Classical.choice,
 Quot.sound]
'SafeLearning.CompleteModulesLandscapeMaximalEndpoint.actual_provided_maximal_compact_trapped_solution_has_infinite_forward_endpoint' depends on axioms: [propext,
 Classical.choice,
 Quot.sound]
'SafeLearning.CompleteModulesLandscapeMaximalEndpoint.actual_provided_maximal_compact_trapped_solution_solves_the_ode_at_all_forward_times' depends on axioms: [propext,
 Classical.choice,
 Quot.sound]
'SafeLearning.CompleteModulesLandscapeMaximalExistence.ForwardSolution.actual_nonempty_chain_has_a_forward_solution_upper_bound' depends on axioms: [propext,
 Classical.choice,
 Quot.sound]
'SafeLearning.CompleteModulesLandscapeMaximalExistence.actual_locally_lipschitz_field_has_a_forward_maximal_solution_from_every_domain_point' depends on axioms: [propext,
 Classical.choice,
 Quot.sound]
'SafeLearning.CompleteModulesLandscapeGlobalExistence.actual_compact_invariant_set_yields_global_forward_solution_existence' depends on axioms: [propext,
 Classical.choice,
 Quot.sound]
'SafeLearning.CompleteModulesLandscapeGlobalExistence.actual_compact_invariant_sets_covering_the_domain_yield_global_forward_existence' depends on axioms: [propext,
 Classical.choice,
 Quot.sound]
