/tmp/modules-landscape-gaussian-gp-regularization19-axiom-probe-v1.lean:124:40: warning: this tactic is never executed

Note: This linter can be disabled with `set_option linter.unreachableTactic false`
/tmp/modules-landscape-gaussian-gp-regularization19-axiom-probe-v1.lean:124:40: warning: Unused tactic linter: `ring` does nothing

Note: This linter can be disabled with `set_option linter.unusedTactic false`
'SafeLearning.CompleteModulesLandscapeGaussianGPRegularization.actual_gp_isotropic_prior_variance_is_positive' depends on axioms: [propext,
 Classical.choice,
 Quot.sound]
'SafeLearning.CompleteModulesLandscapeGaussianGPRegularization.actual_gp_prior_normalization_is_the_actual_normalized_matrix' depends on axioms: [propext,
 Classical.choice,
 Quot.sound]
'SafeLearning.CompleteModulesLandscapeGaussianGPRegularization.actual_gp_prior_normalized_determinant_is_the_actual_normalized_determinant' depends on axioms: [propext,
 Classical.choice,
 Quot.sound]
'SafeLearning.CompleteModulesLandscapeGaussianGPRegularization.actual_gp_normalized_inverse_is_lambda_times_the_regularized_inverse' depends on axioms: [propext,
 Classical.choice,
 Quot.sound]
'SafeLearning.CompleteModulesLandscapeGaussianGPRegularization.actual_gp_scaled_prior_quadratic_is_the_actual_regularized_quadratic' depends on axioms: [propext,
 Classical.choice,
 Quot.sound]
'SafeLearning.CompleteModulesLandscapeGaussianGPRegularization.actual_gp_feature_prior_quadratic_is_the_actual_kernel_noise_quadratic' depends on axioms: [propext,
 Classical.choice,
 Quot.sound]
'SafeLearning.CompleteModulesLandscapeGaussianGPRegularization.actual_gp_feature_prior_determinant_is_the_actual_kernel_normalized_determinant' depends on axioms: [propext,
 Classical.choice,
 Quot.sound]
'SafeLearning.CompleteModulesLandscapeGaussianGPRegularization.actual_gp_feature_gaussian_value_is_the_actual_kernel_gaussian_value' depends on axioms: [propext,
 Classical.choice,
 Quot.sound]
