{
  "exercise": {
    "settings_exact": {
      "k": "1/2",
      "sigma": "1/10",
      "T": 40,
      "goal": "4/5"
    },
    "stationary_variance_exact": "1/75",
    "stationary_variance": 0.013333333333333334,
    "stationary_sd": 0.11547005383792516,
    "stationary_z": 1.7320508075688772,
    "stationary_tail": 0.04163225833177522,
    "stationary_approx_count": 1.6652903332710087,
    "mean_violating_steps": 1.4842304541271822
  },
  "selected_transients": [
    {
      "t": 1,
      "mean_exact": "2/5",
      "variance_exact": "1/100",
      "mean": 0.4,
      "variance": 0.01,
      "sd": 0.1,
      "z": 5.999999999999999,
      "math_erfc_tail": 9.865876450377088e-10
    },
    {
      "t": 3,
      "mean_exact": "7/10",
      "variance_exact": "21/1600",
      "mean": 0.7,
      "variance": 0.013125,
      "sd": 0.114564392373896,
      "z": 2.6186146828319083,
      "math_erfc_tail": 0.004414380476409318
    },
    {
      "t": 5,
      "mean_exact": "31/40",
      "variance_exact": "341/25600",
      "mean": 0.775,
      "variance": 0.0133203125,
      "sd": 0.11541365820387117,
      "z": 1.9495092998659764,
      "math_erfc_tail": 0.025617316646050558
    },
    {
      "t": 10,
      "mean_exact": "1023/1280",
      "variance_exact": "13981/1048576",
      "mean": 0.79921875,
      "variance": 0.013333320617675781,
      "sd": 0.1154699987774997,
      "z": 1.7388174601689173,
      "math_erfc_tail": 0.04103343819181699
    }
  ],
  "defaults_mean_violating_steps": 0.23221068718163748,
  "cancellation": {
    "nonzero_lo": 8.292361075813595,
    "zero_hi": 8.292361075813597
  },
  "tail_checks": [
    {
      "z": 0,
      "math_erfc_tail": 0.5,
      "rounded_cdf": 0.5,
      "subtract_from_rounded_cdf": 0.5
    },
    {
      "z": 1,
      "math_erfc_tail": 0.15865525393145707,
      "rounded_cdf": 0.8413447460685429,
      "subtract_from_rounded_cdf": 0.15865525393145707
    },
    {
      "z": 1.7320508075688772,
      "math_erfc_tail": 0.04163225833177522,
      "rounded_cdf": 0.9583677416682248,
      "subtract_from_rounded_cdf": 0.041632258331775196
    },
    {
      "z": 6,
      "math_erfc_tail": 9.865876450377012e-10,
      "rounded_cdf": 0.9999999990134123,
      "subtract_from_rounded_cdf": 9.865877004244794e-10
    },
    {
      "z": 8,
      "math_erfc_tail": 6.220960574271819e-16,
      "rounded_cdf": 0.9999999999999993,
      "subtract_from_rounded_cdf": 6.661338147750939e-16
    },
    {
      "z": 8.2,
      "math_erfc_tail": 1.2019351542735898e-16,
      "rounded_cdf": 0.9999999999999999,
      "subtract_from_rounded_cdf": 1.1102230246251565e-16
    },
    {
      "z": 8.3,
      "math_erfc_tail": 5.2055697448902866e-17,
      "rounded_cdf": 1.0,
      "subtract_from_rounded_cdf": 0.0
    },
    {
      "z": 9,
      "math_erfc_tail": 1.1285884059538422e-19,
      "rounded_cdf": 1.0,
      "subtract_from_rounded_cdf": 0.0
    },
    {
      "z": 20,
      "math_erfc_tail": 2.7536241186063314e-89,
      "rounded_cdf": 1.0,
      "subtract_from_rounded_cdf": 0.0
    },
    {
      "z": 38,
      "math_erfc_tail": 2.88542835e-316,
      "rounded_cdf": 1.0,
      "subtract_from_rounded_cdf": 0.0
    },
    {
      "z": 38.4,
      "math_erfc_tail": 7e-323,
      "rounded_cdf": 1.0,
      "subtract_from_rounded_cdf": 0.0
    },
    {
      "z": 38.45,
      "math_erfc_tail": 1e-323,
      "rounded_cdf": 1.0,
      "subtract_from_rounded_cdf": 0.0
    },
    {
      "z": 38.5,
      "math_erfc_tail": 0.0,
      "rounded_cdf": 1.0,
      "subtract_from_rounded_cdf": 0.0
    },
    {
      "z": 39,
      "math_erfc_tail": 0.0,
      "rounded_cdf": 1.0,
      "subtract_from_rounded_cdf": 0.0
    },
    {
      "z": 96,
      "math_erfc_tail": 0.0,
      "rounded_cdf": 1.0,
      "subtract_from_rounded_cdf": 0.0
    }
  ]
}
