/tmp/modules-landscape-kernel-features19-independent-axiom-probe-v1.lean:43:0: warning: automatically included section variable(s) unused in theorem `SafeLearning.CompleteModulesLandscapeKernelFeatures.actual_predictable_finite_queries_give_predictable_feature_coordinates`:
  [DecidableEq X]
  [Fintype feature]
  [DecidableEq feature]
consider restructuring your `variable` declarations so that the variables are not in scope or explicitly omit them:
  omit [DecidableEq X] [Fintype feature] [DecidableEq feature] in theorem ...

Note: This linter can be disabled with `set_option linter.unusedSectionVars false`
/tmp/modules-landscape-kernel-features19-independent-axiom-probe-v1.lean:53:0: warning: automatically included section variable(s) unused in theorem `SafeLearning.CompleteModulesLandscapeKernelFeatures.actual_query_feature_noise_sum_is_the_actual_transposed_sample_matrix`:
  [Fintype X]
  [DecidableEq X]
  [Fintype feature]
  [DecidableEq feature]
consider restructuring your `variable` declarations so that the variables are not in scope or explicitly omit them:
  omit [Fintype X] [DecidableEq X] [Fintype feature] [DecidableEq feature] in theorem ...

Note: This linter can be disabled with `set_option linter.unusedSectionVars false`
/tmp/modules-landscape-kernel-features19-independent-axiom-probe-v1.lean:65:0: warning: automatically included section variable(s) unused in theorem `SafeLearning.CompleteModulesLandscapeKernelFeatures.actual_query_cumulative_feature_gram_is_the_actual_sample_feature_gram`:
  [Fintype X]
  [DecidableEq X]
  [Fintype feature]
  [DecidableEq feature]
consider restructuring your `variable` declarations so that the variables are not in scope or explicitly omit them:
  omit [Fintype X] [DecidableEq X] [Fintype feature] [DecidableEq feature] in theorem ...

Note: This linter can be disabled with `set_option linter.unusedSectionVars false`
/tmp/modules-landscape-kernel-features19-independent-axiom-probe-v1.lean:77:0: warning: automatically included section variable(s) unused in theorem `SafeLearning.CompleteModulesLandscapeKernelFeatures.actual_query_sample_kernel_gram_is_the_actual_past_kernel_gram`:
  [Fintype X]
  [DecidableEq X]
  [DecidableEq feature]
consider restructuring your `variable` declarations so that the variables are not in scope or explicitly omit them:
  omit [Fintype X] [DecidableEq X] [DecidableEq feature] in theorem ...

Note: This linter can be disabled with `set_option linter.unusedSectionVars false`
'SafeLearning.CompleteModulesLandscapeKernelFeatures.actual_normalized_finite_psd_kernel_has_coordinate_bounded_features' depends on axioms: [propext,
 Classical.choice,
 Quot.sound]
'SafeLearning.CompleteModulesLandscapeKernelFeatures.actual_predictable_finite_queries_give_predictable_feature_coordinates' depends on axioms: [propext,
 Classical.choice,
 Quot.sound]
'SafeLearning.CompleteModulesLandscapeKernelFeatures.actual_query_feature_noise_sum_is_the_actual_transposed_sample_matrix' depends on axioms: [propext,
 Classical.choice,
 Quot.sound]
'SafeLearning.CompleteModulesLandscapeKernelFeatures.actual_query_cumulative_feature_gram_is_the_actual_sample_feature_gram' depends on axioms: [propext,
 Classical.choice,
 Quot.sound]
'SafeLearning.CompleteModulesLandscapeKernelFeatures.actual_query_sample_kernel_gram_is_the_actual_past_kernel_gram' depends on axioms: [propext,
 Classical.choice,
 Quot.sound]
